To honour the JVM settings for this build a single-use Daemon process will be forked. For more on this, please refer to https://docs.gradle.org/9.2.1/userguide/gradle_daemon.html#sec:disabling_the_daemon in the Gradle documentation.
Daemon will be stopped at the end of the build 
> Task :createMinecraftArtifacts UP-TO-DATE
> Task :compileJava UP-TO-DATE
> Task :processResources UP-TO-DATE
> Task :classes UP-TO-DATE
> Task :compileWeaponCheckJava
> Task :downloadAssets UP-TO-DATE
> Task :writeWeaponChecksLegacyClasspath UP-TO-DATE
> Task :prepareWeaponChecksRun
> Task :processWeaponCheckResources UP-TO-DATE
> Task :weaponCheckClasses

> Task :runWeaponChecks
WARN StatusConsoleListener Advanced terminal features are not available in this environment
[10:26:02] [main/INFO] [cp.mo.mo.Launcher/MODLAUNCHER]: ModLauncher running: args [--launchTarget, forgeserverdev, --gameDir, ., --fml.fmlVersion, 4.0.45, --fml.mcVersion, 1.21.1, --fml.neoForgeVersion, 21.1.255, --fml.neoFormVersion, 20240808.144430]
[10:26:02] [main/INFO] [cp.mo.mo.Launcher/MODLAUNCHER]: JVM identified as Oracle Corporation Java HotSpot(TM) 64-Bit Server VM 21.0.12+7-LTS-205
[10:26:02] [main/INFO] [cp.mo.mo.Launcher/MODLAUNCHER]: ModLauncher 11.0.5+main.901c6ea8 starting: java version 21.0.12 by Oracle Corporation; OS Windows 10 arch amd64 version 10.0
[10:26:03] [main/INFO] [ne.ne.fm.lo.ImmediateWindowHandler/]: ImmediateWindowProvider not loading because launch target is forgeserverdev
[10:26:03] [main/INFO] [mixin/]: SpongePowered MIXIN Subsystem Version=0.8.7 Source=union:/C:/Users/pavel/.gradle/caches/modules-2/files-2.1/net.fabricmc/sponge-mixin/0.16.4+mixin.0.8.7/26d01f0567ab46e9ca0d2ed89d0ecc11aadbd433/sponge-mixin-0.16.4+mixin.0.8.7.jar%2394!/ Service=ModLauncher Env=SERVER
[10:26:03] [main/INFO] [ne.ne.fm.lo.mo.lo.JarInJarDependencyLocator/]: Found 2 dependencies adding them to mods collection
[10:26:03] [main/INFO] [ne.ne.fm.lo.mo.ModDiscoverer/]: 
     Mod List:
		Name Version (Mod Id)

		Curios API 9.5.1+1.21.1 (curios)
		Just Enough Items 19.51.0.418 (jei)
		Minecraft 1.21.1 (minecraft)
		NeoForge 21.1.255 (neoforge)
		Slavic Myths 1.3.2.1 (slavicmyths)
[10:26:04] [main/INFO] [mixin/]: Compatibility level set to JAVA_21
[10:26:04] [main/INFO] [cp.mo.mo.LaunchServiceHandler/MODLAUNCHER]: Launching target 'forgeserverdev' with arguments [--gameDir, .]
[10:26:04] [main/WARN] [mixin/]: Reference map 'curios.refmap.json' for curios.neoforge.mixins.json could not be read. If this is a development environment you can ignore this message
[10:26:04] [main/WARN] [mixin/]: Reference map 'curios.refmap.json' for curios.mixins.json could not be read. If this is a development environment you can ignore this message
[10:26:05] [main/WARN] [os.dr.wi.pe.PerfmonDisabled/]: Invalid registry value type detected for PerfOS counters. Should be REG_DWORD. Ignoring: HKEY_LOCAL_MACHINE\SYSTEM\CurrentControlSet\Services\PerfOS\Performance\Disable Performance Counters.
[10:26:05] [main/INFO] [MixinExtras|Service/]: Initializing MixinExtras via com.llamalad7.mixinextras.service.MixinExtrasServiceImpl(version=0.5.5).
[10:26:11] [main/WARN] [minecraft/Commands]: Ambiguity between arguments [teleport, location] and [teleport, destination] with inputs: [0.1 -0.5 .9, 0 0 0]
[10:26:11] [main/WARN] [minecraft/Commands]: Ambiguity between arguments [teleport, location] and [teleport, targets] with inputs: [0.1 -0.5 .9, 0 0 0]
[10:26:11] [main/WARN] [minecraft/Commands]: Ambiguity between arguments [teleport, destination] and [teleport, targets] with inputs: [Player, 0123, @e, dd12be42-52a9-4a91-a8a1-11c01849e498]
[10:26:11] [main/WARN] [minecraft/Commands]: Ambiguity between arguments [teleport, targets] and [teleport, destination] with inputs: [Player, 0123, dd12be42-52a9-4a91-a8a1-11c01849e498]
[10:26:11] [main/WARN] [minecraft/Commands]: Ambiguity between arguments [teleport, targets, location] and [teleport, targets, destination] with inputs: [0.1 -0.5 .9, 0 0 0]
[10:26:11] [modloading-worker-0/INFO] [ne.ne.ne.co.NeoForgeMod/NEOFORGE-MOD]: NeoForge mod loading, version 21.1.255, for MC 1.21.1
[10:26:12] [main/INFO] [mojang/YggdrasilAuthenticationService]: Environment: Environment[sessionHost=https://sessionserver.mojang.com, servicesHost=https://api.minecraftservices.com, name=PROD]
[10:26:12] [main/WARN] [minecraft/VanillaPackResourcesBuilder]: Assets URL 'union:/D:/slavic-myths/build/moddev/artifacts/neoforge-21.1.255.jar%23125!/assets/.mcassetsroot' uses unexpected schema
[10:26:12] [main/WARN] [minecraft/VanillaPackResourcesBuilder]: Assets URL 'union:/D:/slavic-myths/build/moddev/artifacts/neoforge-21.1.255.jar%23125!/data/.mcassetsroot' uses unexpected schema
[10:26:12] [main/INFO] [ne.ne.ne.ga.GameTestHooks/]: Enabled Gametest Namespaces: [slavicmyths_weapons]
[10:26:13] [main/INFO] [minecraft/RecipeManager]: Loaded 1729 recipes
[10:26:14] [main/INFO] [minecraft/AdvancementTree]: Loaded 1561 advancements
[10:26:14] [main/INFO] [Curios API/]: Loaded 10 curio slots
[10:26:14] [main/INFO] [Curios API/]: Loaded 1 curio entities
[10:26:15] [Server thread/INFO] [minecraft/MinecraftServer]: Preparing start region for dimension minecraft:overworld
[10:26:15] [worldgen/INFO] [minecraft/LoggerChunkProgressListener]: Preparing spawn area: 2%
[10:26:15] [Server thread/INFO] [minecraft/LoggerChunkProgressListener]: Time elapsed: 116 ms
[10:26:15] [Server thread/INFO] [minecraft/GameTestServer]: Started game test server
[10:26:15] [Server thread/INFO] [ne.ne.ne.se.pe.PermissionAPI/]: Successfully initialized permission handler neoforge:default_handler
[10:26:15] [Server thread/INFO] [minecraft/GameTestServer]: 11 tests are now running at position 1067076, -59, 2195075!
[10:26:15] [Server thread/INFO] [minecraft/GameTestRunner]: Running test batch 'defaultBatch:0' (11 tests)...
[10:26:15] [Server thread/INFO] [minecraft/GameTestServer]: [           ]
WEAPON_PART_RECIPES_PASS count=23
WEAPON_THROW_MATERIALS_PASS count=14
WEAPON_SHIELD_BEFORE blocking=true yaw=180.0 health=20.0 source=(1067130.0, -58.0, 2195078.0) victim=(1067130.0, -58.0, 2195080.0)
WEAPON_SHIELD_AFTER hurt=false blocking=true health=20.0
[10:26:16] [Server thread/ERROR] [minecraft/LogTestReporter]: flailarmorandshield failed at 1067127, -60, 2195075! Native shield not disabled
[10:26:16] [Server thread/INFO] [minecraft/MinecraftServer]: WeaponBench has made the advancement [Arms craft]
WEAPON_BENCH_RECIPES_PASS count=33
[10:26:16] [Server thread/ERROR] [minecraft/LogTestReporter]: nativeknifecollisionandloss failed at 1067161, -60, 2195075! Native knife collision failed 244
[10:26:16] [Server thread/INFO] [minecraft/GameTestServer]: [+++X+X++   ]
WEAPON_NATIVE_STORAGE_NEW_PROCESS_PASS items=28
[10:26:16] [Server thread/INFO] [minecraft/GameTestServer]: [+++X+X+++++]
[10:26:16] [Server thread/INFO] [minecraft/GameTestServer]: ========= 11 GAME TESTS COMPLETE IN 1.451 s ======================
[10:26:16] [Server thread/INFO] [minecraft/GameTestServer]: 2 required tests failed :(
[10:26:16] [Server thread/INFO] [minecraft/GameTestServer]:    - flailarmorandshield
[10:26:16] [Server thread/INFO] [minecraft/GameTestServer]:    - nativeknifecollisionandloss
[10:26:16] [Server thread/INFO] [minecraft/GameTestServer]: ====================================================
[10:26:16] [Server thread/INFO] [minecraft/MinecraftServer]: Stopping server
[10:26:16] [Server thread/INFO] [minecraft/MinecraftServer]: Saving players
[10:26:16] [Server thread/INFO] [minecraft/MinecraftServer]: Saving worlds
[10:26:17] [Server thread/INFO] [minecraft/MinecraftServer]: Saving chunks for level 'ServerLevel[Test Level]'/minecraft:overworld
[10:26:17] [Server thread/INFO] [minecraft/MinecraftServer]: Saving chunks for level 'ServerLevel[Test Level]'/minecraft:the_end
[10:26:17] [Server thread/INFO] [minecraft/MinecraftServer]: Saving chunks for level 'ServerLevel[Test Level]'/minecraft:the_nether
[10:26:17] [Server thread/INFO] [minecraft/MinecraftServer]: ThreadedAnvilChunkStorage (world): All chunks are saved
[10:26:17] [Server thread/INFO] [minecraft/MinecraftServer]: ThreadedAnvilChunkStorage (DIM1): All chunks are saved
[10:26:17] [Server thread/INFO] [minecraft/MinecraftServer]: ThreadedAnvilChunkStorage (DIM-1): All chunks are saved
[10:26:17] [Server thread/INFO] [minecraft/MinecraftServer]: ThreadedAnvilChunkStorage: All dimensions are saved
[10:26:17] [Server thread/INFO] [minecraft/GameTestServer]: Game test server shutting down

> Task :runWeaponChecks FAILED

FAILURE: Build failed with an exception.

* What went wrong:
Execution failed for task ':runWeaponChecks'.
> Process 'command 'C:\Program Files\Java\jdk-21.0.12\bin\java.exe'' finished with non-zero exit value 2

* Try:
> Run with --stacktrace option to get the stack trace.
> Run with --info or --debug option to get more log output.
> Run with --scan to generate a Build Scan (powered by Develocity).
> Get more help at https://help.gradle.org.

BUILD FAILED in 27s
9 actionable tasks: 3 executed, 6 up-to-date
