To honour the JVM settings for this build a single-use Daemon process will be forked. For more on this, please refer to https://docs.gradle.org/9.2.1/userguide/gradle_daemon.html#sec:disabling_the_daemon in the Gradle documentation.
Daemon will be stopped at the end of the build 
> Task :createMinecraftArtifacts UP-TO-DATE

> Task :compileJava
D:\slavic-myths\src\main\java\org\slavicmyths\client\ClientSetup.java:14: warning: [removal] bus() in EventBusSubscriber has been deprecated and marked for removal
@net.neoforged.fml.common.EventBusSubscriber(modid = SlavicMyths.MOD_ID, bus = net.neoforged.fml.common.EventBusSubscriber.Bus.MOD, value = Dist.CLIENT)
                                                                         ^
D:\slavic-myths\src\main\java\org\slavicmyths\client\ClientSetup.java:14: warning: [removal] Bus in EventBusSubscriber has been deprecated and marked for removal
@net.neoforged.fml.common.EventBusSubscriber(modid = SlavicMyths.MOD_ID, bus = net.neoforged.fml.common.EventBusSubscriber.Bus.MOD, value = Dist.CLIENT)
                                                                                                                          ^
Note: D:\slavic-myths\src\main\java\org\slavicmyths\client\ClientSetup.java uses or overrides a deprecated API.
Note: Recompile with -Xlint:deprecation for details.
2 warnings

> Task :processResources
> Task :classes
> Task :compileClassCheckJava
> Task :processClassCheckResources
> Task :classCheckClasses
> Task :downloadAssets UP-TO-DATE
> Task :writeClassChecksLegacyClasspath
> Task :prepareClassChecksRun

> Task :runClassChecks
WARN StatusConsoleListener Advanced terminal features are not available in this environment
[10:38:08] [main/INFO] [cp.mo.mo.Launcher/MODLAUNCHER]: ModLauncher running: args [--launchTarget, forgeserverdev, --gameDir, ., --fml.fmlVersion, 4.0.45, --fml.mcVersion, 1.21.1, --fml.neoForgeVersion, 21.1.255, --fml.neoFormVersion, 20240808.144430]
[10:38:08] [main/INFO] [cp.mo.mo.Launcher/MODLAUNCHER]: JVM identified as Oracle Corporation Java HotSpot(TM) 64-Bit Server VM 21.0.12+7-LTS-205
[10:38:08] [main/INFO] [cp.mo.mo.Launcher/MODLAUNCHER]: ModLauncher 11.0.5+main.901c6ea8 starting: java version 21.0.12 by Oracle Corporation; OS Windows 10 arch amd64 version 10.0
[10:38:09] [main/INFO] [ne.ne.fm.lo.ImmediateWindowHandler/]: ImmediateWindowProvider not loading because launch target is forgeserverdev
[10:38:09] [main/INFO] [mixin/]: SpongePowered MIXIN Subsystem Version=0.8.7 Source=union:/C:/Users/pavel/.gradle/caches/modules-2/files-2.1/net.fabricmc/sponge-mixin/0.16.4+mixin.0.8.7/26d01f0567ab46e9ca0d2ed89d0ecc11aadbd433/sponge-mixin-0.16.4+mixin.0.8.7.jar%2394!/ Service=ModLauncher Env=SERVER
[10:38:09] [main/INFO] [ne.ne.fm.lo.mo.lo.JarInJarDependencyLocator/]: Found 2 dependencies adding them to mods collection
[10:38:09] [main/INFO] [ne.ne.fm.lo.mo.ModDiscoverer/]: 
     Mod List:
		Name Version (Mod Id)

		Curios API 9.5.1+1.21.1 (curios)
		Just Enough Items 19.51.0.418 (jei)
		Minecraft 1.21.1 (minecraft)
		NeoForge 21.1.255 (neoforge)
		Slavic Myths 1.3.2.1 (slavicmyths)
[10:38:10] [main/INFO] [mixin/]: Compatibility level set to JAVA_21
[10:38:10] [main/INFO] [cp.mo.mo.LaunchServiceHandler/MODLAUNCHER]: Launching target 'forgeserverdev' with arguments [--gameDir, .]
[10:38:10] [main/WARN] [mixin/]: Reference map 'curios.refmap.json' for curios.neoforge.mixins.json could not be read. If this is a development environment you can ignore this message
[10:38:10] [main/WARN] [mixin/]: Reference map 'curios.refmap.json' for curios.mixins.json could not be read. If this is a development environment you can ignore this message
[10:38:11] [main/WARN] [os.dr.wi.pe.PerfmonDisabled/]: Invalid registry value type detected for PerfOS counters. Should be REG_DWORD. Ignoring: HKEY_LOCAL_MACHINE\SYSTEM\CurrentControlSet\Services\PerfOS\Performance\Disable Performance Counters.
[10:38:11] [main/INFO] [MixinExtras|Service/]: Initializing MixinExtras via com.llamalad7.mixinextras.service.MixinExtrasServiceImpl(version=0.5.5).
[10:38:16] [main/WARN] [minecraft/Commands]: Ambiguity between arguments [teleport, location] and [teleport, destination] with inputs: [0.1 -0.5 .9, 0 0 0]
[10:38:16] [main/WARN] [minecraft/Commands]: Ambiguity between arguments [teleport, location] and [teleport, targets] with inputs: [0.1 -0.5 .9, 0 0 0]
[10:38:16] [main/WARN] [minecraft/Commands]: Ambiguity between arguments [teleport, destination] and [teleport, targets] with inputs: [Player, 0123, @e, dd12be42-52a9-4a91-a8a1-11c01849e498]
[10:38:16] [main/WARN] [minecraft/Commands]: Ambiguity between arguments [teleport, targets] and [teleport, destination] with inputs: [Player, 0123, dd12be42-52a9-4a91-a8a1-11c01849e498]
[10:38:16] [main/WARN] [minecraft/Commands]: Ambiguity between arguments [teleport, targets, location] and [teleport, targets, destination] with inputs: [0.1 -0.5 .9, 0 0 0]
[10:38:16] [modloading-worker-0/INFO] [ne.ne.ne.co.NeoForgeMod/NEOFORGE-MOD]: NeoForge mod loading, version 21.1.255, for MC 1.21.1
[10:38:18] [main/INFO] [mojang/YggdrasilAuthenticationService]: Environment: Environment[sessionHost=https://sessionserver.mojang.com, servicesHost=https://api.minecraftservices.com, name=PROD]
[10:38:18] [main/WARN] [ne.ne.ne.co.CommonHooks/WP]: The following mods have version differences that were not resolved:
slavicmyths (version 1.3.1 -> 1.3.2.1)
Things may not work well.
[10:38:18] [main/WARN] [minecraft/VanillaPackResourcesBuilder]: Assets URL 'union:/D:/slavic-myths/build/moddev/artifacts/neoforge-21.1.255.jar%23125!/assets/.mcassetsroot' uses unexpected schema
[10:38:18] [main/WARN] [minecraft/VanillaPackResourcesBuilder]: Assets URL 'union:/D:/slavic-myths/build/moddev/artifacts/neoforge-21.1.255.jar%23125!/data/.mcassetsroot' uses unexpected schema
[10:38:18] [main/INFO] [ne.ne.ne.ga.GameTestHooks/]: Enabled Gametest Namespaces: [slavicmyths_classes]
[10:38:19] [main/INFO] [minecraft/RecipeManager]: Loaded 1732 recipes
[10:38:19] [main/INFO] [minecraft/AdvancementTree]: Loaded 1561 advancements
[10:38:19] [main/INFO] [Curios API/]: Loaded 10 curio slots
[10:38:19] [main/INFO] [Curios API/]: Loaded 1 curio entities
[10:38:20] [Server thread/INFO] [minecraft/MinecraftServer]: Preparing start region for dimension minecraft:overworld
[10:38:20] [worldgen/INFO] [minecraft/LoggerChunkProgressListener]: Preparing spawn area: 2%
[10:38:20] [Server thread/INFO] [minecraft/LoggerChunkProgressListener]: Time elapsed: 121 ms
[10:38:20] [Server thread/INFO] [minecraft/GameTestServer]: Started game test server
[10:38:20] [Server thread/INFO] [ne.ne.ne.se.pe.PermissionAPI/]: Successfully initialized permission handler neoforge:default_handler
[10:38:20] [Server thread/INFO] [minecraft/GameTestServer]: 15 tests are now running at position -314421, -59, 3387218!
[10:38:20] [Server thread/INFO] [minecraft/GameTestRunner]: Running test batch 'defaultBatch:0' (15 tests)...
[10:38:21] [Server thread/INFO] [minecraft/GameTestServer]: [               ]
CLASS_ACTIVE_RANK_MATRIX_PASS casts=45
[10:38:21] [Server thread/INFO] [minecraft/MinecraftServer]: ClassLifecycle died
[10:38:21] [Server thread/INFO] [minecraft/MinecraftServer]: ClassLifecycle was killed
[10:38:21] [Server thread/INFO] [minecraft/MinecraftServer]: [ClassLifecycle: Killed ClassLifecycle]
[10:38:21] [Server thread/INFO] [minecraft/MinecraftServer]: ClassLifecycle died
[10:38:21] [Server thread/INFO] [minecraft/MinecraftServer]: ClassLifecycle was killed
[10:38:21] [Server thread/INFO] [minecraft/MinecraftServer]: [ClassLifecycle: Killed ClassLifecycle]
[10:38:21] [Server thread/INFO] [minecraft/MinecraftServer]: ClassLifecycle died
[10:38:21] [Server thread/INFO] [minecraft/MinecraftServer]: ClassLifecycle was killed
[10:38:21] [Server thread/INFO] [minecraft/MinecraftServer]: [ClassLifecycle: Killed ClassLifecycle]
CLASS_NATIVE_ORDINARY_AND_COMMAND_DEATH_PASS deaths=6
CLASS_NATIVE_PLAYER_STORAGE_NEW_PROCESS_PASS
[10:38:21] [Server thread/INFO] [minecraft/MinecraftServer]: ClassArrow has made the advancement [Take Aim]
[10:38:21] [Server thread/INFO] [minecraft/MinecraftServer]: ClassArrow has made the advancement [Take Aim]
[10:38:21] [Server thread/INFO] [minecraft/MinecraftServer]: ClassArrow has made the advancement [Take Aim]
CLASS_NATIVE_SHIELD_RANKS_PASS stat_counter=0
CLASS_PASSIVE_RANK_MATRIX_PASS cases=24
[10:38:21] [Server thread/INFO] [minecraft/GameTestServer]: [+++++++++++++  ]
[10:38:21] [Server thread/INFO] [minecraft/MinecraftServer]: ClassDeath was killed
[10:38:21] [Server thread/INFO] [minecraft/GameTestServer]: [+++++++++++++++]
[10:38:21] [Server thread/INFO] [minecraft/GameTestServer]: ========= 15 GAME TESTS COMPLETE IN 1.340 s ======================
[10:38:21] [Server thread/INFO] [minecraft/GameTestServer]: All 15 required tests passed :)
[10:38:21] [Server thread/INFO] [minecraft/GameTestServer]: ====================================================
[10:38:21] [Server thread/INFO] [minecraft/MinecraftServer]: Stopping server
[10:38:21] [Server thread/INFO] [minecraft/MinecraftServer]: Saving players
[10:38:21] [Server thread/INFO] [minecraft/MinecraftServer]: Saving worlds
[10:38:22] [Server thread/INFO] [minecraft/MinecraftServer]: Saving chunks for level 'ServerLevel[Test Level]'/minecraft:overworld
[10:38:22] [Server thread/INFO] [minecraft/MinecraftServer]: Saving chunks for level 'ServerLevel[Test Level]'/minecraft:the_end
[10:38:22] [Server thread/INFO] [minecraft/MinecraftServer]: Saving chunks for level 'ServerLevel[Test Level]'/minecraft:the_nether
[10:38:22] [Server thread/INFO] [minecraft/MinecraftServer]: ThreadedAnvilChunkStorage (world): All chunks are saved
[10:38:22] [Server thread/INFO] [minecraft/MinecraftServer]: ThreadedAnvilChunkStorage (DIM1): All chunks are saved
[10:38:22] [Server thread/INFO] [minecraft/MinecraftServer]: ThreadedAnvilChunkStorage (DIM-1): All chunks are saved
[10:38:22] [Server thread/INFO] [minecraft/MinecraftServer]: ThreadedAnvilChunkStorage: All dimensions are saved
[10:38:22] [Server thread/INFO] [minecraft/GameTestServer]: Game test server shutting down

[Incubating] Problems report is available at: file:///D:/slavic-myths/build/reports/problems/problems-report.html

BUILD SUCCESSFUL in 43s
9 actionable tasks: 7 executed, 2 up-to-date
Consider enabling configuration cache to speed up this build: https://docs.gradle.org/9.2.1/userguide/configuration_cache_enabling.html
