To honour the JVM settings for this build a single-use Daemon process will be forked. For more on this, please refer to https://docs.gradle.org/9.2.1/userguide/gradle_daemon.html#sec:disabling_the_daemon in the Gradle documentation.
Daemon will be stopped at the end of the build 
> Task :createMinecraftArtifacts UP-TO-DATE
> Task :compileJava
> Task :processResources
> Task :classes
> Task :compileVillageCheckJava UP-TO-DATE
> Task :downloadAssets UP-TO-DATE
> Task :writeVillageChecksLegacyClasspath UP-TO-DATE
> Task :prepareVillageChecksRun
> Task :processVillageCheckResources UP-TO-DATE
> Task :villageCheckClasses UP-TO-DATE

> Task :runVillageChecks
WARN StatusConsoleListener Advanced terminal features are not available in this environment
[09:41:43] [main/INFO] [cp.mo.mo.Launcher/MODLAUNCHER]: ModLauncher running: args [--launchTarget, forgeserverdev, --gameDir, ., --fml.fmlVersion, 4.0.45, --fml.mcVersion, 1.21.1, --fml.neoForgeVersion, 21.1.255, --fml.neoFormVersion, 20240808.144430]
[09:41:43] [main/INFO] [cp.mo.mo.Launcher/MODLAUNCHER]: JVM identified as Oracle Corporation Java HotSpot(TM) 64-Bit Server VM 21.0.12+7-LTS-205
[09:41:43] [main/INFO] [cp.mo.mo.Launcher/MODLAUNCHER]: ModLauncher 11.0.5+main.901c6ea8 starting: java version 21.0.12 by Oracle Corporation; OS Windows 10 arch amd64 version 10.0
[09:41:43] [main/INFO] [ne.ne.fm.lo.ImmediateWindowHandler/]: ImmediateWindowProvider not loading because launch target is forgeserverdev
[09:41:43] [main/INFO] [mixin/]: SpongePowered MIXIN Subsystem Version=0.8.7 Source=union:/C:/Users/pavel/.gradle/caches/modules-2/files-2.1/net.fabricmc/sponge-mixin/0.16.4+mixin.0.8.7/26d01f0567ab46e9ca0d2ed89d0ecc11aadbd433/sponge-mixin-0.16.4+mixin.0.8.7.jar%2394!/ Service=ModLauncher Env=SERVER
[09:41:43] [main/INFO] [ne.ne.fm.lo.mo.lo.JarInJarDependencyLocator/]: Found 2 dependencies adding them to mods collection
[09:41:43] [main/INFO] [ne.ne.fm.lo.mo.ModDiscoverer/]: 
     Mod List:
		Name Version (Mod Id)

		Curios API 9.5.1+1.21.1 (curios)
		Just Enough Items 19.51.0.418 (jei)
		Minecraft 1.21.1 (minecraft)
		NeoForge 21.1.255 (neoforge)
		Slavic Myths 1.3.1 (slavicmyths)
[09:41:44] [main/INFO] [mixin/]: Compatibility level set to JAVA_21
[09:41:44] [main/INFO] [cp.mo.mo.LaunchServiceHandler/MODLAUNCHER]: Launching target 'forgeserverdev' with arguments [--gameDir, .]
[09:41:44] [main/WARN] [mixin/]: Reference map 'curios.refmap.json' for curios.neoforge.mixins.json could not be read. If this is a development environment you can ignore this message
[09:41:44] [main/WARN] [mixin/]: Reference map 'curios.refmap.json' for curios.mixins.json could not be read. If this is a development environment you can ignore this message
[09:41:45] [main/WARN] [os.dr.wi.pe.PerfmonDisabled/]: Invalid registry value type detected for PerfOS counters. Should be REG_DWORD. Ignoring: HKEY_LOCAL_MACHINE\SYSTEM\CurrentControlSet\Services\PerfOS\Performance\Disable Performance Counters.
[09:41:46] [main/INFO] [MixinExtras|Service/]: Initializing MixinExtras via com.llamalad7.mixinextras.service.MixinExtrasServiceImpl(version=0.5.5).
[09:41:50] [main/WARN] [minecraft/Commands]: Ambiguity between arguments [teleport, location] and [teleport, destination] with inputs: [0.1 -0.5 .9, 0 0 0]
[09:41:50] [main/WARN] [minecraft/Commands]: Ambiguity between arguments [teleport, location] and [teleport, targets] with inputs: [0.1 -0.5 .9, 0 0 0]
[09:41:50] [main/WARN] [minecraft/Commands]: Ambiguity between arguments [teleport, destination] and [teleport, targets] with inputs: [Player, 0123, @e, dd12be42-52a9-4a91-a8a1-11c01849e498]
[09:41:50] [main/WARN] [minecraft/Commands]: Ambiguity between arguments [teleport, targets] and [teleport, destination] with inputs: [Player, 0123, dd12be42-52a9-4a91-a8a1-11c01849e498]
[09:41:50] [main/WARN] [minecraft/Commands]: Ambiguity between arguments [teleport, targets, location] and [teleport, targets, destination] with inputs: [0.1 -0.5 .9, 0 0 0]
[09:41:50] [modloading-worker-0/INFO] [ne.ne.ne.co.NeoForgeMod/NEOFORGE-MOD]: NeoForge mod loading, version 21.1.255, for MC 1.21.1
[09:41:52] [main/ERROR] [minecraft/Settings]: Failed to load properties from file: server.properties
java.nio.file.NoSuchFileException: server.properties
	at java.base/sun.nio.fs.WindowsException.translateToIOException(WindowsException.java:85) ~[?:?] {}
	at java.base/sun.nio.fs.WindowsException.rethrowAsIOException(WindowsException.java:103) ~[?:?] {}
	at java.base/sun.nio.fs.WindowsException.rethrowAsIOException(WindowsException.java:108) ~[?:?] {}
	at java.base/sun.nio.fs.WindowsFileSystemProvider.newByteChannel(WindowsFileSystemProvider.java:234) ~[?:?] {}
	at java.base/java.nio.file.Files.newByteChannel(Files.java:379) ~[?:?] {}
	at java.base/java.nio.file.Files.newByteChannel(Files.java:431) ~[?:?] {}
	at java.base/java.nio.file.spi.FileSystemProvider.newInputStream(FileSystemProvider.java:420) ~[?:?] {}
	at java.base/java.nio.file.Files.newInputStream(Files.java:159) ~[?:?] {}
	at TRANSFORMER/minecraft@1.21.1/net.minecraft.server.dedicated.Settings.loadFromFile(Settings.java:38) ~[neoforge-21.1.255.jar%23125!/:?] {re:classloading}
	at TRANSFORMER/minecraft@1.21.1/net.minecraft.server.dedicated.DedicatedServerProperties.fromFile(DedicatedServerProperties.java:132) ~[neoforge-21.1.255.jar%23125!/:?] {re:classloading}
	at TRANSFORMER/minecraft@1.21.1/net.minecraft.server.dedicated.DedicatedServerSettings.<init>(DedicatedServerSettings.java:12) ~[neoforge-21.1.255.jar%23125!/:?] {re:classloading}
	at TRANSFORMER/minecraft@1.21.1/net.minecraft.server.Main.main(Main.java:125) ~[neoforge-21.1.255.jar%23125!/:?] {re:classloading}
	at java.base/jdk.internal.reflect.DirectMethodHandleAccessor.invoke(DirectMethodHandleAccessor.java:103) ~[?:?] {}
	at java.base/java.lang.reflect.Method.invoke(Method.java:580) ~[?:?] {}
	at MC-BOOTSTRAP/fml_loader@4.0.45/net.neoforged.fml.loading.targets.CommonLaunchHandler.runTarget(CommonLaunchHandler.java:136) ~[loader-4.0.45.jar%23102!/:4.0] {}
	at MC-BOOTSTRAP/fml_loader@4.0.45/net.neoforged.fml.loading.targets.CommonLaunchHandler.serverService(CommonLaunchHandler.java:128) ~[loader-4.0.45.jar%23102!/:4.0] {}
	at MC-BOOTSTRAP/fml_loader@4.0.45/net.neoforged.fml.loading.targets.NeoForgeServerDevLaunchHandler.runService(NeoForgeServerDevLaunchHandler.java:23) ~[loader-4.0.45.jar%23102!/:4.0] {}
	at MC-BOOTSTRAP/fml_loader@4.0.45/net.neoforged.fml.loading.targets.CommonLaunchHandler.lambda$launchService$4(CommonLaunchHandler.java:118) ~[loader-4.0.45.jar%23102!/:4.0] {}
	at MC-BOOTSTRAP/cpw.mods.modlauncher@11.0.5/cpw.mods.modlauncher.LaunchServiceHandlerDecorator.launch(LaunchServiceHandlerDecorator.java:30) [modlauncher-11.0.5.jar%2382!/:?] {}
	at MC-BOOTSTRAP/cpw.mods.modlauncher@11.0.5/cpw.mods.modlauncher.LaunchServiceHandler.launch(LaunchServiceHandler.java:53) [modlauncher-11.0.5.jar%2382!/:?] {}
	at MC-BOOTSTRAP/cpw.mods.modlauncher@11.0.5/cpw.mods.modlauncher.LaunchServiceHandler.launch(LaunchServiceHandler.java:71) [modlauncher-11.0.5.jar%2382!/:?] {}
	at MC-BOOTSTRAP/cpw.mods.modlauncher@11.0.5/cpw.mods.modlauncher.Launcher.run(Launcher.java:103) [modlauncher-11.0.5.jar%2382!/:?] {}
	at MC-BOOTSTRAP/cpw.mods.modlauncher@11.0.5/cpw.mods.modlauncher.Launcher.main(Launcher.java:74) [modlauncher-11.0.5.jar%2382!/:?] {}
	at MC-BOOTSTRAP/cpw.mods.modlauncher@11.0.5/cpw.mods.modlauncher.BootstrapLaunchConsumer.accept(BootstrapLaunchConsumer.java:26) [modlauncher-11.0.5.jar%2382!/:?] {}
	at MC-BOOTSTRAP/cpw.mods.modlauncher@11.0.5/cpw.mods.modlauncher.BootstrapLaunchConsumer.accept(BootstrapLaunchConsumer.java:23) [modlauncher-11.0.5.jar%2382!/:?] {}
	at cpw.mods.bootstraplauncher@2.0.2/cpw.mods.bootstraplauncher.BootstrapLauncher.run(BootstrapLauncher.java:210) [bootstraplauncher-2.0.2.jar:?] {}
	at cpw.mods.bootstraplauncher@2.0.2/cpw.mods.bootstraplauncher.BootstrapLauncher.main(BootstrapLauncher.java:69) [bootstraplauncher-2.0.2.jar:?] {}
	at java.base/jdk.internal.reflect.DirectMethodHandleAccessor.invoke(DirectMethodHandleAccessor.java:103) ~[?:?] {}
	at java.base/java.lang.reflect.Method.invoke(Method.java:580) ~[?:?] {}
	at net.neoforged.devlaunch.Main.main(Main.java:57) [DevLaunch-1.0.2.jar:?] {}
[09:41:52] [main/INFO] [mojang/YggdrasilAuthenticationService]: Environment: Environment[sessionHost=https://sessionserver.mojang.com, servicesHost=https://api.minecraftservices.com, name=PROD]
[09:41:52] [main/WARN] [minecraft/VanillaPackResourcesBuilder]: Assets URL 'union:/D:/slavic-myths/build/moddev/artifacts/neoforge-21.1.255.jar%23125!/assets/.mcassetsroot' uses unexpected schema
[09:41:52] [main/WARN] [minecraft/VanillaPackResourcesBuilder]: Assets URL 'union:/D:/slavic-myths/build/moddev/artifacts/neoforge-21.1.255.jar%23125!/data/.mcassetsroot' uses unexpected schema
[09:41:52] [main/INFO] [ne.ne.ne.ga.GameTestHooks/]: Enabled Gametest Namespaces: [slavicmyths_buildings]
[09:41:53] [main/INFO] [minecraft/RecipeManager]: Loaded 1673 recipes
[09:41:53] [main/INFO] [minecraft/AdvancementTree]: Loaded 1561 advancements
[09:41:53] [main/INFO] [Curios API/]: Loaded 10 curio slots
[09:41:53] [main/INFO] [Curios API/]: Loaded 1 curio entities
[09:41:54] [Server thread/INFO] [minecraft/MinecraftServer]: Preparing start region for dimension minecraft:overworld
[09:41:54] [worldgen/INFO] [minecraft/LoggerChunkProgressListener]: Preparing spawn area: 2%
[09:41:54] [Server thread/INFO] [minecraft/LoggerChunkProgressListener]: Time elapsed: 183 ms
[09:41:54] [Server thread/INFO] [minecraft/GameTestServer]: Started game test server
[09:41:54] [Server thread/INFO] [ne.ne.ne.se.pe.PermissionAPI/]: Successfully initialized permission handler neoforge:default_handler
[09:41:54] [Server thread/INFO] [minecraft/GameTestServer]: 6 tests are now running at position -14454849, -59, 3247043!
[09:41:55] [Server thread/INFO] [minecraft/GameTestRunner]: Running test batch 'bounds_abort:0' (1 tests)...
[09:41:55] [Server thread/INFO] [minecraft/GameTestServer]: [      ]
[09:41:55] [Server thread/INFO] [minecraft/GameTestServer]: [      ]
[09:41:55] [Server thread/INFO] [minecraft/MinecraftServer]: Village showcase prevalidation: slavicmyths:village/temperate/residential/seni_01 palette=temperate box=BoundingBox{minX=3008, minY=317, minZ=3008, maxX=3016, maxY=330, maxZ=3020} outside world Y [-64,319]
BUILDINGS_ABORT_PASS worldHeightBounds=true noPlacementBeforeValidation=true
[09:41:55] [Server thread/INFO] [minecraft/GameTestRunner]: Running test batch 'defaultBatch:0' (3 tests)...
[09:41:55] [Server thread/INFO] [minecraft/GameTestServer]: [+     ]
SACK_MENU_PASS slots=5 stackLimit=64 partialLevel=0 fullLevel=5 mixedProduce=true quickMove=64 saveRoundtrip=true legacy396Retained=true stableSlots=true toolsRejected=true
NATIVE_PLAN family=plains pieces=72 houses=17
NATIVE_PLAN family=plains pieces=47 houses=9
NATIVE_PLAN family=plains pieces=80 houses=12
NATIVE_PLAN family=plains pieces=56 houses=6
NATIVE_PLAN family=plains pieces=62 houses=7
NATIVE_PLAN family=plains pieces=107 houses=17
NATIVE_PLAN family=plains pieces=118 houses=11
NATIVE_PLAN family=plains pieces=70 houses=11
NATIVE_PLAN family=taiga pieces=109 houses=11
NATIVE_PLAN family=taiga pieces=93 houses=12
NATIVE_PLAN family=taiga pieces=133 houses=14
NATIVE_PLAN family=taiga pieces=54 houses=6
NATIVE_PLAN family=taiga pieces=144 houses=13
NATIVE_PLAN family=taiga pieces=62 houses=8
NATIVE_PLAN family=taiga pieces=44 houses=4
NATIVE_PLAN family=taiga pieces=46 houses=8
NATIVE_PLAN family=snowy pieces=76 houses=9
NATIVE_PLAN family=snowy pieces=65 houses=9
NATIVE_PLAN family=snowy pieces=50 houses=8
NATIVE_PLAN family=snowy pieces=77 houses=7
NATIVE_PLAN family=snowy pieces=74 houses=11
NATIVE_PLAN family=snowy pieces=69 houses=11
NATIVE_PLAN family=snowy pieces=64 houses=8
NATIVE_PLAN family=snowy pieces=42 houses=6
NATIVE_PLAN family=savanna pieces=88 houses=8
NATIVE_PLAN family=savanna pieces=65 houses=10
NATIVE_PLAN family=savanna pieces=68 houses=7
NATIVE_PLAN family=savanna pieces=68 houses=10
NATIVE_PLAN family=savanna pieces=51 houses=9
NATIVE_PLAN family=savanna pieces=70 houses=6
NATIVE_PLAN family=savanna pieces=111 houses=11
NATIVE_PLAN family=savanna pieces=56 houses=9
NATIVE_PLAN family=desert pieces=101 houses=7
NATIVE_PLAN family=desert pieces=54 houses=2
NATIVE_PLAN family=desert pieces=49 houses=4
NATIVE_PLAN family=desert pieces=67 houses=8
NATIVE_PLAN family=desert pieces=77 houses=9
NATIVE_PLAN family=desert pieces=51 houses=7
NATIVE_PLAN family=desert pieces=53 houses=8
NATIVE_PLAN family=desert pieces=64 houses=6
BUILDINGS_RESOURCES_PASS rawStates=8194 nativePlans=40 barracks=4 fiveFamilies=true
FOOTING_PASS fourAirBlocksFilled=true sameBaseMaterial=true authoredBlocksRetained=true
[09:41:58] [Server thread/INFO] [minecraft/GameTestRunner]: Running test batch 'building_showcase:0' (2 tests)...
[09:41:58] [Server thread/INFO] [minecraft/GameTestServer]: [++++  ]
[09:41:59] [Server thread/INFO] [minecraft/MinecraftServer]: Village showcase placed: 34/34 structures, 23 profession villagers, 4 livestock, origin 200000, -57, 200000, palette=temperate, region=199997, -60, 199997 .. 200168, -38, 200168, warnings=[]
[09:42:00] [Server thread/INFO] [minecraft/MinecraftServer]: Village showcase placed: 34/34 structures, 23 profession villagers, 4 livestock, origin 200224, -57, 200000, palette=cold, region=200221, -60, 199997 .. 200392, -35, 200168, warnings=[]
[09:42:00] [Server thread/INFO] [minecraft/MinecraftServer]: Village showcase placed: 34/34 structures, 23 profession villagers, 4 livestock, origin 200448, -57, 200000, palette=warm, region=200445, -60, 199997 .. 200616, -38, 200168, warnings=[]
[09:42:00] [Server thread/INFO] [minecraft/MinecraftServer]: Village showcase placed: 1/1 structures, 0 profession villagers, 0 livestock, origin 204004, -57, 200004, palette=temperate, region=204001, -58, 200001 .. 204032, -45, 200032, warnings=[]
[09:42:01] [Server thread/INFO] [minecraft/MinecraftServer]: Village showcase placed: 34/34 structures, 23 profession villagers, 4 livestock, origin 202000, -57, 200000, palette=temperate, region=201997, -60, 199997 .. 202168, -38, 200168, warnings=[]
[09:42:01] [Server thread/INFO] [minecraft/GameTestServer]: [++++__]
BUILDINGS_SHOWCASE_PASS palettes=3 placed=102 surface=-57 nativePathChecks=102 directCommand=true
[09:42:02] [Server thread/INFO] [minecraft/GameTestServer]: [+++++_]
[09:42:03] [Server thread/INFO] [minecraft/GameTestServer]: [+++++_]
[09:42:03] [Server thread/INFO] [minecraft/GameTestServer]: [+++++_]
[09:42:03] [Server thread/INFO] [minecraft/GameTestServer]: [+++++_]
[09:42:04] [Server thread/INFO] [minecraft/GameTestServer]: [+++++_]
[09:42:04] [Server thread/INFO] [minecraft/GameTestServer]: [+++++_]
[09:42:04] [Server thread/INFO] [minecraft/GameTestServer]: [+++++_]
[09:42:04] [Server thread/INFO] [minecraft/GameTestServer]: [+++++_]
[09:42:04] [Server thread/INFO] [minecraft/GameTestServer]: [+++++_]
[09:42:04] [Server thread/INFO] [minecraft/GameTestServer]: [+++++_]
[09:42:04] [Server thread/INFO] [minecraft/GameTestServer]: [+++++_]
[09:42:04] [Server thread/INFO] [minecraft/GameTestServer]: [+++++_]
[09:42:04] [Server thread/INFO] [minecraft/GameTestServer]: [+++++_]
[09:42:04] [Server thread/INFO] [minecraft/GameTestServer]: [+++++_]
[09:42:05] [Server thread/INFO] [minecraft/GameTestServer]: [+++++_]
[09:42:05] [Server thread/INFO] [minecraft/GameTestServer]: [+++++_]
[09:42:05] [Server thread/INFO] [minecraft/GameTestServer]: [+++++_]
[09:42:05] [Server thread/INFO] [minecraft/GameTestServer]: [+++++_]
[09:42:05] [Server thread/INFO] [minecraft/GameTestServer]: [+++++_]
[09:42:05] [Server thread/INFO] [minecraft/GameTestServer]: [+++++_]
[09:42:05] [Server thread/INFO] [minecraft/GameTestServer]: [+++++_]
[09:42:05] [Server thread/INFO] [minecraft/GameTestServer]: [+++++_]
[09:42:05] [Server thread/INFO] [minecraft/GameTestServer]: [+++++_]
[09:42:05] [Server thread/INFO] [minecraft/GameTestServer]: [+++++_]
[09:42:05] [Server thread/INFO] [minecraft/GameTestServer]: [+++++_]
[09:42:05] [Server thread/INFO] [minecraft/GameTestServer]: [+++++_]
[09:42:05] [Server thread/INFO] [minecraft/GameTestServer]: [+++++_]
[09:42:05] [Server thread/INFO] [minecraft/GameTestServer]: [+++++_]
[09:42:06] [Server thread/INFO] [minecraft/GameTestServer]: [+++++_]
BUILDINGS_CLAIM_ENTRY_PASS workers=21 nativeClaimed=21 actualArrival=21 startOutside=true noJobMemoryShortcut=true
[09:42:06] [Server thread/INFO] [minecraft/GameTestServer]: [++++++]
[09:42:06] [Server thread/INFO] [minecraft/GameTestServer]: ========= 6 GAME TESTS COMPLETE IN 11.22 s ======================
[09:42:06] [Server thread/INFO] [minecraft/GameTestServer]: All 6 required tests passed :)
[09:42:06] [Server thread/INFO] [minecraft/GameTestServer]: ====================================================
[09:42:06] [Server thread/INFO] [minecraft/MinecraftServer]: Stopping server
[09:42:06] [Server thread/INFO] [minecraft/MinecraftServer]: Saving players
[09:42:06] [Server thread/INFO] [minecraft/MinecraftServer]: Saving worlds
[09:42:06] [Server thread/INFO] [minecraft/MinecraftServer]: Saving chunks for level 'ServerLevel[Test Level]'/minecraft:overworld
[09:42:08] [Server thread/INFO] [minecraft/MinecraftServer]: Saving chunks for level 'ServerLevel[Test Level]'/minecraft:the_end
[09:42:08] [Server thread/INFO] [minecraft/MinecraftServer]: Saving chunks for level 'ServerLevel[Test Level]'/minecraft:the_nether
[09:42:08] [Server thread/INFO] [minecraft/MinecraftServer]: ThreadedAnvilChunkStorage (world): All chunks are saved
[09:42:08] [Server thread/INFO] [minecraft/MinecraftServer]: ThreadedAnvilChunkStorage (DIM1): All chunks are saved
[09:42:08] [Server thread/INFO] [minecraft/MinecraftServer]: ThreadedAnvilChunkStorage (DIM-1): All chunks are saved
[09:42:08] [Server thread/INFO] [minecraft/MinecraftServer]: ThreadedAnvilChunkStorage: All dimensions are saved
[09:42:08] [Server thread/INFO] [minecraft/GameTestServer]: Game test server shutting down

BUILD SUCCESSFUL in 51s
9 actionable tasks: 4 executed, 5 up-to-date
Consider enabling configuration cache to speed up this build: https://docs.gradle.org/9.2.1/userguide/configuration_cache_enabling.html
