To honour the JVM settings for this build a single-use Daemon process will be forked. For more on this, please refer to https://docs.gradle.org/9.2.1/userguide/gradle_daemon.html#sec:disabling_the_daemon in the Gradle documentation.
Daemon will be stopped at the end of the build 
> Task :createMinecraftArtifacts UP-TO-DATE
> Task :compileJava UP-TO-DATE
> Task :processResources
> Task :classes
> Task :compileVillageCheckJava UP-TO-DATE
> Task :downloadAssets UP-TO-DATE
> Task :writeVillageChecksLegacyClasspath UP-TO-DATE
> Task :prepareVillageChecksRun
> Task :processVillageCheckResources UP-TO-DATE
> Task :villageCheckClasses UP-TO-DATE

> Task :runVillageChecks
WARN StatusConsoleListener Advanced terminal features are not available in this environment
[07:59:17] [main/INFO] [cp.mo.mo.Launcher/MODLAUNCHER]: ModLauncher running: args [--launchTarget, forgeserverdev, --gameDir, ., --fml.fmlVersion, 4.0.45, --fml.mcVersion, 1.21.1, --fml.neoForgeVersion, 21.1.255, --fml.neoFormVersion, 20240808.144430]
[07:59:17] [main/INFO] [cp.mo.mo.Launcher/MODLAUNCHER]: JVM identified as Oracle Corporation Java HotSpot(TM) 64-Bit Server VM 21.0.12+7-LTS-205
[07:59:17] [main/INFO] [cp.mo.mo.Launcher/MODLAUNCHER]: ModLauncher 11.0.5+main.901c6ea8 starting: java version 21.0.12 by Oracle Corporation; OS Windows 10 arch amd64 version 10.0
[07:59:17] [main/INFO] [ne.ne.fm.lo.ImmediateWindowHandler/]: ImmediateWindowProvider not loading because launch target is forgeserverdev
[07:59:17] [main/INFO] [mixin/]: SpongePowered MIXIN Subsystem Version=0.8.7 Source=union:/C:/Users/pavel/.gradle/caches/modules-2/files-2.1/net.fabricmc/sponge-mixin/0.16.4+mixin.0.8.7/26d01f0567ab46e9ca0d2ed89d0ecc11aadbd433/sponge-mixin-0.16.4+mixin.0.8.7.jar%2394!/ Service=ModLauncher Env=SERVER
[07:59:17] [main/INFO] [ne.ne.fm.lo.mo.lo.JarInJarDependencyLocator/]: Found 2 dependencies adding them to mods collection
[07:59:17] [main/INFO] [ne.ne.fm.lo.mo.ModDiscoverer/]: 
     Mod List:
		Name Version (Mod Id)

		Curios API 9.5.1+1.21.1 (curios)
		Minecraft 1.21.1 (minecraft)
		NeoForge 21.1.255 (neoforge)
		Slavic Myths 1.2.5 (slavicmyths)
[07:59:18] [main/INFO] [mixin/]: Compatibility level set to JAVA_21
[07:59:18] [main/INFO] [cp.mo.mo.LaunchServiceHandler/MODLAUNCHER]: Launching target 'forgeserverdev' with arguments [--gameDir, .]
[07:59:18] [main/WARN] [mixin/]: Reference map 'curios.refmap.json' for curios.neoforge.mixins.json could not be read. If this is a development environment you can ignore this message
[07:59:18] [main/WARN] [mixin/]: Reference map 'curios.refmap.json' for curios.mixins.json could not be read. If this is a development environment you can ignore this message
[07:59:20] [main/WARN] [os.dr.wi.pe.PerfmonDisabled/]: Invalid registry value type detected for PerfOS counters. Should be REG_DWORD. Ignoring: HKEY_LOCAL_MACHINE\SYSTEM\CurrentControlSet\Services\PerfOS\Performance\Disable Performance Counters.
[07:59:20] [main/INFO] [MixinExtras|Service/]: Initializing MixinExtras via com.llamalad7.mixinextras.service.MixinExtrasServiceImpl(version=0.5.5).
[07:59:28] [main/WARN] [minecraft/Commands]: Ambiguity between arguments [teleport, location] and [teleport, destination] with inputs: [0.1 -0.5 .9, 0 0 0]
[07:59:28] [main/WARN] [minecraft/Commands]: Ambiguity between arguments [teleport, location] and [teleport, targets] with inputs: [0.1 -0.5 .9, 0 0 0]
[07:59:28] [main/WARN] [minecraft/Commands]: Ambiguity between arguments [teleport, destination] and [teleport, targets] with inputs: [Player, 0123, @e, dd12be42-52a9-4a91-a8a1-11c01849e498]
[07:59:28] [main/WARN] [minecraft/Commands]: Ambiguity between arguments [teleport, targets] and [teleport, destination] with inputs: [Player, 0123, dd12be42-52a9-4a91-a8a1-11c01849e498]
[07:59:28] [main/WARN] [minecraft/Commands]: Ambiguity between arguments [teleport, targets, location] and [teleport, targets, destination] with inputs: [0.1 -0.5 .9, 0 0 0]
[07:59:28] [modloading-worker-0/INFO] [ne.ne.ne.co.NeoForgeMod/NEOFORGE-MOD]: NeoForge mod loading, version 21.1.255, for MC 1.21.1
[07:59:30] [main/ERROR] [minecraft/Settings]: Failed to load properties from file: server.properties
java.nio.file.NoSuchFileException: server.properties
	at java.base/sun.nio.fs.WindowsException.translateToIOException(WindowsException.java:85) ~[?:?] {}
	at java.base/sun.nio.fs.WindowsException.rethrowAsIOException(WindowsException.java:103) ~[?:?] {}
	at java.base/sun.nio.fs.WindowsException.rethrowAsIOException(WindowsException.java:108) ~[?:?] {}
	at java.base/sun.nio.fs.WindowsFileSystemProvider.newByteChannel(WindowsFileSystemProvider.java:234) ~[?:?] {}
	at java.base/java.nio.file.Files.newByteChannel(Files.java:379) ~[?:?] {}
	at java.base/java.nio.file.Files.newByteChannel(Files.java:431) ~[?:?] {}
	at java.base/java.nio.file.spi.FileSystemProvider.newInputStream(FileSystemProvider.java:420) ~[?:?] {}
	at java.base/java.nio.file.Files.newInputStream(Files.java:159) ~[?:?] {}
	at TRANSFORMER/minecraft@1.21.1/net.minecraft.server.dedicated.Settings.loadFromFile(Settings.java:38) ~[neoforge-21.1.255.jar%23125!/:?] {re:classloading}
	at TRANSFORMER/minecraft@1.21.1/net.minecraft.server.dedicated.DedicatedServerProperties.fromFile(DedicatedServerProperties.java:132) ~[neoforge-21.1.255.jar%23125!/:?] {re:classloading}
	at TRANSFORMER/minecraft@1.21.1/net.minecraft.server.dedicated.DedicatedServerSettings.<init>(DedicatedServerSettings.java:12) ~[neoforge-21.1.255.jar%23125!/:?] {re:classloading}
	at TRANSFORMER/minecraft@1.21.1/net.minecraft.server.Main.main(Main.java:125) ~[neoforge-21.1.255.jar%23125!/:?] {re:classloading}
	at java.base/jdk.internal.reflect.DirectMethodHandleAccessor.invoke(DirectMethodHandleAccessor.java:103) ~[?:?] {}
	at java.base/java.lang.reflect.Method.invoke(Method.java:580) ~[?:?] {}
	at MC-BOOTSTRAP/fml_loader@4.0.45/net.neoforged.fml.loading.targets.CommonLaunchHandler.runTarget(CommonLaunchHandler.java:136) ~[loader-4.0.45.jar%23102!/:4.0] {}
	at MC-BOOTSTRAP/fml_loader@4.0.45/net.neoforged.fml.loading.targets.CommonLaunchHandler.serverService(CommonLaunchHandler.java:128) ~[loader-4.0.45.jar%23102!/:4.0] {}
	at MC-BOOTSTRAP/fml_loader@4.0.45/net.neoforged.fml.loading.targets.NeoForgeServerDevLaunchHandler.runService(NeoForgeServerDevLaunchHandler.java:23) ~[loader-4.0.45.jar%23102!/:4.0] {}
	at MC-BOOTSTRAP/fml_loader@4.0.45/net.neoforged.fml.loading.targets.CommonLaunchHandler.lambda$launchService$4(CommonLaunchHandler.java:118) ~[loader-4.0.45.jar%23102!/:4.0] {}
	at MC-BOOTSTRAP/cpw.mods.modlauncher@11.0.5/cpw.mods.modlauncher.LaunchServiceHandlerDecorator.launch(LaunchServiceHandlerDecorator.java:30) [modlauncher-11.0.5.jar%2382!/:?] {}
	at MC-BOOTSTRAP/cpw.mods.modlauncher@11.0.5/cpw.mods.modlauncher.LaunchServiceHandler.launch(LaunchServiceHandler.java:53) [modlauncher-11.0.5.jar%2382!/:?] {}
	at MC-BOOTSTRAP/cpw.mods.modlauncher@11.0.5/cpw.mods.modlauncher.LaunchServiceHandler.launch(LaunchServiceHandler.java:71) [modlauncher-11.0.5.jar%2382!/:?] {}
	at MC-BOOTSTRAP/cpw.mods.modlauncher@11.0.5/cpw.mods.modlauncher.Launcher.run(Launcher.java:103) [modlauncher-11.0.5.jar%2382!/:?] {}
	at MC-BOOTSTRAP/cpw.mods.modlauncher@11.0.5/cpw.mods.modlauncher.Launcher.main(Launcher.java:74) [modlauncher-11.0.5.jar%2382!/:?] {}
	at MC-BOOTSTRAP/cpw.mods.modlauncher@11.0.5/cpw.mods.modlauncher.BootstrapLaunchConsumer.accept(BootstrapLaunchConsumer.java:26) [modlauncher-11.0.5.jar%2382!/:?] {}
	at MC-BOOTSTRAP/cpw.mods.modlauncher@11.0.5/cpw.mods.modlauncher.BootstrapLaunchConsumer.accept(BootstrapLaunchConsumer.java:23) [modlauncher-11.0.5.jar%2382!/:?] {}
	at cpw.mods.bootstraplauncher@2.0.2/cpw.mods.bootstraplauncher.BootstrapLauncher.run(BootstrapLauncher.java:210) [bootstraplauncher-2.0.2.jar:?] {}
	at cpw.mods.bootstraplauncher@2.0.2/cpw.mods.bootstraplauncher.BootstrapLauncher.main(BootstrapLauncher.java:69) [bootstraplauncher-2.0.2.jar:?] {}
	at java.base/jdk.internal.reflect.DirectMethodHandleAccessor.invoke(DirectMethodHandleAccessor.java:103) ~[?:?] {}
	at java.base/java.lang.reflect.Method.invoke(Method.java:580) ~[?:?] {}
	at net.neoforged.devlaunch.Main.main(Main.java:57) [DevLaunch-1.0.2.jar:?] {}
[07:59:30] [main/INFO] [mojang/YggdrasilAuthenticationService]: Environment: Environment[sessionHost=https://sessionserver.mojang.com, servicesHost=https://api.minecraftservices.com, name=PROD]
[07:59:30] [main/WARN] [minecraft/VanillaPackResourcesBuilder]: Assets URL 'union:/D:/slavic-myths/build/moddev/artifacts/neoforge-21.1.255.jar%23125!/assets/.mcassetsroot' uses unexpected schema
[07:59:30] [main/WARN] [minecraft/VanillaPackResourcesBuilder]: Assets URL 'union:/D:/slavic-myths/build/moddev/artifacts/neoforge-21.1.255.jar%23125!/data/.mcassetsroot' uses unexpected schema
[07:59:30] [main/INFO] [ne.ne.ne.ga.GameTestHooks/]: Enabled Gametest Namespaces: [slavicmyths_city]
[07:59:31] [main/INFO] [minecraft/RecipeManager]: Loaded 1673 recipes
[07:59:31] [main/INFO] [minecraft/AdvancementTree]: Loaded 1561 advancements
[07:59:31] [main/INFO] [Curios API/]: Loaded 10 curio slots
[07:59:31] [main/INFO] [Curios API/]: Loaded 1 curio entities
[07:59:33] [Server thread/INFO] [minecraft/MinecraftServer]: Preparing start region for dimension minecraft:overworld
[07:59:33] [worldgen/INFO] [minecraft/LoggerChunkProgressListener]: Preparing spawn area: 2%
[07:59:33] [Server thread/INFO] [minecraft/LoggerChunkProgressListener]: Time elapsed: 190 ms
[07:59:33] [Server thread/INFO] [minecraft/GameTestServer]: Started game test server
[07:59:33] [Server thread/INFO] [ne.ne.ne.se.pe.PermissionAPI/]: Successfully initialized permission handler neoforge:default_handler
[07:59:33] [Server thread/INFO] [minecraft/GameTestServer]: 6 tests are now running at position -3785687, -59, 5905372!
[07:59:33] [Server thread/INFO] [minecraft/GameTestRunner]: Running test batch 'defaultBatch:0' (4 tests)...
[07:59:33] [Server thread/INFO] [minecraft/GameTestServer]: [      ]
CITY_NATIVE_REJECT seed=125176 chunk=[-1003, -489] diagnostics=PlacementDiagnostics[decisions={EXTREME_TERRAIN=9}, lastMeasurements={cityHeightDelta=21}, lastReason=EXTREME_TERRAIN]
CITY_NATIVE_REJECT seed=125176 chunk=[-885, -503] diagnostics=PlacementDiagnostics[decisions={EXTREME_TERRAIN=9}, lastMeasurements={cityHeightDelta=17}, lastReason=EXTREME_TERRAIN]
CITY_NATIVE_REJECT seed=125176 chunk=[-746, -493] diagnostics=PlacementDiagnostics[decisions={EXTREME_TERRAIN=9}, lastMeasurements={cityHeightDelta=28}, lastReason=EXTREME_TERRAIN]
CITY_NATIVE_REJECT seed=125176 chunk=[-622, -500] diagnostics=PlacementDiagnostics[decisions={EXTREME_TERRAIN=3, DEEP_WATER=6}, lastMeasurements={cityWetSamples=110}, lastReason=DEEP_WATER]
CITY_NATIVE_SEED seed=125176 accepted=0 reasons={EXTREME_TERRAIN=11, DEEP_WATER=6}
CITY_NATIVE_ACCEPT seed=918273 chunk=[29, 8] pieces=131 bounds=BoundingBox{minX=416, minY=55, minZ=48, maxX=591, maxY=96, maxZ=223}
CITY_NATIVE_SEED seed=918273 accepted=1 reasons={EXTREME_TERRAIN=11, DEEP_WATER=6}
CITY_NATIVE_REJECT seed=20261007 chunk=[-1013, -501] diagnostics=PlacementDiagnostics[decisions={DEEP_WATER=9}, lastMeasurements={cityWetSamples=13}, lastReason=DEEP_WATER]
CITY_NATIVE_REJECT seed=20261007 chunk=[-873, -507] diagnostics=PlacementDiagnostics[decisions={DEEP_WATER=9}, lastMeasurements={cityWetSamples=77}, lastReason=DEEP_WATER]
CITY_NATIVE_REJECT seed=20261007 chunk=[-759, -492] diagnostics=PlacementDiagnostics[decisions={TERRAFORM_BUDGET_EXCEEDED=1, EXTREME_TERRAIN=8}, lastMeasurements={cityHeightDelta=22}, lastReason=EXTREME_TERRAIN]
CITY_NATIVE_REJECT seed=20261007 chunk=[-617, -489] diagnostics=PlacementDiagnostics[decisions={EXTREME_TERRAIN=9}, lastMeasurements={cityHeightDelta=18}, lastReason=EXTREME_TERRAIN]
CITY_NATIVE_SEED seed=20261007 accepted=0 reasons={EXTREME_TERRAIN=21, DEEP_WATER=13}
CITY_NATIVE_NOISE_PASS seeds=3 accepted=1 rejected=34 standardOverworldNoise=true noWorldEdits=true
[07:59:54] [Server thread/INFO] [minecraft/MinecraftServer]: Городище: OUT_OF_WORLD_HEIGHT slavicmyths:gorodishche/temperate/defense/wall_straight_16 BoundingBox{minX=600017, minY=318, minZ=600008, maxX=600032, maxY=327, maxZ=600011}
CITY_ABORT_PASS noEditsBeforeValidation=true
CITY_ASSETS_PLANS_PASS templates=240 rawStates=7323 plans=96 threeClimates=true deterministic=true frontage=true
[07:59:57] [Server thread/WARN] [minecraft/MinecraftServer]: Can't keep up! Is the server overloaded? Running 22793ms or 455 ticks behind
[07:59:58] [Server thread/INFO] [minecraft/MinecraftServer]: Городище: BLOCK_ENTITY_COLLISION 800015, -60, 800042
CITY_INVENTORY_ABORT_PASS chestAndSevenDiamondsRetained=true
[07:59:58] [Server thread/INFO] [minecraft/GameTestRunner]: Running test batch 'city_placement:0' (1 tests)...
[07:59:58] [Server thread/INFO] [minecraft/GameTestServer]: [++++  ]
[07:59:58] [Server thread/INFO] [minecraft/GameTestServer]: [++++  ]
[08:00:00] [Server thread/INFO] [minecraft/MinecraftServer]: Городище создано: 22/22 внутренних построек, стен 40, жилых домов 8, рабочих домов 6, жителей 19, дружинников 8, палитра temperate, план axial, начало 400000, -57, 400000, границы BoundingBox{minX=400000, minY=-58, minZ=400000, maxX=400175, maxY=-29, maxZ=400175}, кроватей 39, предупреждений нет.
CITY_SHOWCASE_PLACED climate=temperate buildings=22 beds=39 guards=6 ground=-57
[08:00:00] [Server thread/INFO] [minecraft/MinecraftServer]: Городище создано: 22/22 внутренних построек, стен 40, жилых домов 8, рабочих домов 6, жителей 19, дружинников 8, палитра cold, план axial, начало 400512, -57, 400000, границы BoundingBox{minX=400512, minY=-58, minZ=400000, maxX=400687, maxY=-25, maxZ=400175}, кроватей 39, предупреждений нет.
CITY_SHOWCASE_PLACED climate=cold buildings=22 beds=39 guards=6 ground=-57
[08:00:01] [Server thread/INFO] [minecraft/MinecraftServer]: Городище создано: 22/22 внутренних построек, стен 40, жилых домов 8, рабочих домов 6, жителей 19, дружинников 8, палитра warm, план axial, начало 401024, -57, 400000, границы BoundingBox{minX=401024, minY=-58, minZ=400000, maxX=401199, maxY=-29, maxZ=400175}, кроватей 39, предупреждений нет.
CITY_SHOWCASE_PLACED climate=warm buildings=22 beds=39 guards=6 ground=-57
[08:00:02] [Server thread/INFO] [minecraft/GameTestServer]: [++++_ ]
CITY_PATHS_PASS buildings=66 outsideToBedsAndJobs=true upperFloors=true
[08:00:02] [Server thread/INFO] [minecraft/GameTestServer]: [++++_ ]
[08:00:02] [Server thread/INFO] [minecraft/GameTestServer]: [++++_ ]
[08:00:03] [Server thread/INFO] [minecraft/GameTestServer]: [++++_ ]
[08:00:03] [Server thread/INFO] [minecraft/GameTestServer]: [++++_ ]
[08:00:04] [Server thread/INFO] [minecraft/GameTestServer]: [++++_ ]
[08:00:04] [Server thread/INFO] [minecraft/GameTestServer]: [++++_ ]
[08:00:04] [Server thread/INFO] [minecraft/GameTestServer]: [++++_ ]
[08:00:04] [Server thread/INFO] [minecraft/GameTestServer]: [++++_ ]
[08:00:04] [Server thread/INFO] [minecraft/GameTestServer]: [++++_ ]
[08:00:05] [Server thread/INFO] [minecraft/GameTestServer]: [++++_ ]
[08:00:05] [Server thread/INFO] [minecraft/GameTestServer]: [++++_ ]
[08:00:05] [Server thread/INFO] [minecraft/GameTestServer]: [++++_ ]
[08:00:05] [Server thread/INFO] [minecraft/GameTestServer]: [++++_ ]
[08:00:05] [Server thread/INFO] [minecraft/GameTestServer]: [++++_ ]
[08:00:05] [Server thread/INFO] [minecraft/GameTestServer]: [++++_ ]
[08:00:05] [Server thread/INFO] [minecraft/GameTestServer]: [++++_ ]
[08:00:05] [Server thread/INFO] [minecraft/GameTestServer]: [++++_ ]
[08:00:06] [Server thread/INFO] [minecraft/GameTestServer]: [++++_ ]
[08:00:06] [Server thread/INFO] [minecraft/GameTestServer]: [++++_ ]
[08:00:06] [Server thread/INFO] [minecraft/GameTestServer]: [++++_ ]
[08:00:06] [Server thread/INFO] [minecraft/GameTestServer]: [++++_ ]
[08:00:06] [Server thread/INFO] [minecraft/GameTestServer]: [++++_ ]
[08:00:06] [Server thread/INFO] [minecraft/GameTestServer]: [++++_ ]
[08:00:06] [Server thread/INFO] [minecraft/GameTestServer]: [++++_ ]
[08:00:07] [Server thread/INFO] [minecraft/GameTestServer]: [++++_ ]
[08:00:07] [Server thread/INFO] [minecraft/GameTestServer]: [++++_ ]
[08:00:07] [Server thread/INFO] [minecraft/GameTestServer]: [++++_ ]
[08:00:07] [Server thread/INFO] [minecraft/GameTestServer]: [++++_ ]
[08:00:07] [Server thread/INFO] [minecraft/GameTestServer]: [++++_ ]
CITY_TRADING_PASS merchants=9 actualPayment=true automaticRestock=true distinctRoles=true lazyLootIndependent=true
CITY_CLAIMS_PASS workers=57 nativeClaims=true noJobMemoryShortcut=true
[08:00:07] [Server thread/INFO] [minecraft/GameTestRunner]: Running test batch 'city_defense:0' (1 tests)...
[08:00:08] [Server thread/INFO] [minecraft/GameTestServer]: [+++++ ]
[08:00:09] [Server thread/INFO] [minecraft/MinecraftServer]: Городище создано: 22/22 внутренних построек, стен 40, жилых домов 8, рабочих домов 6, жителей 19, дружинников 8, палитра temperate, план axial, начало 700000, -57, 700000, границы BoundingBox{minX=700000, minY=-58, minZ=700000, maxX=700175, maxY=-29, maxZ=700175}, кроватей 39, предупреждений нет.
[08:00:09] [Server thread/INFO] [minecraft/GameTestServer]: [+++++_]
CITY_GATE_PATH_PASS outsideToInside=true insideToOutside=true clearPass=5x5
[08:00:09] [Server thread/INFO] [minecraft/GameTestServer]: [+++++_]
[08:00:09] [Server thread/INFO] [minecraft/GameTestServer]: [+++++_]
[08:00:09] [Server thread/INFO] [minecraft/GameTestServer]: [+++++_]
[08:00:09] [Server thread/INFO] [minecraft/GameTestServer]: [+++++_]
[08:00:09] [Server thread/INFO] [minecraft/GameTestServer]: [+++++_]
[08:00:09] [Server thread/INFO] [minecraft/GameTestServer]: [+++++_]
[08:00:09] [Server thread/INFO] [minecraft/GameTestServer]: [+++++_]
[08:00:09] [Server thread/INFO] [minecraft/GameTestServer]: [+++++_]
[08:00:10] [Server thread/INFO] [minecraft/GameTestServer]: [+++++_]
[08:00:10] [Server thread/INFO] [minecraft/GameTestServer]: [+++++_]
[08:00:10] [Server thread/INFO] [minecraft/GameTestServer]: [+++++_]
[08:00:10] [Server thread/INFO] [minecraft/GameTestServer]: [+++++_]
[08:00:10] [Server thread/INFO] [minecraft/GameTestServer]: [+++++_]
[08:00:10] [Server thread/INFO] [minecraft/GameTestServer]: [+++++_]
[08:00:10] [Server thread/INFO] [minecraft/GameTestServer]: [+++++_]
[08:00:10] [Server thread/INFO] [minecraft/GameTestServer]: [+++++_]
[08:00:10] [Server thread/INFO] [minecraft/GameTestServer]: [+++++_]
[08:00:10] [Server thread/INFO] [minecraft/GameTestServer]: [+++++_]
[08:00:10] [Server thread/INFO] [minecraft/GameTestServer]: [+++++_]
[08:00:10] [Server thread/INFO] [minecraft/GameTestServer]: [+++++_]
[08:00:10] [Server thread/INFO] [minecraft/GameTestServer]: [+++++_]
[08:00:10] [Server thread/INFO] [minecraft/GameTestServer]: [+++++_]
[08:00:10] [Server thread/INFO] [minecraft/GameTestServer]: [+++++_]
[08:00:10] [Server thread/INFO] [minecraft/GameTestServer]: [+++++_]
CITY_RAID_STARTED outsideOnly=true attackers=8
[08:00:10] [Server thread/INFO] [minecraft/GameTestServer]: [+++++_]
[08:00:10] [Server thread/INFO] [minecraft/GameTestServer]: [+++++_]
[08:00:10] [Server thread/INFO] [minecraft/GameTestServer]: [+++++_]
[08:00:10] [Server thread/INFO] [minecraft/GameTestServer]: [+++++_]
[08:00:10] [Server thread/INFO] [minecraft/GameTestServer]: [+++++_]
[08:00:10] [Server thread/INFO] [minecraft/GameTestServer]: [+++++_]
[08:00:10] [Server thread/INFO] [minecraft/GameTestServer]: [+++++_]
[08:00:10] [Server thread/INFO] [minecraft/GameTestServer]: [+++++_]
[08:00:10] [Server thread/INFO] [minecraft/GameTestServer]: [+++++_]
[08:00:10] [Server thread/INFO] [minecraft/GameTestServer]: [+++++_]
[08:00:10] [Server thread/INFO] [minecraft/GameTestServer]: [+++++_]
[08:00:11] [Server thread/INFO] [minecraft/GameTestServer]: [+++++_]
[08:00:11] [Server thread/INFO] [minecraft/GameTestServer]: [+++++_]
[08:00:11] [Server thread/INFO] [minecraft/GameTestServer]: [+++++_]
[08:00:11] [Server thread/INFO] [minecraft/GameTestServer]: [+++++_]
[08:00:11] [Server thread/INFO] [minecraft/GameTestServer]: [+++++_]
[08:00:11] [Server thread/INFO] [minecraft/GameTestServer]: [+++++_]
[08:00:11] [Server thread/INFO] [minecraft/GameTestServer]: [+++++_]
CITY_RAID_GATE_PASS crossed=8 guardEngaged=2 nativeVillage=true existingRaidSystem=true loadedLookupOnly=true manualRecordRoundtrip=true
[08:00:11] [Server thread/INFO] [minecraft/GameTestServer]: [++++++]
[08:00:11] [Server thread/INFO] [minecraft/GameTestServer]: ========= 6 GAME TESTS COMPLETE IN 37.90 s ======================
[08:00:11] [Server thread/INFO] [minecraft/GameTestServer]: All 6 required tests passed :)
[08:00:11] [Server thread/INFO] [minecraft/GameTestServer]: ====================================================
[08:00:11] [Server thread/INFO] [minecraft/MinecraftServer]: Stopping server
[08:00:11] [Server thread/INFO] [minecraft/MinecraftServer]: Saving players
[08:00:11] [Server thread/INFO] [minecraft/MinecraftServer]: Saving worlds
[08:00:11] [Server thread/INFO] [minecraft/MinecraftServer]: Saving chunks for level 'ServerLevel[Test Level]'/minecraft:overworld
[08:00:13] [Server thread/INFO] [minecraft/MinecraftServer]: Saving chunks for level 'ServerLevel[Test Level]'/minecraft:the_end
[08:00:13] [Server thread/INFO] [minecraft/MinecraftServer]: Saving chunks for level 'ServerLevel[Test Level]'/minecraft:the_nether
[08:00:13] [Server thread/INFO] [minecraft/MinecraftServer]: ThreadedAnvilChunkStorage (world): All chunks are saved
[08:00:13] [Server thread/INFO] [minecraft/MinecraftServer]: ThreadedAnvilChunkStorage (DIM1): All chunks are saved
[08:00:13] [Server thread/INFO] [minecraft/MinecraftServer]: ThreadedAnvilChunkStorage (DIM-1): All chunks are saved
[08:00:13] [Server thread/INFO] [minecraft/MinecraftServer]: ThreadedAnvilChunkStorage: All dimensions are saved
[08:00:13] [Server thread/INFO] [minecraft/GameTestServer]: Game test server shutting down

BUILD SUCCESSFUL in 2m 5s
9 actionable tasks: 3 executed, 6 up-to-date
Consider enabling configuration cache to speed up this build: https://docs.gradle.org/9.2.1/userguide/configuration_cache_enabling.html
