[06окт.2026 11:04:53.942] [main/INFO] [cpw.mods.modlauncher.Launcher/MODLAUNCHER]: ModLauncher running: args [--launchTarget, forgeserverdev, --gameDir, ., --fml.fmlVersion, 4.0.45, --fml.mcVersion, 1.21.1, --fml.neoForgeVersion, 21.1.255, --fml.neoFormVersion, 20240808.144430]
[06окт.2026 11:04:53.947] [main/INFO] [cpw.mods.modlauncher.Launcher/MODLAUNCHER]: JVM identified as Oracle Corporation Java HotSpot(TM) 64-Bit Server VM 21.0.12+7-LTS-205
[06окт.2026 11:04:53.948] [main/INFO] [cpw.mods.modlauncher.Launcher/MODLAUNCHER]: ModLauncher 11.0.5+main.901c6ea8 starting: java version 21.0.12 by Oracle Corporation; OS Windows 10 arch amd64 version 10.0
[06окт.2026 11:04:54.079] [main/INFO] [net.neoforged.fml.loading.ImmediateWindowHandler/]: ImmediateWindowProvider not loading because launch target is forgeserverdev
[06окт.2026 11:04:54.122] [main/INFO] [mixin/]: SpongePowered MIXIN Subsystem Version=0.8.7 Source=union:/C:/Users/pavel/.gradle/caches/modules-2/files-2.1/net.fabricmc/sponge-mixin/0.16.4+mixin.0.8.7/26d01f0567ab46e9ca0d2ed89d0ecc11aadbd433/sponge-mixin-0.16.4+mixin.0.8.7.jar%2394!/ Service=ModLauncher Env=SERVER
[06окт.2026 11:04:54.490] [main/INFO] [net.neoforged.fml.loading.moddiscovery.locators.JarInJarDependencyLocator/]: Found 2 dependencies adding them to mods collection
[06окт.2026 11:04:54.492] [main/INFO] [net.neoforged.fml.loading.moddiscovery.ModDiscoverer/]: 
     Mod List:
		Name Version (Mod Id)

		Curios API 9.5.1+1.21.1 (curios)
		Minecraft 1.21.1 (minecraft)
		NeoForge 21.1.255 (neoforge)
		Slavic Myths 0.9.9-dev (slavicmyths)
[06окт.2026 11:04:55.292] [main/INFO] [mixin/]: Compatibility level set to JAVA_21
[06окт.2026 11:04:55.298] [main/INFO] [cpw.mods.modlauncher.LaunchServiceHandler/MODLAUNCHER]: Launching target 'forgeserverdev' with arguments [--gameDir, .]
[06окт.2026 11:04:55.379] [main/WARN] [mixin/]: Reference map 'curios.refmap.json' for curios.neoforge.mixins.json could not be read. If this is a development environment you can ignore this message
[06окт.2026 11:04:55.380] [main/WARN] [mixin/]: Reference map 'curios.refmap.json' for curios.mixins.json could not be read. If this is a development environment you can ignore this message
[06окт.2026 11:04:56.258] [main/WARN] [oshi.driver.windows.perfmon.PerfmonDisabled/]: Invalid registry value type detected for PerfOS counters. Should be REG_DWORD. Ignoring: HKEY_LOCAL_MACHINE\SYSTEM\CurrentControlSet\Services\PerfOS\Performance\Disable Performance Counters.
[06окт.2026 11:04:56.576] [main/INFO] [MixinExtras|Service/]: Initializing MixinExtras via com.llamalad7.mixinextras.service.MixinExtrasServiceImpl(version=0.5.5).
[06окт.2026 11:05:01.799] [main/WARN] [net.minecraft.commands.Commands/]: Ambiguity between arguments [teleport, location] and [teleport, destination] with inputs: [0.1 -0.5 .9, 0 0 0]
[06окт.2026 11:05:01.801] [main/WARN] [net.minecraft.commands.Commands/]: Ambiguity between arguments [teleport, location] and [teleport, targets] with inputs: [0.1 -0.5 .9, 0 0 0]
[06окт.2026 11:05:01.804] [main/WARN] [net.minecraft.commands.Commands/]: Ambiguity between arguments [teleport, destination] and [teleport, targets] with inputs: [Player, 0123, @e, dd12be42-52a9-4a91-a8a1-11c01849e498]
[06окт.2026 11:05:01.806] [main/WARN] [net.minecraft.commands.Commands/]: Ambiguity between arguments [teleport, targets] and [teleport, destination] with inputs: [Player, 0123, dd12be42-52a9-4a91-a8a1-11c01849e498]
[06окт.2026 11:05:01.808] [main/WARN] [net.minecraft.commands.Commands/]: Ambiguity between arguments [teleport, targets, location] and [teleport, targets, destination] with inputs: [0.1 -0.5 .9, 0 0 0]
[06окт.2026 11:05:01.876] [modloading-worker-0/INFO] [net.neoforged.neoforge.common.NeoForgeMod/NEOFORGE-MOD]: NeoForge mod loading, version 21.1.255, for MC 1.21.1
[06окт.2026 11:05:03.125] [main/INFO] [com.mojang.authlib.yggdrasil.YggdrasilAuthenticationService/]: Environment: Environment[sessionHost=https://sessionserver.mojang.com, servicesHost=https://api.minecraftservices.com, name=PROD]
[06окт.2026 11:05:03.222] [main/WARN] [net.minecraft.server.packs.VanillaPackResourcesBuilder/]: Assets URL 'union:/D:/slavic-myths/build/moddev/artifacts/neoforge-21.1.255.jar%23125!/assets/.mcassetsroot' uses unexpected schema
[06окт.2026 11:05:03.223] [main/WARN] [net.minecraft.server.packs.VanillaPackResourcesBuilder/]: Assets URL 'union:/D:/slavic-myths/build/moddev/artifacts/neoforge-21.1.255.jar%23125!/data/.mcassetsroot' uses unexpected schema
[06окт.2026 11:05:03.228] [main/INFO] [net.neoforged.neoforge.gametest.GameTestHooks/]: Enabled Gametest Namespaces: [slavicmyths_water_placement]
[06окт.2026 11:05:04.385] [main/INFO] [net.minecraft.world.item.crafting.RecipeManager/]: Loaded 1564 recipes
[06окт.2026 11:05:04.583] [main/INFO] [net.minecraft.advancements.AdvancementTree/]: Loaded 1554 advancements
[06окт.2026 11:05:04.591] [main/INFO] [Curios API/]: Loaded 10 curio slots
[06окт.2026 11:05:04.594] [main/INFO] [Curios API/]: Loaded 1 curio entities
[06окт.2026 11:05:06.010] [Server thread/INFO] [net.minecraft.server.MinecraftServer/]: Preparing start region for dimension minecraft:overworld
[06окт.2026 11:05:06.025] [Server thread/INFO] [net.minecraft.server.level.progress.LoggerChunkProgressListener/]: Time elapsed: 15 ms
[06окт.2026 11:05:06.040] [Server thread/INFO] [net.minecraft.gametest.framework.GameTestServer/]: Started game test server
[06окт.2026 11:05:06.059] [Server thread/INFO] [net.neoforged.neoforge.server.permission.PermissionAPI/]: Successfully initialized permission handler neoforge:default_handler
[06окт.2026 11:05:06.123] [Server thread/INFO] [net.minecraft.gametest.framework.GameTestServer/]: 1 tests are now running at position -5332864, -59, 14015011!
[06окт.2026 11:05:06.585] [Server thread/INFO] [net.minecraft.gametest.framework.GameTestRunner/]: Running test batch 'defaultBatch:0' (1 tests)...
[06окт.2026 11:05:06.744] [Server thread/INFO] [net.minecraft.gametest.framework.GameTestServer/]: [ ]
[06окт.2026 11:05:06.856] [Server thread/INFO] [net.minecraft.gametest.framework.GameTestServer/]: [ ]
[06окт.2026 11:05:07.097] [Server thread/INFO] [net.minecraft.server.MinecraftServer/]: Подготавливается территория: kurgan / 0. Задание 54ae74d5-40c2-4919-91f7-d86080856b12
[06окт.2026 11:05:07.101] [Server thread/INFO] [net.minecraft.server.MinecraftServer/]: Проверяется другая площадка: 1 / 16
[06окт.2026 11:05:07.229] [Server thread/INFO] [net.minecraft.server.MinecraftServer/]: Проверяется другая площадка: 2 / 16
[06окт.2026 11:05:07.640] [Server thread/INFO] [net.minecraft.gametest.framework.GameTestServer/]: [_]
[06окт.2026 11:05:07.658] [Server thread/INFO] [net.minecraft.server.MinecraftServer/]: Проверяется другая площадка: 3 / 16
[06окт.2026 11:05:08.010] [Server thread/INFO] [net.minecraft.gametest.framework.GameTestServer/]: [_]
[06окт.2026 11:05:08.024] [Server thread/INFO] [net.minecraft.server.MinecraftServer/]: Проверяется другая площадка: 4 / 16
[06окт.2026 11:05:08.263] [Server thread/INFO] [net.minecraft.gametest.framework.GameTestServer/]: [_]
[06окт.2026 11:05:08.282] [Server thread/INFO] [net.minecraft.server.MinecraftServer/]: Проверяется другая площадка: 5 / 16
[06окт.2026 11:05:08.565] [Server thread/INFO] [net.minecraft.gametest.framework.GameTestServer/]: [_]
[06окт.2026 11:05:08.581] [Server thread/INFO] [net.minecraft.server.MinecraftServer/]: Проверяется другая площадка: 6 / 16
[06окт.2026 11:05:08.813] [Server thread/INFO] [net.minecraft.gametest.framework.GameTestServer/]: [_]
[06окт.2026 11:05:08.821] [Server thread/INFO] [net.minecraft.server.MinecraftServer/]: Загрузка территории: 0%, изменено блоков: 0
[06окт.2026 11:05:08.833] [Server thread/INFO] [net.minecraft.server.MinecraftServer/]: Проверяется другая площадка: 7 / 16
[06окт.2026 11:05:09.070] [Server thread/INFO] [net.minecraft.gametest.framework.GameTestServer/]: [_]
[06окт.2026 11:05:09.079] [Server thread/INFO] [net.minecraft.server.MinecraftServer/]: Проверяется другая площадка: 8 / 16
[06окт.2026 11:05:09.347] [Server thread/INFO] [net.minecraft.gametest.framework.GameTestServer/]: [_]
[06окт.2026 11:05:09.354] [Server thread/INFO] [net.minecraft.server.MinecraftServer/]: Проверяется другая площадка: 9 / 16
[06окт.2026 11:05:09.630] [Server thread/INFO] [net.minecraft.gametest.framework.GameTestServer/]: [_]
[06окт.2026 11:05:09.645] [Server thread/INFO] [net.minecraft.server.MinecraftServer/]: Проверяется другая площадка: 10 / 16
[06окт.2026 11:05:09.832] [Server thread/INFO] [net.minecraft.gametest.framework.GameTestServer/]: [_]
[06окт.2026 11:05:09.854] [Server thread/INFO] [net.minecraft.server.MinecraftServer/]: Проверяется другая площадка: 11 / 16
[06окт.2026 11:05:10.008] [Server thread/INFO] [net.minecraft.gametest.framework.GameTestServer/]: [_]
[06окт.2026 11:05:10.012] [Server thread/INFO] [net.minecraft.server.MinecraftServer/]: Загрузка территории: 0%, изменено блоков: 0
[06окт.2026 11:05:10.036] [Server thread/INFO] [net.minecraft.server.MinecraftServer/]: Проверяется другая площадка: 12 / 16
[06окт.2026 11:05:10.138] [Server thread/INFO] [net.minecraft.gametest.framework.GameTestServer/]: [_]
[06окт.2026 11:05:10.222] [Server thread/INFO] [net.minecraft.server.MinecraftServer/]: Проверяется другая площадка: 13 / 16
[06окт.2026 11:05:10.223] [Server thread/INFO] [net.minecraft.gametest.framework.GameTestServer/]: [_]
[06окт.2026 11:05:10.399] [Server thread/INFO] [net.minecraft.gametest.framework.GameTestServer/]: [_]
[06окт.2026 11:05:10.432] [Server thread/INFO] [net.minecraft.gametest.framework.GameTestServer/]: [_]
[06окт.2026 11:05:10.467] [Server thread/INFO] [net.minecraft.gametest.framework.GameTestServer/]: [_]
[06окт.2026 11:05:10.470] [Server thread/INFO] [net.minecraft.server.MinecraftServer/]: Загрузка территории: 0%, изменено блоков: 0
[06окт.2026 11:05:10.499] [Server thread/INFO] [net.minecraft.gametest.framework.GameTestServer/]: [_]
[06окт.2026 11:05:10.501] [Server thread/INFO] [net.minecraft.server.MinecraftServer/]: Проверяется другая площадка: 14 / 16
[06окт.2026 11:05:10.690] [Server thread/INFO] [net.minecraft.gametest.framework.GameTestServer/]: [_]
[06окт.2026 11:05:10.703] [Server thread/INFO] [net.minecraft.server.MinecraftServer/]: Проверяется другая площадка: 15 / 16
[06окт.2026 11:05:10.892] [Server thread/INFO] [net.minecraft.gametest.framework.GameTestServer/]: [_]
[06окт.2026 11:05:10.912] [Server thread/INFO] [net.minecraft.server.MinecraftServer/]: Проверяется другая площадка: 16 / 16
[06окт.2026 11:05:11.056] [Server thread/INFO] [net.minecraft.gametest.framework.GameTestServer/]: [_]
[06окт.2026 11:05:11.093] [Server thread/INFO] [net.minecraft.gametest.framework.GameTestServer/]: [_]
[06окт.2026 11:05:11.096] [Server thread/INFO] [net.minecraft.server.MinecraftServer/]: Загрузка территории: 0%, изменено блоков: 0
[06окт.2026 11:05:11.124] [Server thread/INFO] [net.minecraft.gametest.framework.GameTestServer/]: [_]
[06окт.2026 11:05:11.142] [Server thread/INFO] [net.minecraft.server.MinecraftServer/]: Генерация остановлена: Нет свободной сухой площадки в локальном радиусе 256 блоков.
[06окт.2026 11:05:11.546] [Server thread/INFO] [net.minecraft.server.MinecraftServer/]: Подготавливается территория: bandit_camp / 2. Задание 28b651e3-b92e-4078-8ab6-ccd2f2ee0d37
[06окт.2026 11:05:11.546] [Server thread/INFO] [net.minecraft.server.MinecraftServer/]: Проверяется другая площадка: 1 / 16
[06окт.2026 11:05:11.573] [Server thread/INFO] [net.minecraft.gametest.framework.GameTestServer/]: [_]
[06окт.2026 11:05:11.600] [Server thread/INFO] [net.minecraft.server.MinecraftServer/]: Проверяется другая площадка: 2 / 16
[06окт.2026 11:05:11.600] [Server thread/INFO] [net.minecraft.gametest.framework.GameTestServer/]: [_]
[06окт.2026 11:05:11.825] [Server thread/INFO] [net.minecraft.gametest.framework.GameTestServer/]: [_]
[06окт.2026 11:05:11.840] [Server thread/INFO] [net.minecraft.server.MinecraftServer/]: Проверяется другая площадка: 3 / 16
[06окт.2026 11:05:12.067] [Server thread/INFO] [net.minecraft.gametest.framework.GameTestServer/]: [_]
[06окт.2026 11:05:12.095] [Server thread/INFO] [net.minecraft.server.MinecraftServer/]: Проверяется другая площадка: 4 / 16
[06окт.2026 11:05:12.337] [Server thread/INFO] [net.minecraft.gametest.framework.GameTestServer/]: [_]
[06окт.2026 11:05:12.362] [Server thread/INFO] [net.minecraft.server.MinecraftServer/]: Загрузка территории: 0%, изменено блоков: 0
[06окт.2026 11:05:12.369] [Server thread/INFO] [net.minecraft.gametest.framework.GameTestServer/]: [_]
[06окт.2026 11:05:12.371] [Server thread/INFO] [net.minecraft.server.MinecraftServer/]: Проверяется другая площадка: 5 / 16
[06окт.2026 11:05:12.660] [Server thread/INFO] [net.minecraft.gametest.framework.GameTestServer/]: [_]
[06окт.2026 11:05:12.673] [Server thread/INFO] [net.minecraft.server.MinecraftServer/]: Проверяется другая площадка: 6 / 16
[06окт.2026 11:05:12.852] [Server thread/INFO] [net.minecraft.gametest.framework.GameTestServer/]: [_]
[06окт.2026 11:05:12.864] [Server thread/INFO] [net.minecraft.server.MinecraftServer/]: Проверяется другая площадка: 7 / 16
[06окт.2026 11:05:13.105] [Server thread/INFO] [net.minecraft.gametest.framework.GameTestServer/]: [_]
[06окт.2026 11:05:13.126] [Server thread/INFO] [net.minecraft.server.MinecraftServer/]: Проверяется другая площадка: 8 / 16
[06окт.2026 11:05:13.235] [Server thread/INFO] [net.minecraft.gametest.framework.GameTestServer/]: [_]
[06окт.2026 11:05:13.309] [Server thread/INFO] [net.minecraft.server.MinecraftServer/]: Загрузка территории: 0%, изменено блоков: 0
[06окт.2026 11:05:13.319] [Server thread/INFO] [net.minecraft.gametest.framework.GameTestServer/]: [_]
[06окт.2026 11:05:13.321] [Server thread/INFO] [net.minecraft.server.MinecraftServer/]: Проверяется другая площадка: 9 / 16
[06окт.2026 11:05:13.509] [Server thread/INFO] [net.minecraft.gametest.framework.GameTestServer/]: [_]
[06окт.2026 11:05:13.515] [Server thread/INFO] [net.minecraft.server.MinecraftServer/]: Проверяется другая площадка: 10 / 16
[06окт.2026 11:05:13.672] [Server thread/INFO] [net.minecraft.gametest.framework.GameTestServer/]: [_]
[06окт.2026 11:05:13.687] [Server thread/INFO] [net.minecraft.server.MinecraftServer/]: Проверяется другая площадка: 11 / 16
[06окт.2026 11:05:13.869] [Server thread/INFO] [net.minecraft.gametest.framework.GameTestServer/]: [_]
[06окт.2026 11:05:13.890] [Server thread/INFO] [net.minecraft.server.MinecraftServer/]: Проверяется другая площадка: 12 / 16
[06окт.2026 11:05:14.038] [Server thread/INFO] [net.minecraft.gametest.framework.GameTestServer/]: [_]
[06окт.2026 11:05:14.062] [Server thread/INFO] [net.minecraft.server.MinecraftServer/]: Загрузка территории: 0%, изменено блоков: 0
[06окт.2026 11:05:14.071] [Server thread/INFO] [net.minecraft.gametest.framework.GameTestServer/]: [_]
[06окт.2026 11:05:14.072] [Server thread/INFO] [net.minecraft.server.MinecraftServer/]: Проверяется другая площадка: 13 / 16
[06окт.2026 11:05:14.263] [Server thread/INFO] [net.minecraft.gametest.framework.GameTestServer/]: [_]
[06окт.2026 11:05:14.289] [Server thread/INFO] [net.minecraft.gametest.framework.GameTestServer/]: [_]
[06окт.2026 11:05:14.322] [Server thread/INFO] [net.minecraft.gametest.framework.GameTestServer/]: [_]
[06окт.2026 11:05:14.348] [Server thread/INFO] [net.minecraft.gametest.framework.GameTestServer/]: [_]
[06окт.2026 11:05:14.372] [Server thread/INFO] [net.minecraft.server.MinecraftServer/]: Загрузка территории: 0%, изменено блоков: 0
[06окт.2026 11:05:14.376] [Server thread/INFO] [net.minecraft.server.MinecraftServer/]: Проверяется другая площадка: 14 / 16
[06окт.2026 11:05:14.495] [Server thread/INFO] [net.minecraft.gametest.framework.GameTestServer/]: [_]
[06окт.2026 11:05:14.575] [Server thread/INFO] [net.minecraft.gametest.framework.GameTestServer/]: [_]
[06окт.2026 11:05:14.579] [Server thread/INFO] [net.minecraft.server.MinecraftServer/]: Проверяется другая площадка: 15 / 16
[06окт.2026 11:05:14.738] [Server thread/INFO] [net.minecraft.gametest.framework.GameTestServer/]: [_]
[06окт.2026 11:05:14.749] [Server thread/INFO] [net.minecraft.server.MinecraftServer/]: Проверяется другая площадка: 16 / 16
[06окт.2026 11:05:14.926] [Server thread/INFO] [net.minecraft.gametest.framework.GameTestServer/]: [_]
[06окт.2026 11:05:14.955] [Server thread/INFO] [net.minecraft.gametest.framework.GameTestServer/]: [_]
[06окт.2026 11:05:14.979] [Server thread/INFO] [net.minecraft.server.MinecraftServer/]: Загрузка территории: 0%, изменено блоков: 0
[06окт.2026 11:05:14.989] [Server thread/INFO] [net.minecraft.gametest.framework.GameTestServer/]: [_]
[06окт.2026 11:05:15.022] [Server thread/INFO] [net.minecraft.gametest.framework.GameTestServer/]: [_]
[06окт.2026 11:05:15.054] [Server thread/INFO] [net.minecraft.gametest.framework.GameTestServer/]: [_]
[06окт.2026 11:05:15.084] [Server thread/INFO] [net.minecraft.gametest.framework.GameTestServer/]: [_]
[06окт.2026 11:05:15.115] [Server thread/INFO] [net.minecraft.gametest.framework.GameTestServer/]: [_]
[06окт.2026 11:05:15.136] [Server thread/INFO] [net.minecraft.server.MinecraftServer/]: Загрузка территории: 0%, изменено блоков: 0
[06окт.2026 11:05:15.144] [Server thread/INFO] [net.minecraft.gametest.framework.GameTestServer/]: [_]
[06окт.2026 11:05:15.155] [Server thread/INFO] [net.minecraft.server.MinecraftServer/]: Генерация остановлена: Нет свободной сухой площадки в локальном радиусе 256 блоков.
[06окт.2026 11:05:15.825] [Server thread/INFO] [net.minecraft.server.MinecraftServer/]: Подготавливается территория: kurgan / 2. Задание 18876bed-d07f-45bb-808f-ba18ce76ceed
[06окт.2026 11:05:15.833] [Server thread/INFO] [net.minecraft.gametest.framework.GameTestServer/]: [_]
[06окт.2026 11:05:15.853] [Server thread/INFO] [net.minecraft.gametest.framework.GameTestServer/]: [_]
[06окт.2026 11:05:15.869] [Server thread/INFO] [net.minecraft.gametest.framework.GameTestServer/]: [_]
[06окт.2026 11:05:15.887] [Server thread/INFO] [net.minecraft.gametest.framework.GameTestServer/]: [_]
[06окт.2026 11:05:15.903] [Server thread/INFO] [net.minecraft.gametest.framework.GameTestServer/]: [_]
[06окт.2026 11:05:15.916] [Server thread/INFO] [net.minecraft.server.MinecraftServer/]: Загрузка территории: 12%, изменено блоков: 0
[06окт.2026 11:05:15.924] [Server thread/INFO] [net.minecraft.gametest.framework.GameTestServer/]: [_]
[06окт.2026 11:05:15.942] [Server thread/INFO] [net.minecraft.gametest.framework.GameTestServer/]: [_]
[06окт.2026 11:05:15.958] [Server thread/INFO] [net.minecraft.gametest.framework.GameTestServer/]: [_]
[06окт.2026 11:05:15.972] [Server thread/INFO] [net.minecraft.gametest.framework.GameTestServer/]: [_]
[06окт.2026 11:05:15.986] [Server thread/INFO] [net.minecraft.gametest.framework.GameTestServer/]: [_]
[06окт.2026 11:05:15.994] [Server thread/INFO] [net.minecraft.server.MinecraftServer/]: Загрузка территории: 26%, изменено блоков: 0
[06окт.2026 11:05:16.000] [Server thread/INFO] [net.minecraft.gametest.framework.GameTestServer/]: [_]
[06окт.2026 11:05:16.014] [Server thread/INFO] [net.minecraft.gametest.framework.GameTestServer/]: [_]
[06окт.2026 11:05:16.034] [Server thread/INFO] [net.minecraft.gametest.framework.GameTestServer/]: [_]
[06окт.2026 11:05:16.052] [Server thread/INFO] [net.minecraft.gametest.framework.GameTestServer/]: [_]
[06окт.2026 11:05:16.067] [Server thread/INFO] [net.minecraft.gametest.framework.GameTestServer/]: [_]
[06окт.2026 11:05:16.075] [Server thread/INFO] [net.minecraft.server.MinecraftServer/]: Загрузка территории: 40%, изменено блоков: 0
[06окт.2026 11:05:16.082] [Server thread/INFO] [net.minecraft.gametest.framework.GameTestServer/]: [_]
[06окт.2026 11:05:16.095] [Server thread/INFO] [net.minecraft.gametest.framework.GameTestServer/]: [_]
[06окт.2026 11:05:16.107] [Server thread/INFO] [net.minecraft.gametest.framework.GameTestServer/]: [_]
[06окт.2026 11:05:16.119] [Server thread/INFO] [net.minecraft.gametest.framework.GameTestServer/]: [_]
[06окт.2026 11:05:16.139] [Server thread/INFO] [net.minecraft.gametest.framework.GameTestServer/]: [_]
[06окт.2026 11:05:16.150] [Server thread/INFO] [net.minecraft.server.MinecraftServer/]: Загрузка территории: 52%, изменено блоков: 0
[06окт.2026 11:05:16.162] [Server thread/INFO] [net.minecraft.gametest.framework.GameTestServer/]: [_]
[06окт.2026 11:05:16.178] [Server thread/INFO] [net.minecraft.gametest.framework.GameTestServer/]: [_]
[06окт.2026 11:05:16.194] [Server thread/INFO] [net.minecraft.gametest.framework.GameTestServer/]: [_]
[06окт.2026 11:05:16.210] [Server thread/INFO] [net.minecraft.gametest.framework.GameTestServer/]: [_]
[06окт.2026 11:05:16.228] [Server thread/INFO] [net.minecraft.gametest.framework.GameTestServer/]: [_]
[06окт.2026 11:05:16.235] [Server thread/INFO] [net.minecraft.server.MinecraftServer/]: Загрузка территории: 67%, изменено блоков: 0
[06окт.2026 11:05:16.244] [Server thread/INFO] [net.minecraft.gametest.framework.GameTestServer/]: [_]
[06окт.2026 11:05:16.266] [Server thread/INFO] [net.minecraft.gametest.framework.GameTestServer/]: [_]
[06окт.2026 11:05:16.282] [Server thread/INFO] [net.minecraft.gametest.framework.GameTestServer/]: [_]
[06окт.2026 11:05:16.297] [Server thread/INFO] [net.minecraft.gametest.framework.GameTestServer/]: [_]
[06окт.2026 11:05:16.312] [Server thread/INFO] [net.minecraft.gametest.framework.GameTestServer/]: [_]
[06окт.2026 11:05:16.319] [Server thread/INFO] [net.minecraft.server.MinecraftServer/]: Загрузка территории: 80%, изменено блоков: 0
[06окт.2026 11:05:16.326] [Server thread/INFO] [net.minecraft.gametest.framework.GameTestServer/]: [_]
[06окт.2026 11:05:16.339] [Server thread/INFO] [net.minecraft.gametest.framework.GameTestServer/]: [_]
[06окт.2026 11:05:16.352] [Server thread/INFO] [net.minecraft.gametest.framework.GameTestServer/]: [_]
[06окт.2026 11:05:16.366] [Server thread/INFO] [net.minecraft.gametest.framework.GameTestServer/]: [_]
[06окт.2026 11:05:16.382] [Server thread/INFO] [net.minecraft.gametest.framework.GameTestServer/]: [_]
[06окт.2026 11:05:16.390] [Server thread/INFO] [net.minecraft.server.MinecraftServer/]: Загрузка территории: 93%, изменено блоков: 0
[06окт.2026 11:05:16.398] [Server thread/INFO] [net.minecraft.gametest.framework.GameTestServer/]: [_]
[06окт.2026 11:05:16.410] [Server thread/INFO] [net.minecraft.gametest.framework.GameTestServer/]: [_]
[06окт.2026 11:05:16.417] [Server thread/INFO] [net.minecraft.server.MinecraftServer/]: Проверяется другая площадка: 1 / 16
[06окт.2026 11:05:16.596] [Server thread/INFO] [net.minecraft.server.MinecraftServer/]: Проверяется другая площадка: 2 / 16
[06окт.2026 11:05:16.682] [Server thread/INFO] [net.minecraft.gametest.framework.GameTestServer/]: [_]
[06окт.2026 11:05:16.698] [Server thread/INFO] [net.minecraft.server.MinecraftServer/]: Проверяется другая площадка: 3 / 16
[06окт.2026 11:05:16.807] [Server thread/INFO] [net.minecraft.gametest.framework.GameTestServer/]: [_]
[06окт.2026 11:05:16.808] [Server thread/INFO] [net.minecraft.server.MinecraftServer/]: Проверяется другая площадка: 4 / 16
[06окт.2026 11:05:16.816] [Server thread/INFO] [net.minecraft.server.MinecraftServer/]: Проверяется другая площадка: 5 / 16
[06окт.2026 11:05:16.900] [Server thread/INFO] [net.minecraft.gametest.framework.GameTestServer/]: [_]
[06окт.2026 11:05:16.912] [Server thread/INFO] [net.minecraft.server.MinecraftServer/]: Загрузка территории: 0%, изменено блоков: 0
[06окт.2026 11:05:16.912] [Server thread/INFO] [net.minecraft.server.MinecraftServer/]: Проверяется другая площадка: 6 / 16
[06окт.2026 11:05:17.057] [Server thread/INFO] [net.minecraft.gametest.framework.GameTestServer/]: [_]
[06окт.2026 11:05:17.079] [Server thread/INFO] [net.minecraft.server.MinecraftServer/]: Проверяется другая площадка: 7 / 16
[06окт.2026 11:05:17.237] [Server thread/INFO] [net.minecraft.gametest.framework.GameTestServer/]: [_]
[06окт.2026 11:05:17.277] [Server thread/INFO] [net.minecraft.server.MinecraftServer/]: Проверяется другая площадка: 8 / 16
[06окт.2026 11:05:17.431] [Server thread/INFO] [net.minecraft.gametest.framework.GameTestServer/]: [_]
[06окт.2026 11:05:17.459] [Server thread/INFO] [net.minecraft.gametest.framework.GameTestServer/]: [_]
[06окт.2026 11:05:17.463] [Server thread/INFO] [net.minecraft.server.MinecraftServer/]: Проверяется другая площадка: 9 / 16
[06окт.2026 11:05:17.639] [Server thread/INFO] [net.minecraft.gametest.framework.GameTestServer/]: [_]
[06окт.2026 11:05:17.645] [Server thread/INFO] [net.minecraft.server.MinecraftServer/]: Проверяется другая площадка: 10 / 16
[06окт.2026 11:05:17.749] [Server thread/INFO] [net.minecraft.server.MinecraftServer/]: Загрузка территории: 0%, изменено блоков: 0
[06окт.2026 11:05:17.810] [Server thread/INFO] [net.minecraft.gametest.framework.GameTestServer/]: [_]
[06окт.2026 11:05:17.833] [Server thread/INFO] [net.minecraft.gametest.framework.GameTestServer/]: [_]
[06окт.2026 11:05:17.834] [Server thread/INFO] [net.minecraft.server.MinecraftServer/]: Проверяется другая площадка: 11 / 16
[06окт.2026 11:05:17.999] [Server thread/INFO] [net.minecraft.gametest.framework.GameTestServer/]: [_]
[06окт.2026 11:05:18.002] [Server thread/INFO] [net.minecraft.server.MinecraftServer/]: Проверяется другая площадка: 12 / 16
[06окт.2026 11:05:18.176] [Server thread/INFO] [net.minecraft.gametest.framework.GameTestServer/]: [_]
[06окт.2026 11:05:18.187] [Server thread/INFO] [net.minecraft.server.MinecraftServer/]: Проверяется другая площадка: 13 / 16
[06окт.2026 11:05:18.371] [Server thread/INFO] [net.minecraft.gametest.framework.GameTestServer/]: [_]
[06окт.2026 11:05:18.386] [Server thread/INFO] [net.minecraft.server.MinecraftServer/]: Загрузка территории: 0%, изменено блоков: 0
[06окт.2026 11:05:18.402] [Server thread/INFO] [net.minecraft.gametest.framework.GameTestServer/]: [_]
[06окт.2026 11:05:18.436] [Server thread/INFO] [net.minecraft.gametest.framework.GameTestServer/]: [_]
[06окт.2026 11:05:18.467] [Server thread/INFO] [net.minecraft.gametest.framework.GameTestServer/]: [_]
[06окт.2026 11:05:18.497] [Server thread/INFO] [net.minecraft.gametest.framework.GameTestServer/]: [_]
[06окт.2026 11:05:18.527] [Server thread/INFO] [net.minecraft.gametest.framework.GameTestServer/]: [_]
[06окт.2026 11:05:18.546] [Server thread/INFO] [net.minecraft.server.MinecraftServer/]: Загрузка территории: 0%, изменено блоков: 0
[06окт.2026 11:05:18.562] [Server thread/INFO] [net.minecraft.gametest.framework.GameTestServer/]: [_]
[06окт.2026 11:05:18.563] [Server thread/INFO] [net.minecraft.server.MinecraftServer/]: Проверяется другая площадка: 14 / 16
[06окт.2026 11:05:18.730] [Server thread/INFO] [net.minecraft.gametest.framework.GameTestServer/]: [_]
[06окт.2026 11:05:18.743] [Server thread/INFO] [net.minecraft.server.MinecraftServer/]: Проверяется другая площадка: 15 / 16
[06окт.2026 11:05:18.910] [Server thread/INFO] [net.minecraft.gametest.framework.GameTestServer/]: [_]
[06окт.2026 11:05:18.930] [Server thread/INFO] [net.minecraft.server.MinecraftServer/]: Проверяется другая площадка: 16 / 16
[06окт.2026 11:05:19.028] [Server thread/INFO] [net.minecraft.gametest.framework.GameTestServer/]: [_]
[06окт.2026 11:05:19.105] [Server thread/INFO] [net.minecraft.gametest.framework.GameTestServer/]: [_]
[06окт.2026 11:05:19.123] [Server thread/INFO] [net.minecraft.server.MinecraftServer/]: Загрузка территории: 0%, изменено блоков: 0
[06окт.2026 11:05:19.138] [Server thread/INFO] [net.minecraft.gametest.framework.GameTestServer/]: [_]
[06окт.2026 11:05:19.171] [Server thread/INFO] [net.minecraft.gametest.framework.GameTestServer/]: [_]
[06окт.2026 11:05:19.202] [Server thread/INFO] [net.minecraft.gametest.framework.GameTestServer/]: [_]
[06окт.2026 11:05:19.230] [Server thread/INFO] [net.minecraft.gametest.framework.GameTestServer/]: [_]
[06окт.2026 11:05:19.238] [Server thread/INFO] [net.minecraft.server.MinecraftServer/]: Генерация остановлена: Нет свободной сухой площадки в локальном радиусе 256 блоков.
[06окт.2026 11:05:19.367] [Server thread/INFO] [net.minecraft.gametest.framework.GameTestServer/]: [+]
[06окт.2026 11:05:19.368] [Server thread/INFO] [net.minecraft.gametest.framework.GameTestServer/]: ========= 1 GAME TESTS COMPLETE IN 13.24 s ======================
[06окт.2026 11:05:19.368] [Server thread/INFO] [net.minecraft.gametest.framework.GameTestServer/]: All 1 required tests passed :)
[06окт.2026 11:05:19.368] [Server thread/INFO] [net.minecraft.gametest.framework.GameTestServer/]: ====================================================
[06окт.2026 11:05:19.377] [Server thread/INFO] [net.minecraft.server.MinecraftServer/]: Stopping server
[06окт.2026 11:05:19.377] [Server thread/INFO] [net.minecraft.server.MinecraftServer/]: Saving players
[06окт.2026 11:05:19.377] [Server thread/INFO] [net.minecraft.server.MinecraftServer/]: Saving worlds
[06окт.2026 11:05:19.527] [Server thread/INFO] [net.minecraft.server.MinecraftServer/]: Saving chunks for level 'ServerLevel[Test Level]'/minecraft:overworld
[06окт.2026 11:05:20.501] [Server thread/INFO] [net.minecraft.server.MinecraftServer/]: Saving chunks for level 'ServerLevel[Test Level]'/minecraft:the_end
[06окт.2026 11:05:20.509] [Server thread/INFO] [net.minecraft.server.MinecraftServer/]: Saving chunks for level 'ServerLevel[Test Level]'/minecraft:the_nether
[06окт.2026 11:05:20.529] [Server thread/INFO] [net.minecraft.server.MinecraftServer/]: ThreadedAnvilChunkStorage (world): All chunks are saved
[06окт.2026 11:05:20.529] [Server thread/INFO] [net.minecraft.server.MinecraftServer/]: ThreadedAnvilChunkStorage (DIM1): All chunks are saved
[06окт.2026 11:05:20.529] [Server thread/INFO] [net.minecraft.server.MinecraftServer/]: ThreadedAnvilChunkStorage (DIM-1): All chunks are saved
[06окт.2026 11:05:20.529] [Server thread/INFO] [net.minecraft.server.MinecraftServer/]: ThreadedAnvilChunkStorage: All dimensions are saved
[06окт.2026 11:05:20.730] [Server thread/INFO] [net.minecraft.gametest.framework.GameTestServer/]: Game test server shutting down
