To honour the JVM settings for this build a single-use Daemon process will be forked. For more on this, please refer to https://docs.gradle.org/9.2.1/userguide/gradle_daemon.html#sec:disabling_the_daemon in the Gradle documentation.
Daemon will be stopped at the end of the build 
> Task :clean

> Task :createMinecraftArtifacts
Loaded 145 artifacts from D:\slavic-myths\build\tmp\createMinecraftArtifacts\nfrt_artifact_manifest.properties
*** Started working on downloadJson
 DONE  Completed downloadJson in 0.07s
*** Started working on downloadClientMappings
*** Started working on downloadServer
*** Started working on downloadClient
 DONE  Completed downloadServer in 0.08s
 DONE  Completed downloadClientMappings in 0.08s
 DONE  Completed downloadClient in 0.08s
*** Started working on mergeMappings
 REUSE Used cache of mergeMappings in 0.01s
*** Started working on stripClient
 REUSE Used cache of stripClient in 0.00s
*** Started working on extractServer
 REUSE Used cache of extractServer in 0.01s
*** Started working on stripServer
 REUSE Used cache of stripServer in 0.00s
*** Started working on merge
 REUSE Used cache of merge in 0.00s
*** Started working on rename
 REUSE Used cache of rename in 0.00s
*** Started working on decompile
 REUSE Used cache of decompile in 0.01s
*** Started working on inject
 REUSE Used cache of inject in 0.00s
*** Started working on patch
 REUSE Used cache of patch in 0.00s
*** Started working on applyNeoforgePatches
 REUSE Used cache of applyNeoforgePatches in 0.00s
*** Started working on transformSources
 REUSE Used cache of transformSources in 0.00s
*** Started working on recompile
 REUSE Used cache of recompile in 0.00s
*** Started working on sourcesWithNeoForge
 REUSE Used cache of sourcesWithNeoForge in 0.00s
*** Started working on compiledWithNeoForge
 REUSE Used cache of compiledWithNeoForge in 0.00s
*** Started working on sourcesAndCompiledWithNeoForge
 REUSE Used cache of sourcesAndCompiledWithNeoForge in 0.00s
Total runtime: 2.71s


> Task :compileJava
D:\slavic-myths\src\main\java\org\slavicmyths\client\ClientSetup.java:14: warning: [removal] bus() in EventBusSubscriber has been deprecated and marked for removal
@net.neoforged.fml.common.EventBusSubscriber(modid = SlavicMyths.MOD_ID, bus = net.neoforged.fml.common.EventBusSubscriber.Bus.MOD, value = Dist.CLIENT)
                                                                         ^
D:\slavic-myths\src\main\java\org\slavicmyths\client\ClientSetup.java:14: warning: [removal] Bus in EventBusSubscriber has been deprecated and marked for removal
@net.neoforged.fml.common.EventBusSubscriber(modid = SlavicMyths.MOD_ID, bus = net.neoforged.fml.common.EventBusSubscriber.Bus.MOD, value = Dist.CLIENT)
                                                                                                                          ^
D:\slavic-myths\src\main\java\org\slavicmyths\client\CuriosAccessories.java:19: warning: [removal] bus() in EventBusSubscriber has been deprecated and marked for removal
@EventBusSubscriber(modid="slavicmyths", bus=EventBusSubscriber.Bus.MOD, value=Dist.CLIENT)
                                         ^
D:\slavic-myths\src\main\java\org\slavicmyths\client\CuriosAccessories.java:19: warning: [removal] Bus in EventBusSubscriber has been deprecated and marked for removal
@EventBusSubscriber(modid="slavicmyths", bus=EventBusSubscriber.Bus.MOD, value=Dist.CLIENT)
                                                               ^
D:\slavic-myths\src\main\java\org\slavicmyths\furniture\FurnitureClient.java:16: warning: [removal] bus() in EventBusSubscriber has been deprecated and marked for removal
@net.neoforged.fml.common.EventBusSubscriber(modid="slavicmyths",value=Dist.CLIENT,bus=net.neoforged.fml.common.EventBusSubscriber.Bus.MOD)
                                                                                   ^
D:\slavic-myths\src\main\java\org\slavicmyths\furniture\FurnitureClient.java:16: warning: [removal] Bus in EventBusSubscriber has been deprecated and marked for removal
@net.neoforged.fml.common.EventBusSubscriber(modid="slavicmyths",value=Dist.CLIENT,bus=net.neoforged.fml.common.EventBusSubscriber.Bus.MOD)
                                                                                                                                  ^
D:\slavic-myths\src\main\java\org\slavicmyths\registry\ModEntities.java:15: warning: [removal] bus() in EventBusSubscriber has been deprecated and marked for removal
@EventBusSubscriber(modid = SlavicMyths.MOD_ID, bus = EventBusSubscriber.Bus.MOD)
                                                ^
D:\slavic-myths\src\main\java\org\slavicmyths\registry\ModEntities.java:15: warning: [removal] Bus in EventBusSubscriber has been deprecated and marked for removal
@EventBusSubscriber(modid = SlavicMyths.MOD_ID, bus = EventBusSubscriber.Bus.MOD)
                                                                        ^
D:\slavic-myths\src\main\java\org\slavicmyths\wood\WoodlandClient.java:9: warning: [removal] bus() in EventBusSubscriber has been deprecated and marked for removal
@net.neoforged.fml.common.EventBusSubscriber(modid="slavicmyths",value=Dist.CLIENT,bus=net.neoforged.fml.common.EventBusSubscriber.Bus.MOD)
                                                                                   ^
D:\slavic-myths\src\main\java\org\slavicmyths\wood\WoodlandClient.java:9: warning: [removal] Bus in EventBusSubscriber has been deprecated and marked for removal
@net.neoforged.fml.common.EventBusSubscriber(modid="slavicmyths",value=Dist.CLIENT,bus=net.neoforged.fml.common.EventBusSubscriber.Bus.MOD)
                                                                                                                                  ^
Note: Some input files use or override a deprecated API.
Note: Recompile with -Xlint:deprecation for details.
Note: D:\slavic-myths\src\main\java\org\slavicmyths\world\WildlifeSpawns.java uses unchecked or unsafe operations.
Note: Recompile with -Xlint:unchecked for details.
10 warnings

> Task :processResources
> Task :classes
> Task :jarJar NO-SOURCE
> Task :jar
> Task :assemble
> Task :compileTestJava NO-SOURCE
> Task :processTestResources NO-SOURCE
> Task :testClasses UP-TO-DATE
> Task :test NO-SOURCE
> Task :check UP-TO-DATE
> Task :build

> Task :compileKurganCheckJava
Note: Some input files use or override a deprecated API.
Note: Recompile with -Xlint:deprecation for details.

> Task :processKurganCheckResources
> Task :kurganCheckClasses

> Task :verifyNavigation
WARN StatusConsoleListener Advanced terminal features are not available in this environment
NAVIGATION_HEADLESS_PASS Statistics[samples=1000, minRadius=180, meanRadius=391.032, maxRadius=699, minFraction=0.30140274471224837, meanFraction=0.6716825690190789, maxFraction=0.949817881779704, inner25=0, middle25to50=110, outer50to85=757, edge85to95=133, outside=0]

> Task :compilePortCoreJava FROM-CACHE
> Task :processPortCoreResources NO-SOURCE
> Task :portCoreClasses UP-TO-DATE

> Task :verifyHunt
WARN StatusConsoleListener Advanced terminal features are not available in this environment
PASS: World Bosses regional coverage and negative coordinates; deterministic anchors and 35% policy; bounded side/back alignment; phase boundaries; active UUID persistence and seven-day death cooldown.
PASS: Hunt I+II four targets/legacy migration/rain/fall/push contracts; HuntRecords owner/UUID/cooldown/NBT, unloaded ACTIVE preservation, CLEARED lifecycle, bonus schedules, bounded timings and independent nested pouch NBT. Minecraft launches: 0; GUI/AI runtime not tested.

> Task :verifyKurgan
WARN StatusConsoleListener Advanced terminal features are not available in this environment
PASS: 1200 seeded plans, physical bounds/connectors, 10 module categories, loops, chunk-safe coffins, closed tomb shells, plan/instance/curse NBT, encounter lifecycle, 900 tier/disturbance rosters and six fixed combat profiles; 19481 ms. Minecraft launches: 0.

> Task :verifyPortData
WARN StatusConsoleListener Advanced terminal features are not available in this environment
PASS: exact old hut blueprint, 64 bounded seeded candidates at negative/positive coordinates, rune NBT isolation, pool SavedData roundtrip. Target 1.21.1 API; no Minecraft launch. ItemStack components, full mod boot and world placement remain unverified.

> Task :verifyPortCore

> Task :verifyPortComponents
WARN StatusConsoleListener Advanced terminal features are not available in this environment
PASS: immutable rune values, JSON/packet codec, invalid data rejection and every horn target ID

> Task :verifyPortPayloads
WARN StatusConsoleListener Advanced terminal features are not available in this environment
PASS: payload codecs, copied RPG NBT, finite controls and truncation. No mod/network/game bootstrap.

> Task :verifyPortGeometry
WARN StatusConsoleListener Advanced terminal features are not available in this environment
PASS: real ModelPart CPU vertices, fractional boxes, hierarchy/pivots, UV atlas, opacity and visibility. In-game visuals remain MANUAL.

[Incubating] Problems report is available at: file:///D:/slavic-myths/build/reports/problems/problems-report.html

BUILD SUCCESSFUL in 1m 36s
15 actionable tasks: 14 executed, 1 from cache
Consider enabling configuration cache to speed up this build: https://docs.gradle.org/9.2.1/userguide/configuration_cache_enabling.html
