[main d6833c9] feat: implement Slavic Myths 1.1.2 gardens and creative tabs
 559 files changed, 9463 insertions(+), 1535 deletions(-)
 create mode 100644 docs/verification/farming-1.1.0/REPORT.md
 create mode 100644 docs/verification/farming-1.1.0/changed-files.txt
 create mode 100644 docs/verification/farming-1.1.0/farming-assets.png
 create mode 100644 docs/verification/farming-1.1.0/polymc-installation.json
 create mode 100644 docs/verification/farming-1.1.0/static-checks.json
 create mode 100644 docs/verification/rc2-ui-visual/REPORT.md
 create mode 100644 docs/verification/rc2-ui-visual/acceptance.json
 create mode 100644 docs/verification/rc2-ui-visual/changed-files.txt
 create mode 100644 docs/verification/rc2-ui-visual/models-offline.png
 create mode 100644 docs/verification/rc2-ui-visual/polymc-installation.json
 create mode 100644 docs/verification/rc2-ui-visual/production-resources.json
 create mode 100644 docs/verification/rc2-ui-visual/static-checks.json
 create mode 100644 docs/verification/rc2-ui-visual/wood-native-assets.png
 create mode 100644 src/main/java/org/slavicmyths/client/FolkUi.java
 create mode 100644 src/main/java/org/slavicmyths/farming/CappedFortune.java
 create mode 100644 src/main/java/org/slavicmyths/farming/Farming.java
 create mode 100644 src/main/java/org/slavicmyths/farming/FarmingCrop.java
 create mode 100644 src/main/java/org/slavicmyths/farming/FertilizerItem.java
 create mode 100644 src/main/java/org/slavicmyths/farming/FieldHoeItem.java
 create mode 100644 src/main/java/org/slavicmyths/farming/GrassSeedsModifier.java
 create mode 100644 src/main/java/org/slavicmyths/farming/SickleItem.java
 create mode 100644 src/main/java/org/slavicmyths/farming/WateringCanItem.java
 create mode 100644 src/main/java/org/slavicmyths/garden/AppleLeaves.java
 create mode 100644 src/main/java/org/slavicmyths/garden/AppleLog.java
 create mode 100644 src/main/java/org/slavicmyths/garden/AppleTreeFeature.java
 create mode 100644 src/main/java/org/slavicmyths/garden/AppleTreeShape.java
 create mode 100644 src/main/java/org/slavicmyths/garden/GardenPatchFeature.java
 create mode 100644 src/main/java/org/slavicmyths/garden/Gardens.java
 create mode 100644 src/main/java/org/slavicmyths/garden/PerennialBush.java
 create mode 100644 src/main/resources/assets/slavicmyths/blockstates/apple_button.json
 create mode 100644 src/main/resources/assets/slavicmyths/blockstates/apple_door.json
 create mode 100644 src/main/resources/assets/slavicmyths/blockstates/apple_fence.json
 create mode 100644 src/main/resources/assets/slavicmyths/blockstates/apple_fence_gate.json
 create mode 100644 src/main/resources/assets/slavicmyths/blockstates/apple_hanging_sign.json
 create mode 100644 src/main/resources/assets/slavicmyths/blockstates/apple_leaves.json
 create mode 100644 src/main/resources/assets/slavicmyths/blockstates/apple_log.json
 create mode 100644 src/main/resources/assets/slavicmyths/blockstates/apple_planks.json
 create mode 100644 src/main/resources/assets/slavicmyths/blockstates/apple_pressure_plate.json
 create mode 100644 src/main/resources/assets/slavicmyths/blockstates/apple_sapling.json
 create mode 100644 src/main/resources/assets/slavicmyths/blockstates/apple_sign.json
 create mode 100644 src/main/resources/assets/slavicmyths/blockstates/apple_slab.json
 create mode 100644 src/main/resources/assets/slavicmyths/blockstates/apple_stairs.json
 create mode 100644 src/main/resources/assets/slavicmyths/blockstates/apple_trapdoor.json
 create mode 100644 src/main/resources/assets/slavicmyths/blockstates/apple_wall_hanging_sign.json
 create mode 100644 src/main/resources/assets/slavicmyths/blockstates/apple_wall_sign.json
 create mode 100644 src/main/resources/assets/slavicmyths/blockstates/apple_wood.json
 create mode 100644 src/main/resources/assets/slavicmyths/blockstates/barley_crop.json
 create mode 100644 src/main/resources/assets/slavicmyths/blockstates/blackcurrant_bush.json
 create mode 100644 src/main/resources/assets/slavicmyths/blockstates/cabbage_crop.json
 create mode 100644 src/main/resources/assets/slavicmyths/blockstates/cranberry_bush.json
 create mode 100644 src/main/resources/assets/slavicmyths/blockstates/flax_crop.json
 create mode 100644 src/main/resources/assets/slavicmyths/blockstates/lingonberry_bush.json
 create mode 100644 src/main/resources/assets/slavicmyths/blockstates/oat_crop.json
 create mode 100644 src/main/resources/assets/slavicmyths/blockstates/pea_crop.json
 create mode 100644 src/main/resources/assets/slavicmyths/blockstates/rye_crop.json
 create mode 100644 src/main/resources/assets/slavicmyths/blockstates/stripped_apple_log.json
 create mode 100644 src/main/resources/assets/slavicmyths/blockstates/stripped_apple_wood.json
 create mode 100644 src/main/resources/assets/slavicmyths/blockstates/turnip_crop.json
 create mode 100644 src/main/resources/assets/slavicmyths/models/block/apple_button.json
 create mode 100644 src/main/resources/assets/slavicmyths/models/block/apple_button_inventory.json
 create mode 100644 src/main/resources/assets/slavicmyths/models/block/apple_button_pressed.json
 create mode 100644 src/main/resources/assets/slavicmyths/models/block/apple_door_bottom_left.json
 create mode 100644 src/main/resources/assets/slavicmyths/models/block/apple_door_bottom_left_open.json
 create mode 100644 src/main/resources/assets/slavicmyths/models/block/apple_door_bottom_right.json
 create mode 100644 src/main/resources/assets/slavicmyths/models/block/apple_door_bottom_right_open.json
 create mode 100644 src/main/resources/assets/slavicmyths/models/block/apple_door_top_left.json
 create mode 100644 src/main/resources/assets/slavicmyths/models/block/apple_door_top_left_open.json
 create mode 100644 src/main/resources/assets/slavicmyths/models/block/apple_door_top_right.json
 create mode 100644 src/main/resources/assets/slavicmyths/models/block/apple_door_top_right_open.json
 create mode 100644 src/main/resources/assets/slavicmyths/models/block/apple_fence_gate.json
 create mode 100644 src/main/resources/assets/slavicmyths/models/block/apple_fence_gate_open.json
 create mode 100644 src/main/resources/assets/slavicmyths/models/block/apple_fence_gate_wall.json
 create mode 100644 src/main/resources/assets/slavicmyths/models/block/apple_fence_gate_wall_open.json
 create mode 100644 src/main/resources/assets/slavicmyths/models/block/apple_fence_inventory.json
 create mode 100644 src/main/resources/assets/slavicmyths/models/block/apple_fence_post.json
 create mode 100644 src/main/resources/assets/slavicmyths/models/block/apple_fence_side.json
 create mode 100644 src/main/resources/assets/slavicmyths/models/block/apple_hanging_sign.json
 create mode 100644 src/main/resources/assets/slavicmyths/models/block/apple_leaves.json
 create mode 100644 src/main/resources/assets/slavicmyths/models/block/apple_leaves_stage1.json
 create mode 100644 src/main/resources/assets/slavicmyths/models/block/apple_leaves_stage2.json
 create mode 100644 src/main/resources/assets/slavicmyths/models/block/apple_leaves_stage3.json
 create mode 100644 src/main/resources/assets/slavicmyths/models/block/apple_log.json
 create mode 100644 src/main/resources/assets/slavicmyths/models/block/apple_log_horizontal.json
 create mode 100644 src/main/resources/assets/slavicmyths/models/block/apple_planks.json
 create mode 100644 src/main/resources/assets/slavicmyths/models/block/apple_pressure_plate.json
 create mode 100644 src/main/resources/assets/slavicmyths/models/block/apple_pressure_plate_down.json
 create mode 100644 src/main/resources/assets/slavicmyths/models/block/apple_sapling.json
 create mode 100644 src/main/resources/assets/slavicmyths/models/block/apple_sign.json
 create mode 100644 src/main/resources/assets/slavicmyths/models/block/apple_slab.json
 create mode 100644 src/main/resources/assets/slavicmyths/models/block/apple_slab_top.json
 create mode 100644 src/main/resources/assets/slavicmyths/models/block/apple_stairs.json
 create mode 100644 src/main/resources/assets/slavicmyths/models/block/apple_stairs_inner.json
 create mode 100644 src/main/resources/assets/slavicmyths/models/block/apple_stairs_outer.json
 create mode 100644 src/main/resources/assets/slavicmyths/models/block/apple_trapdoor_bottom.json
 create mode 100644 src/main/resources/assets/slavicmyths/models/block/apple_trapdoor_open.json
 create mode 100644 src/main/resources/assets/slavicmyths/models/block/apple_trapdoor_top.json
 create mode 100644 src/main/resources/assets/slavicmyths/models/block/apple_wall_hanging_sign.json
 create mode 100644 src/main/resources/assets/slavicmyths/models/block/apple_wall_sign.json
 create mode 100644 src/main/resources/assets/slavicmyths/models/block/apple_wood.json
 create mode 100644 src/main/resources/assets/slavicmyths/models/block/barley_crop_stage0.json
 create mode 100644 src/main/resources/assets/slavicmyths/models/block/barley_crop_stage1.json
 create mode 100644 src/main/resources/assets/slavicmyths/models/block/barley_crop_stage2.json
 create mode 100644 src/main/resources/assets/slavicmyths/models/block/barley_crop_stage3.json
 create mode 100644 src/main/resources/assets/slavicmyths/models/block/barley_crop_stage4.json
 create mode 100644 src/main/resources/assets/slavicmyths/models/block/barley_crop_stage5.json
 create mode 100644 src/main/resources/assets/slavicmyths/models/block/barley_crop_stage6.json
 create mode 100644 src/main/resources/assets/slavicmyths/models/block/blackcurrant_bush_lower_0.json
 create mode 100644 src/main/resources/assets/slavicmyths/models/block/blackcurrant_bush_lower_1.json
 create mode 100644 src/main/resources/assets/slavicmyths/models/block/blackcurrant_bush_lower_2.json
 create mode 100644 src/main/resources/assets/slavicmyths/models/block/blackcurrant_bush_lower_3.json
 create mode 100644 src/main/resources/assets/slavicmyths/models/block/blackcurrant_bush_lower_4.json
 create mode 100644 src/main/resources/assets/slavicmyths/models/block/blueberry_bush_lower_0.json
 create mode 100644 src/main/resources/assets/slavicmyths/models/block/blueberry_bush_lower_1.json
 create mode 100644 src/main/resources/assets/slavicmyths/models/block/blueberry_bush_lower_2.json
 create mode 100644 src/main/resources/assets/slavicmyths/models/block/blueberry_bush_lower_3.json
 create mode 100644 src/main/resources/assets/slavicmyths/models/block/blueberry_bush_lower_4.json
 create mode 100644 src/main/resources/assets/slavicmyths/models/block/cabbage_crop_stage0.json
 create mode 100644 src/main/resources/assets/slavicmyths/models/block/cabbage_crop_stage1.json
 create mode 100644 src/main/resources/assets/slavicmyths/models/block/cabbage_crop_stage2.json
 create mode 100644 src/main/resources/assets/slavicmyths/models/block/cabbage_crop_stage3.json
 create mode 100644 src/main/resources/assets/slavicmyths/models/block/cabbage_crop_stage4.json
 create mode 100644 src/main/resources/assets/slavicmyths/models/block/cabbage_crop_stage5.json
 create mode 100644 src/main/resources/assets/slavicmyths/models/block/cabbage_crop_stage6.json
 create mode 100644 src/main/resources/assets/slavicmyths/models/block/cranberry_bush_lower_0.json
 create mode 100644 src/main/resources/assets/slavicmyths/models/block/cranberry_bush_lower_1.json
 create mode 100644 src/main/resources/assets/slavicmyths/models/block/cranberry_bush_lower_2.json
 create mode 100644 src/main/resources/assets/slavicmyths/models/block/cranberry_bush_lower_3.json
 create mode 100644 src/main/resources/assets/slavicmyths/models/block/cranberry_bush_lower_4.json
 create mode 100644 src/main/resources/assets/slavicmyths/models/block/flax_crop_stage0.json
 create mode 100644 src/main/resources/assets/slavicmyths/models/block/flax_crop_stage1.json
 create mode 100644 src/main/resources/assets/slavicmyths/models/block/flax_crop_stage2.json
 create mode 100644 src/main/resources/assets/slavicmyths/models/block/flax_crop_stage3.json
 create mode 100644 src/main/resources/assets/slavicmyths/models/block/flax_crop_stage4.json
 create mode 100644 src/main/resources/assets/slavicmyths/models/block/flax_crop_stage5.json
 create mode 100644 src/main/resources/assets/slavicmyths/models/block/flax_crop_stage6.json
 create mode 100644 src/main/resources/assets/slavicmyths/models/block/lingonberry_bush_lower_0.json
 create mode 100644 src/main/resources/assets/slavicmyths/models/block/lingonberry_bush_lower_1.json
 create mode 100644 src/main/resources/assets/slavicmyths/models/block/lingonberry_bush_lower_2.json
 create mode 100644 src/main/resources/assets/slavicmyths/models/block/lingonberry_bush_lower_3.json
 create mode 100644 src/main/resources/assets/slavicmyths/models/block/lingonberry_bush_lower_4.json
 create mode 100644 src/main/resources/assets/slavicmyths/models/block/oat_crop_stage0.json
 create mode 100644 src/main/resources/assets/slavicmyths/models/block/oat_crop_stage1.json
 create mode 100644 src/main/resources/assets/slavicmyths/models/block/oat_crop_stage2.json
 create mode 100644 src/main/resources/assets/slavicmyths/models/block/oat_crop_stage3.json
 create mode 100644 src/main/resources/assets/slavicmyths/models/block/oat_crop_stage4.json
 create mode 100644 src/main/resources/assets/slavicmyths/models/block/oat_crop_stage5.json
 create mode 100644 src/main/resources/assets/slavicmyths/models/block/oat_crop_stage6.json
 create mode 100644 src/main/resources/assets/slavicmyths/models/block/pea_crop_stage0.json
 create mode 100644 src/main/resources/assets/slavicmyths/models/block/pea_crop_stage1.json
 create mode 100644 src/main/resources/assets/slavicmyths/models/block/pea_crop_stage2.json
 create mode 100644 src/main/resources/assets/slavicmyths/models/block/pea_crop_stage3.json
 create mode 100644 src/main/resources/assets/slavicmyths/models/block/pea_crop_stage4.json
 create mode 100644 src/main/resources/assets/slavicmyths/models/block/pea_crop_stage5.json
 create mode 100644 src/main/resources/assets/slavicmyths/models/block/pea_crop_stage6.json
 create mode 100644 src/main/resources/assets/slavicmyths/models/block/raspberry_bush_lower_0.json
 create mode 100644 src/main/resources/assets/slavicmyths/models/block/raspberry_bush_lower_1.json
 create mode 100644 src/main/resources/assets/slavicmyths/models/block/raspberry_bush_lower_2.json
 create mode 100644 src/main/resources/assets/slavicmyths/models/block/raspberry_bush_lower_3.json
 create mode 100644 src/main/resources/assets/slavicmyths/models/block/raspberry_bush_lower_4.json
 create mode 100644 src/main/resources/assets/slavicmyths/models/block/raspberry_bush_upper_0.json
 create mode 100644 src/main/resources/assets/slavicmyths/models/block/raspberry_bush_upper_1.json
 create mode 100644 src/main/resources/assets/slavicmyths/models/block/raspberry_bush_upper_2.json
 create mode 100644 src/main/resources/assets/slavicmyths/models/block/raspberry_bush_upper_3.json
 create mode 100644 src/main/resources/assets/slavicmyths/models/block/raspberry_bush_upper_4.json
 create mode 100644 src/main/resources/assets/slavicmyths/models/block/rye_crop_stage0.json
 create mode 100644 src/main/resources/assets/slavicmyths/models/block/rye_crop_stage1.json
 create mode 100644 src/main/resources/assets/slavicmyths/models/block/rye_crop_stage2.json
 create mode 100644 src/main/resources/assets/slavicmyths/models/block/rye_crop_stage3.json
 create mode 100644 src/main/resources/assets/slavicmyths/models/block/rye_crop_stage4.json
 create mode 100644 src/main/resources/assets/slavicmyths/models/block/rye_crop_stage5.json
 create mode 100644 src/main/resources/assets/slavicmyths/models/block/rye_crop_stage6.json
 create mode 100644 src/main/resources/assets/slavicmyths/models/block/stripped_apple_log.json
 create mode 100644 src/main/resources/assets/slavicmyths/models/block/stripped_apple_log_horizontal.json
 create mode 100644 src/main/resources/assets/slavicmyths/models/block/stripped_apple_wood.json
 create mode 100644 src/main/resources/assets/slavicmyths/models/block/turnip_crop_stage0.json
 create mode 100644 src/main/resources/assets/slavicmyths/models/block/turnip_crop_stage1.json
 create mode 100644 src/main/resources/assets/slavicmyths/models/block/turnip_crop_stage2.json
 create mode 100644 src/main/resources/assets/slavicmyths/models/block/turnip_crop_stage3.json
 create mode 100644 src/main/resources/assets/slavicmyths/models/block/turnip_crop_stage4.json
 create mode 100644 src/main/resources/assets/slavicmyths/models/block/turnip_crop_stage5.json
 create mode 100644 src/main/resources/assets/slavicmyths/models/block/turnip_crop_stage6.json
 create mode 100644 src/main/resources/assets/slavicmyths/models/item/apple_button.json
 create mode 100644 src/main/resources/assets/slavicmyths/models/item/apple_door.json
 create mode 100644 src/main/resources/assets/slavicmyths/models/item/apple_fence.json
 create mode 100644 src/main/resources/assets/slavicmyths/models/item/apple_fence_gate.json
 create mode 100644 src/main/resources/assets/slavicmyths/models/item/apple_hanging_sign.json
 create mode 100644 src/main/resources/assets/slavicmyths/models/item/apple_leaves.json
 create mode 100644 src/main/resources/assets/slavicmyths/models/item/apple_log.json
 create mode 100644 src/main/resources/assets/slavicmyths/models/item/apple_planks.json
 create mode 100644 src/main/resources/assets/slavicmyths/models/item/apple_pressure_plate.json
 create mode 100644 src/main/resources/assets/slavicmyths/models/item/apple_sapling.json
 create mode 100644 src/main/resources/assets/slavicmyths/models/item/apple_sign.json
 create mode 100644 src/main/resources/assets/slavicmyths/models/item/apple_slab.json
 create mode 100644 src/main/resources/assets/slavicmyths/models/item/apple_stairs.json
 create mode 100644 src/main/resources/assets/slavicmyths/models/item/apple_trapdoor.json
 create mode 100644 src/main/resources/assets/slavicmyths/models/item/apple_wood.json
 create mode 100644 src/main/resources/assets/slavicmyths/models/item/barley_grain.json
 create mode 100644 src/main/resources/assets/slavicmyths/models/item/barley_seeds.json
 create mode 100644 src/main/resources/assets/slavicmyths/models/item/blackcurrant.json
 create mode 100644 src/main/resources/assets/slavicmyths/models/item/blackcurrant_sapling.json
 create mode 100644 src/main/resources/assets/slavicmyths/models/item/blueberry_sapling.json
 create mode 100644 src/main/resources/assets/slavicmyths/models/item/cabbage.json
 create mode 100644 src/main/resources/assets/slavicmyths/models/item/cabbage_seeds.json
 create mode 100644 src/main/resources/assets/slavicmyths/models/item/cranberry.json
 create mode 100644 src/main/resources/assets/slavicmyths/models/item/cranberry_sapling.json
 create mode 100644 src/main/resources/assets/slavicmyths/models/item/field_hoe.json
 create mode 100644 src/main/resources/assets/slavicmyths/models/item/flax_seeds.json
 create mode 100644 src/main/resources/assets/slavicmyths/models/item/flax_stalk.json
 create mode 100644 src/main/resources/assets/slavicmyths/models/item/lingonberry.json
 create mode 100644 src/main/resources/assets/slavicmyths/models/item/lingonberry_sapling.json
 create mode 100644 src/main/resources/assets/slavicmyths/models/item/oat_grain.json
 create mode 100644 src/main/resources/assets/slavicmyths/models/item/oat_seeds.json
 create mode 100644 src/main/resources/assets/slavicmyths/models/item/organic_fertilizer.json
 create mode 100644 src/main/resources/assets/slavicmyths/models/item/pea_pod.json
 create mode 100644 src/main/resources/assets/slavicmyths/models/item/pea_seeds.json
 create mode 100644 src/main/resources/assets/slavicmyths/models/item/raspberry_sapling.json
 create mode 100644 src/main/resources/assets/slavicmyths/models/item/rye_grain.json
 create mode 100644 src/main/resources/assets/slavicmyths/models/item/rye_seeds.json
 create mode 100644 src/main/resources/assets/slavicmyths/models/item/sickle.json
 create mode 100644 src/main/resources/assets/slavicmyths/models/item/stripped_apple_log.json
 create mode 100644 src/main/resources/assets/slavicmyths/models/item/stripped_apple_wood.json
 create mode 100644 src/main/resources/assets/slavicmyths/models/item/turnip.json
 create mode 100644 src/main/resources/assets/slavicmyths/models/item/turnip_seeds.json
 create mode 100644 src/main/resources/assets/slavicmyths/models/item/watering_can.json
 create mode 100644 src/main/resources/assets/slavicmyths/textures/block/apple_door_bottom.png
 create mode 100644 src/main/resources/assets/slavicmyths/textures/block/apple_door_top.png
 create mode 100644 src/main/resources/assets/slavicmyths/textures/block/apple_leaves.png
 create mode 100644 src/main/resources/assets/slavicmyths/textures/block/apple_leaves_stage1.png
 create mode 100644 src/main/resources/assets/slavicmyths/textures/block/apple_leaves_stage2.png
 create mode 100644 src/main/resources/assets/slavicmyths/textures/block/apple_leaves_stage3.png
 create mode 100644 src/main/resources/assets/slavicmyths/textures/block/apple_log.png
 create mode 100644 src/main/resources/assets/slavicmyths/textures/block/apple_log_top.png
 create mode 100644 src/main/resources/assets/slavicmyths/textures/block/apple_planks.png
 create mode 100644 src/main/resources/assets/slavicmyths/textures/block/apple_sapling.png
 create mode 100644 src/main/resources/assets/slavicmyths/textures/block/apple_trapdoor.png
 create mode 100644 src/main/resources/assets/slavicmyths/textures/block/barley_crop_stage0.png
 create mode 100644 src/main/resources/assets/slavicmyths/textures/block/barley_crop_stage1.png
 create mode 100644 src/main/resources/assets/slavicmyths/textures/block/barley_crop_stage2.png
 create mode 100644 src/main/resources/assets/slavicmyths/textures/block/barley_crop_stage3.png
 create mode 100644 src/main/resources/assets/slavicmyths/textures/block/barley_crop_stage4.png
 create mode 100644 src/main/resources/assets/slavicmyths/textures/block/barley_crop_stage5.png
 create mode 100644 src/main/resources/assets/slavicmyths/textures/block/barley_crop_stage6.png
 create mode 100644 src/main/resources/assets/slavicmyths/textures/block/blackcurrant_bush_lower_0.png
 create mode 100644 src/main/resources/assets/slavicmyths/textures/block/blackcurrant_bush_lower_1.png
 create mode 100644 src/main/resources/assets/slavicmyths/textures/block/blackcurrant_bush_lower_2.png
 create mode 100644 src/main/resources/assets/slavicmyths/textures/block/blackcurrant_bush_lower_3.png
 create mode 100644 src/main/resources/assets/slavicmyths/textures/block/blackcurrant_bush_lower_4.png
 create mode 100644 src/main/resources/assets/slavicmyths/textures/block/blueberry_bush_lower_0.png
 create mode 100644 src/main/resources/assets/slavicmyths/textures/block/blueberry_bush_lower_1.png
 create mode 100644 src/main/resources/assets/slavicmyths/textures/block/blueberry_bush_lower_2.png
 create mode 100644 src/main/resources/assets/slavicmyths/textures/block/blueberry_bush_lower_3.png
 create mode 100644 src/main/resources/assets/slavicmyths/textures/block/blueberry_bush_lower_4.png
 create mode 100644 src/main/resources/assets/slavicmyths/textures/block/cabbage_crop_stage0.png
 create mode 100644 src/main/resources/assets/slavicmyths/textures/block/cabbage_crop_stage1.png
 create mode 100644 src/main/resources/assets/slavicmyths/textures/block/cabbage_crop_stage2.png
 create mode 100644 src/main/resources/assets/slavicmyths/textures/block/cabbage_crop_stage3.png
 create mode 100644 src/main/resources/assets/slavicmyths/textures/block/cabbage_crop_stage4.png
 create mode 100644 src/main/resources/assets/slavicmyths/textures/block/cabbage_crop_stage5.png
 create mode 100644 src/main/resources/assets/slavicmyths/textures/block/cabbage_crop_stage6.png
 create mode 100644 src/main/resources/assets/slavicmyths/textures/block/cranberry_bush_lower_0.png
 create mode 100644 src/main/resources/assets/slavicmyths/textures/block/cranberry_bush_lower_1.png
 create mode 100644 src/main/resources/assets/slavicmyths/textures/block/cranberry_bush_lower_2.png
 create mode 100644 src/main/resources/assets/slavicmyths/textures/block/cranberry_bush_lower_3.png
 create mode 100644 src/main/resources/assets/slavicmyths/textures/block/cranberry_bush_lower_4.png
 create mode 100644 src/main/resources/assets/slavicmyths/textures/block/flax_crop_stage0.png
 create mode 100644 src/main/resources/assets/slavicmyths/textures/block/flax_crop_stage1.png
 create mode 100644 src/main/resources/assets/slavicmyths/textures/block/flax_crop_stage2.png
 create mode 100644 src/main/resources/assets/slavicmyths/textures/block/flax_crop_stage3.png
 create mode 100644 src/main/resources/assets/slavicmyths/textures/block/flax_crop_stage4.png
 create mode 100644 src/main/resources/assets/slavicmyths/textures/block/flax_crop_stage5.png
 create mode 100644 src/main/resources/assets/slavicmyths/textures/block/flax_crop_stage6.png
 create mode 100644 src/main/resources/assets/slavicmyths/textures/block/lingonberry_bush_lower_0.png
 create mode 100644 src/main/resources/assets/slavicmyths/textures/block/lingonberry_bush_lower_1.png
 create mode 100644 src/main/resources/assets/slavicmyths/textures/block/lingonberry_bush_lower_2.png
 create mode 100644 src/main/resources/assets/slavicmyths/textures/block/lingonberry_bush_lower_3.png
 create mode 100644 src/main/resources/assets/slavicmyths/textures/block/lingonberry_bush_lower_4.png
 create mode 100644 src/main/resources/assets/slavicmyths/textures/block/oat_crop_stage0.png
 create mode 100644 src/main/resources/assets/slavicmyths/textures/block/oat_crop_stage1.png
 create mode 100644 src/main/resources/assets/slavicmyths/textures/block/oat_crop_stage2.png
 create mode 100644 src/main/resources/assets/slavicmyths/textures/block/oat_crop_stage3.png
 create mode 100644 src/main/resources/assets/slavicmyths/textures/block/oat_crop_stage4.png
 create mode 100644 src/main/resources/assets/slavicmyths/textures/block/oat_crop_stage5.png
 create mode 100644 src/main/resources/assets/slavicmyths/textures/block/oat_crop_stage6.png
 create mode 100644 src/main/resources/assets/slavicmyths/textures/block/pea_crop_stage0.png
 create mode 100644 src/main/resources/assets/slavicmyths/textures/block/pea_crop_stage1.png
 create mode 100644 src/main/resources/assets/slavicmyths/textures/block/pea_crop_stage2.png
 create mode 100644 src/main/resources/assets/slavicmyths/textures/block/pea_crop_stage3.png
 create mode 100644 src/main/resources/assets/slavicmyths/textures/block/pea_crop_stage4.png
 create mode 100644 src/main/resources/assets/slavicmyths/textures/block/pea_crop_stage5.png
 create mode 100644 src/main/resources/assets/slavicmyths/textures/block/pea_crop_stage6.png
 create mode 100644 src/main/resources/assets/slavicmyths/textures/block/raspberry_bush_lower_0.png
 create mode 100644 src/main/resources/assets/slavicmyths/textures/block/raspberry_bush_lower_1.png
 create mode 100644 src/main/resources/assets/slavicmyths/textures/block/raspberry_bush_lower_2.png
 create mode 100644 src/main/resources/assets/slavicmyths/textures/block/raspberry_bush_lower_3.png
 create mode 100644 src/main/resources/assets/slavicmyths/textures/block/raspberry_bush_lower_4.png
 create mode 100644 src/main/resources/assets/slavicmyths/textures/block/raspberry_bush_upper_0.png
 create mode 100644 src/main/resources/assets/slavicmyths/textures/block/raspberry_bush_upper_1.png
 create mode 100644 src/main/resources/assets/slavicmyths/textures/block/raspberry_bush_upper_2.png
 create mode 100644 src/main/resources/assets/slavicmyths/textures/block/raspberry_bush_upper_3.png
 create mode 100644 src/main/resources/assets/slavicmyths/textures/block/raspberry_bush_upper_4.png
 create mode 100644 src/main/resources/assets/slavicmyths/textures/block/rye_crop_stage0.png
 create mode 100644 src/main/resources/assets/slavicmyths/textures/block/rye_crop_stage1.png
 create mode 100644 src/main/resources/assets/slavicmyths/textures/block/rye_crop_stage2.png
 create mode 100644 src/main/resources/assets/slavicmyths/textures/block/rye_crop_stage3.png
 create mode 100644 src/main/resources/assets/slavicmyths/textures/block/rye_crop_stage4.png
 create mode 100644 src/main/resources/assets/slavicmyths/textures/block/rye_crop_stage5.png
 create mode 100644 src/main/resources/assets/slavicmyths/textures/block/rye_crop_stage6.png
 create mode 100644 src/main/resources/assets/slavicmyths/textures/block/stripped_apple_log.png
 create mode 100644 src/main/resources/assets/slavicmyths/textures/block/stripped_apple_log_top.png
 create mode 100644 src/main/resources/assets/slavicmyths/textures/block/turnip_crop_stage0.png
 create mode 100644 src/main/resources/assets/slavicmyths/textures/block/turnip_crop_stage1.png
 create mode 100644 src/main/resources/assets/slavicmyths/textures/block/turnip_crop_stage2.png
 create mode 100644 src/main/resources/assets/slavicmyths/textures/block/turnip_crop_stage3.png
 create mode 100644 src/main/resources/assets/slavicmyths/textures/block/turnip_crop_stage4.png
 create mode 100644 src/main/resources/assets/slavicmyths/textures/block/turnip_crop_stage5.png
 create mode 100644 src/main/resources/assets/slavicmyths/textures/block/turnip_crop_stage6.png
 create mode 100644 src/main/resources/assets/slavicmyths/textures/entity/signs/hanging/slavicmyths/apple.png
 create mode 100644 src/main/resources/assets/slavicmyths/textures/entity/signs/slavicmyths/apple.png
 create mode 100644 src/main/resources/assets/slavicmyths/textures/item/apple_door.png
 create mode 100644 src/main/resources/assets/slavicmyths/textures/item/apple_hanging_sign.png
 create mode 100644 src/main/resources/assets/slavicmyths/textures/item/apple_sign.png
 create mode 100644 src/main/resources/assets/slavicmyths/textures/item/barley_grain.png
 create mode 100644 src/main/resources/assets/slavicmyths/textures/item/barley_seeds.png
 create mode 100644 src/main/resources/assets/slavicmyths/textures/item/blackcurrant.png
 create mode 100644 src/main/resources/assets/slavicmyths/textures/item/blackcurrant_sapling.png
 create mode 100644 src/main/resources/assets/slavicmyths/textures/item/blueberry_sapling.png
 create mode 100644 src/main/resources/assets/slavicmyths/textures/item/cabbage.png
 create mode 100644 src/main/resources/assets/slavicmyths/textures/item/cabbage_seeds.png
 create mode 100644 src/main/resources/assets/slavicmyths/textures/item/cranberry.png
 create mode 100644 src/main/resources/assets/slavicmyths/textures/item/cranberry_sapling.png
 create mode 100644 src/main/resources/assets/slavicmyths/textures/item/field_hoe.png
 create mode 100644 src/main/resources/assets/slavicmyths/textures/item/flax_seeds.png
 create mode 100644 src/main/resources/assets/slavicmyths/textures/item/flax_stalk.png
 create mode 100644 src/main/resources/assets/slavicmyths/textures/item/lingonberry.png
 create mode 100644 src/main/resources/assets/slavicmyths/textures/item/lingonberry_sapling.png
 create mode 100644 src/main/resources/assets/slavicmyths/textures/item/oat_grain.png
 create mode 100644 src/main/resources/assets/slavicmyths/textures/item/oat_seeds.png
 create mode 100644 src/main/resources/assets/slavicmyths/textures/item/organic_fertilizer.png
 create mode 100644 src/main/resources/assets/slavicmyths/textures/item/pea_pod.png
 create mode 100644 src/main/resources/assets/slavicmyths/textures/item/pea_seeds.png
 create mode 100644 src/main/resources/assets/slavicmyths/textures/item/raspberry_sapling.png
 create mode 100644 src/main/resources/assets/slavicmyths/textures/item/rye_grain.png
 create mode 100644 src/main/resources/assets/slavicmyths/textures/item/rye_seeds.png
 create mode 100644 src/main/resources/assets/slavicmyths/textures/item/sickle.png
 create mode 100644 src/main/resources/assets/slavicmyths/textures/item/turnip.png
 create mode 100644 src/main/resources/assets/slavicmyths/textures/item/turnip_seeds.png
 create mode 100644 src/main/resources/assets/slavicmyths/textures/item/watering_can.png
 create mode 100644 src/main/resources/data/minecraft/tags/block/all_signs.json
 create mode 100644 src/main/resources/data/minecraft/tags/block/ceiling_hanging_signs.json
 create mode 100644 src/main/resources/data/minecraft/tags/block/wall_hanging_signs.json
 create mode 100644 src/main/resources/data/minecraft/tags/item/enchantable/mining.json
 create mode 100644 src/main/resources/data/minecraft/tags/item/enchantable/mining_loot.json
 create mode 100644 src/main/resources/data/minecraft/tags/item/fence_gates.json
 create mode 100644 src/main/resources/data/minecraft/tags/item/hanging_signs.json
 create mode 100644 src/main/resources/data/slavicmyths/advancement/garden_harvest.json
 create mode 100644 src/main/resources/data/slavicmyths/advancement/new_seeds.json
 create mode 100644 src/main/resources/data/slavicmyths/loot_modifiers/short_grass_farming_seeds.json
 create mode 100644 src/main/resources/data/slavicmyths/loot_modifiers/tall_grass_farming_seeds.json
 create mode 100644 src/main/resources/data/slavicmyths/loot_table/blocks/apple_button.json
 create mode 100644 src/main/resources/data/slavicmyths/loot_table/blocks/apple_door.json
 create mode 100644 src/main/resources/data/slavicmyths/loot_table/blocks/apple_fence.json
 create mode 100644 src/main/resources/data/slavicmyths/loot_table/blocks/apple_fence_gate.json
 create mode 100644 src/main/resources/data/slavicmyths/loot_table/blocks/apple_hanging_sign.json
 create mode 100644 src/main/resources/data/slavicmyths/loot_table/blocks/apple_leaves.json
 create mode 100644 src/main/resources/data/slavicmyths/loot_table/blocks/apple_log.json
 create mode 100644 src/main/resources/data/slavicmyths/loot_table/blocks/apple_planks.json
 create mode 100644 src/main/resources/data/slavicmyths/loot_table/blocks/apple_pressure_plate.json
 create mode 100644 src/main/resources/data/slavicmyths/loot_table/blocks/apple_sapling.json
 create mode 100644 src/main/resources/data/slavicmyths/loot_table/blocks/apple_sign.json
 create mode 100644 src/main/resources/data/slavicmyths/loot_table/blocks/apple_slab.json
 create mode 100644 src/main/resources/data/slavicmyths/loot_table/blocks/apple_stairs.json
 create mode 100644 src/main/resources/data/slavicmyths/loot_table/blocks/apple_trapdoor.json
 create mode 100644 src/main/resources/data/slavicmyths/loot_table/blocks/apple_wall_hanging_sign.json
 create mode 100644 src/main/resources/data/slavicmyths/loot_table/blocks/apple_wall_sign.json
 create mode 100644 src/main/resources/data/slavicmyths/loot_table/blocks/apple_wood.json
 create mode 100644 src/main/resources/data/slavicmyths/loot_table/blocks/barley_crop.json
 create mode 100644 src/main/resources/data/slavicmyths/loot_table/blocks/blackcurrant_bush.json
 create mode 100644 src/main/resources/data/slavicmyths/loot_table/blocks/cabbage_crop.json
 create mode 100644 src/main/resources/data/slavicmyths/loot_table/blocks/cranberry_bush.json
 create mode 100644 src/main/resources/data/slavicmyths/loot_table/blocks/flax_crop.json
 create mode 100644 src/main/resources/data/slavicmyths/loot_table/blocks/lingonberry_bush.json
 create mode 100644 src/main/resources/data/slavicmyths/loot_table/blocks/oat_crop.json
 create mode 100644 src/main/resources/data/slavicmyths/loot_table/blocks/pea_crop.json
 create mode 100644 src/main/resources/data/slavicmyths/loot_table/blocks/rye_crop.json
 create mode 100644 src/main/resources/data/slavicmyths/loot_table/blocks/stripped_apple_log.json
 create mode 100644 src/main/resources/data/slavicmyths/loot_table/blocks/stripped_apple_wood.json
 create mode 100644 src/main/resources/data/slavicmyths/loot_table/blocks/turnip_crop.json
 create mode 100644 src/main/resources/data/slavicmyths/neoforge/biome_modifier/apple_tree.json
 create mode 100644 src/main/resources/data/slavicmyths/neoforge/biome_modifier/blackcurrant_garden_patch.json
 create mode 100644 src/main/resources/data/slavicmyths/neoforge/biome_modifier/blueberry_garden_patch.json
 create mode 100644 src/main/resources/data/slavicmyths/neoforge/biome_modifier/cranberry_garden_patch.json
 create mode 100644 src/main/resources/data/slavicmyths/neoforge/biome_modifier/lingonberry_garden_patch.json
 create mode 100644 src/main/resources/data/slavicmyths/neoforge/biome_modifier/raspberry_garden_patch.json
 create mode 100644 src/main/resources/data/slavicmyths/recipe/apple_button.json
 create mode 100644 src/main/resources/data/slavicmyths/recipe/apple_door.json
 create mode 100644 src/main/resources/data/slavicmyths/recipe/apple_fence.json
 create mode 100644 src/main/resources/data/slavicmyths/recipe/apple_fence_gate.json
 create mode 100644 src/main/resources/data/slavicmyths/recipe/apple_hanging_sign.json
 create mode 100644 src/main/resources/data/slavicmyths/recipe/apple_planks.json
 create mode 100644 src/main/resources/data/slavicmyths/recipe/apple_pressure_plate.json
 create mode 100644 src/main/resources/data/slavicmyths/recipe/apple_sign.json
 create mode 100644 src/main/resources/data/slavicmyths/recipe/apple_slab.json
 create mode 100644 src/main/resources/data/slavicmyths/recipe/apple_stairs.json
 create mode 100644 src/main/resources/data/slavicmyths/recipe/apple_trapdoor.json
 create mode 100644 src/main/resources/data/slavicmyths/recipe/apple_wood.json
 create mode 100644 src/main/resources/data/slavicmyths/recipe/field_hoe.json
 create mode 100644 src/main/resources/data/slavicmyths/recipe/organic_fertilizer.json
 create mode 100644 src/main/resources/data/slavicmyths/recipe/sickle.json
 create mode 100644 src/main/resources/data/slavicmyths/recipe/stripped_apple_wood.json
 create mode 100644 src/main/resources/data/slavicmyths/recipe/watering_can.json
 create mode 100644 src/main/resources/data/slavicmyths/tags/block/apple_logs.json
 create mode 100644 src/main/resources/data/slavicmyths/tags/block/berry_bushes.json
 create mode 100644 src/main/resources/data/slavicmyths/tags/block/berry_soil.json
 create mode 100644 src/main/resources/data/slavicmyths/tags/block/sickle_harvestable.json
 create mode 100644 src/main/resources/data/slavicmyths/tags/item/agricultural_seeds.json
 create mode 100644 src/main/resources/data/slavicmyths/tags/item/apple_logs.json
 create mode 100644 src/main/resources/data/slavicmyths/tags/item/berries.json
 create mode 100644 src/main/resources/data/slavicmyths/tags/item/berry_saplings.json
 create mode 100644 src/main/resources/data/slavicmyths/tags/item/cereal_grains.json
 create mode 100644 src/main/resources/data/slavicmyths/tags/item/farm_products.json
 create mode 100644 src/main/resources/data/slavicmyths/tags/item/raw_vegetables.json
 create mode 100644 src/main/resources/data/slavicmyths/worldgen/configured_feature/apple_sapling.json
 create mode 100644 src/main/resources/data/slavicmyths/worldgen/configured_feature/apple_tree.json
 create mode 100644 src/main/resources/data/slavicmyths/worldgen/configured_feature/blackcurrant_garden_patch.json
 create mode 100644 src/main/resources/data/slavicmyths/worldgen/configured_feature/blueberry_garden_patch.json
 create mode 100644 src/main/resources/data/slavicmyths/worldgen/configured_feature/cranberry_garden_patch.json
 create mode 100644 src/main/resources/data/slavicmyths/worldgen/configured_feature/lingonberry_garden_patch.json
 create mode 100644 src/main/resources/data/slavicmyths/worldgen/configured_feature/raspberry_garden_patch.json
 create mode 100644 src/main/resources/data/slavicmyths/worldgen/placed_feature/apple_tree.json
 create mode 100644 src/main/resources/data/slavicmyths/worldgen/placed_feature/blackcurrant_garden_patch.json
 create mode 100644 src/main/resources/data/slavicmyths/worldgen/placed_feature/blueberry_garden_patch.json
 create mode 100644 src/main/resources/data/slavicmyths/worldgen/placed_feature/cranberry_garden_patch.json
 create mode 100644 src/main/resources/data/slavicmyths/worldgen/placed_feature/lingonberry_garden_patch.json
 create mode 100644 src/main/resources/data/slavicmyths/worldgen/placed_feature/raspberry_garden_patch.json
 create mode 100644 tools/farming_finish_docs.py
 create mode 100644 tools/farming_integration.py
 create mode 100644 tools/farming_resources.py
 create mode 100644 tools/gardens_resources.py
 create mode 100644 tools/preview_rc2_models.py
 create mode 100644 tools/rc2_visual_resources.py
 create mode 100644 tools/verify_farming.py
 create mode 100644 tools/verify_gardens.py
 create mode 100644 tools/verify_rc2_visual.py
