To honour the JVM settings for this build a single-use Daemon process will be forked. For more on this, please refer to https://docs.gradle.org/9.2.1/userguide/gradle_daemon.html#sec:disabling_the_daemon in the Gradle documentation.
Daemon will be stopped at the end of the build 
> Task :createMinecraftArtifacts UP-TO-DATE
> Task :compileJava UP-TO-DATE
> Task :processResources UP-TO-DATE
> Task :classes UP-TO-DATE

> Task :compileKurganCheckJava FAILED
D:\slavic-myths\tools\kurgan-tests\org\slavicmyths\verify\KurganHotfixGameTests.java:43: error: FakePlayerNetHandler has private access in FakePlayer
        player.connection=new net.neoforged.neoforge.common.util.FakePlayer.FakePlayerNetHandler(world.getServer(),player);player.setGameMode(GameType.SURVIVAL);return player;
                                                                           ^
1 error

[Incubating] Problems report is available at: file:///D:/slavic-myths/build/reports/problems/problems-report.html

FAILURE: Build failed with an exception.

* What went wrong:
Execution failed for task ':compileKurganCheckJava'.
> Compilation failed; see the compiler output below.
  D:\slavic-myths\tools\kurgan-tests\org\slavicmyths\verify\KurganHotfixGameTests.java:43: error: FakePlayerNetHandler has private access in FakePlayer
          player.connection=new net.neoforged.neoforge.common.util.FakePlayer.FakePlayerNetHandler(world.getServer(),player);player.setGameMode(GameType.SURVIVAL);return player;
                                                                             ^
  1 error

* Try:
> Check your code and dependencies to fix the compilation error(s)
> Run with --scan to generate a Build Scan (powered by Develocity).

BUILD FAILED in 10s
4 actionable tasks: 1 executed, 3 up-to-date
