To honour the JVM settings for this build a single-use Daemon process will be forked. For more on this, please refer to https://docs.gradle.org/9.2.1/userguide/gradle_daemon.html#sec:disabling_the_daemon in the Gradle documentation.
Daemon will be stopped at the end of the build 
> Task :createMinecraftArtifacts UP-TO-DATE
> Task :compileJava UP-TO-DATE
> Task :processResources
> Task :classes

> Task :compileKurganCheckJava
Note: D:\slavic-myths\tools\kurgan-tests\org\slavicmyths\kurgan\KurganEarthworkGameTests.java uses or overrides a deprecated API.
Note: Recompile with -Xlint:deprecation for details.

> Task :processKurganCheckResources
> Task :kurganCheckClasses

> Task :downloadAssets
Loaded 145 artifacts from D:\slavic-myths\build\tmp\downloadAssets\nfrt_artifact_manifest.properties
Downloading asset index 17
Using Minecraft asset root: C:\Users\pavel\.gradle\caches\neoformruntime\assets
  DL    https://piston-meta.mojang.com/v1/packages/9b16298b1dc0697878cec88bb2d96168f5239e4f/17.json

> Task :writeRuntimeChecksLegacyClasspath
> Task :prepareRuntimeChecksRun

> Task :runRuntimeChecks
WARN StatusConsoleListener Advanced terminal features are not available in this environment
[11:46:01] [main/INFO] [cp.mo.mo.Launcher/MODLAUNCHER]: ModLauncher running: args [--launchTarget, forgeserverdev, --gameDir, ., --fml.fmlVersion, 4.0.45, --fml.mcVersion, 1.21.1, --fml.neoForgeVersion, 21.1.255, --fml.neoFormVersion, 20240808.144430]
[11:46:01] [main/INFO] [cp.mo.mo.Launcher/MODLAUNCHER]: JVM identified as Oracle Corporation Java HotSpot(TM) 64-Bit Server VM 21.0.12+7-LTS-205
[11:46:01] [main/INFO] [cp.mo.mo.Launcher/MODLAUNCHER]: ModLauncher 11.0.5+main.901c6ea8 starting: java version 21.0.12 by Oracle Corporation; OS Windows 10 arch amd64 version 10.0
[11:46:01] [main/INFO] [ne.ne.fm.lo.ImmediateWindowHandler/]: ImmediateWindowProvider not loading because launch target is forgeserverdev
[11:46:01] [main/INFO] [mixin/]: SpongePowered MIXIN Subsystem Version=0.8.7 Source=union:/C:/Users/pavel/.gradle/caches/modules-2/files-2.1/net.fabricmc/sponge-mixin/0.16.4+mixin.0.8.7/26d01f0567ab46e9ca0d2ed89d0ecc11aadbd433/sponge-mixin-0.16.4+mixin.0.8.7.jar%2394!/ Service=ModLauncher Env=SERVER
[11:46:02] [main/INFO] [ne.ne.fm.lo.mo.lo.JarInJarDependencyLocator/]: Found 2 dependencies adding them to mods collection
[11:46:02] [main/INFO] [ne.ne.fm.lo.mo.ModDiscoverer/]: 
     Mod List:
		Name Version (Mod Id)

		Curios API 9.5.1+1.21.1 (curios)
		Just Enough Items 19.51.0.418 (jei)
		Minecraft 1.21.1 (minecraft)
		NeoForge 21.1.255 (neoforge)
		Slavic Myths 0.9.7 (slavicmyths)
[11:46:03] [main/INFO] [mixin/]: Compatibility level set to JAVA_21
[11:46:03] [main/INFO] [cp.mo.mo.LaunchServiceHandler/MODLAUNCHER]: Launching target 'forgeserverdev' with arguments [--gameDir, .]
[11:46:04] [main/WARN] [mixin/]: Reference map 'curios.refmap.json' for curios.neoforge.mixins.json could not be read. If this is a development environment you can ignore this message
[11:46:04] [main/WARN] [mixin/]: Reference map 'curios.refmap.json' for curios.mixins.json could not be read. If this is a development environment you can ignore this message
[11:46:05] [main/WARN] [os.dr.wi.pe.PerfmonDisabled/]: Invalid registry value type detected for PerfOS counters. Should be REG_DWORD. Ignoring: HKEY_LOCAL_MACHINE\SYSTEM\CurrentControlSet\Services\PerfOS\Performance\Disable Performance Counters.
[11:46:06] [main/INFO] [MixinExtras|Service/]: Initializing MixinExtras via com.llamalad7.mixinextras.service.MixinExtrasServiceImpl(version=0.5.5).
[11:46:14] [main/WARN] [minecraft/Commands]: Ambiguity between arguments [teleport, location] and [teleport, destination] with inputs: [0.1 -0.5 .9, 0 0 0]
[11:46:14] [main/WARN] [minecraft/Commands]: Ambiguity between arguments [teleport, location] and [teleport, targets] with inputs: [0.1 -0.5 .9, 0 0 0]
[11:46:14] [main/WARN] [minecraft/Commands]: Ambiguity between arguments [teleport, destination] and [teleport, targets] with inputs: [Player, 0123, @e, dd12be42-52a9-4a91-a8a1-11c01849e498]
[11:46:14] [main/WARN] [minecraft/Commands]: Ambiguity between arguments [teleport, targets] and [teleport, destination] with inputs: [Player, 0123, dd12be42-52a9-4a91-a8a1-11c01849e498]
[11:46:14] [main/WARN] [minecraft/Commands]: Ambiguity between arguments [teleport, targets, location] and [teleport, targets, destination] with inputs: [0.1 -0.5 .9, 0 0 0]
[11:46:14] [modloading-worker-0/INFO] [ne.ne.ne.co.NeoForgeMod/NEOFORGE-MOD]: NeoForge mod loading, version 21.1.255, for MC 1.21.1
[11:46:16] [main/ERROR] [minecraft/Settings]: Failed to load properties from file: server.properties
java.nio.file.NoSuchFileException: server.properties
	at java.base/sun.nio.fs.WindowsException.translateToIOException(WindowsException.java:85) ~[?:?] {}
	at java.base/sun.nio.fs.WindowsException.rethrowAsIOException(WindowsException.java:103) ~[?:?] {}
	at java.base/sun.nio.fs.WindowsException.rethrowAsIOException(WindowsException.java:108) ~[?:?] {}
	at java.base/sun.nio.fs.WindowsFileSystemProvider.newByteChannel(WindowsFileSystemProvider.java:234) ~[?:?] {}
	at java.base/java.nio.file.Files.newByteChannel(Files.java:379) ~[?:?] {}
	at java.base/java.nio.file.Files.newByteChannel(Files.java:431) ~[?:?] {}
	at java.base/java.nio.file.spi.FileSystemProvider.newInputStream(FileSystemProvider.java:420) ~[?:?] {}
	at java.base/java.nio.file.Files.newInputStream(Files.java:159) ~[?:?] {}
	at TRANSFORMER/minecraft@1.21.1/net.minecraft.server.dedicated.Settings.loadFromFile(Settings.java:38) ~[neoforge-21.1.255.jar%23125!/:?] {re:classloading}
	at TRANSFORMER/minecraft@1.21.1/net.minecraft.server.dedicated.DedicatedServerProperties.fromFile(DedicatedServerProperties.java:132) ~[neoforge-21.1.255.jar%23125!/:?] {re:classloading}
	at TRANSFORMER/minecraft@1.21.1/net.minecraft.server.dedicated.DedicatedServerSettings.<init>(DedicatedServerSettings.java:12) ~[neoforge-21.1.255.jar%23125!/:?] {re:classloading}
	at TRANSFORMER/minecraft@1.21.1/net.minecraft.server.Main.main(Main.java:125) ~[neoforge-21.1.255.jar%23125!/:?] {re:classloading}
	at java.base/jdk.internal.reflect.DirectMethodHandleAccessor.invoke(DirectMethodHandleAccessor.java:103) ~[?:?] {}
	at java.base/java.lang.reflect.Method.invoke(Method.java:580) ~[?:?] {}
	at MC-BOOTSTRAP/fml_loader@4.0.45/net.neoforged.fml.loading.targets.CommonLaunchHandler.runTarget(CommonLaunchHandler.java:136) ~[loader-4.0.45.jar%23102!/:4.0] {}
	at MC-BOOTSTRAP/fml_loader@4.0.45/net.neoforged.fml.loading.targets.CommonLaunchHandler.serverService(CommonLaunchHandler.java:128) ~[loader-4.0.45.jar%23102!/:4.0] {}
	at MC-BOOTSTRAP/fml_loader@4.0.45/net.neoforged.fml.loading.targets.NeoForgeServerDevLaunchHandler.runService(NeoForgeServerDevLaunchHandler.java:23) ~[loader-4.0.45.jar%23102!/:4.0] {}
	at MC-BOOTSTRAP/fml_loader@4.0.45/net.neoforged.fml.loading.targets.CommonLaunchHandler.lambda$launchService$4(CommonLaunchHandler.java:118) ~[loader-4.0.45.jar%23102!/:4.0] {}
	at MC-BOOTSTRAP/cpw.mods.modlauncher@11.0.5/cpw.mods.modlauncher.LaunchServiceHandlerDecorator.launch(LaunchServiceHandlerDecorator.java:30) [modlauncher-11.0.5.jar%2382!/:?] {}
	at MC-BOOTSTRAP/cpw.mods.modlauncher@11.0.5/cpw.mods.modlauncher.LaunchServiceHandler.launch(LaunchServiceHandler.java:53) [modlauncher-11.0.5.jar%2382!/:?] {}
	at MC-BOOTSTRAP/cpw.mods.modlauncher@11.0.5/cpw.mods.modlauncher.LaunchServiceHandler.launch(LaunchServiceHandler.java:71) [modlauncher-11.0.5.jar%2382!/:?] {}
	at MC-BOOTSTRAP/cpw.mods.modlauncher@11.0.5/cpw.mods.modlauncher.Launcher.run(Launcher.java:103) [modlauncher-11.0.5.jar%2382!/:?] {}
	at MC-BOOTSTRAP/cpw.mods.modlauncher@11.0.5/cpw.mods.modlauncher.Launcher.main(Launcher.java:74) [modlauncher-11.0.5.jar%2382!/:?] {}
	at MC-BOOTSTRAP/cpw.mods.modlauncher@11.0.5/cpw.mods.modlauncher.BootstrapLaunchConsumer.accept(BootstrapLaunchConsumer.java:26) [modlauncher-11.0.5.jar%2382!/:?] {}
	at MC-BOOTSTRAP/cpw.mods.modlauncher@11.0.5/cpw.mods.modlauncher.BootstrapLaunchConsumer.accept(BootstrapLaunchConsumer.java:23) [modlauncher-11.0.5.jar%2382!/:?] {}
	at cpw.mods.bootstraplauncher@2.0.2/cpw.mods.bootstraplauncher.BootstrapLauncher.run(BootstrapLauncher.java:210) [bootstraplauncher-2.0.2.jar:?] {}
	at cpw.mods.bootstraplauncher@2.0.2/cpw.mods.bootstraplauncher.BootstrapLauncher.main(BootstrapLauncher.java:69) [bootstraplauncher-2.0.2.jar:?] {}
	at java.base/jdk.internal.reflect.DirectMethodHandleAccessor.invoke(DirectMethodHandleAccessor.java:103) ~[?:?] {}
	at java.base/java.lang.reflect.Method.invoke(Method.java:580) ~[?:?] {}
	at net.neoforged.devlaunch.Main.main(Main.java:57) [DevLaunch-1.0.2.jar:?] {}
[11:46:16] [main/INFO] [mojang/YggdrasilAuthenticationService]: Environment: Environment[sessionHost=https://sessionserver.mojang.com, servicesHost=https://api.minecraftservices.com, name=PROD]
[11:46:16] [main/WARN] [minecraft/VanillaPackResourcesBuilder]: Assets URL 'union:/D:/slavic-myths/build/moddev/artifacts/neoforge-21.1.255.jar%23125!/assets/.mcassetsroot' uses unexpected schema
[11:46:16] [main/WARN] [minecraft/VanillaPackResourcesBuilder]: Assets URL 'union:/D:/slavic-myths/build/moddev/artifacts/neoforge-21.1.255.jar%23125!/data/.mcassetsroot' uses unexpected schema
[11:46:16] [main/INFO] [ne.ne.ne.ga.GameTestHooks/]: Enabled Gametest Namespaces: [slavicmyths_hotfix]
[11:46:18] [main/INFO] [minecraft/RecipeManager]: Loaded 1564 recipes
[11:46:18] [main/INFO] [minecraft/AdvancementTree]: Loaded 1554 advancements
[11:46:18] [main/INFO] [Curios API/]: Loaded 10 curio slots
[11:46:18] [main/INFO] [Curios API/]: Loaded 1 curio entities
[11:46:20] [Server thread/INFO] [minecraft/MinecraftServer]: Preparing start region for dimension minecraft:overworld
[11:46:20] [worldgen/INFO] [minecraft/LoggerChunkProgressListener]: Preparing spawn area: 2%
[11:46:20] [Server thread/INFO] [minecraft/LoggerChunkProgressListener]: Time elapsed: 229 ms
[11:46:20] [Server thread/INFO] [minecraft/GameTestServer]: Started game test server
[11:46:20] [Server thread/INFO] [ne.ne.ne.se.pe.PermissionAPI/]: Successfully initialized permission handler neoforge:default_handler
[11:46:20] [Server thread/INFO] [minecraft/GameTestServer]: 3 tests are now running at position -9973799, -59, -10572613!
[11:46:20] [Server thread/INFO] [minecraft/GameTestRunner]: Running test batch 'defaultBatch:0' (3 tests)...
[11:46:20] [Server thread/INFO] [minecraft/GameTestServer]: [   ]
[11:46:20] [Server thread/INFO] [minecraft/GameTestServer]: [   ]
HOTFIX_QUOTAS_PASS plans=300 surfaceMaterials=9 adjacentEqual=0.8104543654551403
[11:46:22] [Server thread/INFO] [minecraft/MinecraftServer]: Подготавливается территория: kurgan / 0. Задание 0c0bb1e1-9393-41b0-afb1-338aadd6c748
[11:46:22] [Server thread/ERROR] [minecraft/LogTestReporter]: cuttimelineandrules failed at -9973779, -60, -10572613! Early expiration 65
[11:46:22] [Server thread/INFO] [minecraft/GameTestServer]: [+_X]
[11:46:22] [Server thread/INFO] [minecraft/GameTestServer]: [+_X]
[11:46:22] [Server thread/INFO] [minecraft/GameTestServer]: [+_X]
[11:46:22] [Server thread/INFO] [minecraft/GameTestServer]: [+_X]
[11:46:22] [Server thread/INFO] [minecraft/GameTestServer]: [+_X]
[11:46:22] [Server thread/INFO] [minecraft/MinecraftServer]: Загрузка территории: 46%, изменено блоков: 0
[11:46:22] [Server thread/INFO] [minecraft/GameTestServer]: [+_X]
[11:46:23] [Server thread/INFO] [minecraft/GameTestServer]: [+_X]
[11:46:23] [Server thread/INFO] [minecraft/GameTestServer]: [+_X]
[11:46:23] [Server thread/INFO] [minecraft/GameTestServer]: [+_X]
[11:46:23] [Server thread/INFO] [minecraft/GameTestServer]: [+_X]
[11:46:23] [Server thread/INFO] [minecraft/MinecraftServer]: Загрузка территории: 7%, изменено блоков: 0
[11:46:23] [Server thread/INFO] [minecraft/GameTestServer]: [+_X]
[11:46:23] [Server thread/INFO] [minecraft/GameTestServer]: [+_X]
[11:46:23] [Server thread/INFO] [minecraft/GameTestServer]: [+_X]
[11:46:23] [Server thread/INFO] [minecraft/GameTestServer]: [+_X]
[11:46:23] [Server thread/INFO] [minecraft/GameTestServer]: [+_X]
[11:46:23] [Server thread/INFO] [minecraft/MinecraftServer]: Загрузка территории: 65%, изменено блоков: 0
[11:46:23] [Server thread/INFO] [minecraft/GameTestServer]: [+_X]
[11:46:23] [Server thread/INFO] [minecraft/GameTestServer]: [+_X]
[11:46:23] [Server thread/INFO] [minecraft/GameTestServer]: [+_X]
[11:46:23] [Server thread/INFO] [minecraft/GameTestServer]: [+_X]
[11:46:24] [Server thread/INFO] [minecraft/GameTestServer]: [+_X]
[11:46:24] [Server thread/INFO] [minecraft/MinecraftServer]: Загрузка территории: 92%, изменено блоков: 0
[11:46:24] [Server thread/INFO] [minecraft/GameTestServer]: [+_X]
[11:46:24] [Server thread/INFO] [minecraft/MinecraftServer]: Чанки загружены. Подготовка окончательного положения на Y=-49
[11:46:24] [Server thread/INFO] [minecraft/GameTestServer]: [+_X]
[11:46:24] [Server thread/INFO] [minecraft/GameTestServer]: [+_X]
[11:46:24] [Server thread/INFO] [minecraft/GameTestServer]: [+_X]
[11:46:24] [Server thread/INFO] [minecraft/GameTestServer]: [+_X]
[11:46:24] [Server thread/INFO] [minecraft/MinecraftServer]: Планирование грунта: 66%, изменено блоков: 0
[11:46:24] [Server thread/INFO] [minecraft/GameTestServer]: [+_X]
[11:46:24] [Server thread/INFO] [minecraft/GameTestServer]: [+_X]
[11:46:24] [Server thread/INFO] [minecraft/GameTestServer]: [+_X]
[11:46:24] [Server thread/INFO] [minecraft/GameTestServer]: [+_X]
[11:46:25] [Server thread/INFO] [minecraft/GameTestServer]: [+_X]
[11:46:25] [Server thread/INFO] [minecraft/MinecraftServer]: Подготовка грунта: 20%, изменено блоков: 9914
[11:46:25] [Server thread/INFO] [minecraft/GameTestServer]: [+_X]
[11:46:25] [Server thread/INFO] [minecraft/GameTestServer]: [+_X]
[11:46:25] [Server thread/INFO] [minecraft/GameTestServer]: [+_X]
[11:46:25] [Server thread/INFO] [minecraft/GameTestServer]: [+_X]
[11:46:25] [Server thread/INFO] [minecraft/GameTestServer]: [+_X]
[11:46:25] [Server thread/INFO] [minecraft/MinecraftServer]: Подготовка грунта: 52%, изменено блоков: 62210
[11:46:25] [Server thread/INFO] [minecraft/GameTestServer]: [+_X]
[11:46:25] [Server thread/INFO] [minecraft/GameTestServer]: [+_X]
[11:46:25] [Server thread/INFO] [minecraft/GameTestServer]: [+_X]
[11:46:25] [Server thread/INFO] [minecraft/MinecraftServer]: Территория подготовлена. Размещается структура...
[11:46:26] [Server thread/INFO] [minecraft/GameTestServer]: [+_X]
[11:46:26] [Server thread/INFO] [minecraft/GameTestServer]: [+_X]
[11:46:26] [Server thread/INFO] [minecraft/MinecraftServer]: Размещение структуры: 15%, изменено блоков: 116203
[11:46:26] [Server thread/INFO] [minecraft/GameTestServer]: [+_X]
[11:46:26] [Server thread/INFO] [minecraft/GameTestServer]: [+_X]
[11:46:26] [Server thread/INFO] [minecraft/GameTestServer]: [+_X]
[11:46:26] [Server thread/INFO] [minecraft/GameTestServer]: [+_X]
[11:46:26] [Server thread/INFO] [minecraft/GameTestServer]: [+_X]
[11:46:26] [Server thread/INFO] [minecraft/MinecraftServer]: Размещение структуры: 54%, изменено блоков: 116203
[11:46:26] [Server thread/INFO] [minecraft/GameTestServer]: [+_X]
[11:46:26] [Server thread/INFO] [minecraft/GameTestServer]: [+_X]
[11:46:27] [Server thread/INFO] [minecraft/GameTestServer]: [+_X]
[11:46:27] [Server thread/INFO] [minecraft/GameTestServer]: [+_X]
[11:46:27] [Server thread/INFO] [minecraft/GameTestServer]: [+_X]
[11:46:27] [Server thread/INFO] [minecraft/MinecraftServer]: Размещение структуры: 94%, изменено блоков: 116203
[11:46:27] [Server thread/INFO] [minecraft/GameTestServer]: [+_X]
[11:46:27] [Server thread/INFO] [minecraft/MinecraftServer]: Структура создана: 32000, -48, 31874
[11:46:27] [Server thread/ERROR] [minecraft/LogTestReporter]: commandsandencounters failed at -9973789, -60, -10572613! Invalid mob placement
[11:46:28] [Server thread/INFO] [minecraft/GameTestServer]: [+XX]
[11:46:28] [Server thread/INFO] [minecraft/GameTestServer]: ========= 3 GAME TESTS COMPLETE IN 7.644 s ======================
[11:46:28] [Server thread/INFO] [minecraft/GameTestServer]: 2 required tests failed :(
[11:46:28] [Server thread/INFO] [minecraft/GameTestServer]:    - commandsandencounters
[11:46:28] [Server thread/INFO] [minecraft/GameTestServer]:    - cuttimelineandrules
[11:46:28] [Server thread/INFO] [minecraft/GameTestServer]: ====================================================
[11:46:28] [Server thread/INFO] [minecraft/MinecraftServer]: Stopping server
[11:46:28] [Server thread/INFO] [minecraft/MinecraftServer]: Saving players
[11:46:28] [Server thread/INFO] [minecraft/MinecraftServer]: Saving worlds
[11:46:28] [Server thread/INFO] [minecraft/MinecraftServer]: Saving chunks for level 'ServerLevel[Test Level]'/minecraft:overworld
[11:46:30] [Server thread/INFO] [minecraft/MinecraftServer]: Saving chunks for level 'ServerLevel[Test Level]'/minecraft:the_end
[11:46:30] [Server thread/INFO] [minecraft/MinecraftServer]: Saving chunks for level 'ServerLevel[Test Level]'/minecraft:the_nether
[11:46:30] [Server thread/INFO] [minecraft/MinecraftServer]: ThreadedAnvilChunkStorage (world): All chunks are saved
[11:46:30] [Server thread/INFO] [minecraft/MinecraftServer]: ThreadedAnvilChunkStorage (DIM1): All chunks are saved
[11:46:30] [Server thread/INFO] [minecraft/MinecraftServer]: ThreadedAnvilChunkStorage (DIM-1): All chunks are saved
[11:46:30] [Server thread/INFO] [minecraft/MinecraftServer]: ThreadedAnvilChunkStorage: All dimensions are saved
[11:46:30] [Server thread/INFO] [minecraft/GameTestServer]: Game test server shutting down

> Task :runRuntimeChecks FAILED

[Incubating] Problems report is available at: file:///D:/slavic-myths/build/reports/problems/problems-report.html

FAILURE: Build failed with an exception.

* What went wrong:
Execution failed for task ':runRuntimeChecks'.
> Process 'command 'C:\Program Files\Java\jdk-21.0.12\bin\java.exe'' finished with non-zero exit value 2

* Try:
> Run with --stacktrace option to get the stack trace.
> Run with --info or --debug option to get more log output.
> Run with --scan to generate a Build Scan (powered by Develocity).
> Get more help at https://help.gradle.org.

BUILD FAILED in 56s
9 actionable tasks: 7 executed, 2 up-to-date
