To honour the JVM settings for this build a single-use Daemon process will be forked. For more on this, please refer to https://docs.gradle.org/9.2.1/userguide/gradle_daemon.html#sec:disabling_the_daemon in the Gradle documentation.
Daemon will be stopped at the end of the build 
> Task :createMinecraftArtifacts UP-TO-DATE

> Task :compileJava
Note: Some input files use or override a deprecated API.
Note: Recompile with -Xlint:deprecation for details.

> Task :processResources UP-TO-DATE
> Task :classes

Note: D:\slavic-myths\tools\kurgan-tests\org\slavicmyths\kurgan\KurganEarthworkGameTests.java uses or overrides a deprecated API.
> Task :compileKurganCheckJava
Note: Recompile with -Xlint:deprecation for details.

> Task :processKurganCheckResources UP-TO-DATE
> Task :kurganCheckClasses
> Task :downloadAssets UP-TO-DATE
> Task :writeRuntimeChecksLegacyClasspath UP-TO-DATE
> Task :prepareRuntimeChecksRun UP-TO-DATE

> Task :runRuntimeChecks
WARN StatusConsoleListener Advanced terminal features are not available in this environment
[13:42:01] [main/INFO] [cp.mo.mo.Launcher/MODLAUNCHER]: ModLauncher running: args [--launchTarget, forgeserverdev, --gameDir, ., --fml.fmlVersion, 4.0.45, --fml.mcVersion, 1.21.1, --fml.neoForgeVersion, 21.1.255, --fml.neoFormVersion, 20240808.144430]
[13:42:01] [main/INFO] [cp.mo.mo.Launcher/MODLAUNCHER]: JVM identified as Oracle Corporation Java HotSpot(TM) 64-Bit Server VM 21.0.12+7-LTS-205
[13:42:01] [main/INFO] [cp.mo.mo.Launcher/MODLAUNCHER]: ModLauncher 11.0.5+main.901c6ea8 starting: java version 21.0.12 by Oracle Corporation; OS Windows 10 arch amd64 version 10.0
[13:42:01] [main/INFO] [ne.ne.fm.lo.ImmediateWindowHandler/]: ImmediateWindowProvider not loading because launch target is forgeserverdev
[13:42:01] [main/INFO] [mixin/]: SpongePowered MIXIN Subsystem Version=0.8.7 Source=union:/C:/Users/pavel/.gradle/caches/modules-2/files-2.1/net.fabricmc/sponge-mixin/0.16.4+mixin.0.8.7/26d01f0567ab46e9ca0d2ed89d0ecc11aadbd433/sponge-mixin-0.16.4+mixin.0.8.7.jar%2394!/ Service=ModLauncher Env=SERVER
[13:42:02] [main/INFO] [ne.ne.fm.lo.mo.lo.JarInJarDependencyLocator/]: Found 2 dependencies adding them to mods collection
[13:42:02] [main/INFO] [ne.ne.fm.lo.mo.ModDiscoverer/]: 
     Mod List:
		Name Version (Mod Id)

		Curios API 9.5.1+1.21.1 (curios)
		Just Enough Items 19.51.0.418 (jei)
		Minecraft 1.21.1 (minecraft)
		NeoForge 21.1.255 (neoforge)
		Slavic Myths 0.9.7 (slavicmyths)
[13:42:02] [main/INFO] [mixin/]: Compatibility level set to JAVA_21
[13:42:02] [main/INFO] [cp.mo.mo.LaunchServiceHandler/MODLAUNCHER]: Launching target 'forgeserverdev' with arguments [--gameDir, .]
[13:42:02] [main/WARN] [mixin/]: Reference map 'curios.refmap.json' for curios.neoforge.mixins.json could not be read. If this is a development environment you can ignore this message
[13:42:02] [main/WARN] [mixin/]: Reference map 'curios.refmap.json' for curios.mixins.json could not be read. If this is a development environment you can ignore this message
[13:42:03] [main/WARN] [os.dr.wi.pe.PerfmonDisabled/]: Invalid registry value type detected for PerfOS counters. Should be REG_DWORD. Ignoring: HKEY_LOCAL_MACHINE\SYSTEM\CurrentControlSet\Services\PerfOS\Performance\Disable Performance Counters.
[13:42:04] [main/INFO] [MixinExtras|Service/]: Initializing MixinExtras via com.llamalad7.mixinextras.service.MixinExtrasServiceImpl(version=0.5.5).
[13:42:09] [main/WARN] [minecraft/Commands]: Ambiguity between arguments [teleport, location] and [teleport, destination] with inputs: [0.1 -0.5 .9, 0 0 0]
[13:42:09] [main/WARN] [minecraft/Commands]: Ambiguity between arguments [teleport, location] and [teleport, targets] with inputs: [0.1 -0.5 .9, 0 0 0]
[13:42:09] [main/WARN] [minecraft/Commands]: Ambiguity between arguments [teleport, destination] and [teleport, targets] with inputs: [Player, 0123, @e, dd12be42-52a9-4a91-a8a1-11c01849e498]
[13:42:09] [main/WARN] [minecraft/Commands]: Ambiguity between arguments [teleport, targets] and [teleport, destination] with inputs: [Player, 0123, dd12be42-52a9-4a91-a8a1-11c01849e498]
[13:42:09] [main/WARN] [minecraft/Commands]: Ambiguity between arguments [teleport, targets, location] and [teleport, targets, destination] with inputs: [0.1 -0.5 .9, 0 0 0]
[13:42:09] [modloading-worker-0/INFO] [ne.ne.ne.co.NeoForgeMod/NEOFORGE-MOD]: NeoForge mod loading, version 21.1.255, for MC 1.21.1
[13:42:10] [main/INFO] [mojang/YggdrasilAuthenticationService]: Environment: Environment[sessionHost=https://sessionserver.mojang.com, servicesHost=https://api.minecraftservices.com, name=PROD]
[13:42:10] [main/WARN] [minecraft/VanillaPackResourcesBuilder]: Assets URL 'union:/D:/slavic-myths/build/moddev/artifacts/neoforge-21.1.255.jar%23125!/assets/.mcassetsroot' uses unexpected schema
[13:42:10] [main/WARN] [minecraft/VanillaPackResourcesBuilder]: Assets URL 'union:/D:/slavic-myths/build/moddev/artifacts/neoforge-21.1.255.jar%23125!/data/.mcassetsroot' uses unexpected schema
[13:42:10] [main/INFO] [ne.ne.ne.ga.GameTestHooks/]: Enabled Gametest Namespaces: [slavicmyths_hotfix]
[13:42:11] [main/INFO] [minecraft/RecipeManager]: Loaded 1564 recipes
[13:42:12] [main/INFO] [minecraft/AdvancementTree]: Loaded 1554 advancements
[13:42:12] [main/INFO] [Curios API/]: Loaded 10 curio slots
[13:42:12] [main/INFO] [Curios API/]: Loaded 1 curio entities
[13:42:13] [Server thread/INFO] [minecraft/MinecraftServer]: Preparing start region for dimension minecraft:overworld
[13:42:13] [worldgen/INFO] [minecraft/LoggerChunkProgressListener]: Preparing spawn area: 2%
[13:42:13] [Server thread/INFO] [minecraft/LoggerChunkProgressListener]: Time elapsed: 186 ms
[13:42:13] [Server thread/INFO] [minecraft/GameTestServer]: Started game test server
[13:42:13] [Server thread/INFO] [ne.ne.ne.se.pe.PermissionAPI/]: Successfully initialized permission handler neoforge:default_handler
[13:42:13] [Server thread/INFO] [minecraft/GameTestServer]: 3 tests are now running at position -3186494, -59, -9393433!
[13:42:13] [Server thread/INFO] [minecraft/GameTestRunner]: Running test batch 'defaultBatch:0' (3 tests)...
[13:42:13] [Server thread/INFO] [minecraft/GameTestServer]: [   ]
[13:42:13] [Server thread/INFO] [minecraft/GameTestServer]: [   ]
HOTFIX_QUOTAS_PASS plans=300 surfaceMaterials=9 adjacentEqual=0.8104543654551403
[13:42:14] [Server thread/INFO] [minecraft/MinecraftServer]: Подготавливается территория: kurgan / 0. Задание ec735a27-89dc-4b0c-a201-cc764abc76ba
HOTFIX_CUT_PASS timeline=0,40,80,90,100,160 expires=260 cap=5 sharedPlayers=2 damage=true immunity=true pvp=true team=true nativeNbt=true
[13:42:14] [Server thread/INFO] [minecraft/GameTestServer]: [+_+]
[13:42:14] [Server thread/INFO] [minecraft/GameTestServer]: [+_+]
[13:42:14] [Server thread/INFO] [minecraft/GameTestServer]: [+_+]
[13:42:14] [Server thread/INFO] [minecraft/GameTestServer]: [+_+]
[13:42:15] [Server thread/INFO] [minecraft/GameTestServer]: [+_+]
[13:42:15] [Server thread/INFO] [minecraft/MinecraftServer]: Загрузка территории: 36%, изменено блоков: 0
[13:42:15] [Server thread/INFO] [minecraft/GameTestServer]: [+_+]
[13:42:15] [Server thread/INFO] [minecraft/GameTestServer]: [+_+]
[13:42:15] [Server thread/INFO] [minecraft/GameTestServer]: [+_+]
[13:42:15] [Server thread/INFO] [minecraft/GameTestServer]: [+_+]
[13:42:15] [Server thread/INFO] [minecraft/GameTestServer]: [+_+]
[13:42:15] [Server thread/INFO] [minecraft/MinecraftServer]: Загрузка территории: 90%, изменено блоков: 0
[13:42:15] [Server thread/INFO] [minecraft/GameTestServer]: [+_+]
[13:42:15] [Server thread/INFO] [minecraft/GameTestServer]: [+_+]
[13:42:15] [Server thread/INFO] [minecraft/GameTestServer]: [+_+]
[13:42:15] [Server thread/INFO] [minecraft/GameTestServer]: [+_+]
[13:42:15] [Server thread/INFO] [minecraft/GameTestServer]: [+_+]
[13:42:15] [Server thread/INFO] [minecraft/MinecraftServer]: Загрузка территории: 58%, изменено блоков: 0
[13:42:15] [Server thread/INFO] [minecraft/GameTestServer]: [+_+]
[13:42:15] [Server thread/INFO] [minecraft/GameTestServer]: [+_+]
[13:42:15] [Server thread/INFO] [minecraft/GameTestServer]: [+_+]
[13:42:15] [Server thread/INFO] [minecraft/GameTestServer]: [+_+]
[13:42:15] [Server thread/INFO] [minecraft/GameTestServer]: [+_+]
[13:42:15] [Server thread/INFO] [minecraft/MinecraftServer]: Загрузка территории: 87%, изменено блоков: 0
[13:42:15] [Server thread/INFO] [minecraft/GameTestServer]: [+_+]
[13:42:15] [Server thread/INFO] [minecraft/GameTestServer]: [+_+]
[13:42:15] [Server thread/INFO] [minecraft/MinecraftServer]: Чанки загружены. Подготовка окончательного положения на Y=-49
[13:42:15] [Server thread/INFO] [minecraft/GameTestServer]: [+_+]
[13:42:16] [Server thread/INFO] [minecraft/GameTestServer]: [+_+]
[13:42:16] [Server thread/INFO] [minecraft/GameTestServer]: [+_+]
[13:42:16] [Server thread/INFO] [minecraft/MinecraftServer]: Планирование грунта: 50%, изменено блоков: 0
[13:42:16] [Server thread/INFO] [minecraft/GameTestServer]: [+_+]
[13:42:16] [Server thread/INFO] [minecraft/GameTestServer]: [+_+]
[13:42:16] [Server thread/INFO] [minecraft/GameTestServer]: [+_+]
[13:42:16] [Server thread/INFO] [minecraft/GameTestServer]: [+_+]
[13:42:16] [Server thread/INFO] [minecraft/GameTestServer]: [+_+]
[13:42:16] [Server thread/INFO] [minecraft/MinecraftServer]: Подготовка грунта: 16%, изменено блоков: 5086
[13:42:16] [Server thread/INFO] [minecraft/GameTestServer]: [+_+]
[13:42:16] [Server thread/INFO] [minecraft/GameTestServer]: [+_+]
[13:42:16] [Server thread/INFO] [minecraft/GameTestServer]: [+_+]
[13:42:16] [Server thread/INFO] [minecraft/GameTestServer]: [+_+]
[13:42:16] [Server thread/INFO] [minecraft/GameTestServer]: [+_+]
[13:42:16] [Server thread/INFO] [minecraft/MinecraftServer]: Подготовка грунта: 72%, изменено блоков: 94426
[13:42:17] [Server thread/INFO] [minecraft/GameTestServer]: [+_+]
[13:42:17] [Server thread/INFO] [minecraft/MinecraftServer]: Территория подготовлена. Размещается структура...
[13:42:17] [Server thread/INFO] [minecraft/GameTestServer]: [+_+]
[13:42:17] [Server thread/INFO] [minecraft/GameTestServer]: [+_+]
[13:42:17] [Server thread/INFO] [minecraft/GameTestServer]: [+_+]
[13:42:17] [Server thread/INFO] [minecraft/GameTestServer]: [+_+]
[13:42:17] [Server thread/INFO] [minecraft/MinecraftServer]: Размещение структуры: 33%, изменено блоков: 116278
[13:42:17] [Server thread/INFO] [minecraft/GameTestServer]: [+_+]
[13:42:17] [Server thread/INFO] [minecraft/GameTestServer]: [+_+]
[13:42:17] [Server thread/INFO] [minecraft/GameTestServer]: [+_+]
[13:42:17] [Server thread/INFO] [minecraft/GameTestServer]: [+_+]
[13:42:17] [Server thread/INFO] [minecraft/GameTestServer]: [+_+]
[13:42:17] [Server thread/INFO] [minecraft/MinecraftServer]: Размещение структуры: 73%, изменено блоков: 116278
[13:42:17] [Server thread/INFO] [minecraft/GameTestServer]: [+_+]
[13:42:17] [Server thread/INFO] [minecraft/GameTestServer]: [+_+]
[13:42:17] [Server thread/INFO] [minecraft/GameTestServer]: [+_+]
[13:42:17] [Server thread/INFO] [minecraft/MinecraftServer]: Структура создана: 96768, -48, 31874
[13:42:18] [Server thread/INFO] [minecraft/GameTestServer]: [+_+]
[13:42:18] [Server thread/INFO] [minecraft/GameTestServer]: [+_+]
[13:42:18] [Server thread/INFO] [minecraft/GameTestServer]: [+_+]
HOTFIX_ACTUAL_POPULATION tier=0 mobs=[UPYR, UPYR, UPYR]
[13:42:18] [Server thread/INFO] [minecraft/MinecraftServer]: Подготавливается территория: kurgan / 1. Задание d98ed9ce-3517-4dcb-a786-ef9c1d2cfe5b
[13:42:18] [Server thread/INFO] [minecraft/GameTestServer]: [+_+]
[13:42:18] [Server thread/INFO] [minecraft/GameTestServer]: [+_+]
[13:42:19] [Server thread/INFO] [minecraft/GameTestServer]: [+_+]
[13:42:19] [Server thread/INFO] [minecraft/GameTestServer]: [+_+]
[13:42:19] [Server thread/INFO] [minecraft/GameTestServer]: [+_+]
[13:42:19] [Server thread/INFO] [minecraft/MinecraftServer]: Загрузка территории: 7%, изменено блоков: 0
[13:42:19] [Server thread/INFO] [minecraft/GameTestServer]: [+_+]
[13:42:19] [Server thread/INFO] [minecraft/GameTestServer]: [+_+]
[13:42:19] [Server thread/INFO] [minecraft/GameTestServer]: [+_+]
[13:42:19] [Server thread/INFO] [minecraft/GameTestServer]: [+_+]
[13:42:19] [Server thread/INFO] [minecraft/GameTestServer]: [+_+]
[13:42:19] [Server thread/INFO] [minecraft/MinecraftServer]: Загрузка территории: 28%, изменено блоков: 0
[13:42:19] [Server thread/INFO] [minecraft/GameTestServer]: [+_+]
[13:42:19] [Server thread/INFO] [minecraft/GameTestServer]: [+_+]
[13:42:19] [Server thread/INFO] [minecraft/GameTestServer]: [+_+]
[13:42:19] [Server thread/INFO] [minecraft/GameTestServer]: [+_+]
[13:42:19] [Server thread/INFO] [minecraft/GameTestServer]: [+_+]
[13:42:19] [Server thread/INFO] [minecraft/MinecraftServer]: Загрузка территории: 48%, изменено блоков: 0
[13:42:19] [Server thread/INFO] [minecraft/GameTestServer]: [+_+]
[13:42:19] [Server thread/INFO] [minecraft/GameTestServer]: [+_+]
[13:42:19] [Server thread/INFO] [minecraft/GameTestServer]: [+_+]
[13:42:19] [Server thread/INFO] [minecraft/GameTestServer]: [+_+]
[13:42:19] [Server thread/INFO] [minecraft/GameTestServer]: [+_+]
[13:42:19] [Server thread/INFO] [minecraft/MinecraftServer]: Загрузка территории: 70%, изменено блоков: 0
[13:42:19] [Server thread/INFO] [minecraft/GameTestServer]: [+_+]
[13:42:19] [Server thread/INFO] [minecraft/GameTestServer]: [+_+]
[13:42:19] [Server thread/INFO] [minecraft/GameTestServer]: [+_+]
[13:42:20] [Server thread/INFO] [minecraft/GameTestServer]: [+_+]
[13:42:20] [Server thread/INFO] [minecraft/GameTestServer]: [+_+]
[13:42:20] [Server thread/INFO] [minecraft/MinecraftServer]: Загрузка территории: 90%, изменено блоков: 0
[13:42:20] [Server thread/INFO] [minecraft/GameTestServer]: [+_+]
[13:42:20] [Server thread/INFO] [minecraft/GameTestServer]: [+_+]
[13:42:20] [Server thread/INFO] [minecraft/GameTestServer]: [+_+]
[13:42:20] [Server thread/INFO] [minecraft/GameTestServer]: [+_+]
[13:42:20] [Server thread/INFO] [minecraft/GameTestServer]: [+_+]
[13:42:20] [Server thread/INFO] [minecraft/MinecraftServer]: Загрузка территории: 17%, изменено блоков: 0
[13:42:20] [Server thread/INFO] [minecraft/GameTestServer]: [+_+]
[13:42:20] [Server thread/INFO] [minecraft/GameTestServer]: [+_+]
[13:42:20] [Server thread/INFO] [minecraft/GameTestServer]: [+_+]
[13:42:20] [Server thread/INFO] [minecraft/GameTestServer]: [+_+]
[13:42:20] [Server thread/INFO] [minecraft/GameTestServer]: [+_+]
[13:42:20] [Server thread/INFO] [minecraft/MinecraftServer]: Загрузка территории: 34%, изменено блоков: 0
[13:42:20] [Server thread/INFO] [minecraft/GameTestServer]: [+_+]
[13:42:20] [Server thread/INFO] [minecraft/GameTestServer]: [+_+]
[13:42:20] [Server thread/INFO] [minecraft/GameTestServer]: [+_+]
[13:42:20] [Server thread/INFO] [minecraft/GameTestServer]: [+_+]
[13:42:20] [Server thread/INFO] [minecraft/GameTestServer]: [+_+]
[13:42:20] [Server thread/INFO] [minecraft/MinecraftServer]: Загрузка территории: 48%, изменено блоков: 0
[13:42:20] [Server thread/INFO] [minecraft/GameTestServer]: [+_+]
[13:42:20] [Server thread/INFO] [minecraft/GameTestServer]: [+_+]
[13:42:20] [Server thread/INFO] [minecraft/GameTestServer]: [+_+]
[13:42:20] [Server thread/INFO] [minecraft/GameTestServer]: [+_+]
[13:42:20] [Server thread/INFO] [minecraft/GameTestServer]: [+_+]
[13:42:21] [Server thread/INFO] [minecraft/MinecraftServer]: Загрузка территории: 57%, изменено блоков: 0
[13:42:21] [Server thread/INFO] [minecraft/GameTestServer]: [+_+]
[13:42:21] [Server thread/INFO] [minecraft/GameTestServer]: [+_+]
[13:42:21] [Server thread/INFO] [minecraft/GameTestServer]: [+_+]
[13:42:21] [Server thread/INFO] [minecraft/GameTestServer]: [+_+]
[13:42:21] [Server thread/INFO] [minecraft/GameTestServer]: [+_+]
[13:42:21] [Server thread/INFO] [minecraft/MinecraftServer]: Загрузка территории: 66%, изменено блоков: 0
[13:42:21] [Server thread/INFO] [minecraft/GameTestServer]: [+_+]
[13:42:21] [Server thread/INFO] [minecraft/GameTestServer]: [+_+]
[13:42:21] [Server thread/INFO] [minecraft/GameTestServer]: [+_+]
[13:42:21] [Server thread/INFO] [minecraft/GameTestServer]: [+_+]
[13:42:21] [Server thread/INFO] [minecraft/GameTestServer]: [+_+]
[13:42:21] [Server thread/INFO] [minecraft/MinecraftServer]: Загрузка территории: 75%, изменено блоков: 0
[13:42:21] [Server thread/INFO] [minecraft/GameTestServer]: [+_+]
[13:42:21] [Server thread/INFO] [minecraft/GameTestServer]: [+_+]
[13:42:21] [Server thread/INFO] [minecraft/GameTestServer]: [+_+]
[13:42:21] [Server thread/INFO] [minecraft/GameTestServer]: [+_+]
[13:42:21] [Server thread/INFO] [minecraft/GameTestServer]: [+_+]
[13:42:21] [Server thread/INFO] [minecraft/MinecraftServer]: Загрузка территории: 82%, изменено блоков: 0
[13:42:21] [Server thread/INFO] [minecraft/GameTestServer]: [+_+]
[13:42:21] [Server thread/INFO] [minecraft/GameTestServer]: [+_+]
[13:42:21] [Server thread/INFO] [minecraft/GameTestServer]: [+_+]
[13:42:21] [Server thread/INFO] [minecraft/GameTestServer]: [+_+]
[13:42:21] [Server thread/INFO] [minecraft/GameTestServer]: [+_+]
[13:42:21] [Server thread/INFO] [minecraft/MinecraftServer]: Загрузка территории: 90%, изменено блоков: 0
[13:42:21] [Server thread/INFO] [minecraft/GameTestServer]: [+_+]
[13:42:21] [Server thread/INFO] [minecraft/GameTestServer]: [+_+]
[13:42:21] [Server thread/INFO] [minecraft/GameTestServer]: [+_+]
[13:42:22] [Server thread/INFO] [minecraft/GameTestServer]: [+_+]
[13:42:22] [Server thread/INFO] [minecraft/GameTestServer]: [+_+]
[13:42:22] [Server thread/INFO] [minecraft/MinecraftServer]: Загрузка территории: 99%, изменено блоков: 0
[13:42:22] [Server thread/INFO] [minecraft/MinecraftServer]: Чанки загружены. Подготовка окончательного положения на Y=-32
[13:42:22] [Server thread/INFO] [minecraft/GameTestServer]: [+_+]
[13:42:22] [Server thread/INFO] [minecraft/GameTestServer]: [+_+]
[13:42:22] [Server thread/INFO] [minecraft/GameTestServer]: [+_+]
[13:42:22] [Server thread/INFO] [minecraft/GameTestServer]: [+_+]
[13:42:22] [Server thread/INFO] [minecraft/GameTestServer]: [+_+]
[13:42:22] [Server thread/INFO] [minecraft/MinecraftServer]: Планирование грунта: 25%, изменено блоков: 0
[13:42:22] [Server thread/INFO] [minecraft/GameTestServer]: [+_+]
[13:42:22] [Server thread/INFO] [minecraft/GameTestServer]: [+_+]
[13:42:22] [Server thread/INFO] [minecraft/GameTestServer]: [+_+]
[13:42:22] [Server thread/INFO] [minecraft/GameTestServer]: [+_+]
[13:42:22] [Server thread/INFO] [minecraft/GameTestServer]: [+_+]
[13:42:22] [Server thread/INFO] [minecraft/MinecraftServer]: Планирование грунта: 55%, изменено блоков: 0
[13:42:22] [Server thread/INFO] [minecraft/GameTestServer]: [+_+]
[13:42:22] [Server thread/INFO] [minecraft/GameTestServer]: [+_+]
[13:42:22] [Server thread/INFO] [minecraft/GameTestServer]: [+_+]
[13:42:22] [Server thread/INFO] [minecraft/GameTestServer]: [+_+]
[13:42:22] [Server thread/INFO] [minecraft/GameTestServer]: [+_+]
[13:42:23] [Server thread/INFO] [minecraft/MinecraftServer]: Планирование грунта: 84%, изменено блоков: 0
[13:42:23] [Server thread/INFO] [minecraft/GameTestServer]: [+_+]
[13:42:23] [Server thread/INFO] [minecraft/GameTestServer]: [+_+]
[13:42:23] [Server thread/INFO] [minecraft/GameTestServer]: [+_+]
[13:42:23] [Server thread/INFO] [minecraft/GameTestServer]: [+_+]
[13:42:23] [Server thread/INFO] [minecraft/GameTestServer]: [+_+]
[13:42:23] [Server thread/INFO] [minecraft/MinecraftServer]: Проверка конечного места: 36%, изменено блоков: 0
[13:42:23] [Server thread/INFO] [minecraft/GameTestServer]: [+_+]
[13:42:23] [Server thread/INFO] [minecraft/GameTestServer]: [+_+]
[13:42:23] [Server thread/INFO] [minecraft/GameTestServer]: [+_+]
[13:42:23] [Server thread/INFO] [minecraft/GameTestServer]: [+_+]
[13:42:23] [Server thread/INFO] [minecraft/GameTestServer]: [+_+]
[13:42:23] [Server thread/INFO] [minecraft/MinecraftServer]: Подготовка грунта: 5%, изменено блоков: 1465
[13:42:23] [Server thread/INFO] [minecraft/GameTestServer]: [+_+]
[13:42:23] [Server thread/INFO] [minecraft/GameTestServer]: [+_+]
[13:42:23] [Server thread/INFO] [minecraft/GameTestServer]: [+_+]
[13:42:23] [Server thread/INFO] [minecraft/GameTestServer]: [+_+]
[13:42:24] [Server thread/INFO] [minecraft/GameTestServer]: [+_+]
[13:42:24] [Server thread/INFO] [minecraft/MinecraftServer]: Подготовка грунта: 29%, изменено блоков: 202064
[13:42:24] [Server thread/INFO] [minecraft/GameTestServer]: [+_+]
[13:42:24] [Server thread/INFO] [minecraft/GameTestServer]: [+_+]
[13:42:24] [Server thread/INFO] [minecraft/GameTestServer]: [+_+]
[13:42:24] [Server thread/INFO] [minecraft/GameTestServer]: [+_+]
[13:42:24] [Server thread/INFO] [minecraft/GameTestServer]: [+_+]
[13:42:24] [Server thread/INFO] [minecraft/MinecraftServer]: Подготовка грунта: 49%, изменено блоков: 418666
[13:42:24] [Server thread/INFO] [minecraft/GameTestServer]: [+_+]
[13:42:24] [Server thread/INFO] [minecraft/GameTestServer]: [+_+]
[13:42:24] [Server thread/INFO] [minecraft/GameTestServer]: [+_+]
[13:42:24] [Server thread/INFO] [minecraft/GameTestServer]: [+_+]
[13:42:24] [Server thread/INFO] [minecraft/GameTestServer]: [+_+]
[13:42:24] [Server thread/INFO] [minecraft/MinecraftServer]: Подготовка грунта: 69%, изменено блоков: 649876
[13:42:25] [Server thread/INFO] [minecraft/GameTestServer]: [+_+]
[13:42:25] [Server thread/INFO] [minecraft/GameTestServer]: [+_+]
[13:42:25] [Server thread/INFO] [minecraft/GameTestServer]: [+_+]
[13:42:25] [Server thread/INFO] [minecraft/GameTestServer]: [+_+]
[13:42:25] [Server thread/INFO] [minecraft/GameTestServer]: [+_+]
[13:42:25] [Server thread/INFO] [minecraft/MinecraftServer]: Подготовка грунта: 93%, изменено блоков: 857159
[13:42:25] [Server thread/INFO] [minecraft/MinecraftServer]: Территория подготовлена. Размещается структура...
[13:42:25] [Server thread/INFO] [minecraft/GameTestServer]: [+_+]
[13:42:25] [Server thread/INFO] [minecraft/GameTestServer]: [+_+]
[13:42:25] [Server thread/INFO] [minecraft/GameTestServer]: [+_+]
[13:42:25] [Server thread/INFO] [minecraft/GameTestServer]: [+_+]
[13:42:25] [Server thread/INFO] [minecraft/GameTestServer]: [+_+]
[13:42:25] [Server thread/INFO] [minecraft/MinecraftServer]: Размещение структуры: 7%, изменено блоков: 859832
[13:42:25] [Server thread/INFO] [minecraft/GameTestServer]: [+_+]
[13:42:25] [Server thread/INFO] [minecraft/GameTestServer]: [+_+]
[13:42:25] [Server thread/INFO] [minecraft/GameTestServer]: [+_+]
[13:42:25] [Server thread/INFO] [minecraft/GameTestServer]: [+_+]
[13:42:25] [Server thread/INFO] [minecraft/GameTestServer]: [+_+]
[13:42:25] [Server thread/INFO] [minecraft/MinecraftServer]: Размещение структуры: 15%, изменено блоков: 859832
[13:42:25] [Server thread/INFO] [minecraft/GameTestServer]: [+_+]
[13:42:26] [Server thread/INFO] [minecraft/GameTestServer]: [+_+]
[13:42:26] [Server thread/INFO] [minecraft/GameTestServer]: [+_+]
[13:42:26] [Server thread/INFO] [minecraft/GameTestServer]: [+_+]
[13:42:26] [Server thread/INFO] [minecraft/GameTestServer]: [+_+]
[13:42:26] [Server thread/INFO] [minecraft/MinecraftServer]: Размещение структуры: 23%, изменено блоков: 859832
[13:42:26] [Server thread/INFO] [minecraft/GameTestServer]: [+_+]
[13:42:26] [Server thread/INFO] [minecraft/GameTestServer]: [+_+]
[13:42:26] [Server thread/INFO] [minecraft/GameTestServer]: [+_+]
[13:42:26] [Server thread/INFO] [minecraft/GameTestServer]: [+_+]
[13:42:26] [Server thread/INFO] [minecraft/GameTestServer]: [+_+]
[13:42:26] [Server thread/INFO] [minecraft/MinecraftServer]: Размещение структуры: 31%, изменено блоков: 859832
[13:42:26] [Server thread/INFO] [minecraft/GameTestServer]: [+_+]
[13:42:26] [Server thread/INFO] [minecraft/GameTestServer]: [+_+]
[13:42:26] [Server thread/INFO] [minecraft/GameTestServer]: [+_+]
[13:42:27] [Server thread/INFO] [minecraft/GameTestServer]: [+_+]
[13:42:27] [Server thread/INFO] [minecraft/GameTestServer]: [+_+]
[13:42:27] [Server thread/INFO] [minecraft/MinecraftServer]: Размещение структуры: 39%, изменено блоков: 859832
[13:42:27] [Server thread/INFO] [minecraft/GameTestServer]: [+_+]
[13:42:27] [Server thread/INFO] [minecraft/GameTestServer]: [+_+]
[13:42:27] [Server thread/INFO] [minecraft/GameTestServer]: [+_+]
[13:42:27] [Server thread/INFO] [minecraft/GameTestServer]: [+_+]
[13:42:27] [Server thread/INFO] [minecraft/GameTestServer]: [+_+]
[13:42:27] [Server thread/INFO] [minecraft/MinecraftServer]: Размещение структуры: 47%, изменено блоков: 859832
[13:42:27] [Server thread/INFO] [minecraft/GameTestServer]: [+_+]
[13:42:27] [Server thread/INFO] [minecraft/GameTestServer]: [+_+]
[13:42:27] [Server thread/INFO] [minecraft/GameTestServer]: [+_+]
[13:42:27] [Server thread/INFO] [minecraft/GameTestServer]: [+_+]
[13:42:27] [Server thread/INFO] [minecraft/GameTestServer]: [+_+]
[13:42:27] [Server thread/INFO] [minecraft/MinecraftServer]: Размещение структуры: 55%, изменено блоков: 859832
[13:42:27] [Server thread/INFO] [minecraft/GameTestServer]: [+_+]
[13:42:27] [Server thread/INFO] [minecraft/GameTestServer]: [+_+]
[13:42:27] [Server thread/INFO] [minecraft/GameTestServer]: [+_+]
[13:42:27] [Server thread/INFO] [minecraft/GameTestServer]: [+_+]
[13:42:28] [Server thread/INFO] [minecraft/GameTestServer]: [+_+]
[13:42:28] [Server thread/INFO] [minecraft/MinecraftServer]: Размещение структуры: 63%, изменено блоков: 859832
[13:42:28] [Server thread/INFO] [minecraft/GameTestServer]: [+_+]
[13:42:28] [Server thread/INFO] [minecraft/GameTestServer]: [+_+]
[13:42:28] [Server thread/INFO] [minecraft/GameTestServer]: [+_+]
[13:42:28] [Server thread/INFO] [minecraft/GameTestServer]: [+_+]
[13:42:28] [Server thread/INFO] [minecraft/GameTestServer]: [+_+]
[13:42:28] [Server thread/INFO] [minecraft/MinecraftServer]: Размещение структуры: 71%, изменено блоков: 859832
[13:42:28] [Server thread/INFO] [minecraft/GameTestServer]: [+_+]
[13:42:28] [Server thread/INFO] [minecraft/GameTestServer]: [+_+]
[13:42:28] [Server thread/INFO] [minecraft/GameTestServer]: [+_+]
[13:42:28] [Server thread/INFO] [minecraft/GameTestServer]: [+_+]
[13:42:28] [Server thread/INFO] [minecraft/GameTestServer]: [+_+]
[13:42:28] [Server thread/INFO] [minecraft/MinecraftServer]: Размещение структуры: 79%, изменено блоков: 859832
[13:42:28] [Server thread/INFO] [minecraft/GameTestServer]: [+_+]
[13:42:28] [Server thread/INFO] [minecraft/GameTestServer]: [+_+]
[13:42:28] [Server thread/INFO] [minecraft/GameTestServer]: [+_+]
[13:42:28] [Server thread/INFO] [minecraft/GameTestServer]: [+_+]
[13:42:28] [Server thread/INFO] [minecraft/GameTestServer]: [+_+]
[13:42:28] [Server thread/INFO] [minecraft/MinecraftServer]: Размещение структуры: 87%, изменено блоков: 859832
[13:42:29] [Server thread/INFO] [minecraft/GameTestServer]: [+_+]
[13:42:29] [Server thread/INFO] [minecraft/GameTestServer]: [+_+]
[13:42:29] [Server thread/INFO] [minecraft/GameTestServer]: [+_+]
[13:42:29] [Server thread/INFO] [minecraft/GameTestServer]: [+_+]
[13:42:29] [Server thread/INFO] [minecraft/GameTestServer]: [+_+]
[13:42:29] [Server thread/INFO] [minecraft/MinecraftServer]: Размещение структуры: 95%, изменено блоков: 859832
[13:42:29] [Server thread/INFO] [minecraft/GameTestServer]: [+_+]
[13:42:29] [Server thread/INFO] [minecraft/GameTestServer]: [+_+]
[13:42:29] [Server thread/INFO] [minecraft/GameTestServer]: [+_+]
[13:42:29] [Server thread/INFO] [minecraft/MinecraftServer]: Структура создана: 100864, -31, 31874
[13:42:29] [Server thread/INFO] [minecraft/GameTestServer]: [+_+]
[13:42:29] [Server thread/INFO] [minecraft/GameTestServer]: [+_+]
[13:42:30] [Server thread/INFO] [minecraft/GameTestServer]: [+_+]
[13:42:30] [Server thread/INFO] [minecraft/GameTestServer]: [+_+]
[13:42:30] [Server thread/INFO] [minecraft/GameTestServer]: [+_+]
[13:42:30] [Server thread/INFO] [minecraft/GameTestServer]: [+_+]
HOTFIX_ACTUAL_POPULATION tier=1 mobs=[VOEVODA, DRUZHINNIK, UPYR, NAV, UPYR, NAV, UPYR, DRUZHINNIK, UPYR, DRUZHINNIK]
[13:42:30] [Server thread/INFO] [minecraft/MinecraftServer]: Подготавливается территория: kurgan / 2. Задание d717c2ac-ba84-4672-8cb1-c8fea18d2242
[13:42:30] [Server thread/INFO] [minecraft/GameTestServer]: [+_+]
[13:42:30] [Server thread/INFO] [minecraft/GameTestServer]: [+_+]
[13:42:30] [Server thread/INFO] [minecraft/GameTestServer]: [+_+]
[13:42:30] [Server thread/INFO] [minecraft/GameTestServer]: [+_+]
[13:42:30] [Server thread/INFO] [minecraft/GameTestServer]: [+_+]
[13:42:30] [Server thread/INFO] [minecraft/MinecraftServer]: Загрузка территории: 3%, изменено блоков: 0
[13:42:30] [Server thread/INFO] [minecraft/GameTestServer]: [+_+]
[13:42:30] [Server thread/INFO] [minecraft/GameTestServer]: [+_+]
[13:42:30] [Server thread/INFO] [minecraft/GameTestServer]: [+_+]
[13:42:30] [Server thread/INFO] [minecraft/GameTestServer]: [+_+]
[13:42:30] [Server thread/INFO] [minecraft/GameTestServer]: [+_+]
[13:42:30] [Server thread/INFO] [minecraft/MinecraftServer]: Загрузка территории: 25%, изменено блоков: 0
[13:42:30] [Server thread/INFO] [minecraft/GameTestServer]: [+_+]
[13:42:30] [Server thread/INFO] [minecraft/GameTestServer]: [+_+]
[13:42:30] [Server thread/INFO] [minecraft/GameTestServer]: [+_+]
[13:42:31] [Server thread/INFO] [minecraft/GameTestServer]: [+_+]
[13:42:31] [Server thread/INFO] [minecraft/GameTestServer]: [+_+]
[13:42:31] [Server thread/INFO] [minecraft/MinecraftServer]: Загрузка территории: 45%, изменено блоков: 0
[13:42:31] [Server thread/INFO] [minecraft/GameTestServer]: [+_+]
[13:42:31] [Server thread/INFO] [minecraft/GameTestServer]: [+_+]
[13:42:31] [Server thread/INFO] [minecraft/GameTestServer]: [+_+]
[13:42:31] [Server thread/INFO] [minecraft/GameTestServer]: [+_+]
[13:42:31] [Server thread/INFO] [minecraft/GameTestServer]: [+_+]
[13:42:31] [Server thread/INFO] [minecraft/MinecraftServer]: Загрузка территории: 66%, изменено блоков: 0
[13:42:31] [Server thread/INFO] [minecraft/GameTestServer]: [+_+]
[13:42:31] [Server thread/INFO] [minecraft/GameTestServer]: [+_+]
[13:42:31] [Server thread/INFO] [minecraft/GameTestServer]: [+_+]
[13:42:31] [Server thread/INFO] [minecraft/GameTestServer]: [+_+]
[13:42:31] [Server thread/INFO] [minecraft/GameTestServer]: [+_+]
[13:42:31] [Server thread/INFO] [minecraft/MinecraftServer]: Загрузка территории: 86%, изменено блоков: 0
[13:42:31] [Server thread/INFO] [minecraft/GameTestServer]: [+_+]
[13:42:31] [Server thread/INFO] [minecraft/GameTestServer]: [+_+]
[13:42:31] [Server thread/INFO] [minecraft/GameTestServer]: [+_+]
[13:42:31] [Server thread/INFO] [minecraft/GameTestServer]: [+_+]
[13:42:31] [Server thread/INFO] [minecraft/GameTestServer]: [+_+]
[13:42:31] [Server thread/INFO] [minecraft/MinecraftServer]: Загрузка территории: 8%, изменено блоков: 0
[13:42:31] [Server thread/INFO] [minecraft/GameTestServer]: [+_+]
[13:42:31] [Server thread/INFO] [minecraft/GameTestServer]: [+_+]
[13:42:31] [Server thread/INFO] [minecraft/GameTestServer]: [+_+]
[13:42:31] [Server thread/INFO] [minecraft/GameTestServer]: [+_+]
[13:42:31] [Server thread/INFO] [minecraft/GameTestServer]: [+_+]
[13:42:31] [Server thread/INFO] [minecraft/MinecraftServer]: Загрузка территории: 18%, изменено блоков: 0
[13:42:31] [Server thread/INFO] [minecraft/GameTestServer]: [+_+]
[13:42:31] [Server thread/INFO] [minecraft/GameTestServer]: [+_+]
[13:42:32] [Server thread/INFO] [minecraft/GameTestServer]: [+_+]
[13:42:32] [Server thread/INFO] [minecraft/GameTestServer]: [+_+]
[13:42:32] [Server thread/INFO] [minecraft/GameTestServer]: [+_+]
[13:42:32] [Server thread/INFO] [minecraft/MinecraftServer]: Загрузка территории: 26%, изменено блоков: 0
[13:42:32] [Server thread/INFO] [minecraft/GameTestServer]: [+_+]
[13:42:32] [Server thread/INFO] [minecraft/GameTestServer]: [+_+]
[13:42:32] [Server thread/INFO] [minecraft/GameTestServer]: [+_+]
[13:42:32] [Server thread/INFO] [minecraft/GameTestServer]: [+_+]
[13:42:32] [Server thread/INFO] [minecraft/GameTestServer]: [+_+]
[13:42:32] [Server thread/INFO] [minecraft/MinecraftServer]: Загрузка территории: 33%, изменено блоков: 0
[13:42:32] [Server thread/INFO] [minecraft/GameTestServer]: [+_+]
[13:42:32] [Server thread/INFO] [minecraft/GameTestServer]: [+_+]
[13:42:32] [Server thread/INFO] [minecraft/GameTestServer]: [+_+]
[13:42:32] [Server thread/INFO] [minecraft/GameTestServer]: [+_+]
[13:42:32] [Server thread/INFO] [minecraft/GameTestServer]: [+_+]
[13:42:32] [Server thread/INFO] [minecraft/MinecraftServer]: Загрузка территории: 39%, изменено блоков: 0
[13:42:32] [Server thread/INFO] [minecraft/GameTestServer]: [+_+]
[13:42:32] [Server thread/INFO] [minecraft/GameTestServer]: [+_+]
[13:42:32] [Server thread/INFO] [minecraft/GameTestServer]: [+_+]
[13:42:32] [Server thread/INFO] [minecraft/GameTestServer]: [+_+]
[13:42:32] [Server thread/INFO] [minecraft/GameTestServer]: [+_+]
[13:42:32] [Server thread/INFO] [minecraft/MinecraftServer]: Загрузка территории: 44%, изменено блоков: 0
[13:42:32] [Server thread/INFO] [minecraft/GameTestServer]: [+_+]
[13:42:32] [Server thread/INFO] [minecraft/GameTestServer]: [+_+]
[13:42:32] [Server thread/INFO] [minecraft/GameTestServer]: [+_+]
[13:42:32] [Server thread/INFO] [minecraft/GameTestServer]: [+_+]
[13:42:32] [Server thread/INFO] [minecraft/GameTestServer]: [+_+]
[13:42:32] [Server thread/INFO] [minecraft/MinecraftServer]: Загрузка территории: 50%, изменено блоков: 0
[13:42:32] [Server thread/INFO] [minecraft/GameTestServer]: [+_+]
[13:42:33] [Server thread/INFO] [minecraft/GameTestServer]: [+_+]
[13:42:33] [Server thread/INFO] [minecraft/GameTestServer]: [+_+]
[13:42:33] [Server thread/INFO] [minecraft/GameTestServer]: [+_+]
[13:42:33] [Server thread/INFO] [minecraft/GameTestServer]: [+_+]
[13:42:33] [Server thread/INFO] [minecraft/MinecraftServer]: Загрузка территории: 54%, изменено блоков: 0
[13:42:33] [Server thread/INFO] [minecraft/GameTestServer]: [+_+]
[13:42:33] [Server thread/INFO] [minecraft/GameTestServer]: [+_+]
[13:42:33] [Server thread/INFO] [minecraft/GameTestServer]: [+_+]
[13:42:33] [Server thread/INFO] [minecraft/GameTestServer]: [+_+]
[13:42:33] [Server thread/INFO] [minecraft/GameTestServer]: [+_+]
[13:42:33] [Server thread/INFO] [minecraft/MinecraftServer]: Загрузка территории: 59%, изменено блоков: 0
[13:42:33] [Server thread/INFO] [minecraft/GameTestServer]: [+_+]
[13:42:33] [Server thread/INFO] [minecraft/GameTestServer]: [+_+]
[13:42:33] [Server thread/INFO] [minecraft/GameTestServer]: [+_+]
[13:42:33] [Server thread/INFO] [minecraft/GameTestServer]: [+_+]
[13:42:33] [Server thread/INFO] [minecraft/GameTestServer]: [+_+]
[13:42:33] [Server thread/INFO] [minecraft/MinecraftServer]: Загрузка территории: 64%, изменено блоков: 0
[13:42:33] [Server thread/INFO] [minecraft/GameTestServer]: [+_+]
[13:42:33] [Server thread/INFO] [minecraft/GameTestServer]: [+_+]
[13:42:33] [Server thread/INFO] [minecraft/GameTestServer]: [+_+]
[13:42:33] [Server thread/INFO] [minecraft/GameTestServer]: [+_+]
[13:42:33] [Server thread/INFO] [minecraft/GameTestServer]: [+_+]
[13:42:33] [Server thread/INFO] [minecraft/MinecraftServer]: Загрузка территории: 69%, изменено блоков: 0
[13:42:33] [Server thread/INFO] [minecraft/GameTestServer]: [+_+]
[13:42:33] [Server thread/INFO] [minecraft/GameTestServer]: [+_+]
[13:42:33] [Server thread/INFO] [minecraft/GameTestServer]: [+_+]
[13:42:34] [Server thread/INFO] [minecraft/GameTestServer]: [+_+]
[13:42:34] [Server thread/INFO] [minecraft/GameTestServer]: [+_+]
[13:42:34] [Server thread/INFO] [minecraft/MinecraftServer]: Загрузка территории: 74%, изменено блоков: 0
[13:42:34] [Server thread/INFO] [minecraft/GameTestServer]: [+_+]
[13:42:34] [Server thread/INFO] [minecraft/GameTestServer]: [+_+]
[13:42:34] [Server thread/INFO] [minecraft/GameTestServer]: [+_+]
[13:42:34] [Server thread/INFO] [minecraft/GameTestServer]: [+_+]
[13:42:34] [Server thread/INFO] [minecraft/GameTestServer]: [+_+]
[13:42:34] [Server thread/INFO] [minecraft/MinecraftServer]: Загрузка территории: 79%, изменено блоков: 0
[13:42:34] [Server thread/INFO] [minecraft/GameTestServer]: [+_+]
[13:42:34] [Server thread/INFO] [minecraft/GameTestServer]: [+_+]
[13:42:34] [Server thread/INFO] [minecraft/GameTestServer]: [+_+]
[13:42:34] [Server thread/INFO] [minecraft/GameTestServer]: [+_+]
[13:42:34] [Server thread/INFO] [minecraft/GameTestServer]: [+_+]
[13:42:34] [Server thread/INFO] [minecraft/MinecraftServer]: Загрузка территории: 84%, изменено блоков: 0
[13:42:34] [Server thread/INFO] [minecraft/GameTestServer]: [+_+]
[13:42:34] [Server thread/INFO] [minecraft/GameTestServer]: [+_+]
[13:42:34] [Server thread/INFO] [minecraft/GameTestServer]: [+_+]
[13:42:34] [Server thread/INFO] [minecraft/GameTestServer]: [+_+]
[13:42:34] [Server thread/INFO] [minecraft/GameTestServer]: [+_+]
[13:42:34] [Server thread/INFO] [minecraft/MinecraftServer]: Загрузка территории: 89%, изменено блоков: 0
[13:42:34] [Server thread/INFO] [minecraft/GameTestServer]: [+_+]
[13:42:34] [Server thread/INFO] [minecraft/GameTestServer]: [+_+]
[13:42:34] [Server thread/INFO] [minecraft/GameTestServer]: [+_+]
[13:42:34] [Server thread/INFO] [minecraft/GameTestServer]: [+_+]
[13:42:34] [Server thread/INFO] [minecraft/GameTestServer]: [+_+]
[13:42:34] [Server thread/INFO] [minecraft/MinecraftServer]: Загрузка территории: 94%, изменено блоков: 0
[13:42:34] [Server thread/INFO] [minecraft/GameTestServer]: [+_+]
[13:42:35] [Server thread/INFO] [minecraft/GameTestServer]: [+_+]
[13:42:35] [Server thread/INFO] [minecraft/GameTestServer]: [+_+]
[13:42:35] [Server thread/INFO] [minecraft/GameTestServer]: [+_+]
[13:42:35] [Server thread/INFO] [minecraft/GameTestServer]: [+_+]
[13:42:35] [Server thread/INFO] [minecraft/MinecraftServer]: Загрузка территории: 99%, изменено блоков: 0
[13:42:35] [Server thread/INFO] [minecraft/GameTestServer]: [+_+]
[13:42:35] [Server thread/INFO] [minecraft/MinecraftServer]: Чанки загружены. Подготовка окончательного положения на Y=0
[13:42:35] [Server thread/INFO] [minecraft/GameTestServer]: [+_+]
[13:42:35] [Server thread/INFO] [minecraft/GameTestServer]: [+_+]
[13:42:35] [Server thread/INFO] [minecraft/GameTestServer]: [+_+]
[13:42:35] [Server thread/INFO] [minecraft/GameTestServer]: [+_+]
[13:42:35] [Server thread/INFO] [minecraft/MinecraftServer]: Планирование грунта: 13%, изменено блоков: 0
[13:42:35] [Server thread/INFO] [minecraft/GameTestServer]: [+_+]
[13:42:35] [Server thread/INFO] [minecraft/GameTestServer]: [+_+]
[13:42:35] [Server thread/INFO] [minecraft/GameTestServer]: [+_+]
[13:42:35] [Server thread/INFO] [minecraft/GameTestServer]: [+_+]
[13:42:35] [Server thread/INFO] [minecraft/GameTestServer]: [+_+]
[13:42:35] [Server thread/INFO] [minecraft/MinecraftServer]: Планирование грунта: 30%, изменено блоков: 0
[13:42:35] [Server thread/INFO] [minecraft/GameTestServer]: [+_+]
[13:42:35] [Server thread/INFO] [minecraft/GameTestServer]: [+_+]
[13:42:35] [Server thread/INFO] [minecraft/GameTestServer]: [+_+]
[13:42:36] [Server thread/INFO] [minecraft/GameTestServer]: [+_+]
[13:42:36] [Server thread/INFO] [minecraft/GameTestServer]: [+_+]
[13:42:36] [Server thread/INFO] [minecraft/MinecraftServer]: Планирование грунта: 47%, изменено блоков: 0
[13:42:36] [Server thread/INFO] [minecraft/GameTestServer]: [+_+]
[13:42:36] [Server thread/INFO] [minecraft/GameTestServer]: [+_+]
[13:42:36] [Server thread/INFO] [minecraft/GameTestServer]: [+_+]
[13:42:36] [Server thread/INFO] [minecraft/GameTestServer]: [+_+]
[13:42:36] [Server thread/INFO] [minecraft/GameTestServer]: [+_+]
[13:42:36] [Server thread/INFO] [minecraft/MinecraftServer]: Планирование грунта: 64%, изменено блоков: 0
[13:42:36] [Server thread/INFO] [minecraft/GameTestServer]: [+_+]
[13:42:36] [Server thread/INFO] [minecraft/GameTestServer]: [+_+]
[13:42:36] [Server thread/INFO] [minecraft/GameTestServer]: [+_+]
[13:42:36] [Server thread/INFO] [minecraft/GameTestServer]: [+_+]
[13:42:36] [Server thread/INFO] [minecraft/GameTestServer]: [+_+]
[13:42:36] [Server thread/INFO] [minecraft/MinecraftServer]: Планирование грунта: 81%, изменено блоков: 0
[13:42:36] [Server thread/INFO] [minecraft/GameTestServer]: [+_+]
[13:42:36] [Server thread/INFO] [minecraft/GameTestServer]: [+_+]
[13:42:36] [Server thread/INFO] [minecraft/GameTestServer]: [+_+]
[13:42:36] [Server thread/INFO] [minecraft/GameTestServer]: [+_+]
[13:42:36] [Server thread/INFO] [minecraft/GameTestServer]: [+_+]
[13:42:36] [Server thread/INFO] [minecraft/MinecraftServer]: Планирование грунта: 98%, изменено блоков: 0
[13:42:37] [Server thread/INFO] [minecraft/GameTestServer]: [+_+]
[13:42:37] [Server thread/INFO] [minecraft/GameTestServer]: [+_+]
[13:42:37] [Server thread/INFO] [minecraft/GameTestServer]: [+_+]
[13:42:37] [Server thread/INFO] [minecraft/GameTestServer]: [+_+]
[13:42:37] [Server thread/INFO] [minecraft/GameTestServer]: [+_+]
[13:42:37] [Server thread/INFO] [minecraft/MinecraftServer]: Проверка конечного места: 31%, изменено блоков: 0
[13:42:37] [Server thread/INFO] [minecraft/GameTestServer]: [+_+]
[13:42:37] [Server thread/INFO] [minecraft/GameTestServer]: [+_+]
[13:42:37] [Server thread/INFO] [minecraft/GameTestServer]: [+_+]
[13:42:37] [Server thread/INFO] [minecraft/GameTestServer]: [+_+]
[13:42:37] [Server thread/INFO] [minecraft/GameTestServer]: [+_+]
[13:42:37] [Server thread/INFO] [minecraft/MinecraftServer]: Проверка конечного места: 51%, изменено блоков: 0
[13:42:37] [Server thread/INFO] [minecraft/GameTestServer]: [+_+]
[13:42:37] [Server thread/INFO] [minecraft/GameTestServer]: [+_+]
[13:42:37] [Server thread/INFO] [minecraft/GameTestServer]: [+_+]
[13:42:37] [Server thread/INFO] [minecraft/GameTestServer]: [+_+]
[13:42:37] [Server thread/INFO] [minecraft/GameTestServer]: [+_+]
[13:42:37] [Server thread/INFO] [minecraft/MinecraftServer]: Проверка конечного места: 71%, изменено блоков: 0
[13:42:37] [Server thread/INFO] [minecraft/GameTestServer]: [+_+]
[13:42:38] [Server thread/INFO] [minecraft/GameTestServer]: [+_+]
[13:42:38] [Server thread/INFO] [minecraft/GameTestServer]: [+_+]
[13:42:38] [Server thread/INFO] [minecraft/GameTestServer]: [+_+]
[13:42:38] [Server thread/INFO] [minecraft/GameTestServer]: [+_+]
[13:42:38] [Server thread/INFO] [minecraft/MinecraftServer]: Подготовка грунта: 9%, изменено блоков: 44759
[13:42:38] [Server thread/INFO] [minecraft/GameTestServer]: [+_+]
[13:42:38] [Server thread/INFO] [minecraft/GameTestServer]: [+_+]
[13:42:38] [Server thread/INFO] [minecraft/GameTestServer]: [+_+]
[13:42:38] [Server thread/INFO] [minecraft/GameTestServer]: [+_+]
[13:42:38] [Server thread/INFO] [minecraft/GameTestServer]: [+_+]
[13:42:38] [Server thread/INFO] [minecraft/MinecraftServer]: Подготовка грунта: 21%, изменено блоков: 279543
[13:42:38] [Server thread/INFO] [minecraft/GameTestServer]: [+_+]
[13:42:38] [Server thread/INFO] [minecraft/GameTestServer]: [+_+]
[13:42:38] [Server thread/INFO] [minecraft/GameTestServer]: [+_+]
[13:42:39] [Server thread/INFO] [minecraft/GameTestServer]: [+_+]
[13:42:39] [Server thread/INFO] [minecraft/GameTestServer]: [+_+]
[13:42:39] [Server thread/INFO] [minecraft/MinecraftServer]: Подготовка грунта: 28%, изменено блоков: 520377
[13:42:39] [Server thread/INFO] [minecraft/GameTestServer]: [+_+]
[13:42:39] [Server thread/INFO] [minecraft/GameTestServer]: [+_+]
[13:42:39] [Server thread/INFO] [minecraft/GameTestServer]: [+_+]
[13:42:39] [Server thread/INFO] [minecraft/GameTestServer]: [+_+]
[13:42:39] [Server thread/INFO] [minecraft/GameTestServer]: [+_+]
[13:42:39] [Server thread/INFO] [minecraft/MinecraftServer]: Подготовка грунта: 35%, изменено блоков: 747007
[13:42:39] [Server thread/INFO] [minecraft/GameTestServer]: [+_+]
[13:42:39] [Server thread/INFO] [minecraft/GameTestServer]: [+_+]
[13:42:39] [Server thread/INFO] [minecraft/GameTestServer]: [+_+]
[13:42:39] [Server thread/INFO] [minecraft/GameTestServer]: [+_+]
[13:42:40] [Server thread/INFO] [minecraft/GameTestServer]: [+_+]
[13:42:40] [Server thread/INFO] [minecraft/MinecraftServer]: Подготовка грунта: 41%, изменено блоков: 974185
[13:42:40] [Server thread/INFO] [minecraft/GameTestServer]: [+_+]
[13:42:40] [Server thread/INFO] [minecraft/GameTestServer]: [+_+]
[13:42:40] [Server thread/INFO] [minecraft/GameTestServer]: [+_+]
[13:42:40] [Server thread/INFO] [minecraft/GameTestServer]: [+_+]
[13:42:40] [Server thread/INFO] [minecraft/GameTestServer]: [+_+]
[13:42:40] [Server thread/INFO] [minecraft/MinecraftServer]: Подготовка грунта: 48%, изменено блоков: 1198051
[13:42:40] [Server thread/INFO] [minecraft/GameTestServer]: [+_+]
[13:42:40] [Server thread/INFO] [minecraft/GameTestServer]: [+_+]
[13:42:40] [Server thread/INFO] [minecraft/GameTestServer]: [+_+]
[13:42:40] [Server thread/INFO] [minecraft/GameTestServer]: [+_+]
[13:42:41] [Server thread/INFO] [minecraft/GameTestServer]: [+_+]
[13:42:41] [Server thread/INFO] [minecraft/MinecraftServer]: Подготовка грунта: 54%, изменено блоков: 1429020
[13:42:41] [Server thread/INFO] [minecraft/GameTestServer]: [+_+]
[13:42:41] [Server thread/INFO] [minecraft/GameTestServer]: [+_+]
[13:42:41] [Server thread/INFO] [minecraft/GameTestServer]: [+_+]
[13:42:41] [Server thread/INFO] [minecraft/GameTestServer]: [+_+]
[13:42:41] [Server thread/INFO] [minecraft/GameTestServer]: [+_+]
[13:42:41] [Server thread/INFO] [minecraft/MinecraftServer]: Подготовка грунта: 60%, изменено блоков: 1649074
[13:42:41] [Server thread/INFO] [minecraft/GameTestServer]: [+_+]
[13:42:41] [Server thread/INFO] [minecraft/GameTestServer]: [+_+]
[13:42:41] [Server thread/INFO] [minecraft/GameTestServer]: [+_+]
[13:42:41] [Server thread/INFO] [minecraft/GameTestServer]: [+_+]
[13:42:42] [Server thread/INFO] [minecraft/GameTestServer]: [+_+]
[13:42:42] [Server thread/INFO] [minecraft/MinecraftServer]: Подготовка грунта: 67%, изменено блоков: 1881592
[13:42:42] [Server thread/INFO] [minecraft/GameTestServer]: [+_+]
[13:42:42] [Server thread/INFO] [minecraft/GameTestServer]: [+_+]
[13:42:42] [Server thread/INFO] [minecraft/GameTestServer]: [+_+]
[13:42:42] [Server thread/INFO] [minecraft/GameTestServer]: [+_+]
[13:42:42] [Server thread/INFO] [minecraft/GameTestServer]: [+_+]
[13:42:42] [Server thread/INFO] [minecraft/MinecraftServer]: Подготовка грунта: 73%, изменено блоков: 2092516
[13:42:42] [Server thread/INFO] [minecraft/GameTestServer]: [+_+]
[13:42:42] [Server thread/INFO] [minecraft/GameTestServer]: [+_+]
[13:42:42] [Server thread/INFO] [minecraft/GameTestServer]: [+_+]
[13:42:42] [Server thread/INFO] [minecraft/GameTestServer]: [+_+]
[13:42:43] [Server thread/INFO] [minecraft/GameTestServer]: [+_+]
[13:42:43] [Server thread/INFO] [minecraft/MinecraftServer]: Подготовка грунта: 80%, изменено блоков: 2326592
[13:42:43] [Server thread/INFO] [minecraft/GameTestServer]: [+_+]
[13:42:43] [Server thread/INFO] [minecraft/GameTestServer]: [+_+]
[13:42:43] [Server thread/INFO] [minecraft/GameTestServer]: [+_+]
[13:42:43] [Server thread/INFO] [minecraft/GameTestServer]: [+_+]
[13:42:43] [Server thread/INFO] [minecraft/GameTestServer]: [+_+]
[13:42:43] [Server thread/INFO] [minecraft/MinecraftServer]: Подготовка грунта: 95%, изменено блоков: 2543962
[13:42:43] [Server thread/INFO] [minecraft/MinecraftServer]: Территория подготовлена. Размещается структура...
[13:42:43] [Server thread/INFO] [minecraft/GameTestServer]: [+_+]
[13:42:44] [Server thread/INFO] [minecraft/GameTestServer]: [+_+]
[13:42:44] [Server thread/INFO] [minecraft/GameTestServer]: [+_+]
[13:42:44] [Server thread/INFO] [minecraft/GameTestServer]: [+_+]
[13:42:44] [Server thread/INFO] [minecraft/GameTestServer]: [+_+]
[13:42:44] [Server thread/INFO] [minecraft/MinecraftServer]: Размещение структуры: 2%, изменено блоков: 2546491
[13:42:44] [Server thread/INFO] [minecraft/GameTestServer]: [+_+]
[13:42:45] [Server thread/INFO] [minecraft/GameTestServer]: [+_+]
[13:42:45] [Server thread/INFO] [minecraft/GameTestServer]: [+_+]
[13:42:45] [Server thread/INFO] [minecraft/GameTestServer]: [+_+]
[13:42:45] [Server thread/INFO] [minecraft/GameTestServer]: [+_+]
[13:42:45] [Server thread/INFO] [minecraft/MinecraftServer]: Размещение структуры: 5%, изменено блоков: 2546491
[13:42:45] [Server thread/INFO] [minecraft/GameTestServer]: [+_+]
[13:42:45] [Server thread/INFO] [minecraft/GameTestServer]: [+_+]
[13:42:45] [Server thread/INFO] [minecraft/GameTestServer]: [+_+]
[13:42:45] [Server thread/INFO] [minecraft/GameTestServer]: [+_+]
[13:42:45] [Server thread/INFO] [minecraft/GameTestServer]: [+_+]
[13:42:45] [Server thread/INFO] [minecraft/MinecraftServer]: Размещение структуры: 8%, изменено блоков: 2546491
[13:42:45] [Server thread/INFO] [minecraft/GameTestServer]: [+_+]
[13:42:45] [Server thread/INFO] [minecraft/GameTestServer]: [+_+]
[13:42:45] [Server thread/INFO] [minecraft/GameTestServer]: [+_+]
[13:42:45] [Server thread/INFO] [minecraft/GameTestServer]: [+_+]
[13:42:45] [Server thread/INFO] [minecraft/GameTestServer]: [+_+]
[13:42:45] [Server thread/INFO] [minecraft/MinecraftServer]: Размещение структуры: 11%, изменено блоков: 2546491
[13:42:45] [Server thread/INFO] [minecraft/GameTestServer]: [+_+]
[13:42:45] [Server thread/INFO] [minecraft/GameTestServer]: [+_+]
[13:42:45] [Server thread/INFO] [minecraft/GameTestServer]: [+_+]
[13:42:45] [Server thread/INFO] [minecraft/GameTestServer]: [+_+]
[13:42:46] [Server thread/INFO] [minecraft/GameTestServer]: [+_+]
[13:42:46] [Server thread/INFO] [minecraft/MinecraftServer]: Размещение структуры: 14%, изменено блоков: 2546491
[13:42:46] [Server thread/INFO] [minecraft/GameTestServer]: [+_+]
[13:42:46] [Server thread/INFO] [minecraft/GameTestServer]: [+_+]
[13:42:46] [Server thread/INFO] [minecraft/GameTestServer]: [+_+]
[13:42:46] [Server thread/INFO] [minecraft/GameTestServer]: [+_+]
[13:42:46] [Server thread/INFO] [minecraft/GameTestServer]: [+_+]
[13:42:46] [Server thread/INFO] [minecraft/MinecraftServer]: Размещение структуры: 17%, изменено блоков: 2546491
[13:42:46] [Server thread/INFO] [minecraft/GameTestServer]: [+_+]
[13:42:46] [Server thread/INFO] [minecraft/GameTestServer]: [+_+]
[13:42:46] [Server thread/INFO] [minecraft/GameTestServer]: [+_+]
[13:42:46] [Server thread/INFO] [minecraft/GameTestServer]: [+_+]
[13:42:46] [Server thread/INFO] [minecraft/GameTestServer]: [+_+]
[13:42:46] [Server thread/INFO] [minecraft/MinecraftServer]: Размещение структуры: 20%, изменено блоков: 2546491
[13:42:46] [Server thread/INFO] [minecraft/GameTestServer]: [+_+]
[13:42:46] [Server thread/INFO] [minecraft/GameTestServer]: [+_+]
[13:42:46] [Server thread/INFO] [minecraft/GameTestServer]: [+_+]
[13:42:46] [Server thread/INFO] [minecraft/GameTestServer]: [+_+]
[13:42:47] [Server thread/INFO] [minecraft/GameTestServer]: [+_+]
[13:42:47] [Server thread/INFO] [minecraft/MinecraftServer]: Размещение структуры: 23%, изменено блоков: 2546491
[13:42:47] [Server thread/INFO] [minecraft/GameTestServer]: [+_+]
[13:42:47] [Server thread/INFO] [minecraft/GameTestServer]: [+_+]
[13:42:47] [Server thread/INFO] [minecraft/GameTestServer]: [+_+]
[13:42:47] [Server thread/INFO] [minecraft/GameTestServer]: [+_+]
[13:42:47] [Server thread/INFO] [minecraft/GameTestServer]: [+_+]
[13:42:47] [Server thread/INFO] [minecraft/MinecraftServer]: Размещение структуры: 26%, изменено блоков: 2546491
[13:42:47] [Server thread/INFO] [minecraft/GameTestServer]: [+_+]
[13:42:47] [Server thread/INFO] [minecraft/GameTestServer]: [+_+]
[13:42:47] [Server thread/INFO] [minecraft/GameTestServer]: [+_+]
[13:42:47] [Server thread/INFO] [minecraft/GameTestServer]: [+_+]
[13:42:47] [Server thread/INFO] [minecraft/GameTestServer]: [+_+]
[13:42:47] [Server thread/INFO] [minecraft/MinecraftServer]: Размещение структуры: 29%, изменено блоков: 2546491
[13:42:47] [Server thread/INFO] [minecraft/GameTestServer]: [+_+]
[13:42:47] [Server thread/INFO] [minecraft/GameTestServer]: [+_+]
[13:42:47] [Server thread/INFO] [minecraft/GameTestServer]: [+_+]
[13:42:47] [Server thread/INFO] [minecraft/GameTestServer]: [+_+]
[13:42:47] [Server thread/INFO] [minecraft/GameTestServer]: [+_+]
[13:42:47] [Server thread/INFO] [minecraft/MinecraftServer]: Размещение структуры: 32%, изменено блоков: 2546491
[13:42:48] [Server thread/INFO] [minecraft/GameTestServer]: [+_+]
[13:42:48] [Server thread/INFO] [minecraft/GameTestServer]: [+_+]
[13:42:48] [Server thread/INFO] [minecraft/GameTestServer]: [+_+]
[13:42:48] [Server thread/INFO] [minecraft/GameTestServer]: [+_+]
[13:42:48] [Server thread/INFO] [minecraft/GameTestServer]: [+_+]
[13:42:48] [Server thread/INFO] [minecraft/MinecraftServer]: Размещение структуры: 34%, изменено блоков: 2546491
[13:42:48] [Server thread/INFO] [minecraft/GameTestServer]: [+_+]
[13:42:48] [Server thread/INFO] [minecraft/GameTestServer]: [+_+]
[13:42:48] [Server thread/INFO] [minecraft/GameTestServer]: [+_+]
[13:42:48] [Server thread/INFO] [minecraft/GameTestServer]: [+_+]
[13:42:48] [Server thread/INFO] [minecraft/GameTestServer]: [+_+]
[13:42:48] [Server thread/INFO] [minecraft/MinecraftServer]: Размещение структуры: 37%, изменено блоков: 2546491
[13:42:48] [Server thread/INFO] [minecraft/GameTestServer]: [+_+]
[13:42:48] [Server thread/INFO] [minecraft/GameTestServer]: [+_+]
[13:42:48] [Server thread/INFO] [minecraft/GameTestServer]: [+_+]
[13:42:48] [Server thread/INFO] [minecraft/GameTestServer]: [+_+]
[13:42:48] [Server thread/INFO] [minecraft/GameTestServer]: [+_+]
[13:42:48] [Server thread/INFO] [minecraft/MinecraftServer]: Размещение структуры: 40%, изменено блоков: 2546491
[13:42:48] [Server thread/INFO] [minecraft/GameTestServer]: [+_+]
[13:42:49] [Server thread/INFO] [minecraft/GameTestServer]: [+_+]
[13:42:49] [Server thread/INFO] [minecraft/GameTestServer]: [+_+]
[13:42:49] [Server thread/INFO] [minecraft/GameTestServer]: [+_+]
[13:42:49] [Server thread/INFO] [minecraft/GameTestServer]: [+_+]
[13:42:49] [Server thread/INFO] [minecraft/MinecraftServer]: Размещение структуры: 43%, изменено блоков: 2546491
[13:42:49] [Server thread/INFO] [minecraft/GameTestServer]: [+_+]
[13:42:49] [Server thread/INFO] [minecraft/GameTestServer]: [+_+]
[13:42:49] [Server thread/INFO] [minecraft/GameTestServer]: [+_+]
[13:42:49] [Server thread/INFO] [minecraft/GameTestServer]: [+_+]
[13:42:49] [Server thread/INFO] [minecraft/GameTestServer]: [+_+]
[13:42:49] [Server thread/INFO] [minecraft/MinecraftServer]: Размещение структуры: 46%, изменено блоков: 2546491
[13:42:49] [Server thread/INFO] [minecraft/GameTestServer]: [+_+]
[13:42:49] [Server thread/INFO] [minecraft/GameTestServer]: [+_+]
[13:42:49] [Server thread/INFO] [minecraft/GameTestServer]: [+_+]
[13:42:49] [Server thread/INFO] [minecraft/GameTestServer]: [+_+]
[13:42:49] [Server thread/INFO] [minecraft/GameTestServer]: [+_+]
[13:42:49] [Server thread/INFO] [minecraft/MinecraftServer]: Размещение структуры: 49%, изменено блоков: 2546491
[13:42:49] [Server thread/INFO] [minecraft/GameTestServer]: [+_+]
[13:42:49] [Server thread/INFO] [minecraft/GameTestServer]: [+_+]
[13:42:50] [Server thread/INFO] [minecraft/GameTestServer]: [+_+]
[13:42:50] [Server thread/INFO] [minecraft/GameTestServer]: [+_+]
[13:42:50] [Server thread/INFO] [minecraft/GameTestServer]: [+_+]
[13:42:50] [Server thread/INFO] [minecraft/MinecraftServer]: Размещение структуры: 52%, изменено блоков: 2546491
[13:42:50] [Server thread/INFO] [minecraft/GameTestServer]: [+_+]
[13:42:50] [Server thread/INFO] [minecraft/GameTestServer]: [+_+]
[13:42:50] [Server thread/INFO] [minecraft/GameTestServer]: [+_+]
[13:42:50] [Server thread/INFO] [minecraft/GameTestServer]: [+_+]
[13:42:50] [Server thread/INFO] [minecraft/GameTestServer]: [+_+]
[13:42:50] [Server thread/INFO] [minecraft/MinecraftServer]: Размещение структуры: 55%, изменено блоков: 2546491
[13:42:50] [Server thread/INFO] [minecraft/GameTestServer]: [+_+]
[13:42:50] [Server thread/INFO] [minecraft/GameTestServer]: [+_+]
[13:42:50] [Server thread/INFO] [minecraft/GameTestServer]: [+_+]
[13:42:50] [Server thread/INFO] [minecraft/GameTestServer]: [+_+]
[13:42:50] [Server thread/INFO] [minecraft/GameTestServer]: [+_+]
[13:42:50] [Server thread/INFO] [minecraft/MinecraftServer]: Размещение структуры: 58%, изменено блоков: 2546491
[13:42:50] [Server thread/INFO] [minecraft/GameTestServer]: [+_+]
[13:42:51] [Server thread/INFO] [minecraft/GameTestServer]: [+_+]
[13:42:51] [Server thread/INFO] [minecraft/GameTestServer]: [+_+]
[13:42:51] [Server thread/INFO] [minecraft/GameTestServer]: [+_+]
[13:42:51] [Server thread/INFO] [minecraft/GameTestServer]: [+_+]
[13:42:51] [Server thread/INFO] [minecraft/MinecraftServer]: Размещение структуры: 61%, изменено блоков: 2546491
[13:42:51] [Server thread/INFO] [minecraft/GameTestServer]: [+_+]
[13:42:51] [Server thread/INFO] [minecraft/GameTestServer]: [+_+]
[13:42:51] [Server thread/INFO] [minecraft/GameTestServer]: [+_+]
[13:42:51] [Server thread/INFO] [minecraft/GameTestServer]: [+_+]
[13:42:51] [Server thread/INFO] [minecraft/GameTestServer]: [+_+]
[13:42:51] [Server thread/INFO] [minecraft/MinecraftServer]: Размещение структуры: 64%, изменено блоков: 2546491
[13:42:51] [Server thread/INFO] [minecraft/GameTestServer]: [+_+]
[13:42:51] [Server thread/INFO] [minecraft/GameTestServer]: [+_+]
[13:42:51] [Server thread/INFO] [minecraft/GameTestServer]: [+_+]
[13:42:51] [Server thread/INFO] [minecraft/GameTestServer]: [+_+]
[13:42:51] [Server thread/INFO] [minecraft/GameTestServer]: [+_+]
[13:42:51] [Server thread/INFO] [minecraft/MinecraftServer]: Размещение структуры: 67%, изменено блоков: 2546491
[13:42:51] [Server thread/INFO] [minecraft/GameTestServer]: [+_+]
[13:42:52] [Server thread/INFO] [minecraft/GameTestServer]: [+_+]
[13:42:52] [Server thread/INFO] [minecraft/GameTestServer]: [+_+]
[13:42:52] [Server thread/INFO] [minecraft/GameTestServer]: [+_+]
[13:42:52] [Server thread/INFO] [minecraft/GameTestServer]: [+_+]
[13:42:52] [Server thread/INFO] [minecraft/MinecraftServer]: Размещение структуры: 70%, изменено блоков: 2546491
[13:42:52] [Server thread/INFO] [minecraft/GameTestServer]: [+_+]
[13:42:52] [Server thread/INFO] [minecraft/GameTestServer]: [+_+]
[13:42:52] [Server thread/INFO] [minecraft/GameTestServer]: [+_+]
[13:42:52] [Server thread/INFO] [minecraft/GameTestServer]: [+_+]
[13:42:52] [Server thread/INFO] [minecraft/GameTestServer]: [+_+]
[13:42:52] [Server thread/INFO] [minecraft/MinecraftServer]: Размещение структуры: 72%, изменено блоков: 2546491
[13:42:52] [Server thread/INFO] [minecraft/GameTestServer]: [+_+]
[13:42:52] [Server thread/INFO] [minecraft/GameTestServer]: [+_+]
[13:42:52] [Server thread/INFO] [minecraft/GameTestServer]: [+_+]
[13:42:52] [Server thread/INFO] [minecraft/GameTestServer]: [+_+]
[13:42:52] [Server thread/INFO] [minecraft/GameTestServer]: [+_+]
[13:42:52] [Server thread/INFO] [minecraft/MinecraftServer]: Размещение структуры: 75%, изменено блоков: 2546491
[13:42:52] [Server thread/INFO] [minecraft/GameTestServer]: [+_+]
[13:42:52] [Server thread/INFO] [minecraft/GameTestServer]: [+_+]
[13:42:53] [Server thread/INFO] [minecraft/GameTestServer]: [+_+]
[13:42:53] [Server thread/INFO] [minecraft/GameTestServer]: [+_+]
[13:42:53] [Server thread/INFO] [minecraft/GameTestServer]: [+_+]
[13:42:53] [Server thread/INFO] [minecraft/MinecraftServer]: Размещение структуры: 78%, изменено блоков: 2546491
[13:42:53] [Server thread/INFO] [minecraft/GameTestServer]: [+_+]
[13:42:53] [Server thread/INFO] [minecraft/GameTestServer]: [+_+]
[13:42:53] [Server thread/INFO] [minecraft/GameTestServer]: [+_+]
[13:42:53] [Server thread/INFO] [minecraft/GameTestServer]: [+_+]
[13:42:53] [Server thread/INFO] [minecraft/GameTestServer]: [+_+]
[13:42:53] [Server thread/INFO] [minecraft/MinecraftServer]: Размещение структуры: 81%, изменено блоков: 2546491
[13:42:53] [Server thread/INFO] [minecraft/GameTestServer]: [+_+]
[13:42:53] [Server thread/INFO] [minecraft/GameTestServer]: [+_+]
[13:42:53] [Server thread/INFO] [minecraft/GameTestServer]: [+_+]
[13:42:53] [Server thread/INFO] [minecraft/GameTestServer]: [+_+]
[13:42:53] [Server thread/INFO] [minecraft/GameTestServer]: [+_+]
[13:42:53] [Server thread/INFO] [minecraft/MinecraftServer]: Размещение структуры: 84%, изменено блоков: 2546491
[13:42:53] [Server thread/INFO] [minecraft/GameTestServer]: [+_+]
[13:42:53] [Server thread/INFO] [minecraft/GameTestServer]: [+_+]
[13:42:54] [Server thread/INFO] [minecraft/GameTestServer]: [+_+]
[13:42:54] [Server thread/INFO] [minecraft/GameTestServer]: [+_+]
[13:42:54] [Server thread/INFO] [minecraft/GameTestServer]: [+_+]
[13:42:54] [Server thread/INFO] [minecraft/MinecraftServer]: Размещение структуры: 87%, изменено блоков: 2546491
[13:42:54] [Server thread/INFO] [minecraft/GameTestServer]: [+_+]
[13:42:54] [Server thread/INFO] [minecraft/GameTestServer]: [+_+]
[13:42:54] [Server thread/INFO] [minecraft/GameTestServer]: [+_+]
[13:42:54] [Server thread/INFO] [minecraft/GameTestServer]: [+_+]
[13:42:54] [Server thread/INFO] [minecraft/GameTestServer]: [+_+]
[13:42:54] [Server thread/INFO] [minecraft/MinecraftServer]: Размещение структуры: 90%, изменено блоков: 2546491
[13:42:54] [Server thread/INFO] [minecraft/GameTestServer]: [+_+]
[13:42:54] [Server thread/INFO] [minecraft/GameTestServer]: [+_+]
[13:42:54] [Server thread/INFO] [minecraft/GameTestServer]: [+_+]
[13:42:54] [Server thread/INFO] [minecraft/GameTestServer]: [+_+]
[13:42:54] [Server thread/INFO] [minecraft/GameTestServer]: [+_+]
[13:42:54] [Server thread/INFO] [minecraft/MinecraftServer]: Размещение структуры: 93%, изменено блоков: 2546491
[13:42:54] [Server thread/INFO] [minecraft/GameTestServer]: [+_+]
[13:42:54] [Server thread/INFO] [minecraft/GameTestServer]: [+_+]
[13:42:55] [Server thread/INFO] [minecraft/GameTestServer]: [+_+]
[13:42:55] [Server thread/INFO] [minecraft/GameTestServer]: [+_+]
[13:42:55] [Server thread/INFO] [minecraft/GameTestServer]: [+_+]
[13:42:55] [Server thread/INFO] [minecraft/MinecraftServer]: Размещение структуры: 96%, изменено блоков: 2546491
[13:42:55] [Server thread/INFO] [minecraft/GameTestServer]: [+_+]
[13:42:55] [Server thread/INFO] [minecraft/GameTestServer]: [+_+]
[13:42:55] [Server thread/INFO] [minecraft/GameTestServer]: [+_+]
[13:42:55] [Server thread/INFO] [minecraft/GameTestServer]: [+_+]
[13:42:55] [Server thread/INFO] [minecraft/GameTestServer]: [+_+]
[13:42:55] [Server thread/INFO] [minecraft/MinecraftServer]: Размещение структуры: 99%, изменено блоков: 2546491
[13:42:55] [Server thread/INFO] [minecraft/GameTestServer]: [+_+]
[13:42:55] [Server thread/INFO] [minecraft/MinecraftServer]: Структура создана: 104960, 1, 31874
[13:42:55] [Server thread/ERROR] [minecraft/LogTestReporter]: commandsandencounters failed at -3186484, -60, -9393433! Seal cannot open
[13:42:55] [Server thread/INFO] [minecraft/GameTestServer]: [+X+]
[13:42:55] [Server thread/INFO] [minecraft/GameTestServer]: ========= 3 GAME TESTS COMPLETE IN 42.40 s ======================
[13:42:55] [Server thread/INFO] [minecraft/GameTestServer]: 1 required tests failed :(
[13:42:55] [Server thread/INFO] [minecraft/GameTestServer]:    - commandsandencounters
[13:42:55] [Server thread/INFO] [minecraft/GameTestServer]: ====================================================
[13:42:55] [Server thread/INFO] [minecraft/MinecraftServer]: Stopping server
[13:42:55] [Server thread/INFO] [minecraft/MinecraftServer]: Saving players
[13:42:55] [Server thread/INFO] [minecraft/MinecraftServer]: Saving worlds
[13:42:56] [Server thread/INFO] [minecraft/MinecraftServer]: Saving chunks for level 'ServerLevel[Test Level]'/minecraft:overworld
[13:42:57] [Server thread/INFO] [minecraft/MinecraftServer]: Saving chunks for level 'ServerLevel[Test Level]'/minecraft:the_end
[13:42:57] [Server thread/INFO] [minecraft/MinecraftServer]: Saving chunks for level 'ServerLevel[Test Level]'/minecraft:the_nether
[13:42:57] [Server thread/INFO] [minecraft/MinecraftServer]: ThreadedAnvilChunkStorage (world): All chunks are saved
[13:42:57] [Server thread/INFO] [minecraft/MinecraftServer]: ThreadedAnvilChunkStorage (DIM1): All chunks are saved
[13:42:57] [Server thread/INFO] [minecraft/MinecraftServer]: ThreadedAnvilChunkStorage (DIM-1): All chunks are saved
[13:42:57] [Server thread/INFO] [minecraft/MinecraftServer]: ThreadedAnvilChunkStorage: All dimensions are saved
[13:42:57] [Server thread/INFO] [minecraft/GameTestServer]: Game test server shutting down

> Task :runRuntimeChecks FAILED

[Incubating] Problems report is available at: file:///D:/slavic-myths/build/reports/problems/problems-report.html

FAILURE: Build failed with an exception.

* What went wrong:
Execution failed for task ':runRuntimeChecks'.
> Process 'command 'C:\Program Files\Java\jdk-21.0.12\bin\java.exe'' finished with non-zero exit value 1

* Try:
> Run with --stacktrace option to get the stack trace.
> Run with --info or --debug option to get more log output.
> Run with --scan to generate a Build Scan (powered by Develocity).
> Get more help at https://help.gradle.org.

BUILD FAILED in 1m 10s
9 actionable tasks: 3 executed, 6 up-to-date
