To honour the JVM settings for this build a single-use Daemon process will be forked. For more on this, please refer to https://docs.gradle.org/9.2.1/userguide/gradle_daemon.html#sec:disabling_the_daemon in the Gradle documentation.
Daemon will be stopped at the end of the build 
> Task :createMinecraftArtifacts UP-TO-DATE

> Task :compileJava
Note: Some input files use or override a deprecated API.
Note: Recompile with -Xlint:deprecation for details.

> Task :processResources UP-TO-DATE
> Task :classes
> Task :compilePortCoreJava
> Task :processPortCoreResources NO-SOURCE
> Task :portCoreClasses

> Task :verifyKurgan
WARN StatusConsoleListener Advanced terminal features are not available in this environment
PASS: 1200 seeded plans, physical bounds/connectors, 10 module categories, loops, chunk-safe coffins, closed tomb shells, plan/instance/curse NBT, encounter lifecycle, 900 tier/disturbance rosters and six fixed combat profiles; 9973 ms. Minecraft launches: 0.

> Task :verifyKurganRework
KURGAN_V2_TIER_PASS tier=0 samples=50 nodes=8..8 loops=1..1 rewards=3..3 meanOptional=25.0
WARN StatusConsoleListener Advanced terminal features are not available in this environment
KURGAN_V2_TIER_PASS tier=1 samples=50 nodes=23..23 loops=3..3 rewards=9..9 meanOptional=39.13043478260873
KURGAN_V2_TIER_PASS tier=2 samples=50 nodes=33..43 loops=5..7 rewards=13..17 meanOptional=44.79492600422833
KURGAN_V2_HEADLESS_PASS plans=150 archetypes=14 legacyVersions=1,2 clientLaunches=0

[Incubating] Problems report is available at: file:///D:/slavic-myths/build/reports/problems/problems-report.html

BUILD SUCCESSFUL in 27s
6 actionable tasks: 4 executed, 2 up-to-date
Consider enabling configuration cache to speed up this build: https://docs.gradle.org/9.2.1/userguide/configuration_cache_enabling.html
