To honour the JVM settings for this build a single-use Daemon process will be forked. For more on this, please refer to https://docs.gradle.org/9.2.1/userguide/gradle_daemon.html#sec:disabling_the_daemon in the Gradle documentation.
Daemon will be stopped at the end of the build 
> Task :createMinecraftArtifacts UP-TO-DATE
> Task :compilePortCoreJava
> Task :processPortCoreResources NO-SOURCE
> Task :portCoreClasses

> Task :verifyKurganRework
KURGAN_V2_TIER_PASS tier=0 samples=50 nodes=8..8 loops=1..1 rewards=3..3 meanOptional=25.0
KURGAN_V2_TIER_PASS tier=1 samples=50 nodes=23..23 loops=3..3 rewards=9..9 meanOptional=39.13043478260873
KURGAN_V2_TIER_PASS tier=2 samples=50 nodes=33..43 loops=5..7 rewards=13..17 meanOptional=44.79492600422833
KURGAN_V2_HEADLESS_PASS plans=150 archetypes=14 legacyVersions=1,2 clientLaunches=0

> Task :verifyHunt
WARN StatusConsoleListener Advanced terminal features are not available in this environment
PASS: World Bosses regional coverage and negative coordinates; deterministic anchors and 35% policy; bounded side/back alignment; phase boundaries; active UUID persistence and seven-day death cooldown.
PASS: Hunt I+II four targets/legacy migration/rain/fall/push contracts; HuntRecords owner/UUID/cooldown/NBT, unloaded ACTIVE preservation, CLEARED lifecycle, bonus schedules, bounded timings and independent nested pouch NBT. Minecraft launches: 0; GUI/AI runtime not tested.

> Task :verifyKurgan
WARN StatusConsoleListener Advanced terminal features are not available in this environment
PASS: 1200 seeded plans, physical bounds/connectors, 10 module categories, loops, chunk-safe coffins, closed tomb shells, plan/instance/curse NBT, encounter lifecycle, 900 tier/disturbance rosters and six fixed combat profiles; 16931 ms. Minecraft launches: 0.

> Task :verifyPortData
WARN StatusConsoleListener Advanced terminal features are not available in this environment
PASS: exact old hut blueprint, 64 bounded seeded candidates at negative/positive coordinates, rune NBT isolation, pool SavedData roundtrip. Target 1.21.1 API; no Minecraft launch. ItemStack components, full mod boot and world placement remain unverified.

> Task :verifyPortCore

> Task :compileJava
Note: Some input files use or override a deprecated API.
Note: Recompile with -Xlint:deprecation for details.

> Task :processResources
> Task :classes
> Task :compileKurganCheckJava
> Task :processKurganCheckResources UP-TO-DATE
> Task :kurganCheckClasses

> Task :verifyNavigation
WARN StatusConsoleListener Advanced terminal features are not available in this environment
NAVIGATION_HEADLESS_PASS Statistics[samples=1000, minRadius=180, meanRadius=391.032, maxRadius=699, minFraction=0.30140274471224837, meanFraction=0.6716825690190789, maxFraction=0.949817881779704, inner25=0, middle25to50=110, outer50to85=757, edge85to95=133, outside=0]

> Task :verifyPortComponents
WARN StatusConsoleListener Advanced terminal features are not available in this environment
PASS: immutable rune values, JSON/packet codec, invalid data rejection and every horn target ID

> Task :verifyPortPayloads
WARN StatusConsoleListener Advanced terminal features are not available in this environment
PASS: payload codecs, copied RPG NBT, finite controls and truncation. No mod/network/game bootstrap.

> Task :verifyPortGeometry
WARN StatusConsoleListener Advanced terminal features are not available in this environment
PASS: real ModelPart CPU vertices, fractional boxes, hierarchy/pivots, UV atlas, opacity and visibility. In-game visuals remain MANUAL.

[Incubating] Problems report is available at: file:///D:/slavic-myths/build/reports/problems/problems-report.html

BUILD SUCCESSFUL in 1m 19s
14 actionable tasks: 12 executed, 2 up-to-date
Consider enabling configuration cache to speed up this build: https://docs.gradle.org/9.2.1/userguide/configuration_cache_enabling.html
