To honour the JVM settings for this build a single-use Daemon process will be forked. For more on this, please refer to https://docs.gradle.org/9.2.1/userguide/gradle_daemon.html#sec:disabling_the_daemon in the Gradle documentation.
Daemon will be stopped at the end of the build 
> Task :createMinecraftArtifacts UP-TO-DATE

> Task :compileJava
Note: D:\slavic-myths\src\main\java\org\slavicmyths\kurgan\KurganEncounters.java uses or overrides a deprecated API.
Note: Recompile with -Xlint:deprecation for details.

> Task :processResources UP-TO-DATE
> Task :classes

> Task :compilePortCoreJava
Note: Some input files use or override a deprecated API.
Note: Recompile with -Xlint:deprecation for details.

> Task :processPortCoreResources NO-SOURCE
> Task :portCoreClasses

> Task :verifyKurgan
WARN StatusConsoleListener Advanced terminal features are not available in this environment
Exception in thread "main" java.lang.IllegalStateException: No legal room for DRUZHINNIK in tier 0 seed 3
	at org.slavicmyths.kurgan.KurganRoster.assign(KurganRoster.java:41)
	at org.slavicmyths.kurgan.KurganInstance.population(KurganInstance.java:10)
	at org.slavicmyths.kurgan.KurganRoster.roster(KurganRoster.java:57)
	at org.slavicmyths.verify.KurganHeadless.creatures(KurganHeadless.java:52)
	at org.slavicmyths.verify.KurganHeadless.main(KurganHeadless.java:28)

> Task :verifyKurgan FAILED

[Incubating] Problems report is available at: file:///D:/slavic-myths/build/reports/problems/problems-report.html

FAILURE: Build failed with an exception.

* What went wrong:
Execution failed for task ':verifyKurgan'.
> Process 'command 'C:\Program Files\Java\jdk-21.0.12\bin\java.exe'' finished with non-zero exit value 1

* Try:
> Run with --stacktrace option to get the stack trace.
> Run with --info or --debug option to get more log output.
> Run with --scan to generate a Build Scan (powered by Develocity).
> Get more help at https://help.gradle.org.

BUILD FAILED in 22s
5 actionable tasks: 3 executed, 2 up-to-date
