To honour the JVM settings for this build a single-use Daemon process will be forked. For more on this, please refer to https://docs.gradle.org/9.2.1/userguide/gradle_daemon.html#sec:disabling_the_daemon in the Gradle documentation.
Daemon will be stopped at the end of the build 
> Task :createMinecraftArtifacts UP-TO-DATE
> Task :compileJava UP-TO-DATE
> Task :processResources UP-TO-DATE
> Task :classes UP-TO-DATE

> Task :compileKurganCheckJava

> Task :processKurganCheckResources UP-TO-DATE
> Task :kurganCheckClasses
Note: D:\slavic-myths\tools\kurgan-tests\org\slavicmyths\kurgan\KurganEarthworkGameTests.java uses or overrides a deprecated API.
Note: Recompile with -Xlint:deprecation for details.
> Task :downloadAssets UP-TO-DATE
> Task :writeRuntimeChecksLegacyClasspath UP-TO-DATE
> Task :prepareRuntimeChecksRun UP-TO-DATE

> Task :runRuntimeChecks
WARN StatusConsoleListener Advanced terminal features are not available in this environment
[01:26:55] [main/INFO] [cp.mo.mo.Launcher/MODLAUNCHER]: ModLauncher running: args [--launchTarget, forgeserverdev, --gameDir, ., --fml.fmlVersion, 4.0.45, --fml.mcVersion, 1.21.1, --fml.neoForgeVersion, 21.1.255, --fml.neoFormVersion, 20240808.144430]
[01:26:55] [main/INFO] [cp.mo.mo.Launcher/MODLAUNCHER]: JVM identified as Oracle Corporation Java HotSpot(TM) 64-Bit Server VM 21.0.12+7-LTS-205
[01:26:55] [main/INFO] [cp.mo.mo.Launcher/MODLAUNCHER]: ModLauncher 11.0.5+main.901c6ea8 starting: java version 21.0.12 by Oracle Corporation; OS Windows 10 arch amd64 version 10.0
[01:26:55] [main/INFO] [ne.ne.fm.lo.ImmediateWindowHandler/]: ImmediateWindowProvider not loading because launch target is forgeserverdev
[01:26:55] [main/INFO] [mixin/]: SpongePowered MIXIN Subsystem Version=0.8.7 Source=union:/C:/Users/pavel/.gradle/caches/modules-2/files-2.1/net.fabricmc/sponge-mixin/0.16.4+mixin.0.8.7/26d01f0567ab46e9ca0d2ed89d0ecc11aadbd433/sponge-mixin-0.16.4+mixin.0.8.7.jar%2394!/ Service=ModLauncher Env=SERVER
[01:26:55] [main/INFO] [ne.ne.fm.lo.mo.lo.JarInJarDependencyLocator/]: Found 3 dependencies adding them to mods collection
[01:26:55] [main/INFO] [ne.ne.fm.lo.mo.ModDiscoverer/]: 
     Mod List:
		Name Version (Mod Id)

		Curios API 9.5.1+1.21.1 (curios)
		FallingTree 1.21.1.11 (fallingtree)
		Jade 15.10.6+neoforge (jade)
		Just Enough Items 19.51.0.418 (jei)
		Minecraft 1.21.1 (minecraft)
		NeoForge 21.1.255 (neoforge)
		Slavic Myths 0.9.7 (slavicmyths)
		Xaero's Minimap 26.5.0 (xaerominimap)
		Xaero's World Map 1.45.0 (xaeroworldmap)
		XaeroLib 1.7.1 (xaerolib)
[01:26:55] [main/INFO] [ne.ne.fm.lo.FMLServiceProvider/CORE]: Loading coremod script-engine for [xaerominimap, xaeroworldmap]
[01:26:56] [main/INFO] [mixin/]: Compatibility level set to JAVA_17
[01:26:56] [main/INFO] [mixin/]: Compatibility level set to JAVA_21
[01:26:56] [main/INFO] [cp.mo.mo.LaunchServiceHandler/MODLAUNCHER]: Launching target 'forgeserverdev' with arguments [--gameDir, .]
[01:26:56] [main/WARN] [mixin/]: Reference map 'xaerolib.refmap.json' for xaerolib.mixins.json could not be read. If this is a development environment you can ignore this message
[01:26:56] [main/WARN] [mixin/]: Reference map 'curios.refmap.json' for curios.neoforge.mixins.json could not be read. If this is a development environment you can ignore this message
[01:26:56] [main/WARN] [mixin/]: Reference map 'curios.refmap.json' for curios.mixins.json could not be read. If this is a development environment you can ignore this message
[01:26:56] [main/WARN] [mixin/]: Reference map 'xaerominimap.refmap.json' for xaerohud.mixins.json could not be read. If this is a development environment you can ignore this message
[01:26:56] [main/WARN] [mixin/]: Reference map 'xaerominimap.refmap.json' for xaerominimap.mixins.json could not be read. If this is a development environment you can ignore this message
[01:26:56] [main/WARN] [mixin/]: Reference map 'xaeroworldmap.refmap.json' for xaeroworldmap.mixins.json could not be read. If this is a development environment you can ignore this message
[01:26:57] [main/WARN] [os.dr.wi.pe.PerfmonDisabled/]: Invalid registry value type detected for PerfOS counters. Should be REG_DWORD. Ignoring: HKEY_LOCAL_MACHINE\SYSTEM\CurrentControlSet\Services\PerfOS\Performance\Disable Performance Counters.
[01:26:57] [main/INFO] [MixinExtras|Service/]: Initializing MixinExtras via com.llamalad7.mixinextras.service.MixinExtrasServiceImpl(version=0.5.5).
[01:27:01] [main/WARN] [minecraft/Commands]: Ambiguity between arguments [teleport, location] and [teleport, destination] with inputs: [0.1 -0.5 .9, 0 0 0]
[01:27:01] [main/WARN] [minecraft/Commands]: Ambiguity between arguments [teleport, location] and [teleport, targets] with inputs: [0.1 -0.5 .9, 0 0 0]
[01:27:01] [main/WARN] [minecraft/Commands]: Ambiguity between arguments [teleport, destination] and [teleport, targets] with inputs: [Player, 0123, @e, dd12be42-52a9-4a91-a8a1-11c01849e498]
[01:27:01] [main/WARN] [minecraft/Commands]: Ambiguity between arguments [teleport, targets] and [teleport, destination] with inputs: [Player, 0123, dd12be42-52a9-4a91-a8a1-11c01849e498]
[01:27:01] [main/WARN] [minecraft/Commands]: Ambiguity between arguments [teleport, targets, location] and [teleport, targets, destination] with inputs: [0.1 -0.5 .9, 0 0 0]
[01:27:01] [modloading-worker-0/INFO] [ne.ne.ne.co.NeoForgeMod/NEOFORGE-MOD]: NeoForge mod loading, version 21.1.255, for MC 1.21.1
[01:27:01] [modloading-worker-0/INFO] [xa.co.HudMod/]: Registering common data for channel xaerominimap:main!
[01:27:01] [modloading-worker-0/INFO] [xa.co.HudMod/]: Loading primary common config for channel xaerominimap:main!
[01:27:02] [modloading-worker-0/INFO] [xa.co.HudMod/]: Loading server config profiles for channel xaerominimap:main!
[01:27:02] [modloading-worker-0/INFO] [xa.ma.WorldMap/]: Registering common data for channel xaeroworldmap:main!
[01:27:02] [modloading-worker-0/INFO] [xa.ma.WorldMap/]: Loading primary common config for channel xaeroworldmap:main!
[01:27:02] [modloading-worker-0/INFO] [xa.ma.WorldMap/]: Loading server config profiles for channel xaeroworldmap:main!
[01:27:02] [modloading-worker-0/INFO] [xa.li.XaeroLib/]: Registering common data for channel xaerolib:main!
[01:27:02] [modloading-worker-0/INFO] [xa.li.XaeroLib/]: Loading primary common config for channel xaerolib:main!
[01:27:02] [modloading-worker-0/INFO] [xa.li.XaeroLib/]: Loading server config profiles for channel xaerolib:main!
[01:27:02] [modloading-worker-0/INFO] [xa.li.XaeroLib/]: Loading XaeroLib common 1/2!
[01:27:02] [modloading-worker-0/INFO] [xa.mi.XaeroMinimap/]: Loading Xaero's Minimap - Stage 1/2 (Server)
[01:27:02] [modloading-worker-0/INFO] [xa.ma.se.WorldMapServer/]: Loading Xaero's World Map - Stage 1/2 (Server)
[01:27:02] [modloading-worker-0/INFO] [xa.li.XaeroLib/]: Loading XaeroLib server 1/2!
[01:27:02] [modloading-sync-worker/INFO] [xa.ma.se.WorldMapServer/]: Loading Xaero's World Map - Stage 2/2 (Server)
[01:27:02] [modloading-sync-worker/INFO] [xa.li.XaeroLib/]: Loading XaeroLib common 2/2!
[01:27:02] [modloading-sync-worker/INFO] [xa.li.XaeroLib/]: Loading XaeroLib server 2/2!
[01:27:02] [modloading-sync-worker/INFO] [xa.mi.XaeroMinimap/]: Loading Xaero's Minimap - Stage 2/2 (Server)
[01:27:02] [modloading-worker-0/INFO] [sn.ja.Jade/]: Start loading plugin from snownee.jade.addon.vanilla.VanillaPlugin
[01:27:02] [modloading-worker-0/INFO] [sn.ja.Jade/]: Loaded plugin from snownee.jade.addon.vanilla.VanillaPlugin in 22.10 ms
[01:27:02] [modloading-worker-0/INFO] [sn.ja.Jade/]: Start loading plugin from snownee.jade.addon.universal.UniversalPlugin
[01:27:02] [modloading-worker-0/INFO] [sn.ja.Jade/]: Loaded plugin from snownee.jade.addon.universal.UniversalPlugin in 4.377 ms
[01:27:02] [modloading-worker-0/INFO] [sn.ja.Jade/]: Start loading plugin from snownee.jade.addon.debug.DebugPlugin
[01:27:02] [modloading-worker-0/INFO] [sn.ja.Jade/]: Loaded plugin from snownee.jade.addon.debug.DebugPlugin in 16.40 μs
[01:27:02] [modloading-worker-0/INFO] [sn.ja.Jade/]: Start loading plugin from snownee.jade.addon.core.CorePlugin
[01:27:02] [modloading-worker-0/INFO] [sn.ja.Jade/]: Loaded plugin from snownee.jade.addon.core.CorePlugin in 58.90 μs
[01:27:02] [modloading-worker-0/INFO] [sn.ja.Jade/]: Start loading plugin from snownee.jade.addon.access.AccessibilityPlugin
[01:27:02] [modloading-worker-0/INFO] [sn.ja.Jade/]: Loaded plugin from snownee.jade.addon.access.AccessibilityPlugin in 8.900 μs
[01:27:03] [main/INFO] [mojang/YggdrasilAuthenticationService]: Environment: Environment[sessionHost=https://sessionserver.mojang.com, servicesHost=https://api.minecraftservices.com, name=PROD]
[01:27:03] [main/WARN] [minecraft/VanillaPackResourcesBuilder]: Assets URL 'union:/D:/slavic-myths/build/moddev/artifacts/neoforge-21.1.255.jar%23125!/assets/.mcassetsroot' uses unexpected schema
[01:27:03] [main/WARN] [minecraft/VanillaPackResourcesBuilder]: Assets URL 'union:/D:/slavic-myths/build/moddev/artifacts/neoforge-21.1.255.jar%23125!/data/.mcassetsroot' uses unexpected schema
[01:27:03] [main/INFO] [ne.ne.ne.ga.GameTestHooks/]: Enabled Gametest Namespaces: [slavicmyths]
[01:27:04] [main/INFO] [minecraft/RecipeManager]: Loaded 1564 recipes
[01:27:04] [main/INFO] [minecraft/AdvancementTree]: Loaded 1554 advancements
[01:27:04] [main/INFO] [Curios API/]: Loaded 10 curio slots
[01:27:04] [main/INFO] [Curios API/]: Loaded 1 curio entities
[01:27:05] [Server thread/INFO] [minecraft/MinecraftServer]: Preparing start region for dimension minecraft:overworld
[01:27:05] [worldgen/INFO] [minecraft/LoggerChunkProgressListener]: Preparing spawn area: 2%
[01:27:05] [Server thread/INFO] [minecraft/LoggerChunkProgressListener]: Time elapsed: 108 ms
[01:27:05] [Server thread/INFO] [minecraft/GameTestServer]: Started game test server
[01:27:05] [Server thread/INFO] [ne.ne.ne.se.pe.PermissionAPI/]: Successfully initialized permission handler neoforge:default_handler
[01:27:05] [Server thread/INFO] [minecraft/GameTestServer]: 27 tests are now running at position -4222414, -59, -6326075!
[01:27:05] [Server thread/INFO] [minecraft/GameTestRunner]: Running test batch 'defaultBatch:0' (27 tests)...
[01:27:05] [Server thread/INFO] [minecraft/GameTestServer]: [                           ]
COMBAT_POLISH_CLOCK_PASS registeredFighters=12 exclusiveGoal=true everyServerTick=true
CAMP_CHUNK_RETRY_PASS fixtures=3 containers=3 atamans=1 expandedBoundsRetained=true
PORT_RUNTIME_COMPONENTS_PASS
[01:27:06] [Server thread/ERROR] [minecraft/LogTestReporter]: approachhasheadroom failed at -4222384, -60, -6326075! No walkable one-block step / four-block headroom tier=0 z=24597 previous=-49 blocks=[Block{minecraft:air}, Block{minecraft:air}, Block{minecraft:air}, Block{minecraft:air}, Block{minecraft:air}, Block{minecraft:air}, Block{minecraft:air}]
KURGAN_RUNTIME_REGISTRY_TOTALS items=412 blocks=179
KURGAN_RUNTIME_VARIANTS_PASS shapes=25 lootTables=7
SWAMP_RUNTIME_GEOMETRY_PASS shapes=400 bolotnikHP=48
NAVIGATION_HEADLESS_PASS Statistics[samples=1000, minRadius=180, meanRadius=391.032, maxRadius=699, minFraction=0.30140274471224837, meanFraction=0.6716825690190789, maxFraction=0.949817881779704, inner25=0, middle25to50=110, outer50to85=757, edge85to95=133, outside=0]
NAVIGATION_RUNTIME_MODEL_AND_WIRE_PASS
SPIRIT_RUNTIME_ATTACK_WINDOWS_PASS mobs=6 telegraphActiveRecoveryCooldown=true reloadCancels=true animationUsesWorldClock=true atamanHP=150 soloveyHP=250
SWAMP_RUNTIME_NATURE_PASS placed=7 outsideBiomeRejected=true pineWaterRejected=true swampHP=36,72
PORT_RUNTIME_REGISTRIES_PASS checked=794 entities=48
WILDLIFE_CREATIVE_EGGS_PASS oneBear=true oneDeer=true legacyIdsPreserved=true
MOB_RUNTIME_REGISTRY_AUDIT_PASS entries=48
WILDLIFE_RUNTIME_SPAWN_PASS woodlandFloors=25 waterElevations=9 biomeEntries=68
SWAMP_RUNTIME_BIOME_INJECTION_PASS features=5 bolotnikSpawn=true plainsUntouched=true
SWAMP_RUNTIME_THIN_SUPERFLAT_PASS accepted=7
SWAMP_RUNTIME_WORLDGEN_PASS types=7 attempts=7 deepWaterOutsideBiomeRejected=true
UNDERWATER_NATIVE_BED_PLACEMENT_PASS depths=12,24,48 variants=3 accepted=21 negativeBedY=true
PORT_RUNTIME_DATA_PASS recipes=273 loot=267 advancements=154
COVERAGE_ACCEPTED_FLAT_MEASURED family=kurgan seed=0 accepted=792 rejected=43
COVERAGE_ACCEPTED_FLAT_MEASURED family=bandit seed=0 accepted=835 rejected=0
COVERAGE_ACCEPTED_FLAT_MEASURED family=swamp seed=0 accepted=3663 rejected=0
COVERAGE_ACCEPTED_FLAT_MEASURED family=water seed=0 accepted=729 rejected=0
