To honour the JVM settings for this build a single-use Daemon process will be forked. For more on this, please refer to https://docs.gradle.org/9.2.1/userguide/gradle_daemon.html#sec:disabling_the_daemon in the Gradle documentation.
Daemon will be stopped at the end of the build 
> Task :createMinecraftArtifacts UP-TO-DATE

> Task :compileJava
Note: D:\slavic-myths\src\main\java\org\slavicmyths\worldgen\ManualStructureJobs.java uses or overrides a deprecated API.
Note: Recompile with -Xlint:deprecation for details.

> Task :processResources UP-TO-DATE
> Task :classes
> Task :compileKurganCheckJava
> Task :processKurganCheckResources UP-TO-DATE
> Task :kurganCheckClasses
> Task :downloadAssets UP-TO-DATE
> Task :writeRuntimeChecksLegacyClasspath UP-TO-DATE
> Task :prepareRuntimeChecksRun UP-TO-DATE

> Task :runRuntimeChecks
WARN StatusConsoleListener Advanced terminal features are not available in this environment
[09:28:23] [main/INFO] [cp.mo.mo.Launcher/MODLAUNCHER]: ModLauncher running: args [--launchTarget, forgeserverdev, --gameDir, ., --fml.fmlVersion, 4.0.45, --fml.mcVersion, 1.21.1, --fml.neoForgeVersion, 21.1.255, --fml.neoFormVersion, 20240808.144430]
[09:28:23] [main/INFO] [cp.mo.mo.Launcher/MODLAUNCHER]: JVM identified as Oracle Corporation Java HotSpot(TM) 64-Bit Server VM 21.0.12+7-LTS-205
[09:28:23] [main/INFO] [cp.mo.mo.Launcher/MODLAUNCHER]: ModLauncher 11.0.5+main.901c6ea8 starting: java version 21.0.12 by Oracle Corporation; OS Windows 10 arch amd64 version 10.0
[09:28:23] [main/INFO] [ne.ne.fm.lo.ImmediateWindowHandler/]: ImmediateWindowProvider not loading because launch target is forgeserverdev
[09:28:23] [main/INFO] [mixin/]: SpongePowered MIXIN Subsystem Version=0.8.7 Source=union:/C:/Users/pavel/.gradle/caches/modules-2/files-2.1/net.fabricmc/sponge-mixin/0.16.4+mixin.0.8.7/26d01f0567ab46e9ca0d2ed89d0ecc11aadbd433/sponge-mixin-0.16.4+mixin.0.8.7.jar%2394!/ Service=ModLauncher Env=SERVER
[09:28:24] [main/INFO] [ne.ne.fm.lo.mo.lo.JarInJarDependencyLocator/]: Found 2 dependencies adding them to mods collection
[09:28:24] [main/INFO] [ne.ne.fm.lo.mo.ModDiscoverer/]: 
     Mod List:
		Name Version (Mod Id)

		Curios API 9.5.1+1.21.1 (curios)
		Minecraft 1.21.1 (minecraft)
		NeoForge 21.1.255 (neoforge)
		Slavic Myths 0.9.9-dev (slavicmyths)
[09:28:24] [main/INFO] [mixin/]: Compatibility level set to JAVA_21
[09:28:24] [main/INFO] [cp.mo.mo.LaunchServiceHandler/MODLAUNCHER]: Launching target 'forgeserverdev' with arguments [--gameDir, .]
[09:28:25] [main/WARN] [mixin/]: Reference map 'curios.refmap.json' for curios.neoforge.mixins.json could not be read. If this is a development environment you can ignore this message
[09:28:25] [main/WARN] [mixin/]: Reference map 'curios.refmap.json' for curios.mixins.json could not be read. If this is a development environment you can ignore this message
[09:28:25] [main/WARN] [os.dr.wi.pe.PerfmonDisabled/]: Invalid registry value type detected for PerfOS counters. Should be REG_DWORD. Ignoring: HKEY_LOCAL_MACHINE\SYSTEM\CurrentControlSet\Services\PerfOS\Performance\Disable Performance Counters.
[09:28:26] [main/INFO] [MixinExtras|Service/]: Initializing MixinExtras via com.llamalad7.mixinextras.service.MixinExtrasServiceImpl(version=0.5.5).
[09:28:31] [main/WARN] [minecraft/Commands]: Ambiguity between arguments [teleport, location] and [teleport, destination] with inputs: [0.1 -0.5 .9, 0 0 0]
[09:28:31] [main/WARN] [minecraft/Commands]: Ambiguity between arguments [teleport, location] and [teleport, targets] with inputs: [0.1 -0.5 .9, 0 0 0]
[09:28:31] [main/WARN] [minecraft/Commands]: Ambiguity between arguments [teleport, destination] and [teleport, targets] with inputs: [Player, 0123, @e, dd12be42-52a9-4a91-a8a1-11c01849e498]
[09:28:31] [main/WARN] [minecraft/Commands]: Ambiguity between arguments [teleport, targets] and [teleport, destination] with inputs: [Player, 0123, dd12be42-52a9-4a91-a8a1-11c01849e498]
[09:28:31] [main/WARN] [minecraft/Commands]: Ambiguity between arguments [teleport, targets, location] and [teleport, targets, destination] with inputs: [0.1 -0.5 .9, 0 0 0]
[09:28:32] [modloading-worker-0/INFO] [ne.ne.ne.co.NeoForgeMod/NEOFORGE-MOD]: NeoForge mod loading, version 21.1.255, for MC 1.21.1
[09:28:33] [main/INFO] [mojang/YggdrasilAuthenticationService]: Environment: Environment[sessionHost=https://sessionserver.mojang.com, servicesHost=https://api.minecraftservices.com, name=PROD]
[09:28:33] [main/WARN] [minecraft/VanillaPackResourcesBuilder]: Assets URL 'union:/D:/slavic-myths/build/moddev/artifacts/neoforge-21.1.255.jar%23125!/assets/.mcassetsroot' uses unexpected schema
[09:28:33] [main/WARN] [minecraft/VanillaPackResourcesBuilder]: Assets URL 'union:/D:/slavic-myths/build/moddev/artifacts/neoforge-21.1.255.jar%23125!/data/.mcassetsroot' uses unexpected schema
[09:28:33] [main/INFO] [ne.ne.ne.ga.GameTestHooks/]: Enabled Gametest Namespaces: [slavicmyths_placement]
[09:28:34] [main/INFO] [minecraft/RecipeManager]: Loaded 1564 recipes
[09:28:34] [main/INFO] [minecraft/AdvancementTree]: Loaded 1554 advancements
[09:28:34] [main/INFO] [Curios API/]: Loaded 10 curio slots
[09:28:34] [main/INFO] [Curios API/]: Loaded 1 curio entities
[09:28:35] [Server thread/INFO] [minecraft/MinecraftServer]: Preparing start region for dimension minecraft:overworld
[09:28:35] [worldgen/INFO] [minecraft/LoggerChunkProgressListener]: Preparing spawn area: 2%
[09:28:35] [Server thread/INFO] [minecraft/LoggerChunkProgressListener]: Time elapsed: 185 ms
[09:28:35] [Server thread/INFO] [minecraft/GameTestServer]: Started game test server
[09:28:35] [Server thread/INFO] [ne.ne.ne.se.pe.PermissionAPI/]: Successfully initialized permission handler neoforge:default_handler
[09:28:35] [Server thread/INFO] [minecraft/GameTestServer]: 1 tests are now running at position 9636236, -59, 12567454!
[09:28:36] [Server thread/INFO] [minecraft/GameTestRunner]: Running test batch 'defaultBatch:0' (1 tests)...
[09:28:37] [Server thread/INFO] [minecraft/GameTestServer]: [ ]
[09:28:37] [Server thread/INFO] [minecraft/GameTestServer]: [ ]
[09:28:37] [Server thread/INFO] [minecraft/GameTestServer]: [ ]
[09:28:37] [Server thread/INFO] [minecraft/GameTestServer]: [ ]
[09:28:37] [Server thread/INFO] [minecraft/GameTestServer]: [ ]
[09:28:37] [Server thread/INFO] [minecraft/GameTestServer]: [ ]
[09:28:37] [Server thread/INFO] [minecraft/GameTestServer]: [ ]
[09:28:37] [Server thread/INFO] [minecraft/GameTestServer]: [ ]
[09:28:37] [Server thread/INFO] [minecraft/GameTestServer]: [ ]
[09:28:37] [Server thread/INFO] [minecraft/GameTestServer]: [ ]
[09:28:37] [Server thread/INFO] [minecraft/GameTestServer]: [ ]
[09:28:37] [Server thread/INFO] [minecraft/GameTestServer]: [ ]
[09:28:37] [Server thread/INFO] [minecraft/GameTestServer]: [ ]
[09:28:37] [Server thread/INFO] [minecraft/GameTestServer]: [ ]
[09:28:37] [Server thread/INFO] [minecraft/GameTestServer]: [ ]
[09:28:37] [Server thread/INFO] [minecraft/GameTestServer]: [ ]
[09:28:37] [Server thread/INFO] [minecraft/GameTestServer]: [ ]
[09:28:37] [Server thread/INFO] [minecraft/GameTestServer]: [ ]
[09:28:37] [Server thread/INFO] [minecraft/GameTestServer]: [ ]
[09:28:37] [Server thread/INFO] [minecraft/GameTestServer]: [ ]
[09:28:37] [Server thread/INFO] [minecraft/GameTestServer]: [ ]
[09:28:37] [Server thread/INFO] [minecraft/GameTestServer]: [ ]
[09:28:37] [Server thread/INFO] [minecraft/GameTestServer]: [ ]
[09:28:37] [Server thread/INFO] [minecraft/GameTestServer]: [ ]
[09:28:37] [Server thread/INFO] [minecraft/GameTestServer]: [ ]
[09:28:37] [Server thread/INFO] [minecraft/GameTestServer]: [ ]
[09:28:37] [Server thread/INFO] [minecraft/GameTestServer]: [ ]
[09:28:37] [Server thread/INFO] [minecraft/GameTestServer]: [ ]
[09:28:37] [Server thread/INFO] [minecraft/GameTestServer]: [ ]
[09:28:37] [Server thread/INFO] [minecraft/GameTestServer]: [ ]
[09:28:37] [Server thread/INFO] [minecraft/GameTestServer]: [ ]
[09:28:37] [Server thread/INFO] [minecraft/GameTestServer]: [ ]
[09:28:37] [Server thread/INFO] [minecraft/GameTestServer]: [ ]
[09:28:37] [Server thread/INFO] [minecraft/GameTestServer]: [ ]
[09:28:37] [Server thread/INFO] [minecraft/GameTestServer]: [ ]
[09:28:37] [Server thread/INFO] [minecraft/GameTestServer]: [ ]
[09:28:37] [Server thread/INFO] [minecraft/GameTestServer]: [ ]
[09:28:37] [Server thread/INFO] [minecraft/GameTestServer]: [ ]
[09:28:37] [Server thread/INFO] [minecraft/GameTestServer]: [ ]
[09:28:37] [Server thread/INFO] [minecraft/GameTestServer]: [ ]
[09:28:37] [Server thread/INFO] [minecraft/GameTestServer]: [ ]
[09:28:37] [Server thread/INFO] [minecraft/GameTestServer]: [ ]
[09:28:37] [Server thread/INFO] [minecraft/GameTestServer]: [ ]
[09:28:37] [Server thread/INFO] [minecraft/GameTestServer]: [ ]
[09:28:37] [Server thread/INFO] [minecraft/GameTestServer]: [ ]
[09:28:37] [Server thread/INFO] [minecraft/GameTestServer]: [ ]
[09:28:37] [Server thread/INFO] [minecraft/GameTestServer]: [ ]
[09:28:37] [Server thread/INFO] [minecraft/GameTestServer]: [ ]
[09:28:37] [Server thread/INFO] [minecraft/GameTestServer]: [ ]
[09:28:37] [Server thread/INFO] [minecraft/GameTestServer]: [ ]
[09:28:37] [Server thread/INFO] [minecraft/GameTestServer]: [ ]
[09:28:37] [Server thread/INFO] [minecraft/GameTestServer]: [ ]
[09:28:37] [Server thread/INFO] [minecraft/GameTestServer]: [ ]
[09:28:37] [Server thread/INFO] [minecraft/GameTestServer]: [ ]
[09:28:37] [Server thread/INFO] [minecraft/GameTestServer]: [ ]
[09:28:37] [Server thread/INFO] [minecraft/GameTestServer]: [ ]
[09:28:37] [Server thread/INFO] [minecraft/GameTestServer]: [ ]
[09:28:37] [Server thread/INFO] [minecraft/GameTestServer]: [ ]
[09:28:37] [Server thread/INFO] [minecraft/GameTestServer]: [ ]
[09:28:37] [Server thread/INFO] [minecraft/GameTestServer]: [ ]
[09:28:37] [Server thread/INFO] [minecraft/GameTestServer]: [ ]
[09:28:37] [Server thread/INFO] [minecraft/GameTestServer]: [ ]
[09:28:37] [Server thread/INFO] [minecraft/GameTestServer]: [ ]
[09:28:37] [Server thread/INFO] [minecraft/GameTestServer]: [ ]
[09:28:37] [Server thread/INFO] [minecraft/GameTestServer]: [ ]
[09:28:37] [Server thread/INFO] [minecraft/GameTestServer]: [ ]
[09:28:37] [Server thread/INFO] [minecraft/GameTestServer]: [ ]
[09:28:37] [Server thread/INFO] [minecraft/GameTestServer]: [ ]
[09:28:37] [Server thread/INFO] [minecraft/GameTestServer]: [ ]
[09:28:37] [Server thread/INFO] [minecraft/GameTestServer]: [ ]
[09:28:37] [Server thread/INFO] [minecraft/GameTestServer]: [ ]
[09:28:37] [Server thread/INFO] [minecraft/GameTestServer]: [ ]
[09:28:37] [Server thread/INFO] [minecraft/GameTestServer]: [ ]
[09:28:37] [Server thread/INFO] [minecraft/GameTestServer]: [ ]
[09:28:37] [Server thread/INFO] [minecraft/GameTestServer]: [ ]
[09:28:37] [Server thread/INFO] [minecraft/GameTestServer]: [ ]
[09:28:37] [Server thread/INFO] [minecraft/GameTestServer]: [ ]
[09:28:37] [Server thread/INFO] [minecraft/GameTestServer]: [ ]
[09:28:37] [Server thread/INFO] [minecraft/GameTestServer]: [ ]
[09:28:37] [Server thread/INFO] [minecraft/GameTestServer]: [ ]
[09:28:37] [Server thread/INFO] [minecraft/GameTestServer]: [ ]
[09:28:37] [Server thread/INFO] [minecraft/GameTestServer]: [ ]
[09:28:37] [Server thread/INFO] [minecraft/GameTestServer]: [ ]
[09:28:37] [Server thread/INFO] [minecraft/GameTestServer]: [ ]
[09:28:37] [Server thread/INFO] [minecraft/GameTestServer]: [ ]
[09:28:37] [Server thread/INFO] [minecraft/GameTestServer]: [ ]
[09:28:37] [Server thread/INFO] [minecraft/GameTestServer]: [ ]
[09:28:37] [Server thread/INFO] [minecraft/GameTestServer]: [ ]
[09:28:37] [Server thread/INFO] [minecraft/GameTestServer]: [ ]
[09:28:37] [Server thread/INFO] [minecraft/GameTestServer]: [ ]
[09:28:37] [Server thread/INFO] [minecraft/GameTestServer]: [ ]
[09:28:37] [Server thread/INFO] [minecraft/GameTestServer]: [ ]
[09:28:37] [Server thread/INFO] [minecraft/GameTestServer]: [ ]
[09:28:37] [Server thread/INFO] [minecraft/GameTestServer]: [ ]
[09:28:37] [Server thread/INFO] [minecraft/GameTestServer]: [ ]
[09:28:37] [Server thread/INFO] [minecraft/GameTestServer]: [ ]
[09:28:37] [Server thread/INFO] [minecraft/GameTestServer]: [ ]
[09:28:37] [Server thread/INFO] [minecraft/GameTestServer]: [ ]
[09:28:37] [Server thread/INFO] [minecraft/GameTestServer]: [ ]
[09:28:37] [Server thread/INFO] [minecraft/GameTestServer]: [ ]
[09:28:37] [Server thread/INFO] [minecraft/GameTestServer]: [ ]
[09:28:37] [Server thread/INFO] [minecraft/GameTestServer]: [ ]
[09:28:37] [Server thread/INFO] [minecraft/GameTestServer]: [ ]
[09:28:37] [Server thread/INFO] [minecraft/GameTestServer]: [ ]
[09:28:37] [Server thread/INFO] [minecraft/GameTestServer]: [ ]
[09:28:37] [Server thread/INFO] [minecraft/GameTestServer]: [ ]
[09:28:37] [Server thread/INFO] [minecraft/GameTestServer]: [ ]
[09:28:37] [Server thread/INFO] [minecraft/GameTestServer]: [ ]
[09:28:37] [Server thread/INFO] [minecraft/GameTestServer]: [ ]
[09:28:37] [Server thread/INFO] [minecraft/GameTestServer]: [ ]
[09:28:37] [Server thread/INFO] [minecraft/GameTestServer]: [ ]
[09:28:37] [Server thread/INFO] [minecraft/GameTestServer]: [ ]
[09:28:37] [Server thread/INFO] [minecraft/GameTestServer]: [ ]
[09:28:37] [Server thread/INFO] [minecraft/GameTestServer]: [ ]
[09:28:37] [Server thread/INFO] [minecraft/GameTestServer]: [ ]
[09:28:37] [Server thread/INFO] [minecraft/GameTestServer]: [ ]
[09:28:37] [Server thread/INFO] [minecraft/GameTestServer]: [ ]
[09:28:37] [Server thread/INFO] [minecraft/GameTestServer]: [ ]
[09:28:37] [Server thread/INFO] [minecraft/GameTestServer]: [ ]
[09:28:37] [Server thread/INFO] [minecraft/GameTestServer]: [ ]
[09:28:37] [Server thread/INFO] [minecraft/GameTestServer]: [ ]
[09:28:37] [Server thread/INFO] [minecraft/GameTestServer]: [ ]
[09:28:37] [Server thread/INFO] [minecraft/GameTestServer]: [ ]
[09:28:37] [Server thread/INFO] [minecraft/GameTestServer]: [ ]
[09:28:37] [Server thread/INFO] [minecraft/GameTestServer]: [ ]
[09:28:37] [Server thread/INFO] [minecraft/GameTestServer]: [ ]
[09:28:37] [Server thread/INFO] [minecraft/GameTestServer]: [ ]
[09:28:37] [Server thread/INFO] [minecraft/GameTestServer]: [ ]
[09:28:37] [Server thread/INFO] [minecraft/GameTestServer]: [ ]
[09:28:37] [Server thread/INFO] [minecraft/GameTestServer]: [ ]
[09:28:37] [Server thread/INFO] [minecraft/GameTestServer]: [ ]
[09:28:37] [Server thread/INFO] [minecraft/GameTestServer]: [ ]
[09:28:37] [Server thread/INFO] [minecraft/GameTestServer]: [ ]
[09:28:37] [Server thread/INFO] [minecraft/GameTestServer]: [ ]
[09:28:37] [Server thread/INFO] [minecraft/GameTestServer]: [ ]
[09:28:37] [Server thread/INFO] [minecraft/GameTestServer]: [ ]
[09:28:37] [Server thread/INFO] [minecraft/GameTestServer]: [ ]
[09:28:37] [Server thread/INFO] [minecraft/GameTestServer]: [ ]
[09:28:37] [Server thread/INFO] [minecraft/GameTestServer]: [ ]
[09:28:37] [Server thread/INFO] [minecraft/GameTestServer]: [ ]
[09:28:37] [Server thread/INFO] [minecraft/GameTestServer]: [ ]
[09:28:37] [Server thread/INFO] [minecraft/GameTestServer]: [ ]
[09:28:37] [Server thread/INFO] [minecraft/GameTestServer]: [ ]
[09:28:37] [Server thread/INFO] [minecraft/GameTestServer]: [ ]
[09:28:37] [Server thread/INFO] [minecraft/GameTestServer]: [ ]
[09:28:37] [Server thread/INFO] [minecraft/GameTestServer]: [ ]
[09:28:37] [Server thread/INFO] [minecraft/GameTestServer]: [ ]
[09:28:37] [Server thread/INFO] [minecraft/MinecraftServer]: Подготавливается территория: kurgan / 0. Задание 2d07c438-ade4-4fa2-bebf-d45e599cf0dd
[09:28:37] [Server thread/INFO] [minecraft/MinecraftServer]: Генерация уже выполняется. /slavicmyths generation status или cancel
[09:28:37] [Server thread/INFO] [minecraft/GameTestServer]: [_]
[09:28:38] [Server thread/INFO] [minecraft/GameTestServer]: [_]
[09:28:38] [Server thread/INFO] [minecraft/GameTestServer]: [_]
[09:28:38] [Server thread/INFO] [minecraft/GameTestServer]: [_]
[09:28:38] [Server thread/INFO] [minecraft/GameTestServer]: [_]
[09:28:38] [Server thread/INFO] [minecraft/GameTestServer]: [_]
[09:28:38] [Server thread/INFO] [minecraft/GameTestServer]: [_]
[09:28:38] [Server thread/INFO] [minecraft/GameTestServer]: [_]
[09:28:38] [Server thread/INFO] [minecraft/GameTestServer]: [_]
[09:28:38] [Server thread/INFO] [minecraft/GameTestServer]: [_]
[09:28:38] [Server thread/INFO] [minecraft/GameTestServer]: [_]
[09:28:38] [Server thread/INFO] [minecraft/GameTestServer]: [_]
[09:28:38] [Server thread/INFO] [minecraft/GameTestServer]: [_]
[09:28:38] [Server thread/INFO] [minecraft/GameTestServer]: [_]
[09:28:38] [Server thread/INFO] [minecraft/GameTestServer]: [_]
[09:28:38] [Server thread/INFO] [minecraft/GameTestServer]: [_]
[09:28:38] [Server thread/INFO] [minecraft/GameTestServer]: [_]
[09:28:39] [Server thread/INFO] [minecraft/GameTestServer]: [_]
[09:28:39] [Server thread/INFO] [minecraft/GameTestServer]: [_]
[09:28:39] [Server thread/INFO] [minecraft/GameTestServer]: [_]
[09:28:39] [Server thread/INFO] [minecraft/GameTestServer]: [_]
[09:28:39] [Server thread/INFO] [minecraft/GameTestServer]: [_]
[09:28:39] [Server thread/INFO] [minecraft/GameTestServer]: [_]
[09:28:39] [Server thread/INFO] [minecraft/GameTestServer]: [_]
[09:28:39] [Server thread/INFO] [minecraft/MinecraftServer]: Чанки загружены. Подготовка окончательного положения на Y=172
[09:28:39] [Server thread/INFO] [minecraft/GameTestServer]: [_]
[09:28:39] [Server thread/INFO] [minecraft/GameTestServer]: [_]
[09:28:39] [Server thread/INFO] [minecraft/GameTestServer]: [_]
[09:28:39] [Server thread/INFO] [minecraft/GameTestServer]: [_]
[09:28:39] [Server thread/INFO] [minecraft/GameTestServer]: [_]
[09:28:39] [Server thread/INFO] [minecraft/GameTestServer]: [_]
[09:28:39] [Server thread/INFO] [minecraft/GameTestServer]: [_]
[09:28:39] [Server thread/INFO] [minecraft/GameTestServer]: [_]
[09:28:40] [Server thread/INFO] [minecraft/GameTestServer]: [_]
[09:28:40] [Server thread/INFO] [minecraft/MinecraftServer]: Территория подготовлена. Размещается структура...
[09:28:40] [Server thread/INFO] [minecraft/GameTestServer]: [_]
[09:28:40] [Server thread/INFO] [minecraft/GameTestServer]: [_]
[09:28:40] [Server thread/INFO] [minecraft/GameTestServer]: [_]
[09:28:40] [Server thread/INFO] [minecraft/GameTestServer]: [_]
[09:28:40] [Server thread/INFO] [minecraft/GameTestServer]: [_]
[09:28:40] [Server thread/INFO] [minecraft/GameTestServer]: [_]
[09:28:40] [Server thread/INFO] [minecraft/GameTestServer]: [_]
[09:28:40] [Server thread/INFO] [minecraft/GameTestServer]: [_]
[09:28:40] [Server thread/INFO] [minecraft/GameTestServer]: [_]
[09:28:41] [Server thread/INFO] [minecraft/MinecraftServer]: Структура создана: 9644428, 173, 12575520
[09:28:41] [Server thread/INFO] [minecraft/GameTestServer]: [_]
MANUAL_STRUCTURE_COMMAND_PASS slavicmyths generate kurgan small 0 entrance=BlockPos{x=9644428, y=173, z=12575520} constructionY=172 changedBlocks=27286 peakOperations=8192 peakJobMs=44.5219 slowestPhase=PLACE_STRUCTURE
[09:28:41] [Server thread/INFO] [minecraft/MinecraftServer]: Подготавливается территория: kurgan / 1. Задание 0a993224-4977-4df2-ba91-d6e1b7d4714d
[09:28:41] [Server thread/INFO] [minecraft/MinecraftServer]: Генерация уже выполняется. /slavicmyths generation status или cancel
[09:28:41] [Server thread/INFO] [minecraft/GameTestServer]: [_]
[09:28:41] [Server thread/INFO] [minecraft/GameTestServer]: [_]
[09:28:41] [Server thread/INFO] [minecraft/GameTestServer]: [_]
[09:28:41] [Server thread/INFO] [minecraft/GameTestServer]: [_]
[09:28:41] [Server thread/INFO] [minecraft/GameTestServer]: [_]
[09:28:41] [Server thread/INFO] [minecraft/GameTestServer]: [_]
[09:28:42] [Server thread/INFO] [minecraft/GameTestServer]: [_]
[09:28:42] [Server thread/INFO] [minecraft/GameTestServer]: [_]
[09:28:42] [Server thread/INFO] [minecraft/GameTestServer]: [_]
[09:28:42] [Server thread/INFO] [minecraft/GameTestServer]: [_]
[09:28:42] [Server thread/INFO] [minecraft/GameTestServer]: [_]
[09:28:42] [Server thread/INFO] [minecraft/GameTestServer]: [_]
[09:28:42] [Server thread/INFO] [minecraft/GameTestServer]: [_]
[09:28:42] [Server thread/INFO] [minecraft/GameTestServer]: [_]
[09:28:42] [Server thread/INFO] [minecraft/GameTestServer]: [_]
[09:28:42] [Server thread/INFO] [minecraft/GameTestServer]: [_]
[09:28:42] [Server thread/INFO] [minecraft/GameTestServer]: [_]
[09:28:42] [Server thread/INFO] [minecraft/GameTestServer]: [_]
[09:28:42] [Server thread/INFO] [minecraft/GameTestServer]: [_]
[09:28:42] [Server thread/INFO] [minecraft/GameTestServer]: [_]
[09:28:42] [Server thread/INFO] [minecraft/GameTestServer]: [_]
[09:28:42] [Server thread/INFO] [minecraft/GameTestServer]: [_]
[09:28:42] [Server thread/INFO] [minecraft/GameTestServer]: [_]
[09:28:42] [Server thread/INFO] [minecraft/GameTestServer]: [_]
[09:28:42] [Server thread/INFO] [minecraft/GameTestServer]: [_]
[09:28:42] [Server thread/INFO] [minecraft/GameTestServer]: [_]
[09:28:43] [Server thread/INFO] [minecraft/GameTestServer]: [_]
[09:28:43] [Server thread/INFO] [minecraft/GameTestServer]: [_]
[09:28:43] [Server thread/INFO] [minecraft/GameTestServer]: [_]
[09:28:43] [Server thread/INFO] [minecraft/GameTestServer]: [_]
[09:28:43] [Server thread/INFO] [minecraft/GameTestServer]: [_]
[09:28:43] [Server thread/INFO] [minecraft/GameTestServer]: [_]
[09:28:43] [Server thread/INFO] [minecraft/GameTestServer]: [_]
[09:28:43] [Server thread/INFO] [minecraft/GameTestServer]: [_]
[09:28:43] [Server thread/INFO] [minecraft/GameTestServer]: [_]
[09:28:43] [Server thread/INFO] [minecraft/GameTestServer]: [_]
[09:28:43] [Server thread/INFO] [minecraft/GameTestServer]: [_]
[09:28:43] [Server thread/INFO] [minecraft/GameTestServer]: [_]
[09:28:43] [Server thread/INFO] [minecraft/GameTestServer]: [_]
[09:28:43] [Server thread/INFO] [minecraft/GameTestServer]: [_]
[09:28:43] [Server thread/INFO] [minecraft/GameTestServer]: [_]
[09:28:43] [Server thread/INFO] [minecraft/GameTestServer]: [_]
[09:28:43] [Server thread/INFO] [minecraft/GameTestServer]: [_]
[09:28:43] [Server thread/INFO] [minecraft/GameTestServer]: [_]
[09:28:43] [Server thread/INFO] [minecraft/GameTestServer]: [_]
[09:28:44] [Server thread/INFO] [minecraft/GameTestServer]: [_]
[09:28:44] [Server thread/INFO] [minecraft/MinecraftServer]: Чанки загружены. Подготовка окончательного положения на Y=172
[09:28:44] [Server thread/INFO] [minecraft/GameTestServer]: [_]
[09:28:44] [Server thread/INFO] [minecraft/GameTestServer]: [_]
[09:28:44] [Server thread/INFO] [minecraft/GameTestServer]: [_]
[09:28:44] [Server thread/INFO] [minecraft/GameTestServer]: [_]
[09:28:44] [Server thread/INFO] [minecraft/GameTestServer]: [_]
[09:28:44] [Server thread/INFO] [minecraft/GameTestServer]: [_]
[09:28:44] [Server thread/INFO] [minecraft/GameTestServer]: [_]
[09:28:44] [Server thread/INFO] [minecraft/GameTestServer]: [_]
[09:28:44] [Server thread/INFO] [minecraft/GameTestServer]: [_]
[09:28:44] [Server thread/INFO] [minecraft/GameTestServer]: [_]
[09:28:44] [Server thread/INFO] [minecraft/GameTestServer]: [_]
[09:28:44] [Server thread/INFO] [minecraft/GameTestServer]: [_]
[09:28:44] [Server thread/INFO] [minecraft/GameTestServer]: [_]
[09:28:45] [Server thread/INFO] [minecraft/GameTestServer]: [_]
[09:28:45] [Server thread/INFO] [minecraft/MinecraftServer]: Территория подготовлена. Размещается структура...
[09:28:45] [Server thread/INFO] [minecraft/GameTestServer]: [_]
[09:28:45] [Server thread/INFO] [minecraft/GameTestServer]: [_]
[09:28:45] [Server thread/INFO] [minecraft/GameTestServer]: [_]
[09:28:45] [Server thread/INFO] [minecraft/GameTestServer]: [_]
[09:28:45] [Server thread/INFO] [minecraft/GameTestServer]: [_]
[09:28:45] [Server thread/INFO] [minecraft/GameTestServer]: [_]
[09:28:45] [Server thread/INFO] [minecraft/GameTestServer]: [_]
[09:28:46] [Server thread/INFO] [minecraft/GameTestServer]: [_]
[09:28:46] [Server thread/INFO] [minecraft/GameTestServer]: [_]
[09:28:46] [Server thread/INFO] [minecraft/GameTestServer]: [_]
[09:28:46] [Server thread/INFO] [minecraft/GameTestServer]: [_]
[09:28:46] [Server thread/INFO] [minecraft/GameTestServer]: [_]
[09:28:46] [Server thread/INFO] [minecraft/GameTestServer]: [_]
[09:28:46] [Server thread/INFO] [minecraft/GameTestServer]: [_]
[09:28:46] [Server thread/INFO] [minecraft/GameTestServer]: [_]
[09:28:46] [Server thread/INFO] [minecraft/GameTestServer]: [_]
[09:28:46] [Server thread/INFO] [minecraft/GameTestServer]: [_]
[09:28:47] [Server thread/INFO] [minecraft/GameTestServer]: [_]
[09:28:47] [Server thread/INFO] [minecraft/GameTestServer]: [_]
[09:28:47] [Server thread/INFO] [minecraft/GameTestServer]: [_]
[09:28:47] [Server thread/INFO] [minecraft/GameTestServer]: [_]
[09:28:47] [Server thread/INFO] [minecraft/GameTestServer]: [_]
[09:28:47] [Server thread/INFO] [minecraft/GameTestServer]: [_]
[09:28:47] [Server thread/INFO] [minecraft/GameTestServer]: [_]
[09:28:47] [Server thread/INFO] [minecraft/GameTestServer]: [_]
[09:28:47] [Server thread/INFO] [minecraft/GameTestServer]: [_]
[09:28:47] [Server thread/INFO] [minecraft/GameTestServer]: [_]
[09:28:47] [Server thread/INFO] [minecraft/GameTestServer]: [_]
[09:28:48] [Server thread/INFO] [minecraft/GameTestServer]: [_]
[09:28:48] [Server thread/INFO] [minecraft/GameTestServer]: [_]
[09:28:48] [Server thread/INFO] [minecraft/GameTestServer]: [_]
[09:28:48] [Server thread/INFO] [minecraft/GameTestServer]: [_]
[09:28:48] [Server thread/INFO] [minecraft/GameTestServer]: [_]
[09:28:48] [Server thread/INFO] [minecraft/GameTestServer]: [_]
[09:28:48] [Server thread/INFO] [minecraft/GameTestServer]: [_]
[09:28:48] [Server thread/INFO] [minecraft/GameTestServer]: [_]
[09:28:48] [Server thread/INFO] [minecraft/GameTestServer]: [_]
[09:28:48] [Server thread/INFO] [minecraft/MinecraftServer]: Структура создана: 9648524, 173, 12575520
MANUAL_STRUCTURE_COMMAND_PASS slavicmyths generate kurgan warrior 0 entrance=BlockPos{x=9648524, y=173, z=12575520} constructionY=172 changedBlocks=79624 peakOperations=8192 peakJobMs=11.4098 slowestPhase=PLACE_STRUCTURE
[09:28:49] [Server thread/INFO] [minecraft/MinecraftServer]: Подготавливается территория: kurgan / 2. Задание 3bbfc72c-498a-4c00-84fa-b3caae6471ab
[09:28:49] [Server thread/INFO] [minecraft/MinecraftServer]: Генерация уже выполняется. /slavicmyths generation status или cancel
[09:28:49] [Server thread/INFO] [minecraft/GameTestServer]: [_]
[09:28:49] [Server thread/INFO] [minecraft/GameTestServer]: [_]
[09:28:49] [Server thread/INFO] [minecraft/GameTestServer]: [_]
[09:28:49] [Server thread/INFO] [minecraft/GameTestServer]: [_]
[09:28:49] [Server thread/INFO] [minecraft/GameTestServer]: [_]
[09:28:49] [Server thread/INFO] [minecraft/GameTestServer]: [_]
[09:28:49] [Server thread/INFO] [minecraft/GameTestServer]: [_]
[09:28:49] [Server thread/INFO] [minecraft/GameTestServer]: [_]
[09:28:49] [Server thread/INFO] [minecraft/GameTestServer]: [_]
[09:28:49] [Server thread/INFO] [minecraft/GameTestServer]: [_]
[09:28:49] [Server thread/INFO] [minecraft/GameTestServer]: [_]
[09:28:49] [Server thread/INFO] [minecraft/GameTestServer]: [_]
[09:28:49] [Server thread/INFO] [minecraft/GameTestServer]: [_]
[09:28:49] [Server thread/INFO] [minecraft/GameTestServer]: [_]
[09:28:50] [Server thread/INFO] [minecraft/GameTestServer]: [_]
[09:28:50] [Server thread/INFO] [minecraft/GameTestServer]: [_]
[09:28:50] [Server thread/INFO] [minecraft/GameTestServer]: [_]
[09:28:50] [Server thread/INFO] [minecraft/GameTestServer]: [_]
[09:28:50] [Server thread/INFO] [minecraft/GameTestServer]: [_]
[09:28:50] [Server thread/INFO] [minecraft/GameTestServer]: [_]
[09:28:50] [Server thread/INFO] [minecraft/GameTestServer]: [_]
[09:28:50] [Server thread/INFO] [minecraft/GameTestServer]: [_]
[09:28:50] [Server thread/INFO] [minecraft/GameTestServer]: [_]
[09:28:50] [Server thread/INFO] [minecraft/GameTestServer]: [_]
[09:28:50] [Server thread/INFO] [minecraft/GameTestServer]: [_]
[09:28:50] [Server thread/INFO] [minecraft/GameTestServer]: [_]
[09:28:50] [Server thread/INFO] [minecraft/GameTestServer]: [_]
[09:28:50] [Server thread/INFO] [minecraft/GameTestServer]: [_]
[09:28:50] [Server thread/INFO] [minecraft/GameTestServer]: [_]
[09:28:50] [Server thread/INFO] [minecraft/GameTestServer]: [_]
[09:28:50] [Server thread/INFO] [minecraft/GameTestServer]: [_]
[09:28:50] [Server thread/INFO] [minecraft/GameTestServer]: [_]
[09:28:50] [Server thread/INFO] [minecraft/GameTestServer]: [_]
[09:28:50] [Server thread/INFO] [minecraft/GameTestServer]: [_]
[09:28:51] [Server thread/INFO] [minecraft/GameTestServer]: [_]
[09:28:51] [Server thread/INFO] [minecraft/GameTestServer]: [_]
[09:28:51] [Server thread/INFO] [minecraft/GameTestServer]: [_]
[09:28:51] [Server thread/INFO] [minecraft/GameTestServer]: [_]
[09:28:51] [Server thread/INFO] [minecraft/GameTestServer]: [_]
[09:28:51] [Server thread/INFO] [minecraft/GameTestServer]: [_]
[09:28:51] [Server thread/INFO] [minecraft/GameTestServer]: [_]
[09:28:51] [Server thread/INFO] [minecraft/GameTestServer]: [_]
[09:28:51] [Server thread/INFO] [minecraft/GameTestServer]: [_]
[09:28:51] [Server thread/INFO] [minecraft/GameTestServer]: [_]
[09:28:51] [Server thread/INFO] [minecraft/GameTestServer]: [_]
[09:28:51] [Server thread/INFO] [minecraft/GameTestServer]: [_]
[09:28:51] [Server thread/INFO] [minecraft/GameTestServer]: [_]
[09:28:51] [Server thread/INFO] [minecraft/GameTestServer]: [_]
[09:28:51] [Server thread/INFO] [minecraft/MinecraftServer]: Чанки загружены. Подготовка окончательного положения на Y=172
[09:28:51] [Server thread/INFO] [minecraft/GameTestServer]: [_]
[09:28:51] [Server thread/INFO] [minecraft/GameTestServer]: [_]
[09:28:51] [Server thread/INFO] [minecraft/GameTestServer]: [_]
[09:28:51] [Server thread/INFO] [minecraft/GameTestServer]: [_]
[09:28:51] [Server thread/INFO] [minecraft/GameTestServer]: [_]
[09:28:52] [Server thread/INFO] [minecraft/GameTestServer]: [_]
[09:28:52] [Server thread/INFO] [minecraft/GameTestServer]: [_]
[09:28:52] [Server thread/INFO] [minecraft/GameTestServer]: [_]
[09:28:52] [Server thread/INFO] [minecraft/GameTestServer]: [_]
[09:28:52] [Server thread/INFO] [minecraft/GameTestServer]: [_]
[09:28:52] [Server thread/INFO] [minecraft/GameTestServer]: [_]
[09:28:52] [Server thread/INFO] [minecraft/GameTestServer]: [_]
[09:28:52] [Server thread/INFO] [minecraft/GameTestServer]: [_]
[09:28:52] [Server thread/INFO] [minecraft/MinecraftServer]: Территория подготовлена. Размещается структура...
[09:28:52] [Server thread/INFO] [minecraft/GameTestServer]: [_]
[09:28:52] [Server thread/INFO] [minecraft/GameTestServer]: [_]
[09:28:52] [Server thread/INFO] [minecraft/GameTestServer]: [_]
[09:28:53] [Server thread/INFO] [minecraft/GameTestServer]: [_]
[09:28:53] [Server thread/INFO] [minecraft/GameTestServer]: [_]
[09:28:53] [Server thread/INFO] [minecraft/GameTestServer]: [_]
[09:28:53] [Server thread/INFO] [minecraft/GameTestServer]: [_]
[09:28:53] [Server thread/INFO] [minecraft/GameTestServer]: [_]
[09:28:53] [Server thread/INFO] [minecraft/GameTestServer]: [_]
[09:28:53] [Server thread/INFO] [minecraft/GameTestServer]: [_]
[09:28:54] [Server thread/INFO] [minecraft/GameTestServer]: [_]
[09:28:54] [Server thread/INFO] [minecraft/GameTestServer]: [_]
[09:28:54] [Server thread/INFO] [minecraft/GameTestServer]: [_]
[09:28:54] [Server thread/INFO] [minecraft/GameTestServer]: [_]
[09:28:54] [Server thread/INFO] [minecraft/GameTestServer]: [_]
[09:28:54] [Server thread/INFO] [minecraft/GameTestServer]: [_]
[09:28:55] [Server thread/INFO] [minecraft/GameTestServer]: [_]
[09:28:55] [Server thread/INFO] [minecraft/GameTestServer]: [_]
[09:28:55] [Server thread/INFO] [minecraft/GameTestServer]: [_]
[09:28:55] [Server thread/INFO] [minecraft/GameTestServer]: [_]
[09:28:55] [Server thread/INFO] [minecraft/GameTestServer]: [_]
[09:28:55] [Server thread/INFO] [minecraft/GameTestServer]: [_]
[09:28:55] [Server thread/INFO] [minecraft/GameTestServer]: [_]
[09:28:56] [Server thread/INFO] [minecraft/GameTestServer]: [_]
[09:28:56] [Server thread/INFO] [minecraft/GameTestServer]: [_]
[09:28:56] [Server thread/INFO] [minecraft/GameTestServer]: [_]
[09:28:56] [Server thread/INFO] [minecraft/GameTestServer]: [_]
[09:28:56] [Server thread/INFO] [minecraft/GameTestServer]: [_]
[09:28:56] [Server thread/INFO] [minecraft/GameTestServer]: [_]
[09:28:56] [Server thread/INFO] [minecraft/GameTestServer]: [_]
[09:28:57] [Server thread/INFO] [minecraft/GameTestServer]: [_]
[09:28:57] [Server thread/INFO] [minecraft/GameTestServer]: [_]
[09:28:57] [Server thread/INFO] [minecraft/GameTestServer]: [_]
[09:28:57] [Server thread/INFO] [minecraft/GameTestServer]: [_]
[09:28:57] [Server thread/INFO] [minecraft/GameTestServer]: [_]
[09:28:57] [Server thread/INFO] [minecraft/GameTestServer]: [_]
[09:28:57] [Server thread/INFO] [minecraft/GameTestServer]: [_]
[09:28:57] [Server thread/INFO] [minecraft/GameTestServer]: [_]
[09:28:58] [Server thread/INFO] [minecraft/GameTestServer]: [_]
[09:28:58] [Server thread/INFO] [minecraft/GameTestServer]: [_]
[09:28:58] [Server thread/INFO] [minecraft/GameTestServer]: [_]
[09:28:58] [Server thread/INFO] [minecraft/GameTestServer]: [_]
[09:28:58] [Server thread/INFO] [minecraft/GameTestServer]: [_]
[09:28:58] [Server thread/INFO] [minecraft/GameTestServer]: [_]
[09:28:58] [Server thread/INFO] [minecraft/GameTestServer]: [_]
[09:28:59] [Server thread/INFO] [minecraft/GameTestServer]: [_]
[09:28:59] [Server thread/INFO] [minecraft/GameTestServer]: [_]
[09:28:59] [Server thread/INFO] [minecraft/GameTestServer]: [_]
[09:28:59] [Server thread/INFO] [minecraft/GameTestServer]: [_]
[09:28:59] [Server thread/INFO] [minecraft/GameTestServer]: [_]
[09:28:59] [Server thread/INFO] [minecraft/GameTestServer]: [_]
[09:28:59] [Server thread/INFO] [minecraft/GameTestServer]: [_]
[09:29:00] [Server thread/INFO] [minecraft/GameTestServer]: [_]
[09:29:00] [Server thread/INFO] [minecraft/GameTestServer]: [_]
[09:29:00] [Server thread/INFO] [minecraft/GameTestServer]: [_]
[09:29:00] [Server thread/INFO] [minecraft/GameTestServer]: [_]
[09:29:00] [Server thread/INFO] [minecraft/GameTestServer]: [_]
[09:29:00] [Server thread/INFO] [minecraft/GameTestServer]: [_]
[09:29:00] [Server thread/INFO] [minecraft/GameTestServer]: [_]
[09:29:00] [Server thread/INFO] [minecraft/GameTestServer]: [_]
[09:29:01] [Server thread/INFO] [minecraft/GameTestServer]: [_]
[09:29:01] [Server thread/INFO] [minecraft/MinecraftServer]: Структура создана: 9652620, 173, 12575520
MANUAL_STRUCTURE_COMMAND_PASS slavicmyths generate kurgan great 0 entrance=BlockPos{x=9652620, y=173, z=12575520} constructionY=172 changedBlocks=82091 peakOperations=8192 peakJobMs=15.1847 slowestPhase=PLACE_STRUCTURE
[09:29:01] [Server thread/INFO] [minecraft/MinecraftServer]: Подготавливается территория: bandit_camp / 0. Задание c1a56022-474e-4f18-ba71-28f8728d3163
[09:29:01] [Server thread/INFO] [minecraft/MinecraftServer]: Генерация уже выполняется. /slavicmyths generation status или cancel
[09:29:01] [Server thread/INFO] [minecraft/GameTestServer]: [_]
[09:29:01] [Server thread/INFO] [minecraft/GameTestServer]: [_]
[09:29:01] [Server thread/INFO] [minecraft/GameTestServer]: [_]
[09:29:01] [Server thread/INFO] [minecraft/GameTestServer]: [_]
[09:29:01] [Server thread/INFO] [minecraft/GameTestServer]: [_]
[09:29:01] [Server thread/INFO] [minecraft/GameTestServer]: [_]
[09:29:01] [Server thread/INFO] [minecraft/GameTestServer]: [_]
[09:29:01] [Server thread/INFO] [minecraft/GameTestServer]: [_]
[09:29:02] [Server thread/INFO] [minecraft/GameTestServer]: [_]
[09:29:02] [Server thread/INFO] [minecraft/GameTestServer]: [_]
[09:29:02] [Server thread/INFO] [minecraft/GameTestServer]: [_]
[09:29:02] [Server thread/INFO] [minecraft/GameTestServer]: [_]
[09:29:02] [Server thread/INFO] [minecraft/GameTestServer]: [_]
[09:29:02] [Server thread/INFO] [minecraft/GameTestServer]: [_]
[09:29:02] [Server thread/INFO] [minecraft/GameTestServer]: [_]
[09:29:02] [Server thread/INFO] [minecraft/MinecraftServer]: Чанки загружены. Подготовка окончательного положения на Y=172
[09:29:02] [Server thread/INFO] [minecraft/GameTestServer]: [_]
[09:29:03] [Server thread/INFO] [minecraft/MinecraftServer]: Территория подготовлена. Размещается структура...
[09:29:03] [Server thread/INFO] [minecraft/GameTestServer]: [_]
[09:29:03] [Server thread/INFO] [minecraft/MinecraftServer]: Структура создана: 9656726, 173, 12575508
[09:29:03] [Server thread/INFO] [minecraft/GameTestServer]: [_]
MANUAL_STRUCTURE_COMMAND_PASS slavicmyths generate bandit_camp small 0 entrance=BlockPos{x=9656726, y=173, z=12575508} constructionY=172 changedBlocks=5635 peakOperations=8192 peakJobMs=678.1611 slowestPhase=SCAN
[09:29:03] [Server thread/INFO] [minecraft/MinecraftServer]: Подготавливается территория: bandit_camp / 1. Задание ee811af3-0f29-43a9-b40c-944fdf5f5a7d
[09:29:03] [Server thread/INFO] [minecraft/MinecraftServer]: Генерация уже выполняется. /slavicmyths generation status или cancel
[09:29:03] [Server thread/INFO] [minecraft/GameTestServer]: [_]
[09:29:03] [Server thread/INFO] [minecraft/GameTestServer]: [_]
[09:29:03] [Server thread/INFO] [minecraft/GameTestServer]: [_]
[09:29:03] [Server thread/INFO] [minecraft/GameTestServer]: [_]
[09:29:03] [Server thread/INFO] [minecraft/GameTestServer]: [_]
[09:29:03] [Server thread/INFO] [minecraft/GameTestServer]: [_]
[09:29:03] [Server thread/INFO] [minecraft/GameTestServer]: [_]
[09:29:03] [Server thread/INFO] [minecraft/GameTestServer]: [_]
[09:29:03] [Server thread/INFO] [minecraft/GameTestServer]: [_]
[09:29:04] [Server thread/INFO] [minecraft/GameTestServer]: [_]
[09:29:04] [Server thread/INFO] [minecraft/GameTestServer]: [_]
[09:29:04] [Server thread/INFO] [minecraft/GameTestServer]: [_]
[09:29:04] [Server thread/INFO] [minecraft/GameTestServer]: [_]
[09:29:04] [Server thread/INFO] [minecraft/GameTestServer]: [_]
[09:29:04] [Server thread/INFO] [minecraft/GameTestServer]: [_]
[09:29:04] [Server thread/INFO] [minecraft/GameTestServer]: [_]
[09:29:04] [Server thread/INFO] [minecraft/GameTestServer]: [_]
[09:29:04] [Server thread/INFO] [minecraft/GameTestServer]: [_]
[09:29:04] [Server thread/INFO] [minecraft/GameTestServer]: [_]
[09:29:04] [Server thread/INFO] [minecraft/GameTestServer]: [_]
[09:29:04] [Server thread/INFO] [minecraft/GameTestServer]: [_]
[09:29:04] [Server thread/INFO] [minecraft/MinecraftServer]: Чанки загружены. Подготовка окончательного положения на Y=172
[09:29:04] [Server thread/INFO] [minecraft/GameTestServer]: [_]
[09:29:04] [Server thread/INFO] [minecraft/GameTestServer]: [_]
[09:29:04] [Server thread/INFO] [minecraft/GameTestServer]: [_]
[09:29:04] [Server thread/INFO] [minecraft/MinecraftServer]: Территория подготовлена. Размещается структура...
[09:29:04] [Server thread/INFO] [minecraft/GameTestServer]: [_]
[09:29:04] [Server thread/INFO] [minecraft/GameTestServer]: [_]
[09:29:05] [Server thread/INFO] [minecraft/MinecraftServer]: Структура создана: 9660822, 173, 12575508
MANUAL_STRUCTURE_COMMAND_PASS slavicmyths generate bandit_camp fortified 0 entrance=BlockPos{x=9660822, y=173, z=12575508} constructionY=172 changedBlocks=9958 peakOperations=8192 peakJobMs=22.7573 slowestPhase=SCAN
[09:29:05] [Server thread/INFO] [minecraft/MinecraftServer]: Подготавливается территория: bandit_camp / 2. Задание edd55cbb-e5d5-4344-a586-2a499fbc2b70
[09:29:05] [Server thread/INFO] [minecraft/MinecraftServer]: Генерация уже выполняется. /slavicmyths generation status или cancel
[09:29:05] [Server thread/INFO] [minecraft/GameTestServer]: [_]
[09:29:05] [Server thread/INFO] [minecraft/GameTestServer]: [_]
[09:29:05] [Server thread/INFO] [minecraft/GameTestServer]: [_]
[09:29:05] [Server thread/INFO] [minecraft/GameTestServer]: [_]
[09:29:05] [Server thread/INFO] [minecraft/GameTestServer]: [_]
[09:29:05] [Server thread/INFO] [minecraft/GameTestServer]: [_]
[09:29:05] [Server thread/INFO] [minecraft/GameTestServer]: [_]
[09:29:05] [Server thread/INFO] [minecraft/GameTestServer]: [_]
[09:29:05] [Server thread/INFO] [minecraft/GameTestServer]: [_]
[09:29:05] [Server thread/INFO] [minecraft/GameTestServer]: [_]
[09:29:05] [Server thread/INFO] [minecraft/GameTestServer]: [_]
[09:29:05] [Server thread/INFO] [minecraft/GameTestServer]: [_]
[09:29:05] [Server thread/INFO] [minecraft/GameTestServer]: [_]
[09:29:06] [Server thread/INFO] [minecraft/GameTestServer]: [_]
[09:29:06] [Server thread/INFO] [minecraft/GameTestServer]: [_]
[09:29:06] [Server thread/INFO] [minecraft/GameTestServer]: [_]
[09:29:06] [Server thread/INFO] [minecraft/GameTestServer]: [_]
[09:29:06] [Server thread/INFO] [minecraft/GameTestServer]: [_]
[09:29:06] [Server thread/INFO] [minecraft/GameTestServer]: [_]
[09:29:06] [Server thread/INFO] [minecraft/GameTestServer]: [_]
[09:29:06] [Server thread/INFO] [minecraft/GameTestServer]: [_]
[09:29:06] [Server thread/INFO] [minecraft/GameTestServer]: [_]
[09:29:06] [Server thread/INFO] [minecraft/GameTestServer]: [_]
[09:29:06] [Server thread/INFO] [minecraft/GameTestServer]: [_]
[09:29:06] [Server thread/INFO] [minecraft/GameTestServer]: [_]
[09:29:06] [Server thread/INFO] [minecraft/GameTestServer]: [_]
[09:29:06] [Server thread/INFO] [minecraft/GameTestServer]: [_]
[09:29:06] [Server thread/INFO] [minecraft/GameTestServer]: [_]
[09:29:06] [Server thread/INFO] [minecraft/GameTestServer]: [_]
[09:29:06] [Server thread/INFO] [minecraft/GameTestServer]: [_]
[09:29:06] [Server thread/INFO] [minecraft/MinecraftServer]: Чанки загружены. Подготовка окончательного положения на Y=172
[09:29:06] [Server thread/INFO] [minecraft/GameTestServer]: [_]
[09:29:06] [Server thread/INFO] [minecraft/GameTestServer]: [_]
[09:29:06] [Server thread/INFO] [minecraft/GameTestServer]: [_]
[09:29:07] [Server thread/INFO] [minecraft/GameTestServer]: [_]
[09:29:07] [Server thread/INFO] [minecraft/GameTestServer]: [_]
[09:29:07] [Server thread/INFO] [minecraft/GameTestServer]: [_]
[09:29:07] [Server thread/INFO] [minecraft/MinecraftServer]: Территория подготовлена. Размещается структура...
[09:29:07] [Server thread/INFO] [minecraft/GameTestServer]: [_]
[09:29:07] [Server thread/INFO] [minecraft/GameTestServer]: [_]
[09:29:07] [Server thread/INFO] [minecraft/GameTestServer]: [_]
[09:29:07] [Server thread/INFO] [minecraft/GameTestServer]: [_]
[09:29:07] [Server thread/INFO] [minecraft/GameTestServer]: [_]
[09:29:07] [Server thread/INFO] [minecraft/GameTestServer]: [_]
[09:29:07] [Server thread/INFO] [minecraft/GameTestServer]: [_]
[09:29:08] [Server thread/INFO] [minecraft/GameTestServer]: [_]
[09:29:08] [Server thread/INFO] [minecraft/GameTestServer]: [_]
[09:29:08] [Server thread/INFO] [minecraft/MinecraftServer]: Структура создана: 9664947, 173, 12575468
[09:29:08] [Server thread/INFO] [minecraft/GameTestServer]: [_]
MANUAL_STRUCTURE_COMMAND_PASS slavicmyths generate bandit_camp large 0 entrance=BlockPos{x=9664947, y=173, z=12575468} constructionY=172 changedBlocks=23748 peakOperations=8192 peakJobMs=170.7969 slowestPhase=SCAN
MANUAL_STRUCTURE_THIN_FLAT_PASS actualCommands=6 realStructures=6 accessibleEntrances=6 maxOperations=8192 repeatedRequestGuard=true
[09:29:08] [Server thread/INFO] [minecraft/GameTestServer]: [+]
[09:29:08] [Server thread/INFO] [minecraft/GameTestServer]: ========= 1 GAME TESTS COMPLETE IN 32.64 s ======================
[09:29:08] [Server thread/INFO] [minecraft/GameTestServer]: All 1 required tests passed :)
[09:29:08] [Server thread/INFO] [minecraft/GameTestServer]: ====================================================
[09:29:08] [Server thread/INFO] [minecraft/MinecraftServer]: Stopping server
[09:29:08] [Server thread/INFO] [minecraft/MinecraftServer]: Saving players
[09:29:08] [Server thread/INFO] [minecraft/MinecraftServer]: Saving worlds
[09:29:08] [Server thread/INFO] [minecraft/MinecraftServer]: Saving chunks for level 'ServerLevel[Test Level]'/minecraft:overworld
[09:29:10] [Server thread/INFO] [minecraft/MinecraftServer]: Saving chunks for level 'ServerLevel[Test Level]'/minecraft:the_nether
[09:29:10] [Server thread/INFO] [minecraft/MinecraftServer]: Saving chunks for level 'ServerLevel[Test Level]'/minecraft:the_end
[09:29:10] [Server thread/INFO] [minecraft/MinecraftServer]: ThreadedAnvilChunkStorage (world): All chunks are saved
[09:29:10] [Server thread/INFO] [minecraft/MinecraftServer]: ThreadedAnvilChunkStorage (DIM-1): All chunks are saved
[09:29:10] [Server thread/INFO] [minecraft/MinecraftServer]: ThreadedAnvilChunkStorage (DIM1): All chunks are saved
[09:29:10] [Server thread/INFO] [minecraft/MinecraftServer]: ThreadedAnvilChunkStorage: All dimensions are saved
[09:29:10] [Server thread/INFO] [minecraft/GameTestServer]: Game test server shutting down

[Incubating] Problems report is available at: file:///D:/slavic-myths/build/reports/problems/problems-report.html

BUILD SUCCESSFUL in 1m
9 actionable tasks: 3 executed, 6 up-to-date
Consider enabling configuration cache to speed up this build: https://docs.gradle.org/9.2.1/userguide/configuration_cache_enabling.html
