To honour the JVM settings for this build a single-use Daemon process will be forked. For more on this, please refer to https://docs.gradle.org/9.2.1/userguide/gradle_daemon.html#sec:disabling_the_daemon in the Gradle documentation.
Daemon will be stopped at the end of the build 
> Task :createMinecraftArtifacts UP-TO-DATE
> Task :compileJava UP-TO-DATE
> Task :processResources UP-TO-DATE
> Task :classes UP-TO-DATE
> Task :compileKurganCheckJava
> Task :processKurganCheckResources UP-TO-DATE
> Task :kurganCheckClasses
> Task :downloadAssets UP-TO-DATE
> Task :writeRuntimeChecksLegacyClasspath UP-TO-DATE
> Task :prepareRuntimeChecksRun UP-TO-DATE

> Task :runRuntimeChecks
WARN StatusConsoleListener Advanced terminal features are not available in this environment
[09:35:17] [main/INFO] [cp.mo.mo.Launcher/MODLAUNCHER]: ModLauncher running: args [--launchTarget, forgeserverdev, --gameDir, ., --fml.fmlVersion, 4.0.45, --fml.mcVersion, 1.21.1, --fml.neoForgeVersion, 21.1.255, --fml.neoFormVersion, 20240808.144430]
[09:35:17] [main/INFO] [cp.mo.mo.Launcher/MODLAUNCHER]: JVM identified as Oracle Corporation Java HotSpot(TM) 64-Bit Server VM 21.0.12+7-LTS-205
[09:35:17] [main/INFO] [cp.mo.mo.Launcher/MODLAUNCHER]: ModLauncher 11.0.5+main.901c6ea8 starting: java version 21.0.12 by Oracle Corporation; OS Windows 10 arch amd64 version 10.0
[09:35:17] [main/INFO] [ne.ne.fm.lo.ImmediateWindowHandler/]: ImmediateWindowProvider not loading because launch target is forgeserverdev
[09:35:17] [main/INFO] [mixin/]: SpongePowered MIXIN Subsystem Version=0.8.7 Source=union:/C:/Users/pavel/.gradle/caches/modules-2/files-2.1/net.fabricmc/sponge-mixin/0.16.4+mixin.0.8.7/26d01f0567ab46e9ca0d2ed89d0ecc11aadbd433/sponge-mixin-0.16.4+mixin.0.8.7.jar%2394!/ Service=ModLauncher Env=SERVER
[09:35:17] [main/INFO] [ne.ne.fm.lo.mo.lo.JarInJarDependencyLocator/]: Found 2 dependencies adding them to mods collection
[09:35:18] [main/INFO] [ne.ne.fm.lo.mo.ModDiscoverer/]: 
     Mod List:
		Name Version (Mod Id)

		Curios API 9.5.1+1.21.1 (curios)
		Minecraft 1.21.1 (minecraft)
		NeoForge 21.1.255 (neoforge)
		Slavic Myths 0.9.9-dev (slavicmyths)
[09:35:18] [main/INFO] [mixin/]: Compatibility level set to JAVA_21
[09:35:18] [main/INFO] [cp.mo.mo.LaunchServiceHandler/MODLAUNCHER]: Launching target 'forgeserverdev' with arguments [--gameDir, .]
[09:35:18] [main/WARN] [mixin/]: Reference map 'curios.refmap.json' for curios.neoforge.mixins.json could not be read. If this is a development environment you can ignore this message
[09:35:18] [main/WARN] [mixin/]: Reference map 'curios.refmap.json' for curios.mixins.json could not be read. If this is a development environment you can ignore this message
[09:35:19] [main/WARN] [os.dr.wi.pe.PerfmonDisabled/]: Invalid registry value type detected for PerfOS counters. Should be REG_DWORD. Ignoring: HKEY_LOCAL_MACHINE\SYSTEM\CurrentControlSet\Services\PerfOS\Performance\Disable Performance Counters.
[09:35:19] [main/INFO] [MixinExtras|Service/]: Initializing MixinExtras via com.llamalad7.mixinextras.service.MixinExtrasServiceImpl(version=0.5.5).
[09:35:24] [main/WARN] [minecraft/Commands]: Ambiguity between arguments [teleport, location] and [teleport, destination] with inputs: [0.1 -0.5 .9, 0 0 0]
[09:35:24] [main/WARN] [minecraft/Commands]: Ambiguity between arguments [teleport, location] and [teleport, targets] with inputs: [0.1 -0.5 .9, 0 0 0]
[09:35:24] [main/WARN] [minecraft/Commands]: Ambiguity between arguments [teleport, destination] and [teleport, targets] with inputs: [Player, 0123, @e, dd12be42-52a9-4a91-a8a1-11c01849e498]
[09:35:24] [main/WARN] [minecraft/Commands]: Ambiguity between arguments [teleport, targets] and [teleport, destination] with inputs: [Player, 0123, dd12be42-52a9-4a91-a8a1-11c01849e498]
[09:35:24] [main/WARN] [minecraft/Commands]: Ambiguity between arguments [teleport, targets, location] and [teleport, targets, destination] with inputs: [0.1 -0.5 .9, 0 0 0]
[09:35:24] [modloading-worker-0/INFO] [ne.ne.ne.co.NeoForgeMod/NEOFORGE-MOD]: NeoForge mod loading, version 21.1.255, for MC 1.21.1
[09:35:25] [main/INFO] [mojang/YggdrasilAuthenticationService]: Environment: Environment[sessionHost=https://sessionserver.mojang.com, servicesHost=https://api.minecraftservices.com, name=PROD]
[09:35:25] [main/WARN] [minecraft/VanillaPackResourcesBuilder]: Assets URL 'union:/D:/slavic-myths/build/moddev/artifacts/neoforge-21.1.255.jar%23125!/assets/.mcassetsroot' uses unexpected schema
[09:35:25] [main/WARN] [minecraft/VanillaPackResourcesBuilder]: Assets URL 'union:/D:/slavic-myths/build/moddev/artifacts/neoforge-21.1.255.jar%23125!/data/.mcassetsroot' uses unexpected schema
[09:35:25] [main/INFO] [ne.ne.ne.ga.GameTestHooks/]: Enabled Gametest Namespaces: [slavicmyths_placement]
[09:35:27] [main/INFO] [minecraft/RecipeManager]: Loaded 1564 recipes
[09:35:27] [main/INFO] [minecraft/AdvancementTree]: Loaded 1554 advancements
[09:35:27] [main/INFO] [Curios API/]: Loaded 10 curio slots
[09:35:27] [main/INFO] [Curios API/]: Loaded 1 curio entities
[09:35:28] [Server thread/INFO] [minecraft/MinecraftServer]: Preparing start region for dimension minecraft:overworld
[09:35:28] [worldgen/INFO] [minecraft/LoggerChunkProgressListener]: Preparing spawn area: 2%
[09:35:28] [Server thread/INFO] [minecraft/LoggerChunkProgressListener]: Time elapsed: 158 ms
[09:35:28] [Server thread/INFO] [minecraft/GameTestServer]: Started game test server
[09:35:28] [Server thread/INFO] [ne.ne.ne.se.pe.PermissionAPI/]: Successfully initialized permission handler neoforge:default_handler
[09:35:28] [Server thread/INFO] [minecraft/GameTestServer]: 1 tests are now running at position -13345791, -59, -1084653!
[09:35:28] [Server thread/INFO] [minecraft/GameTestRunner]: Running test batch 'defaultBatch:0' (1 tests)...
[09:35:28] [Server thread/INFO] [minecraft/GameTestServer]: [ ]
[09:35:28] [Server thread/INFO] [minecraft/GameTestServer]: [ ]
[09:35:28] [Server thread/INFO] [minecraft/MinecraftServer]: Подготавливается территория: kurgan / 0. Задание 951e12c6-f77a-4410-a73b-8121dfdd1b4f
[09:35:28] [Server thread/INFO] [minecraft/MinecraftServer]: Генерация уже выполняется. /slavicmyths generation status или cancel
[09:35:28] [Server thread/INFO] [minecraft/GameTestServer]: [_]
[09:35:28] [Server thread/INFO] [minecraft/GameTestServer]: [_]
[09:35:28] [Server thread/INFO] [minecraft/GameTestServer]: [_]
[09:35:29] [Server thread/INFO] [minecraft/GameTestServer]: [_]
[09:35:29] [Server thread/INFO] [minecraft/GameTestServer]: [_]
[09:35:29] [Server thread/INFO] [minecraft/GameTestServer]: [_]
[09:35:29] [Server thread/INFO] [minecraft/GameTestServer]: [_]
[09:35:29] [Server thread/INFO] [minecraft/GameTestServer]: [_]
[09:35:29] [Server thread/INFO] [minecraft/GameTestServer]: [_]
[09:35:29] [Server thread/INFO] [minecraft/MinecraftServer]: Чанки загружены. Подготовка окончательного положения на Y=-49
[09:35:29] [Server thread/INFO] [minecraft/GameTestServer]: [_]
[09:35:29] [Server thread/INFO] [minecraft/GameTestServer]: [_]
[09:35:29] [Server thread/INFO] [minecraft/GameTestServer]: [_]
[09:35:29] [Server thread/INFO] [minecraft/GameTestServer]: [_]
[09:35:29] [Server thread/INFO] [minecraft/GameTestServer]: [_]
[09:35:29] [Server thread/INFO] [minecraft/GameTestServer]: [_]
[09:35:29] [Server thread/INFO] [minecraft/GameTestServer]: [_]
[09:35:29] [Server thread/INFO] [minecraft/GameTestServer]: [_]
[09:35:30] [Server thread/INFO] [minecraft/GameTestServer]: [_]
[09:35:30] [Server thread/INFO] [minecraft/GameTestServer]: [_]
[09:35:30] [Server thread/INFO] [minecraft/GameTestServer]: [_]
[09:35:30] [Server thread/INFO] [minecraft/GameTestServer]: [_]
[09:35:30] [Server thread/INFO] [minecraft/GameTestServer]: [_]
[09:35:30] [Server thread/INFO] [minecraft/GameTestServer]: [_]
[09:35:30] [Server thread/INFO] [minecraft/MinecraftServer]: Территория подготовлена. Размещается структура...
[09:35:30] [Server thread/INFO] [minecraft/GameTestServer]: [_]
[09:35:30] [Server thread/INFO] [minecraft/GameTestServer]: [_]
[09:35:30] [Server thread/INFO] [minecraft/GameTestServer]: [_]
[09:35:30] [Server thread/INFO] [minecraft/GameTestServer]: [_]
[09:35:30] [Server thread/INFO] [minecraft/GameTestServer]: [_]
[09:35:31] [Server thread/INFO] [minecraft/GameTestServer]: [_]
[09:35:31] [Server thread/INFO] [minecraft/GameTestServer]: [_]
[09:35:31] [Server thread/INFO] [minecraft/GameTestServer]: [_]
[09:35:31] [Server thread/INFO] [minecraft/GameTestServer]: [_]
[09:35:31] [Server thread/INFO] [minecraft/GameTestServer]: [_]
[09:35:31] [Server thread/INFO] [minecraft/GameTestServer]: [_]
[09:35:31] [Server thread/INFO] [minecraft/GameTestServer]: [_]
[09:35:31] [Server thread/INFO] [minecraft/GameTestServer]: [_]
[09:35:31] [Server thread/INFO] [minecraft/GameTestServer]: [_]
[09:35:31] [Server thread/INFO] [minecraft/MinecraftServer]: Структура создана: -13337599, -48, -1076587
MANUAL_STRUCTURE_COMMAND_PASS slavicmyths generate kurgan small 0 entrance=BlockPos{x=-13337599, y=-48, z=-1076587} constructionY=-49 changedBlocks=114624 peakOperations=8192 peakJobMs=52.773 slowestPhase=PLACE_STRUCTURE
[09:35:32] [Server thread/INFO] [minecraft/MinecraftServer]: Подготавливается территория: kurgan / 1. Задание 76fda3b8-2456-4724-8d3a-19eb815f7194
[09:35:32] [Server thread/INFO] [minecraft/MinecraftServer]: Генерация уже выполняется. /slavicmyths generation status или cancel
[09:35:32] [Server thread/INFO] [minecraft/GameTestServer]: [_]
[09:35:32] [Server thread/INFO] [minecraft/GameTestServer]: [_]
[09:35:32] [Server thread/INFO] [minecraft/GameTestServer]: [_]
[09:35:32] [Server thread/INFO] [minecraft/GameTestServer]: [_]
[09:35:32] [Server thread/INFO] [minecraft/GameTestServer]: [_]
[09:35:32] [Server thread/INFO] [minecraft/GameTestServer]: [_]
[09:35:32] [Server thread/INFO] [minecraft/GameTestServer]: [_]
[09:35:32] [Server thread/INFO] [minecraft/GameTestServer]: [_]
[09:35:32] [Server thread/INFO] [minecraft/GameTestServer]: [_]
[09:35:32] [Server thread/INFO] [minecraft/GameTestServer]: [_]
[09:35:32] [Server thread/INFO] [minecraft/GameTestServer]: [_]
[09:35:32] [Server thread/INFO] [minecraft/GameTestServer]: [_]
[09:35:32] [Server thread/INFO] [minecraft/GameTestServer]: [_]
[09:35:32] [Server thread/INFO] [minecraft/GameTestServer]: [_]
[09:35:32] [Server thread/INFO] [minecraft/GameTestServer]: [_]
[09:35:33] [Server thread/INFO] [minecraft/GameTestServer]: [_]
[09:35:33] [Server thread/INFO] [minecraft/GameTestServer]: [_]
[09:35:33] [Server thread/INFO] [minecraft/GameTestServer]: [_]
[09:35:33] [Server thread/INFO] [minecraft/GameTestServer]: [_]
[09:35:33] [Server thread/INFO] [minecraft/GameTestServer]: [_]
[09:35:33] [Server thread/INFO] [minecraft/GameTestServer]: [_]
[09:35:33] [Server thread/INFO] [minecraft/GameTestServer]: [_]
[09:35:33] [Server thread/INFO] [minecraft/GameTestServer]: [_]
[09:35:33] [Server thread/INFO] [minecraft/MinecraftServer]: Чанки загружены. Подготовка окончательного положения на Y=-32
[09:35:33] [Server thread/INFO] [minecraft/GameTestServer]: [_]
[09:35:33] [Server thread/INFO] [minecraft/GameTestServer]: [_]
[09:35:33] [Server thread/INFO] [minecraft/GameTestServer]: [_]
[09:35:33] [Server thread/INFO] [minecraft/GameTestServer]: [_]
[09:35:33] [Server thread/INFO] [minecraft/GameTestServer]: [_]
[09:35:33] [Server thread/INFO] [minecraft/GameTestServer]: [_]
[09:35:33] [Server thread/INFO] [minecraft/GameTestServer]: [_]
[09:35:33] [Server thread/INFO] [minecraft/GameTestServer]: [_]
[09:35:33] [Server thread/INFO] [minecraft/GameTestServer]: [_]
[09:35:33] [Server thread/INFO] [minecraft/GameTestServer]: [_]
[09:35:33] [Server thread/INFO] [minecraft/GameTestServer]: [_]
[09:35:34] [Server thread/INFO] [minecraft/GameTestServer]: [_]
[09:35:34] [Server thread/INFO] [minecraft/GameTestServer]: [_]
[09:35:34] [Server thread/INFO] [minecraft/GameTestServer]: [_]
[09:35:34] [Server thread/INFO] [minecraft/GameTestServer]: [_]
[09:35:34] [Server thread/INFO] [minecraft/GameTestServer]: [_]
[09:35:34] [Server thread/INFO] [minecraft/GameTestServer]: [_]
[09:35:34] [Server thread/INFO] [minecraft/GameTestServer]: [_]
[09:35:34] [Server thread/INFO] [minecraft/GameTestServer]: [_]
[09:35:34] [Server thread/INFO] [minecraft/GameTestServer]: [_]
[09:35:34] [Server thread/INFO] [minecraft/GameTestServer]: [_]
[09:35:34] [Server thread/INFO] [minecraft/GameTestServer]: [_]
[09:35:34] [Server thread/INFO] [minecraft/GameTestServer]: [_]
[09:35:34] [Server thread/INFO] [minecraft/GameTestServer]: [_]
[09:35:34] [Server thread/INFO] [minecraft/GameTestServer]: [_]
[09:35:34] [Server thread/INFO] [minecraft/GameTestServer]: [_]
[09:35:35] [Server thread/INFO] [minecraft/GameTestServer]: [_]
[09:35:35] [Server thread/INFO] [minecraft/GameTestServer]: [_]
[09:35:35] [Server thread/INFO] [minecraft/GameTestServer]: [_]
[09:35:35] [Server thread/INFO] [minecraft/GameTestServer]: [_]
[09:35:35] [Server thread/INFO] [minecraft/GameTestServer]: [_]
[09:35:35] [Server thread/INFO] [minecraft/GameTestServer]: [_]
[09:35:35] [Server thread/INFO] [minecraft/GameTestServer]: [_]
[09:35:35] [Server thread/INFO] [minecraft/GameTestServer]: [_]
[09:35:35] [Server thread/INFO] [minecraft/GameTestServer]: [_]
[09:35:35] [Server thread/INFO] [minecraft/GameTestServer]: [_]
[09:35:35] [Server thread/INFO] [minecraft/GameTestServer]: [_]
[09:35:35] [Server thread/INFO] [minecraft/GameTestServer]: [_]
[09:35:36] [Server thread/INFO] [minecraft/GameTestServer]: [_]
[09:35:36] [Server thread/INFO] [minecraft/GameTestServer]: [_]
[09:35:36] [Server thread/INFO] [minecraft/GameTestServer]: [_]
[09:35:36] [Server thread/INFO] [minecraft/GameTestServer]: [_]
[09:35:36] [Server thread/INFO] [minecraft/GameTestServer]: [_]
[09:35:36] [Server thread/INFO] [minecraft/GameTestServer]: [_]
[09:35:36] [Server thread/INFO] [minecraft/MinecraftServer]: Территория подготовлена. Размещается структура...
[09:35:36] [Server thread/INFO] [minecraft/GameTestServer]: [_]
[09:35:36] [Server thread/INFO] [minecraft/GameTestServer]: [_]
[09:35:36] [Server thread/INFO] [minecraft/GameTestServer]: [_]
[09:35:36] [Server thread/INFO] [minecraft/GameTestServer]: [_]
[09:35:36] [Server thread/INFO] [minecraft/GameTestServer]: [_]
[09:35:37] [Server thread/INFO] [minecraft/GameTestServer]: [_]
[09:35:37] [Server thread/INFO] [minecraft/GameTestServer]: [_]
[09:35:37] [Server thread/INFO] [minecraft/GameTestServer]: [_]
[09:35:37] [Server thread/INFO] [minecraft/GameTestServer]: [_]
[09:35:37] [Server thread/INFO] [minecraft/GameTestServer]: [_]
[09:35:37] [Server thread/INFO] [minecraft/GameTestServer]: [_]
[09:35:37] [Server thread/INFO] [minecraft/GameTestServer]: [_]
[09:35:37] [Server thread/INFO] [minecraft/GameTestServer]: [_]
[09:35:37] [Server thread/INFO] [minecraft/GameTestServer]: [_]
[09:35:37] [Server thread/INFO] [minecraft/GameTestServer]: [_]
[09:35:37] [Server thread/INFO] [minecraft/GameTestServer]: [_]
[09:35:38] [Server thread/INFO] [minecraft/GameTestServer]: [_]
[09:35:38] [Server thread/INFO] [minecraft/GameTestServer]: [_]
[09:35:38] [Server thread/INFO] [minecraft/GameTestServer]: [_]
[09:35:38] [Server thread/INFO] [minecraft/GameTestServer]: [_]
[09:35:38] [Server thread/INFO] [minecraft/GameTestServer]: [_]
[09:35:38] [Server thread/INFO] [minecraft/GameTestServer]: [_]
[09:35:38] [Server thread/INFO] [minecraft/GameTestServer]: [_]
[09:35:38] [Server thread/INFO] [minecraft/GameTestServer]: [_]
[09:35:38] [Server thread/INFO] [minecraft/GameTestServer]: [_]
[09:35:38] [Server thread/INFO] [minecraft/GameTestServer]: [_]
[09:35:38] [Server thread/INFO] [minecraft/GameTestServer]: [_]
[09:35:39] [Server thread/INFO] [minecraft/GameTestServer]: [_]
[09:35:39] [Server thread/INFO] [minecraft/GameTestServer]: [_]
[09:35:39] [Server thread/INFO] [minecraft/GameTestServer]: [_]
[09:35:39] [Server thread/INFO] [minecraft/GameTestServer]: [_]
[09:35:39] [Server thread/INFO] [minecraft/GameTestServer]: [_]
[09:35:39] [Server thread/INFO] [minecraft/GameTestServer]: [_]
[09:35:39] [Server thread/INFO] [minecraft/GameTestServer]: [_]
[09:35:39] [Server thread/INFO] [minecraft/GameTestServer]: [_]
[09:35:39] [Server thread/INFO] [minecraft/GameTestServer]: [_]
[09:35:39] [Server thread/INFO] [minecraft/GameTestServer]: [_]
[09:35:39] [Server thread/INFO] [minecraft/GameTestServer]: [_]
[09:35:40] [Server thread/INFO] [minecraft/GameTestServer]: [_]
[09:35:40] [Server thread/INFO] [minecraft/GameTestServer]: [_]
[09:35:40] [Server thread/INFO] [minecraft/GameTestServer]: [_]
[09:35:40] [Server thread/INFO] [minecraft/GameTestServer]: [_]
[09:35:40] [Server thread/INFO] [minecraft/GameTestServer]: [_]
[09:35:40] [Server thread/INFO] [minecraft/GameTestServer]: [_]
[09:35:40] [Server thread/INFO] [minecraft/GameTestServer]: [_]
[09:35:40] [Server thread/INFO] [minecraft/GameTestServer]: [_]
[09:35:40] [Server thread/INFO] [minecraft/GameTestServer]: [_]
[09:35:40] [Server thread/INFO] [minecraft/GameTestServer]: [_]
[09:35:40] [Server thread/INFO] [minecraft/GameTestServer]: [_]
[09:35:41] [Server thread/INFO] [minecraft/GameTestServer]: [_]
[09:35:41] [Server thread/INFO] [minecraft/GameTestServer]: [_]
[09:35:41] [Server thread/INFO] [minecraft/GameTestServer]: [_]
[09:35:41] [Server thread/INFO] [minecraft/GameTestServer]: [_]
[09:35:41] [Server thread/INFO] [minecraft/GameTestServer]: [_]
[09:35:41] [Server thread/INFO] [minecraft/GameTestServer]: [_]
[09:35:41] [Server thread/INFO] [minecraft/GameTestServer]: [_]
[09:35:41] [Server thread/INFO] [minecraft/GameTestServer]: [_]
[09:35:41] [Server thread/INFO] [minecraft/GameTestServer]: [_]
[09:35:41] [Server thread/INFO] [minecraft/GameTestServer]: [_]
[09:35:41] [Server thread/INFO] [minecraft/GameTestServer]: [_]
[09:35:42] [Server thread/INFO] [minecraft/GameTestServer]: [_]
[09:35:42] [Server thread/INFO] [minecraft/GameTestServer]: [_]
[09:35:42] [Server thread/INFO] [minecraft/GameTestServer]: [_]
[09:35:42] [Server thread/INFO] [minecraft/MinecraftServer]: Структура создана: -13333503, -31, -1076587
MANUAL_STRUCTURE_COMMAND_PASS slavicmyths generate kurgan warrior 0 entrance=BlockPos{x=-13333503, y=-31, z=-1076587} constructionY=-32 changedBlocks=856258 peakOperations=8192 peakJobMs=13.8624 slowestPhase=TERRAFORM
[09:35:42] [Server thread/INFO] [minecraft/MinecraftServer]: Подготавливается территория: kurgan / 2. Задание edc0b9b5-2dd5-4cab-bc5d-c97f8f437bba
[09:35:42] [Server thread/INFO] [minecraft/MinecraftServer]: Генерация уже выполняется. /slavicmyths generation status или cancel
[09:35:42] [Server thread/INFO] [minecraft/GameTestServer]: [_]
[09:35:42] [Server thread/INFO] [minecraft/GameTestServer]: [_]
[09:35:42] [Server thread/INFO] [minecraft/GameTestServer]: [_]
[09:35:42] [Server thread/INFO] [minecraft/GameTestServer]: [_]
[09:35:42] [Server thread/INFO] [minecraft/GameTestServer]: [_]
[09:35:43] [Server thread/INFO] [minecraft/GameTestServer]: [_]
[09:35:43] [Server thread/INFO] [minecraft/GameTestServer]: [_]
[09:35:43] [Server thread/INFO] [minecraft/GameTestServer]: [_]
[09:35:43] [Server thread/INFO] [minecraft/GameTestServer]: [_]
[09:35:43] [Server thread/INFO] [minecraft/GameTestServer]: [_]
[09:35:43] [Server thread/INFO] [minecraft/GameTestServer]: [_]
[09:35:43] [Server thread/INFO] [minecraft/GameTestServer]: [_]
[09:35:43] [Server thread/INFO] [minecraft/GameTestServer]: [_]
[09:35:43] [Server thread/INFO] [minecraft/GameTestServer]: [_]
[09:35:43] [Server thread/INFO] [minecraft/GameTestServer]: [_]
[09:35:43] [Server thread/INFO] [minecraft/GameTestServer]: [_]
[09:35:43] [Server thread/INFO] [minecraft/GameTestServer]: [_]
[09:35:43] [Server thread/INFO] [minecraft/GameTestServer]: [_]
[09:35:43] [Server thread/INFO] [minecraft/GameTestServer]: [_]
[09:35:43] [Server thread/INFO] [minecraft/GameTestServer]: [_]
[09:35:43] [Server thread/INFO] [minecraft/GameTestServer]: [_]
[09:35:43] [Server thread/INFO] [minecraft/GameTestServer]: [_]
[09:35:43] [Server thread/INFO] [minecraft/GameTestServer]: [_]
[09:35:43] [Server thread/INFO] [minecraft/GameTestServer]: [_]
[09:35:43] [Server thread/INFO] [minecraft/GameTestServer]: [_]
[09:35:43] [Server thread/INFO] [minecraft/GameTestServer]: [_]
[09:35:43] [Server thread/INFO] [minecraft/GameTestServer]: [_]
[09:35:43] [Server thread/INFO] [minecraft/GameTestServer]: [_]
[09:35:43] [Server thread/INFO] [minecraft/GameTestServer]: [_]
[09:35:43] [Server thread/INFO] [minecraft/GameTestServer]: [_]
[09:35:44] [Server thread/INFO] [minecraft/GameTestServer]: [_]
[09:35:44] [Server thread/INFO] [minecraft/GameTestServer]: [_]
[09:35:44] [Server thread/INFO] [minecraft/GameTestServer]: [_]
[09:35:44] [Server thread/INFO] [minecraft/GameTestServer]: [_]
[09:35:44] [Server thread/INFO] [minecraft/GameTestServer]: [_]
[09:35:44] [Server thread/INFO] [minecraft/GameTestServer]: [_]
[09:35:44] [Server thread/INFO] [minecraft/GameTestServer]: [_]
[09:35:44] [Server thread/INFO] [minecraft/MinecraftServer]: Чанки загружены. Подготовка окончательного положения на Y=0
[09:35:44] [Server thread/INFO] [minecraft/GameTestServer]: [_]
[09:35:44] [Server thread/INFO] [minecraft/GameTestServer]: [_]
[09:35:44] [Server thread/INFO] [minecraft/GameTestServer]: [_]
[09:35:44] [Server thread/INFO] [minecraft/GameTestServer]: [_]
[09:35:44] [Server thread/INFO] [minecraft/GameTestServer]: [_]
[09:35:44] [Server thread/INFO] [minecraft/GameTestServer]: [_]
[09:35:44] [Server thread/INFO] [minecraft/GameTestServer]: [_]
[09:35:44] [Server thread/INFO] [minecraft/GameTestServer]: [_]
[09:35:44] [Server thread/INFO] [minecraft/GameTestServer]: [_]
[09:35:44] [Server thread/INFO] [minecraft/GameTestServer]: [_]
[09:35:44] [Server thread/INFO] [minecraft/GameTestServer]: [_]
[09:35:44] [Server thread/INFO] [minecraft/GameTestServer]: [_]
[09:35:44] [Server thread/INFO] [minecraft/GameTestServer]: [_]
[09:35:45] [Server thread/INFO] [minecraft/GameTestServer]: [_]
[09:35:45] [Server thread/INFO] [minecraft/GameTestServer]: [_]
[09:35:45] [Server thread/INFO] [minecraft/GameTestServer]: [_]
[09:35:45] [Server thread/INFO] [minecraft/GameTestServer]: [_]
[09:35:45] [Server thread/INFO] [minecraft/GameTestServer]: [_]
[09:35:45] [Server thread/INFO] [minecraft/GameTestServer]: [_]
[09:35:45] [Server thread/INFO] [minecraft/GameTestServer]: [_]
[09:35:45] [Server thread/INFO] [minecraft/GameTestServer]: [_]
[09:35:45] [Server thread/INFO] [minecraft/GameTestServer]: [_]
[09:35:45] [Server thread/INFO] [minecraft/GameTestServer]: [_]
[09:35:45] [Server thread/INFO] [minecraft/GameTestServer]: [_]
[09:35:45] [Server thread/INFO] [minecraft/GameTestServer]: [_]
[09:35:45] [Server thread/INFO] [minecraft/GameTestServer]: [_]
[09:35:45] [Server thread/INFO] [minecraft/GameTestServer]: [_]
[09:35:45] [Server thread/INFO] [minecraft/GameTestServer]: [_]
[09:35:45] [Server thread/INFO] [minecraft/GameTestServer]: [_]
[09:35:46] [Server thread/INFO] [minecraft/GameTestServer]: [_]
[09:35:46] [Server thread/INFO] [minecraft/GameTestServer]: [_]
[09:35:46] [Server thread/INFO] [minecraft/GameTestServer]: [_]
[09:35:46] [Server thread/INFO] [minecraft/GameTestServer]: [_]
[09:35:46] [Server thread/INFO] [minecraft/GameTestServer]: [_]
[09:35:46] [Server thread/INFO] [minecraft/GameTestServer]: [_]
[09:35:46] [Server thread/INFO] [minecraft/GameTestServer]: [_]
[09:35:46] [Server thread/INFO] [minecraft/GameTestServer]: [_]
[09:35:46] [Server thread/INFO] [minecraft/GameTestServer]: [_]
[09:35:46] [Server thread/INFO] [minecraft/GameTestServer]: [_]
[09:35:46] [Server thread/INFO] [minecraft/GameTestServer]: [_]
[09:35:46] [Server thread/INFO] [minecraft/GameTestServer]: [_]
[09:35:46] [Server thread/INFO] [minecraft/GameTestServer]: [_]
[09:35:46] [Server thread/INFO] [minecraft/GameTestServer]: [_]
[09:35:46] [Server thread/INFO] [minecraft/GameTestServer]: [_]
[09:35:46] [Server thread/INFO] [minecraft/GameTestServer]: [_]
[09:35:46] [Server thread/INFO] [minecraft/GameTestServer]: [_]
[09:35:47] [Server thread/INFO] [minecraft/GameTestServer]: [_]
[09:35:47] [Server thread/INFO] [minecraft/GameTestServer]: [_]
[09:35:47] [Server thread/INFO] [minecraft/GameTestServer]: [_]
[09:35:47] [Server thread/INFO] [minecraft/GameTestServer]: [_]
[09:35:47] [Server thread/INFO] [minecraft/GameTestServer]: [_]
[09:35:47] [Server thread/INFO] [minecraft/GameTestServer]: [_]
[09:35:47] [Server thread/INFO] [minecraft/GameTestServer]: [_]
[09:35:47] [Server thread/INFO] [minecraft/GameTestServer]: [_]
[09:35:47] [Server thread/INFO] [minecraft/GameTestServer]: [_]
[09:35:47] [Server thread/INFO] [minecraft/GameTestServer]: [_]
[09:35:47] [Server thread/INFO] [minecraft/GameTestServer]: [_]
[09:35:47] [Server thread/INFO] [minecraft/GameTestServer]: [_]
[09:35:48] [Server thread/INFO] [minecraft/GameTestServer]: [_]
[09:35:48] [Server thread/INFO] [minecraft/GameTestServer]: [_]
[09:35:48] [Server thread/INFO] [minecraft/GameTestServer]: [_]
[09:35:48] [Server thread/INFO] [minecraft/GameTestServer]: [_]
[09:35:48] [Server thread/INFO] [minecraft/GameTestServer]: [_]
[09:35:48] [Server thread/INFO] [minecraft/GameTestServer]: [_]
[09:35:48] [Server thread/INFO] [minecraft/GameTestServer]: [_]
[09:35:48] [Server thread/INFO] [minecraft/GameTestServer]: [_]
[09:35:48] [Server thread/INFO] [minecraft/GameTestServer]: [_]
[09:35:48] [Server thread/INFO] [minecraft/GameTestServer]: [_]
[09:35:48] [Server thread/INFO] [minecraft/GameTestServer]: [_]
[09:35:48] [Server thread/INFO] [minecraft/GameTestServer]: [_]
[09:35:49] [Server thread/INFO] [minecraft/GameTestServer]: [_]
[09:35:49] [Server thread/INFO] [minecraft/GameTestServer]: [_]
[09:35:49] [Server thread/INFO] [minecraft/GameTestServer]: [_]
[09:35:49] [Server thread/INFO] [minecraft/GameTestServer]: [_]
[09:35:49] [Server thread/INFO] [minecraft/GameTestServer]: [_]
[09:35:49] [Server thread/INFO] [minecraft/GameTestServer]: [_]
[09:35:49] [Server thread/INFO] [minecraft/GameTestServer]: [_]
[09:35:49] [Server thread/INFO] [minecraft/GameTestServer]: [_]
[09:35:49] [Server thread/INFO] [minecraft/GameTestServer]: [_]
[09:35:49] [Server thread/INFO] [minecraft/GameTestServer]: [_]
[09:35:49] [Server thread/INFO] [minecraft/GameTestServer]: [_]
[09:35:50] [Server thread/INFO] [minecraft/GameTestServer]: [_]
[09:35:50] [Server thread/INFO] [minecraft/GameTestServer]: [_]
[09:35:50] [Server thread/INFO] [minecraft/GameTestServer]: [_]
[09:35:50] [Server thread/INFO] [minecraft/GameTestServer]: [_]
[09:35:50] [Server thread/INFO] [minecraft/GameTestServer]: [_]
[09:35:50] [Server thread/INFO] [minecraft/GameTestServer]: [_]
[09:35:50] [Server thread/INFO] [minecraft/GameTestServer]: [_]
[09:35:50] [Server thread/INFO] [minecraft/GameTestServer]: [_]
[09:35:50] [Server thread/INFO] [minecraft/GameTestServer]: [_]
[09:35:50] [Server thread/INFO] [minecraft/GameTestServer]: [_]
[09:35:50] [Server thread/INFO] [minecraft/GameTestServer]: [_]
[09:35:50] [Server thread/INFO] [minecraft/GameTestServer]: [_]
[09:35:51] [Server thread/INFO] [minecraft/GameTestServer]: [_]
[09:35:51] [Server thread/INFO] [minecraft/GameTestServer]: [_]
[09:35:51] [Server thread/INFO] [minecraft/GameTestServer]: [_]
[09:35:51] [Server thread/INFO] [minecraft/GameTestServer]: [_]
[09:35:51] [Server thread/INFO] [minecraft/GameTestServer]: [_]
[09:35:51] [Server thread/INFO] [minecraft/GameTestServer]: [_]
[09:35:51] [Server thread/INFO] [minecraft/GameTestServer]: [_]
[09:35:51] [Server thread/INFO] [minecraft/GameTestServer]: [_]
[09:35:51] [Server thread/INFO] [minecraft/GameTestServer]: [_]
[09:35:51] [Server thread/INFO] [minecraft/GameTestServer]: [_]
[09:35:51] [Server thread/INFO] [minecraft/GameTestServer]: [_]
[09:35:52] [Server thread/INFO] [minecraft/MinecraftServer]: Территория подготовлена. Размещается структура...
[09:35:52] [Server thread/INFO] [minecraft/GameTestServer]: [_]
[09:35:52] [Server thread/INFO] [minecraft/GameTestServer]: [_]
[09:35:52] [Server thread/INFO] [minecraft/GameTestServer]: [_]
[09:35:52] [Server thread/INFO] [minecraft/GameTestServer]: [_]
[09:35:52] [Server thread/INFO] [minecraft/GameTestServer]: [_]
[09:35:52] [Server thread/INFO] [minecraft/GameTestServer]: [_]
[09:35:52] [Server thread/INFO] [minecraft/GameTestServer]: [_]
[09:35:53] [Server thread/INFO] [minecraft/GameTestServer]: [_]
[09:35:53] [Server thread/INFO] [minecraft/GameTestServer]: [_]
[09:35:53] [Server thread/INFO] [minecraft/GameTestServer]: [_]
[09:35:53] [Server thread/INFO] [minecraft/GameTestServer]: [_]
[09:35:53] [Server thread/INFO] [minecraft/GameTestServer]: [_]
[09:35:53] [Server thread/INFO] [minecraft/GameTestServer]: [_]
[09:35:53] [Server thread/INFO] [minecraft/GameTestServer]: [_]
[09:35:53] [Server thread/INFO] [minecraft/GameTestServer]: [_]
[09:35:54] [Server thread/INFO] [minecraft/GameTestServer]: [_]
[09:35:54] [Server thread/INFO] [minecraft/GameTestServer]: [_]
[09:35:54] [Server thread/INFO] [minecraft/GameTestServer]: [_]
[09:35:54] [Server thread/INFO] [minecraft/GameTestServer]: [_]
[09:35:54] [Server thread/INFO] [minecraft/GameTestServer]: [_]
[09:35:54] [Server thread/INFO] [minecraft/GameTestServer]: [_]
[09:35:54] [Server thread/INFO] [minecraft/GameTestServer]: [_]
[09:35:55] [Server thread/INFO] [minecraft/GameTestServer]: [_]
[09:35:55] [Server thread/INFO] [minecraft/GameTestServer]: [_]
[09:35:55] [Server thread/INFO] [minecraft/GameTestServer]: [_]
[09:35:55] [Server thread/INFO] [minecraft/GameTestServer]: [_]
[09:35:55] [Server thread/INFO] [minecraft/GameTestServer]: [_]
[09:35:55] [Server thread/INFO] [minecraft/GameTestServer]: [_]
[09:35:55] [Server thread/INFO] [minecraft/GameTestServer]: [_]
[09:35:56] [Server thread/INFO] [minecraft/GameTestServer]: [_]
[09:35:56] [Server thread/INFO] [minecraft/GameTestServer]: [_]
[09:35:56] [Server thread/INFO] [minecraft/GameTestServer]: [_]
[09:35:56] [Server thread/INFO] [minecraft/GameTestServer]: [_]
[09:35:56] [Server thread/INFO] [minecraft/GameTestServer]: [_]
[09:35:56] [Server thread/INFO] [minecraft/GameTestServer]: [_]
[09:35:56] [Server thread/INFO] [minecraft/GameTestServer]: [_]
[09:35:57] [Server thread/INFO] [minecraft/GameTestServer]: [_]
[09:35:57] [Server thread/INFO] [minecraft/GameTestServer]: [_]
[09:35:57] [Server thread/INFO] [minecraft/GameTestServer]: [_]
[09:35:57] [Server thread/INFO] [minecraft/GameTestServer]: [_]
[09:35:57] [Server thread/INFO] [minecraft/GameTestServer]: [_]
[09:35:57] [Server thread/INFO] [minecraft/GameTestServer]: [_]
[09:35:57] [Server thread/INFO] [minecraft/GameTestServer]: [_]
[09:35:57] [Server thread/INFO] [minecraft/GameTestServer]: [_]
[09:35:58] [Server thread/INFO] [minecraft/GameTestServer]: [_]
[09:35:58] [Server thread/INFO] [minecraft/GameTestServer]: [_]
[09:35:58] [Server thread/INFO] [minecraft/GameTestServer]: [_]
[09:35:58] [Server thread/INFO] [minecraft/GameTestServer]: [_]
[09:35:58] [Server thread/INFO] [minecraft/GameTestServer]: [_]
[09:35:58] [Server thread/INFO] [minecraft/GameTestServer]: [_]
[09:35:59] [Server thread/INFO] [minecraft/GameTestServer]: [_]
[09:35:59] [Server thread/INFO] [minecraft/GameTestServer]: [_]
[09:35:59] [Server thread/INFO] [minecraft/GameTestServer]: [_]
[09:35:59] [Server thread/INFO] [minecraft/GameTestServer]: [_]
[09:35:59] [Server thread/INFO] [minecraft/GameTestServer]: [_]
[09:35:59] [Server thread/INFO] [minecraft/GameTestServer]: [_]
[09:35:59] [Server thread/INFO] [minecraft/GameTestServer]: [_]
[09:36:00] [Server thread/INFO] [minecraft/GameTestServer]: [_]
[09:36:00] [Server thread/INFO] [minecraft/GameTestServer]: [_]
[09:36:00] [Server thread/INFO] [minecraft/GameTestServer]: [_]
[09:36:00] [Server thread/INFO] [minecraft/GameTestServer]: [_]
[09:36:00] [Server thread/INFO] [minecraft/GameTestServer]: [_]
[09:36:00] [Server thread/INFO] [minecraft/GameTestServer]: [_]
[09:36:00] [Server thread/INFO] [minecraft/GameTestServer]: [_]
[09:36:01] [Server thread/INFO] [minecraft/GameTestServer]: [_]
[09:36:01] [Server thread/INFO] [minecraft/GameTestServer]: [_]
[09:36:01] [Server thread/INFO] [minecraft/GameTestServer]: [_]
[09:36:01] [Server thread/INFO] [minecraft/GameTestServer]: [_]
[09:36:01] [Server thread/INFO] [minecraft/GameTestServer]: [_]
[09:36:01] [Server thread/INFO] [minecraft/GameTestServer]: [_]
[09:36:01] [Server thread/INFO] [minecraft/GameTestServer]: [_]
[09:36:02] [Server thread/INFO] [minecraft/GameTestServer]: [_]
[09:36:02] [Server thread/INFO] [minecraft/GameTestServer]: [_]
[09:36:02] [Server thread/INFO] [minecraft/GameTestServer]: [_]
[09:36:02] [Server thread/INFO] [minecraft/GameTestServer]: [_]
[09:36:02] [Server thread/INFO] [minecraft/GameTestServer]: [_]
[09:36:02] [Server thread/INFO] [minecraft/GameTestServer]: [_]
[09:36:02] [Server thread/INFO] [minecraft/GameTestServer]: [_]
[09:36:03] [Server thread/INFO] [minecraft/GameTestServer]: [_]
[09:36:03] [Server thread/INFO] [minecraft/GameTestServer]: [_]
[09:36:03] [Server thread/INFO] [minecraft/GameTestServer]: [_]
[09:36:03] [Server thread/INFO] [minecraft/GameTestServer]: [_]
[09:36:03] [Server thread/INFO] [minecraft/GameTestServer]: [_]
[09:36:03] [Server thread/INFO] [minecraft/GameTestServer]: [_]
[09:36:03] [Server thread/INFO] [minecraft/GameTestServer]: [_]
[09:36:04] [Server thread/INFO] [minecraft/GameTestServer]: [_]
[09:36:04] [Server thread/INFO] [minecraft/GameTestServer]: [_]
[09:36:04] [Server thread/INFO] [minecraft/GameTestServer]: [_]
[09:36:04] [Server thread/INFO] [minecraft/GameTestServer]: [_]
[09:36:04] [Server thread/INFO] [minecraft/GameTestServer]: [_]
[09:36:04] [Server thread/INFO] [minecraft/GameTestServer]: [_]
[09:36:04] [Server thread/INFO] [minecraft/GameTestServer]: [_]
[09:36:05] [Server thread/INFO] [minecraft/GameTestServer]: [_]
[09:36:05] [Server thread/INFO] [minecraft/GameTestServer]: [_]
[09:36:05] [Server thread/INFO] [minecraft/GameTestServer]: [_]
[09:36:05] [Server thread/INFO] [minecraft/GameTestServer]: [_]
[09:36:05] [Server thread/INFO] [minecraft/GameTestServer]: [_]
[09:36:05] [Server thread/INFO] [minecraft/GameTestServer]: [_]
[09:36:05] [Server thread/INFO] [minecraft/GameTestServer]: [_]
[09:36:06] [Server thread/INFO] [minecraft/GameTestServer]: [_]
[09:36:06] [Server thread/INFO] [minecraft/GameTestServer]: [_]
[09:36:06] [Server thread/INFO] [minecraft/GameTestServer]: [_]
[09:36:06] [Server thread/INFO] [minecraft/GameTestServer]: [_]
[09:36:06] [Server thread/INFO] [minecraft/GameTestServer]: [_]
[09:36:06] [Server thread/INFO] [minecraft/GameTestServer]: [_]
[09:36:06] [Server thread/INFO] [minecraft/GameTestServer]: [_]
[09:36:06] [Server thread/INFO] [minecraft/GameTestServer]: [_]
[09:36:07] [Server thread/INFO] [minecraft/GameTestServer]: [_]
[09:36:07] [Server thread/INFO] [minecraft/GameTestServer]: [_]
[09:36:07] [Server thread/INFO] [minecraft/GameTestServer]: [_]
[09:36:07] [Server thread/INFO] [minecraft/GameTestServer]: [_]
[09:36:07] [Server thread/INFO] [minecraft/GameTestServer]: [_]
[09:36:07] [Server thread/INFO] [minecraft/GameTestServer]: [_]
[09:36:08] [Server thread/INFO] [minecraft/GameTestServer]: [_]
[09:36:08] [Server thread/INFO] [minecraft/GameTestServer]: [_]
[09:36:08] [Server thread/INFO] [minecraft/GameTestServer]: [_]
[09:36:08] [Server thread/INFO] [minecraft/GameTestServer]: [_]
[09:36:08] [Server thread/INFO] [minecraft/GameTestServer]: [_]
[09:36:08] [Server thread/INFO] [minecraft/GameTestServer]: [_]
[09:36:08] [Server thread/INFO] [minecraft/GameTestServer]: [_]
[09:36:09] [Server thread/INFO] [minecraft/GameTestServer]: [_]
[09:36:09] [Server thread/INFO] [minecraft/GameTestServer]: [_]
[09:36:09] [Server thread/INFO] [minecraft/GameTestServer]: [_]
[09:36:09] [Server thread/INFO] [minecraft/GameTestServer]: [_]
[09:36:09] [Server thread/INFO] [minecraft/GameTestServer]: [_]
[09:36:09] [Server thread/INFO] [minecraft/GameTestServer]: [_]
[09:36:09] [Server thread/INFO] [minecraft/GameTestServer]: [_]
[09:36:09] [Server thread/INFO] [minecraft/GameTestServer]: [_]
[09:36:10] [Server thread/INFO] [minecraft/GameTestServer]: [_]
[09:36:10] [Server thread/INFO] [minecraft/GameTestServer]: [_]
[09:36:10] [Server thread/INFO] [minecraft/GameTestServer]: [_]
[09:36:10] [Server thread/INFO] [minecraft/GameTestServer]: [_]
[09:36:10] [Server thread/INFO] [minecraft/GameTestServer]: [_]
[09:36:10] [Server thread/INFO] [minecraft/GameTestServer]: [_]
[09:36:10] [Server thread/INFO] [minecraft/GameTestServer]: [_]
[09:36:11] [Server thread/INFO] [minecraft/GameTestServer]: [_]
[09:36:11] [Server thread/INFO] [minecraft/GameTestServer]: [_]
[09:36:11] [Server thread/INFO] [minecraft/GameTestServer]: [_]
[09:36:11] [Server thread/INFO] [minecraft/GameTestServer]: [_]
[09:36:11] [Server thread/INFO] [minecraft/GameTestServer]: [_]
[09:36:11] [Server thread/INFO] [minecraft/GameTestServer]: [_]
[09:36:11] [Server thread/INFO] [minecraft/GameTestServer]: [_]
[09:36:12] [Server thread/INFO] [minecraft/GameTestServer]: [_]
[09:36:12] [Server thread/INFO] [minecraft/GameTestServer]: [_]
[09:36:12] [Server thread/INFO] [minecraft/GameTestServer]: [_]
[09:36:12] [Server thread/INFO] [minecraft/GameTestServer]: [_]
[09:36:12] [Server thread/INFO] [minecraft/GameTestServer]: [_]
[09:36:12] [Server thread/INFO] [minecraft/GameTestServer]: [_]
[09:36:12] [Server thread/INFO] [minecraft/GameTestServer]: [_]
[09:36:13] [Server thread/INFO] [minecraft/GameTestServer]: [_]
[09:36:13] [Server thread/INFO] [minecraft/GameTestServer]: [_]
[09:36:13] [Server thread/INFO] [minecraft/GameTestServer]: [_]
[09:36:13] [Server thread/INFO] [minecraft/GameTestServer]: [_]
[09:36:13] [Server thread/INFO] [minecraft/GameTestServer]: [_]
[09:36:13] [Server thread/INFO] [minecraft/GameTestServer]: [_]
[09:36:13] [Server thread/INFO] [minecraft/GameTestServer]: [_]
[09:36:14] [Server thread/INFO] [minecraft/GameTestServer]: [_]
[09:36:14] [Server thread/INFO] [minecraft/GameTestServer]: [_]
[09:36:14] [Server thread/INFO] [minecraft/GameTestServer]: [_]
[09:36:14] [Server thread/INFO] [minecraft/GameTestServer]: [_]
[09:36:14] [Server thread/INFO] [minecraft/GameTestServer]: [_]
[09:36:14] [Server thread/INFO] [minecraft/GameTestServer]: [_]
[09:36:14] [Server thread/INFO] [minecraft/GameTestServer]: [_]
[09:36:15] [Server thread/INFO] [minecraft/GameTestServer]: [_]
[09:36:15] [Server thread/INFO] [minecraft/GameTestServer]: [_]
[09:36:15] [Server thread/INFO] [minecraft/GameTestServer]: [_]
[09:36:15] [Server thread/INFO] [minecraft/GameTestServer]: [_]
[09:36:15] [Server thread/INFO] [minecraft/GameTestServer]: [_]
[09:36:15] [Server thread/INFO] [minecraft/GameTestServer]: [_]
[09:36:15] [Server thread/INFO] [minecraft/GameTestServer]: [_]
[09:36:16] [Server thread/INFO] [minecraft/GameTestServer]: [_]
[09:36:16] [Server thread/INFO] [minecraft/MinecraftServer]: Структура создана: -13329407, 1, -1076587
MANUAL_STRUCTURE_COMMAND_PASS slavicmyths generate kurgan great 0 entrance=BlockPos{x=-13329407, y=1, z=-1076587} constructionY=0 changedBlocks=2542386 peakOperations=8192 peakJobMs=22.8726 slowestPhase=TERRAFORM
[09:36:16] [Server thread/INFO] [minecraft/MinecraftServer]: Подготавливается территория: bandit_camp / 0. Задание d71ee541-55c5-40e8-99b1-fcd9d4a32261
[09:36:16] [Server thread/INFO] [minecraft/MinecraftServer]: Генерация уже выполняется. /slavicmyths generation status или cancel
[09:36:16] [Server thread/INFO] [minecraft/GameTestServer]: [_]
[09:36:16] [Server thread/INFO] [minecraft/GameTestServer]: [_]
[09:36:16] [Server thread/INFO] [minecraft/GameTestServer]: [_]
[09:36:16] [Server thread/INFO] [minecraft/GameTestServer]: [_]
[09:36:16] [Server thread/INFO] [minecraft/GameTestServer]: [_]
[09:36:16] [Server thread/INFO] [minecraft/GameTestServer]: [_]
[09:36:16] [Server thread/INFO] [minecraft/MinecraftServer]: Чанки загружены. Подготовка окончательного положения на Y=-61
[09:36:16] [Server thread/INFO] [minecraft/GameTestServer]: [_]
[09:36:16] [Server thread/INFO] [minecraft/GameTestServer]: [_]
[09:36:16] [Server thread/INFO] [minecraft/GameTestServer]: [_]
[09:36:16] [Server thread/INFO] [minecraft/GameTestServer]: [_]
[09:36:16] [Server thread/INFO] [minecraft/GameTestServer]: [_]
[09:36:17] [Server thread/INFO] [minecraft/GameTestServer]: [_]
[09:36:17] [Server thread/INFO] [minecraft/GameTestServer]: [_]
[09:36:17] [Server thread/INFO] [minecraft/GameTestServer]: [_]
[09:36:17] [Server thread/INFO] [minecraft/MinecraftServer]: Территория подготовлена. Размещается структура...
[09:36:17] [Server thread/INFO] [minecraft/GameTestServer]: [_]
[09:36:17] [Server thread/INFO] [minecraft/MinecraftServer]: Структура создана: -13325301, -60, -1076599
MANUAL_STRUCTURE_COMMAND_PASS slavicmyths generate bandit_camp small 0 entrance=BlockPos{x=-13325301, y=-60, z=-1076599} constructionY=-61 changedBlocks=0 peakOperations=8192 peakJobMs=37.6396 slowestPhase=PLACE_STRUCTURE
[09:36:17] [Server thread/INFO] [minecraft/MinecraftServer]: Подготавливается территория: bandit_camp / 1. Задание ce292769-6fde-4f89-a4c7-43f8442a0728
[09:36:17] [Server thread/INFO] [minecraft/MinecraftServer]: Генерация уже выполняется. /slavicmyths generation status или cancel
[09:36:17] [Server thread/INFO] [minecraft/GameTestServer]: [_]
[09:36:17] [Server thread/INFO] [minecraft/GameTestServer]: [_]
[09:36:17] [Server thread/INFO] [minecraft/GameTestServer]: [_]
[09:36:17] [Server thread/INFO] [minecraft/GameTestServer]: [_]
[09:36:17] [Server thread/INFO] [minecraft/GameTestServer]: [_]
[09:36:18] [Server thread/INFO] [minecraft/GameTestServer]: [_]
[09:36:18] [Server thread/INFO] [minecraft/GameTestServer]: [_]
[09:36:18] [Server thread/INFO] [minecraft/GameTestServer]: [_]
[09:36:18] [Server thread/INFO] [minecraft/GameTestServer]: [_]
[09:36:18] [Server thread/INFO] [minecraft/GameTestServer]: [_]
[09:36:18] [Server thread/INFO] [minecraft/GameTestServer]: [_]
[09:36:18] [Server thread/INFO] [minecraft/MinecraftServer]: Чанки загружены. Подготовка окончательного положения на Y=-61
[09:36:18] [Server thread/INFO] [minecraft/GameTestServer]: [_]
[09:36:18] [Server thread/INFO] [minecraft/GameTestServer]: [_]
[09:36:18] [Server thread/INFO] [minecraft/MinecraftServer]: Территория подготовлена. Размещается структура...
[09:36:18] [Server thread/INFO] [minecraft/GameTestServer]: [_]
[09:36:18] [Server thread/INFO] [minecraft/GameTestServer]: [_]
[09:36:18] [Server thread/INFO] [minecraft/MinecraftServer]: Структура создана: -13321205, -60, -1076599
MANUAL_STRUCTURE_COMMAND_PASS slavicmyths generate bandit_camp fortified 0 entrance=BlockPos{x=-13321205, y=-60, z=-1076599} constructionY=-61 changedBlocks=0 peakOperations=8192 peakJobMs=5.7924 slowestPhase=PLACE_STRUCTURE
[09:36:18] [Server thread/INFO] [minecraft/MinecraftServer]: Подготавливается территория: bandit_camp / 2. Задание 3f66f842-97fb-41b5-9d63-0b9a302fe061
[09:36:18] [Server thread/INFO] [minecraft/MinecraftServer]: Генерация уже выполняется. /slavicmyths generation status или cancel
[09:36:18] [Server thread/INFO] [minecraft/GameTestServer]: [_]
[09:36:18] [Server thread/INFO] [minecraft/GameTestServer]: [_]
[09:36:18] [Server thread/INFO] [minecraft/GameTestServer]: [_]
[09:36:19] [Server thread/INFO] [minecraft/GameTestServer]: [_]
[09:36:19] [Server thread/INFO] [minecraft/GameTestServer]: [_]
[09:36:19] [Server thread/INFO] [minecraft/GameTestServer]: [_]
[09:36:19] [Server thread/INFO] [minecraft/GameTestServer]: [_]
[09:36:19] [Server thread/INFO] [minecraft/GameTestServer]: [_]
[09:36:19] [Server thread/INFO] [minecraft/GameTestServer]: [_]
[09:36:19] [Server thread/INFO] [minecraft/GameTestServer]: [_]
[09:36:19] [Server thread/INFO] [minecraft/GameTestServer]: [_]
[09:36:19] [Server thread/INFO] [minecraft/GameTestServer]: [_]
[09:36:19] [Server thread/INFO] [minecraft/MinecraftServer]: Чанки загружены. Подготовка окончательного положения на Y=-57
[09:36:19] [Server thread/INFO] [minecraft/GameTestServer]: [_]
[09:36:19] [Server thread/INFO] [minecraft/GameTestServer]: [_]
[09:36:19] [Server thread/INFO] [minecraft/GameTestServer]: [_]
[09:36:19] [Server thread/INFO] [minecraft/GameTestServer]: [_]
[09:36:19] [Server thread/INFO] [minecraft/GameTestServer]: [_]
[09:36:19] [Server thread/INFO] [minecraft/GameTestServer]: [_]
[09:36:19] [Server thread/INFO] [minecraft/MinecraftServer]: Территория подготовлена. Размещается структура...
[09:36:19] [Server thread/INFO] [minecraft/GameTestServer]: [_]
[09:36:19] [Server thread/INFO] [minecraft/GameTestServer]: [_]
[09:36:19] [Server thread/INFO] [minecraft/GameTestServer]: [_]
[09:36:20] [Server thread/INFO] [minecraft/GameTestServer]: [_]
[09:36:20] [Server thread/INFO] [minecraft/GameTestServer]: [_]
[09:36:20] [Server thread/INFO] [minecraft/GameTestServer]: [_]
[09:36:20] [Server thread/INFO] [minecraft/GameTestServer]: [_]
[09:36:20] [Server thread/INFO] [minecraft/GameTestServer]: [_]
[09:36:20] [Server thread/INFO] [minecraft/GameTestServer]: [_]
[09:36:20] [Server thread/INFO] [minecraft/GameTestServer]: [_]
[09:36:20] [Server thread/INFO] [minecraft/MinecraftServer]: Структура создана: -13317080, -56, -1076639
MANUAL_STRUCTURE_COMMAND_PASS slavicmyths generate bandit_camp large 0 entrance=BlockPos{x=-13317080, y=-56, z=-1076639} constructionY=-57 changedBlocks=39277 peakOperations=8192 peakJobMs=9.4082 slowestPhase=PLACE_STRUCTURE
[09:36:21] [Server thread/INFO] [minecraft/MinecraftServer]: Подготавливается территория: bandit_camp / 1. Задание 25502278-2c2c-4428-992e-655be65d98fb
[09:36:21] [Server thread/INFO] [minecraft/MinecraftServer]: Генерация уже выполняется. /slavicmyths generation status или cancel
[09:36:21] [Server thread/INFO] [minecraft/GameTestServer]: [_]
[09:36:21] [Server thread/INFO] [minecraft/GameTestServer]: [_]
[09:36:21] [Server thread/INFO] [minecraft/GameTestServer]: [_]
[09:36:21] [Server thread/INFO] [minecraft/MinecraftServer]: Чанки загружены. Подготовка окончательного положения на Y=-61
[09:36:21] [Server thread/INFO] [minecraft/GameTestServer]: [_]
[09:36:21] [Server thread/INFO] [minecraft/GameTestServer]: [_]
[09:36:21] [Server thread/INFO] [minecraft/GameTestServer]: [_]
[09:36:21] [Server thread/INFO] [minecraft/MinecraftServer]: Территория подготовлена. Размещается структура...
[09:36:21] [Server thread/INFO] [minecraft/GameTestServer]: [_]
[09:36:21] [Server thread/INFO] [minecraft/MinecraftServer]: Структура создана: -13313013, -60, -1076599
MANUAL_STRUCTURE_COMMAND_PASS slavicmyths generate bandit_camp fortified 0 entrance=BlockPos{x=-13313013, y=-60, z=-1076599} constructionY=-61 changedBlocks=6832 peakOperations=8192 peakJobMs=7.0628 slowestPhase=TERRAFORM
[09:36:21] [Server thread/INFO] [minecraft/GameTestServer]: [_]
[09:36:22] [Server thread/INFO] [minecraft/MinecraftServer]: Подготавливается территория: kurgan / 0. Задание d05077ea-c94b-4057-925f-d9ecc64edde9
[09:36:22] [Server thread/INFO] [minecraft/MinecraftServer]: Генерация уже выполняется. /slavicmyths generation status или cancel
[09:36:22] [Server thread/INFO] [minecraft/GameTestServer]: [_]
[09:36:22] [Server thread/INFO] [minecraft/GameTestServer]: [_]
[09:36:22] [Server thread/INFO] [minecraft/GameTestServer]: [_]
[09:36:22] [Server thread/INFO] [minecraft/GameTestServer]: [_]
[09:36:22] [Server thread/INFO] [minecraft/GameTestServer]: [_]
[09:36:22] [Server thread/INFO] [minecraft/GameTestServer]: [_]
[09:36:23] [Server thread/INFO] [minecraft/GameTestServer]: [_]
[09:36:23] [Server thread/INFO] [minecraft/MinecraftServer]: Чанки загружены. Подготовка окончательного положения на Y=-49
[09:36:23] [Server thread/INFO] [minecraft/GameTestServer]: [_]
[09:36:23] [Server thread/INFO] [minecraft/GameTestServer]: [_]
[09:36:23] [Server thread/INFO] [minecraft/GameTestServer]: [_]
[09:36:23] [Server thread/INFO] [minecraft/GameTestServer]: [_]
[09:36:23] [Server thread/INFO] [minecraft/GameTestServer]: [_]
[09:36:23] [Server thread/INFO] [minecraft/GameTestServer]: [_]
[09:36:23] [Server thread/INFO] [minecraft/GameTestServer]: [_]
[09:36:23] [Server thread/INFO] [minecraft/GameTestServer]: [_]
[09:36:23] [Server thread/INFO] [minecraft/GameTestServer]: [_]
[09:36:23] [Server thread/INFO] [minecraft/GameTestServer]: [_]
[09:36:23] [Server thread/INFO] [minecraft/MinecraftServer]: Территория подготовлена. Размещается структура...
[09:36:23] [Server thread/INFO] [minecraft/GameTestServer]: [_]
[09:36:23] [Server thread/INFO] [minecraft/GameTestServer]: [_]
[09:36:23] [Server thread/INFO] [minecraft/GameTestServer]: [_]
[09:36:23] [Server thread/INFO] [minecraft/GameTestServer]: [_]
[09:36:23] [Server thread/INFO] [minecraft/GameTestServer]: [_]
[09:36:23] [Server thread/INFO] [minecraft/GameTestServer]: [_]
[09:36:24] [Server thread/INFO] [minecraft/GameTestServer]: [_]
[09:36:24] [Server thread/INFO] [minecraft/GameTestServer]: [_]
[09:36:24] [Server thread/INFO] [minecraft/GameTestServer]: [_]
[09:36:24] [Server thread/INFO] [minecraft/GameTestServer]: [_]
[09:36:24] [Server thread/INFO] [minecraft/GameTestServer]: [_]
[09:36:24] [Server thread/INFO] [minecraft/GameTestServer]: [_]
[09:36:24] [Server thread/INFO] [minecraft/GameTestServer]: [_]
[09:36:24] [Server thread/INFO] [minecraft/GameTestServer]: [_]
[09:36:24] [Server thread/INFO] [minecraft/MinecraftServer]: Структура создана: -13308863, -48, -1076587
MANUAL_STRUCTURE_COMMAND_PASS slavicmyths generate kurgan small 0 entrance=BlockPos{x=-13308863, y=-48, z=-1076587} constructionY=-49 changedBlocks=115353 peakOperations=8192 peakJobMs=12.2753 slowestPhase=TERRAFORM
[09:36:25] [Server thread/INFO] [minecraft/MinecraftServer]: Подготавливается территория: kurgan / 2. Задание dda15ccd-4f9e-474f-81ea-0274c05afed8
[09:36:25] [Server thread/INFO] [minecraft/MinecraftServer]: Генерация уже выполняется. /slavicmyths generation status или cancel
[09:36:25] [Server thread/INFO] [minecraft/GameTestServer]: [_]
[09:36:25] [Server thread/INFO] [minecraft/GameTestServer]: [_]
[09:36:25] [Server thread/INFO] [minecraft/GameTestServer]: [_]
[09:36:25] [Server thread/INFO] [minecraft/GameTestServer]: [_]
[09:36:25] [Server thread/INFO] [minecraft/GameTestServer]: [_]
[09:36:25] [Server thread/INFO] [minecraft/GameTestServer]: [_]
[09:36:25] [Server thread/INFO] [minecraft/GameTestServer]: [_]
[09:36:25] [Server thread/INFO] [minecraft/GameTestServer]: [_]
[09:36:25] [Server thread/INFO] [minecraft/GameTestServer]: [_]
[09:36:25] [Server thread/INFO] [minecraft/GameTestServer]: [_]
[09:36:25] [Server thread/INFO] [minecraft/GameTestServer]: [_]
[09:36:25] [Server thread/INFO] [minecraft/GameTestServer]: [_]
[09:36:25] [Server thread/INFO] [minecraft/GameTestServer]: [_]
[09:36:25] [Server thread/INFO] [minecraft/GameTestServer]: [_]
[09:36:25] [Server thread/INFO] [minecraft/GameTestServer]: [_]
[09:36:25] [Server thread/INFO] [minecraft/GameTestServer]: [_]
[09:36:25] [Server thread/INFO] [minecraft/GameTestServer]: [_]
[09:36:26] [Server thread/INFO] [minecraft/GameTestServer]: [_]
[09:36:26] [Server thread/INFO] [minecraft/GameTestServer]: [_]
[09:36:26] [Server thread/INFO] [minecraft/GameTestServer]: [_]
[09:36:26] [Server thread/INFO] [minecraft/GameTestServer]: [_]
[09:36:26] [Server thread/INFO] [minecraft/GameTestServer]: [_]
[09:36:26] [Server thread/INFO] [minecraft/GameTestServer]: [_]
[09:36:26] [Server thread/INFO] [minecraft/GameTestServer]: [_]
[09:36:26] [Server thread/INFO] [minecraft/GameTestServer]: [_]
[09:36:26] [Server thread/INFO] [minecraft/GameTestServer]: [_]
[09:36:26] [Server thread/INFO] [minecraft/GameTestServer]: [_]
[09:36:26] [Server thread/INFO] [minecraft/GameTestServer]: [_]
[09:36:26] [Server thread/INFO] [minecraft/GameTestServer]: [_]
[09:36:26] [Server thread/INFO] [minecraft/GameTestServer]: [_]
[09:36:26] [Server thread/INFO] [minecraft/GameTestServer]: [_]
[09:36:26] [Server thread/INFO] [minecraft/MinecraftServer]: Чанки загружены. Подготовка окончательного положения на Y=0
[09:36:26] [Server thread/INFO] [minecraft/GameTestServer]: [_]
[09:36:26] [Server thread/INFO] [minecraft/GameTestServer]: [_]
[09:36:26] [Server thread/INFO] [minecraft/GameTestServer]: [_]
[09:36:26] [Server thread/INFO] [minecraft/GameTestServer]: [_]
[09:36:26] [Server thread/INFO] [minecraft/GameTestServer]: [_]
[09:36:26] [Server thread/INFO] [minecraft/GameTestServer]: [_]
[09:36:26] [Server thread/INFO] [minecraft/GameTestServer]: [_]
[09:36:26] [Server thread/INFO] [minecraft/GameTestServer]: [_]
[09:36:27] [Server thread/INFO] [minecraft/GameTestServer]: [_]
[09:36:27] [Server thread/INFO] [minecraft/GameTestServer]: [_]
[09:36:27] [Server thread/INFO] [minecraft/GameTestServer]: [_]
[09:36:27] [Server thread/INFO] [minecraft/GameTestServer]: [_]
[09:36:27] [Server thread/INFO] [minecraft/GameTestServer]: [_]
[09:36:27] [Server thread/INFO] [minecraft/GameTestServer]: [_]
[09:36:27] [Server thread/INFO] [minecraft/GameTestServer]: [_]
[09:36:27] [Server thread/INFO] [minecraft/GameTestServer]: [_]
[09:36:27] [Server thread/INFO] [minecraft/GameTestServer]: [_]
[09:36:27] [Server thread/INFO] [minecraft/GameTestServer]: [_]
[09:36:27] [Server thread/INFO] [minecraft/GameTestServer]: [_]
[09:36:27] [Server thread/INFO] [minecraft/GameTestServer]: [_]
[09:36:27] [Server thread/INFO] [minecraft/GameTestServer]: [_]
[09:36:27] [Server thread/INFO] [minecraft/GameTestServer]: [_]
[09:36:27] [Server thread/INFO] [minecraft/GameTestServer]: [_]
[09:36:27] [Server thread/INFO] [minecraft/GameTestServer]: [_]
[09:36:27] [Server thread/INFO] [minecraft/GameTestServer]: [_]
[09:36:28] [Server thread/INFO] [minecraft/GameTestServer]: [_]
[09:36:28] [Server thread/INFO] [minecraft/GameTestServer]: [_]
[09:36:28] [Server thread/INFO] [minecraft/GameTestServer]: [_]
[09:36:28] [Server thread/INFO] [minecraft/GameTestServer]: [_]
[09:36:28] [Server thread/INFO] [minecraft/GameTestServer]: [_]
[09:36:28] [Server thread/INFO] [minecraft/GameTestServer]: [_]
[09:36:28] [Server thread/INFO] [minecraft/GameTestServer]: [_]
[09:36:28] [Server thread/INFO] [minecraft/GameTestServer]: [_]
[09:36:28] [Server thread/INFO] [minecraft/GameTestServer]: [_]
[09:36:28] [Server thread/INFO] [minecraft/GameTestServer]: [_]
[09:36:28] [Server thread/INFO] [minecraft/GameTestServer]: [_]
[09:36:28] [Server thread/INFO] [minecraft/GameTestServer]: [_]
[09:36:28] [Server thread/INFO] [minecraft/GameTestServer]: [_]
[09:36:28] [Server thread/INFO] [minecraft/GameTestServer]: [_]
[09:36:28] [Server thread/INFO] [minecraft/GameTestServer]: [_]
[09:36:28] [Server thread/INFO] [minecraft/GameTestServer]: [_]
[09:36:29] [Server thread/INFO] [minecraft/GameTestServer]: [_]
[09:36:29] [Server thread/INFO] [minecraft/GameTestServer]: [_]
[09:36:29] [Server thread/INFO] [minecraft/GameTestServer]: [_]
[09:36:29] [Server thread/INFO] [minecraft/GameTestServer]: [_]
[09:36:29] [Server thread/INFO] [minecraft/GameTestServer]: [_]
[09:36:29] [Server thread/INFO] [minecraft/GameTestServer]: [_]
[09:36:29] [Server thread/INFO] [minecraft/GameTestServer]: [_]
[09:36:29] [Server thread/INFO] [minecraft/GameTestServer]: [_]
[09:36:29] [Server thread/INFO] [minecraft/GameTestServer]: [_]
[09:36:29] [Server thread/INFO] [minecraft/GameTestServer]: [_]
[09:36:29] [Server thread/INFO] [minecraft/GameTestServer]: [_]
[09:36:29] [Server thread/INFO] [minecraft/GameTestServer]: [_]
[09:36:29] [Server thread/INFO] [minecraft/GameTestServer]: [_]
[09:36:30] [Server thread/INFO] [minecraft/GameTestServer]: [_]
[09:36:30] [Server thread/INFO] [minecraft/GameTestServer]: [_]
[09:36:30] [Server thread/INFO] [minecraft/GameTestServer]: [_]
[09:36:30] [Server thread/INFO] [minecraft/GameTestServer]: [_]
[09:36:30] [Server thread/INFO] [minecraft/GameTestServer]: [_]
[09:36:30] [Server thread/INFO] [minecraft/GameTestServer]: [_]
[09:36:30] [Server thread/INFO] [minecraft/GameTestServer]: [_]
[09:36:30] [Server thread/INFO] [minecraft/GameTestServer]: [_]
[09:36:30] [Server thread/INFO] [minecraft/GameTestServer]: [_]
[09:36:30] [Server thread/INFO] [minecraft/GameTestServer]: [_]
[09:36:30] [Server thread/INFO] [minecraft/GameTestServer]: [_]
[09:36:31] [Server thread/INFO] [minecraft/GameTestServer]: [_]
[09:36:31] [Server thread/INFO] [minecraft/GameTestServer]: [_]
[09:36:31] [Server thread/INFO] [minecraft/GameTestServer]: [_]
[09:36:31] [Server thread/INFO] [minecraft/GameTestServer]: [_]
[09:36:31] [Server thread/INFO] [minecraft/GameTestServer]: [_]
[09:36:31] [Server thread/INFO] [minecraft/GameTestServer]: [_]
[09:36:31] [Server thread/INFO] [minecraft/GameTestServer]: [_]
[09:36:31] [Server thread/INFO] [minecraft/GameTestServer]: [_]
[09:36:31] [Server thread/INFO] [minecraft/GameTestServer]: [_]
[09:36:31] [Server thread/INFO] [minecraft/GameTestServer]: [_]
[09:36:31] [Server thread/INFO] [minecraft/GameTestServer]: [_]
[09:36:32] [Server thread/INFO] [minecraft/GameTestServer]: [_]
[09:36:32] [Server thread/INFO] [minecraft/GameTestServer]: [_]
[09:36:32] [Server thread/INFO] [minecraft/GameTestServer]: [_]
[09:36:32] [Server thread/INFO] [minecraft/GameTestServer]: [_]
[09:36:32] [Server thread/INFO] [minecraft/GameTestServer]: [_]
[09:36:32] [Server thread/INFO] [minecraft/GameTestServer]: [_]
[09:36:32] [Server thread/INFO] [minecraft/GameTestServer]: [_]
[09:36:32] [Server thread/INFO] [minecraft/GameTestServer]: [_]
[09:36:32] [Server thread/INFO] [minecraft/GameTestServer]: [_]
[09:36:32] [Server thread/INFO] [minecraft/GameTestServer]: [_]
[09:36:32] [Server thread/INFO] [minecraft/GameTestServer]: [_]
[09:36:33] [Server thread/INFO] [minecraft/GameTestServer]: [_]
[09:36:33] [Server thread/INFO] [minecraft/GameTestServer]: [_]
[09:36:33] [Server thread/INFO] [minecraft/GameTestServer]: [_]
[09:36:33] [Server thread/INFO] [minecraft/GameTestServer]: [_]
[09:36:33] [Server thread/INFO] [minecraft/GameTestServer]: [_]
[09:36:33] [Server thread/INFO] [minecraft/GameTestServer]: [_]
[09:36:33] [Server thread/INFO] [minecraft/GameTestServer]: [_]
[09:36:33] [Server thread/INFO] [minecraft/GameTestServer]: [_]
[09:36:33] [Server thread/INFO] [minecraft/GameTestServer]: [_]
[09:36:33] [Server thread/INFO] [minecraft/GameTestServer]: [_]
[09:36:33] [Server thread/INFO] [minecraft/GameTestServer]: [_]
[09:36:33] [Server thread/INFO] [minecraft/GameTestServer]: [_]
[09:36:34] [Server thread/INFO] [minecraft/GameTestServer]: [_]
[09:36:34] [Server thread/INFO] [minecraft/GameTestServer]: [_]
[09:36:34] [Server thread/INFO] [minecraft/GameTestServer]: [_]
[09:36:34] [Server thread/INFO] [minecraft/GameTestServer]: [_]
[09:36:34] [Server thread/INFO] [minecraft/GameTestServer]: [_]
[09:36:34] [Server thread/INFO] [minecraft/GameTestServer]: [_]
[09:36:34] [Server thread/INFO] [minecraft/GameTestServer]: [_]
[09:36:34] [Server thread/INFO] [minecraft/GameTestServer]: [_]
[09:36:34] [Server thread/INFO] [minecraft/GameTestServer]: [_]
[09:36:34] [Server thread/INFO] [minecraft/GameTestServer]: [_]
[09:36:34] [Server thread/INFO] [minecraft/GameTestServer]: [_]
[09:36:34] [Server thread/INFO] [minecraft/MinecraftServer]: Территория подготовлена. Размещается структура...
[09:36:34] [Server thread/INFO] [minecraft/GameTestServer]: [_]
[09:36:35] [Server thread/INFO] [minecraft/GameTestServer]: [_]
[09:36:35] [Server thread/INFO] [minecraft/GameTestServer]: [_]
[09:36:35] [Server thread/INFO] [minecraft/GameTestServer]: [_]
[09:36:35] [Server thread/INFO] [minecraft/GameTestServer]: [_]
[09:36:35] [Server thread/INFO] [minecraft/GameTestServer]: [_]
[09:36:35] [Server thread/INFO] [minecraft/GameTestServer]: [_]
[09:36:35] [Server thread/INFO] [minecraft/GameTestServer]: [_]
[09:36:36] [Server thread/INFO] [minecraft/GameTestServer]: [_]
[09:36:36] [Server thread/INFO] [minecraft/GameTestServer]: [_]
[09:36:36] [Server thread/INFO] [minecraft/GameTestServer]: [_]
[09:36:36] [Server thread/INFO] [minecraft/GameTestServer]: [_]
[09:36:36] [Server thread/INFO] [minecraft/GameTestServer]: [_]
[09:36:36] [Server thread/INFO] [minecraft/GameTestServer]: [_]
[09:36:36] [Server thread/INFO] [minecraft/GameTestServer]: [_]
[09:36:37] [Server thread/INFO] [minecraft/GameTestServer]: [_]
[09:36:37] [Server thread/INFO] [minecraft/GameTestServer]: [_]
[09:36:37] [Server thread/INFO] [minecraft/GameTestServer]: [_]
[09:36:37] [Server thread/INFO] [minecraft/GameTestServer]: [_]
[09:36:37] [Server thread/INFO] [minecraft/GameTestServer]: [_]
[09:36:37] [Server thread/INFO] [minecraft/GameTestServer]: [_]
[09:36:37] [Server thread/INFO] [minecraft/GameTestServer]: [_]
[09:36:38] [Server thread/INFO] [minecraft/GameTestServer]: [_]
[09:36:38] [Server thread/INFO] [minecraft/GameTestServer]: [_]
[09:36:38] [Server thread/INFO] [minecraft/GameTestServer]: [_]
[09:36:38] [Server thread/INFO] [minecraft/GameTestServer]: [_]
[09:36:38] [Server thread/INFO] [minecraft/GameTestServer]: [_]
[09:36:38] [Server thread/INFO] [minecraft/GameTestServer]: [_]
[09:36:38] [Server thread/INFO] [minecraft/GameTestServer]: [_]
[09:36:39] [Server thread/INFO] [minecraft/GameTestServer]: [_]
[09:36:39] [Server thread/INFO] [minecraft/GameTestServer]: [_]
[09:36:39] [Server thread/INFO] [minecraft/GameTestServer]: [_]
[09:36:39] [Server thread/INFO] [minecraft/GameTestServer]: [_]
[09:36:39] [Server thread/INFO] [minecraft/GameTestServer]: [_]
[09:36:39] [Server thread/INFO] [minecraft/GameTestServer]: [_]
[09:36:39] [Server thread/INFO] [minecraft/GameTestServer]: [_]
[09:36:40] [Server thread/INFO] [minecraft/GameTestServer]: [_]
[09:36:40] [Server thread/INFO] [minecraft/GameTestServer]: [_]
[09:36:40] [Server thread/INFO] [minecraft/GameTestServer]: [_]
[09:36:40] [Server thread/INFO] [minecraft/GameTestServer]: [_]
[09:36:40] [Server thread/INFO] [minecraft/GameTestServer]: [_]
[09:36:40] [Server thread/INFO] [minecraft/GameTestServer]: [_]
[09:36:40] [Server thread/INFO] [minecraft/GameTestServer]: [_]
[09:36:41] [Server thread/INFO] [minecraft/GameTestServer]: [_]
[09:36:41] [Server thread/INFO] [minecraft/GameTestServer]: [_]
[09:36:41] [Server thread/INFO] [minecraft/GameTestServer]: [_]
[09:36:41] [Server thread/INFO] [minecraft/GameTestServer]: [_]
[09:36:41] [Server thread/INFO] [minecraft/GameTestServer]: [_]
[09:36:41] [Server thread/INFO] [minecraft/GameTestServer]: [_]
[09:36:41] [Server thread/INFO] [minecraft/GameTestServer]: [_]
[09:36:42] [Server thread/INFO] [minecraft/GameTestServer]: [_]
[09:36:42] [Server thread/INFO] [minecraft/GameTestServer]: [_]
[09:36:42] [Server thread/INFO] [minecraft/GameTestServer]: [_]
[09:36:42] [Server thread/INFO] [minecraft/GameTestServer]: [_]
[09:36:42] [Server thread/INFO] [minecraft/GameTestServer]: [_]
[09:36:42] [Server thread/INFO] [minecraft/GameTestServer]: [_]
[09:36:43] [Server thread/INFO] [minecraft/GameTestServer]: [_]
[09:36:43] [Server thread/INFO] [minecraft/GameTestServer]: [_]
[09:36:43] [Server thread/INFO] [minecraft/GameTestServer]: [_]
[09:36:43] [Server thread/INFO] [minecraft/GameTestServer]: [_]
[09:36:43] [Server thread/INFO] [minecraft/GameTestServer]: [_]
[09:36:43] [Server thread/INFO] [minecraft/GameTestServer]: [_]
[09:36:43] [Server thread/INFO] [minecraft/GameTestServer]: [_]
[09:36:44] [Server thread/INFO] [minecraft/GameTestServer]: [_]
[09:36:44] [Server thread/INFO] [minecraft/GameTestServer]: [_]
[09:36:44] [Server thread/INFO] [minecraft/GameTestServer]: [_]
[09:36:44] [Server thread/INFO] [minecraft/GameTestServer]: [_]
[09:36:44] [Server thread/INFO] [minecraft/GameTestServer]: [_]
[09:36:44] [Server thread/INFO] [minecraft/GameTestServer]: [_]
[09:36:45] [Server thread/INFO] [minecraft/GameTestServer]: [_]
[09:36:45] [Server thread/INFO] [minecraft/GameTestServer]: [_]
[09:36:45] [Server thread/INFO] [minecraft/GameTestServer]: [_]
[09:36:45] [Server thread/INFO] [minecraft/GameTestServer]: [_]
[09:36:45] [Server thread/INFO] [minecraft/GameTestServer]: [_]
[09:36:45] [Server thread/INFO] [minecraft/GameTestServer]: [_]
[09:36:45] [Server thread/INFO] [minecraft/GameTestServer]: [_]
[09:36:46] [Server thread/INFO] [minecraft/GameTestServer]: [_]
[09:36:46] [Server thread/INFO] [minecraft/GameTestServer]: [_]
[09:36:46] [Server thread/INFO] [minecraft/GameTestServer]: [_]
[09:36:46] [Server thread/INFO] [minecraft/GameTestServer]: [_]
[09:36:46] [Server thread/INFO] [minecraft/GameTestServer]: [_]
[09:36:46] [Server thread/INFO] [minecraft/GameTestServer]: [_]
[09:36:47] [Server thread/INFO] [minecraft/GameTestServer]: [_]
[09:36:47] [Server thread/INFO] [minecraft/GameTestServer]: [_]
[09:36:47] [Server thread/INFO] [minecraft/GameTestServer]: [_]
[09:36:47] [Server thread/INFO] [minecraft/GameTestServer]: [_]
[09:36:47] [Server thread/INFO] [minecraft/GameTestServer]: [_]
[09:36:47] [Server thread/INFO] [minecraft/GameTestServer]: [_]
[09:36:47] [Server thread/INFO] [minecraft/GameTestServer]: [_]
[09:36:48] [Server thread/INFO] [minecraft/GameTestServer]: [_]
[09:36:48] [Server thread/INFO] [minecraft/GameTestServer]: [_]
[09:36:48] [Server thread/INFO] [minecraft/GameTestServer]: [_]
[09:36:48] [Server thread/INFO] [minecraft/GameTestServer]: [_]
[09:36:48] [Server thread/INFO] [minecraft/GameTestServer]: [_]
[09:36:48] [Server thread/INFO] [minecraft/GameTestServer]: [_]
[09:36:48] [Server thread/INFO] [minecraft/GameTestServer]: [_]
[09:36:49] [Server thread/INFO] [minecraft/GameTestServer]: [_]
[09:36:49] [Server thread/INFO] [minecraft/GameTestServer]: [_]
[09:36:49] [Server thread/INFO] [minecraft/GameTestServer]: [_]
[09:36:49] [Server thread/INFO] [minecraft/GameTestServer]: [_]
[09:36:49] [Server thread/INFO] [minecraft/GameTestServer]: [_]
[09:36:49] [Server thread/INFO] [minecraft/GameTestServer]: [_]
[09:36:49] [Server thread/INFO] [minecraft/GameTestServer]: [_]
[09:36:50] [Server thread/INFO] [minecraft/GameTestServer]: [_]
[09:36:50] [Server thread/INFO] [minecraft/GameTestServer]: [_]
[09:36:50] [Server thread/INFO] [minecraft/GameTestServer]: [_]
[09:36:50] [Server thread/INFO] [minecraft/GameTestServer]: [_]
[09:36:50] [Server thread/INFO] [minecraft/GameTestServer]: [_]
[09:36:50] [Server thread/INFO] [minecraft/GameTestServer]: [_]
[09:36:50] [Server thread/INFO] [minecraft/GameTestServer]: [_]
[09:36:50] [Server thread/INFO] [minecraft/GameTestServer]: [_]
[09:36:51] [Server thread/INFO] [minecraft/GameTestServer]: [_]
[09:36:51] [Server thread/INFO] [minecraft/GameTestServer]: [_]
[09:36:51] [Server thread/INFO] [minecraft/GameTestServer]: [_]
[09:36:51] [Server thread/INFO] [minecraft/GameTestServer]: [_]
[09:36:51] [Server thread/INFO] [minecraft/GameTestServer]: [_]
[09:36:51] [Server thread/INFO] [minecraft/GameTestServer]: [_]
[09:36:51] [Server thread/INFO] [minecraft/GameTestServer]: [_]
[09:36:51] [Server thread/INFO] [minecraft/GameTestServer]: [_]
[09:36:52] [Server thread/INFO] [minecraft/GameTestServer]: [_]
[09:36:52] [Server thread/INFO] [minecraft/GameTestServer]: [_]
[09:36:52] [Server thread/INFO] [minecraft/GameTestServer]: [_]
[09:36:52] [Server thread/INFO] [minecraft/GameTestServer]: [_]
[09:36:52] [Server thread/INFO] [minecraft/GameTestServer]: [_]
[09:36:52] [Server thread/INFO] [minecraft/GameTestServer]: [_]
[09:36:52] [Server thread/INFO] [minecraft/GameTestServer]: [_]
[09:36:53] [Server thread/INFO] [minecraft/GameTestServer]: [_]
[09:36:53] [Server thread/INFO] [minecraft/GameTestServer]: [_]
[09:36:53] [Server thread/INFO] [minecraft/GameTestServer]: [_]
[09:36:53] [Server thread/INFO] [minecraft/GameTestServer]: [_]
[09:36:53] [Server thread/INFO] [minecraft/GameTestServer]: [_]
[09:36:53] [Server thread/INFO] [minecraft/GameTestServer]: [_]
[09:36:53] [Server thread/INFO] [minecraft/GameTestServer]: [_]
[09:36:53] [Server thread/INFO] [minecraft/GameTestServer]: [_]
[09:36:54] [Server thread/INFO] [minecraft/GameTestServer]: [_]
[09:36:54] [Server thread/INFO] [minecraft/GameTestServer]: [_]
[09:36:54] [Server thread/INFO] [minecraft/GameTestServer]: [_]
[09:36:54] [Server thread/INFO] [minecraft/GameTestServer]: [_]
[09:36:54] [Server thread/INFO] [minecraft/GameTestServer]: [_]
[09:36:54] [Server thread/INFO] [minecraft/GameTestServer]: [_]
[09:36:54] [Server thread/INFO] [minecraft/GameTestServer]: [_]
[09:36:54] [Server thread/INFO] [minecraft/GameTestServer]: [_]
[09:36:55] [Server thread/INFO] [minecraft/GameTestServer]: [_]
[09:36:55] [Server thread/INFO] [minecraft/GameTestServer]: [_]
[09:36:55] [Server thread/INFO] [minecraft/GameTestServer]: [_]
[09:36:55] [Server thread/INFO] [minecraft/GameTestServer]: [_]
[09:36:55] [Server thread/INFO] [minecraft/GameTestServer]: [_]
[09:36:55] [Server thread/INFO] [minecraft/GameTestServer]: [_]
[09:36:55] [Server thread/INFO] [minecraft/GameTestServer]: [_]
[09:36:56] [Server thread/INFO] [minecraft/GameTestServer]: [_]
[09:36:56] [Server thread/INFO] [minecraft/GameTestServer]: [_]
[09:36:56] [Server thread/INFO] [minecraft/GameTestServer]: [_]
[09:36:56] [Server thread/INFO] [minecraft/GameTestServer]: [_]
[09:36:56] [Server thread/INFO] [minecraft/GameTestServer]: [_]
[09:36:56] [Server thread/INFO] [minecraft/GameTestServer]: [_]
[09:36:56] [Server thread/INFO] [minecraft/GameTestServer]: [_]
[09:36:56] [Server thread/INFO] [minecraft/GameTestServer]: [_]
[09:36:57] [Server thread/INFO] [minecraft/GameTestServer]: [_]
[09:36:57] [Server thread/INFO] [minecraft/GameTestServer]: [_]
[09:36:57] [Server thread/INFO] [minecraft/GameTestServer]: [_]
[09:36:57] [Server thread/INFO] [minecraft/GameTestServer]: [_]
[09:36:57] [Server thread/INFO] [minecraft/GameTestServer]: [_]
[09:36:57] [Server thread/INFO] [minecraft/MinecraftServer]: Структура создана: -13304831, 1, -1076587
MANUAL_STRUCTURE_COMMAND_PASS slavicmyths generate kurgan great 0 entrance=BlockPos{x=-13304831, y=1, z=-1076587} constructionY=0 changedBlocks=2535554 peakOperations=8192 peakJobMs=27.8045 slowestPhase=TERRAFORM
MANUAL_STRUCTURE_THIN_FLAT_PASS actualCommands=9 realStructures=9 accessibleEntrances=9 hillFixtures=2 waterRelocation=1 maxOperations=8192 repeatedRequestGuard=true
[09:36:57] [Server thread/INFO] [minecraft/GameTestServer]: [+]
[09:36:57] [Server thread/INFO] [minecraft/GameTestServer]: ========= 1 GAME TESTS COMPLETE IN 1.493 min ======================
[09:36:57] [Server thread/INFO] [minecraft/GameTestServer]: All 1 required tests passed :)
[09:36:57] [Server thread/INFO] [minecraft/GameTestServer]: ====================================================
[09:36:57] [Server thread/INFO] [minecraft/MinecraftServer]: Stopping server
[09:36:57] [Server thread/INFO] [minecraft/MinecraftServer]: Saving players
[09:36:57] [Server thread/INFO] [minecraft/MinecraftServer]: Saving worlds
[09:36:58] [Server thread/INFO] [minecraft/MinecraftServer]: Saving chunks for level 'ServerLevel[Test Level]'/minecraft:overworld
[09:36:59] [Server thread/INFO] [minecraft/MinecraftServer]: Saving chunks for level 'ServerLevel[Test Level]'/minecraft:the_nether
[09:36:59] [Server thread/INFO] [minecraft/MinecraftServer]: Saving chunks for level 'ServerLevel[Test Level]'/minecraft:the_end
[09:36:59] [Server thread/INFO] [minecraft/MinecraftServer]: ThreadedAnvilChunkStorage (world): All chunks are saved
[09:36:59] [Server thread/INFO] [minecraft/MinecraftServer]: ThreadedAnvilChunkStorage (DIM-1): All chunks are saved
[09:36:59] [Server thread/INFO] [minecraft/MinecraftServer]: ThreadedAnvilChunkStorage (DIM1): All chunks are saved
[09:36:59] [Server thread/INFO] [minecraft/MinecraftServer]: ThreadedAnvilChunkStorage: All dimensions are saved
[09:36:59] [Server thread/INFO] [minecraft/GameTestServer]: Game test server shutting down

BUILD SUCCESSFUL in 1m 54s
9 actionable tasks: 2 executed, 7 up-to-date
Consider enabling configuration cache to speed up this build: https://docs.gradle.org/9.2.1/userguide/configuration_cache_enabling.html
