To honour the JVM settings for this build a single-use Daemon process will be forked. For more on this, please refer to https://docs.gradle.org/9.2.1/userguide/gradle_daemon.html#sec:disabling_the_daemon in the Gradle documentation.
Daemon will be stopped at the end of the build 
> Task :createMinecraftArtifacts UP-TO-DATE

> Task :compileJava
Note: D:\slavic-myths\src\main\java\org\slavicmyths\worldgen\ManualStructureJobs.java uses or overrides a deprecated API.
Note: Recompile with -Xlint:deprecation for details.

> Task :processResources UP-TO-DATE
> Task :classes

Note: D:\slavic-myths\tools\kurgan-tests\org\slavicmyths\kurgan\KurganEarthworkGameTests.java uses or overrides a deprecated API.
Note: Recompile with -Xlint:deprecation for details.
> Task :compileKurganCheckJava

> Task :processKurganCheckResources
> Task :kurganCheckClasses
> Task :downloadAssets UP-TO-DATE
> Task :writeRuntimeChecksLegacyClasspath UP-TO-DATE
> Task :prepareRuntimeChecksRun

> Task :runRuntimeChecks
WARN StatusConsoleListener Advanced terminal features are not available in this environment
[09:12:20] [main/INFO] [cp.mo.mo.Launcher/MODLAUNCHER]: ModLauncher running: args [--launchTarget, forgeserverdev, --gameDir, ., --fml.fmlVersion, 4.0.45, --fml.mcVersion, 1.21.1, --fml.neoForgeVersion, 21.1.255, --fml.neoFormVersion, 20240808.144430]
[09:12:20] [main/INFO] [cp.mo.mo.Launcher/MODLAUNCHER]: JVM identified as Oracle Corporation Java HotSpot(TM) 64-Bit Server VM 21.0.12+7-LTS-205
[09:12:20] [main/INFO] [cp.mo.mo.Launcher/MODLAUNCHER]: ModLauncher 11.0.5+main.901c6ea8 starting: java version 21.0.12 by Oracle Corporation; OS Windows 10 arch amd64 version 10.0
[09:12:20] [main/INFO] [ne.ne.fm.lo.ImmediateWindowHandler/]: ImmediateWindowProvider not loading because launch target is forgeserverdev
[09:12:20] [main/INFO] [mixin/]: SpongePowered MIXIN Subsystem Version=0.8.7 Source=union:/C:/Users/pavel/.gradle/caches/modules-2/files-2.1/net.fabricmc/sponge-mixin/0.16.4+mixin.0.8.7/26d01f0567ab46e9ca0d2ed89d0ecc11aadbd433/sponge-mixin-0.16.4+mixin.0.8.7.jar%2394!/ Service=ModLauncher Env=SERVER
[09:12:20] [main/INFO] [ne.ne.fm.lo.mo.lo.JarInJarDependencyLocator/]: Found 2 dependencies adding them to mods collection
[09:12:20] [main/INFO] [ne.ne.fm.lo.mo.ModDiscoverer/]: 
     Mod List:
		Name Version (Mod Id)

		Curios API 9.5.1+1.21.1 (curios)
		Minecraft 1.21.1 (minecraft)
		NeoForge 21.1.255 (neoforge)
		Slavic Myths 0.9.9-dev (slavicmyths)
[09:12:21] [main/INFO] [mixin/]: Compatibility level set to JAVA_21
[09:12:21] [main/INFO] [cp.mo.mo.LaunchServiceHandler/MODLAUNCHER]: Launching target 'forgeserverdev' with arguments [--gameDir, .]
[09:12:21] [main/WARN] [mixin/]: Reference map 'curios.refmap.json' for curios.neoforge.mixins.json could not be read. If this is a development environment you can ignore this message
[09:12:21] [main/WARN] [mixin/]: Reference map 'curios.refmap.json' for curios.mixins.json could not be read. If this is a development environment you can ignore this message
[09:12:22] [main/WARN] [os.dr.wi.pe.PerfmonDisabled/]: Invalid registry value type detected for PerfOS counters. Should be REG_DWORD. Ignoring: HKEY_LOCAL_MACHINE\SYSTEM\CurrentControlSet\Services\PerfOS\Performance\Disable Performance Counters.
[09:12:22] [main/INFO] [MixinExtras|Service/]: Initializing MixinExtras via com.llamalad7.mixinextras.service.MixinExtrasServiceImpl(version=0.5.5).
[09:12:27] [main/WARN] [minecraft/Commands]: Ambiguity between arguments [teleport, location] and [teleport, destination] with inputs: [0.1 -0.5 .9, 0 0 0]
[09:12:27] [main/WARN] [minecraft/Commands]: Ambiguity between arguments [teleport, location] and [teleport, targets] with inputs: [0.1 -0.5 .9, 0 0 0]
[09:12:27] [main/WARN] [minecraft/Commands]: Ambiguity between arguments [teleport, destination] and [teleport, targets] with inputs: [Player, 0123, @e, dd12be42-52a9-4a91-a8a1-11c01849e498]
[09:12:27] [main/WARN] [minecraft/Commands]: Ambiguity between arguments [teleport, targets] and [teleport, destination] with inputs: [Player, 0123, dd12be42-52a9-4a91-a8a1-11c01849e498]
[09:12:27] [main/WARN] [minecraft/Commands]: Ambiguity between arguments [teleport, targets, location] and [teleport, targets, destination] with inputs: [0.1 -0.5 .9, 0 0 0]
[09:12:27] [modloading-worker-0/INFO] [ne.ne.ne.co.NeoForgeMod/NEOFORGE-MOD]: NeoForge mod loading, version 21.1.255, for MC 1.21.1
[09:12:28] [main/INFO] [mojang/YggdrasilAuthenticationService]: Environment: Environment[sessionHost=https://sessionserver.mojang.com, servicesHost=https://api.minecraftservices.com, name=PROD]
[09:12:28] [main/WARN] [minecraft/VanillaPackResourcesBuilder]: Assets URL 'union:/D:/slavic-myths/build/moddev/artifacts/neoforge-21.1.255.jar%23125!/assets/.mcassetsroot' uses unexpected schema
[09:12:28] [main/WARN] [minecraft/VanillaPackResourcesBuilder]: Assets URL 'union:/D:/slavic-myths/build/moddev/artifacts/neoforge-21.1.255.jar%23125!/data/.mcassetsroot' uses unexpected schema
[09:12:28] [main/INFO] [ne.ne.ne.ga.GameTestHooks/]: Enabled Gametest Namespaces: [slavicmyths_placement]
[09:12:29] [main/INFO] [minecraft/RecipeManager]: Loaded 1564 recipes
[09:12:29] [main/INFO] [minecraft/AdvancementTree]: Loaded 1554 advancements
[09:12:29] [main/INFO] [Curios API/]: Loaded 10 curio slots
[09:12:29] [main/INFO] [Curios API/]: Loaded 1 curio entities
[09:12:30] [Server thread/INFO] [minecraft/MinecraftServer]: Preparing start region for dimension minecraft:overworld
[09:12:30] [worldgen/INFO] [minecraft/LoggerChunkProgressListener]: Preparing spawn area: 2%
[09:12:30] [Server thread/INFO] [minecraft/LoggerChunkProgressListener]: Time elapsed: 107 ms
[09:12:30] [Server thread/INFO] [minecraft/GameTestServer]: Started game test server
[09:12:30] [Server thread/INFO] [ne.ne.ne.se.pe.PermissionAPI/]: Successfully initialized permission handler neoforge:default_handler
[09:12:30] [Server thread/INFO] [minecraft/GameTestServer]: 1 tests are now running at position 6359642, -59, 7135149!
[09:12:31] [Server thread/INFO] [minecraft/GameTestRunner]: Running test batch 'defaultBatch:0' (1 tests)...
[09:12:31] [Server thread/INFO] [minecraft/GameTestServer]: [ ]
[09:12:31] [Server thread/INFO] [minecraft/GameTestServer]: [ ]
[09:12:31] [Server thread/INFO] [minecraft/MinecraftServer]: Подготавливается территория: kurgan / 0. Задание 34ab7421-db67-4d8b-99a0-53302603bff1
[09:12:31] [Server thread/INFO] [minecraft/MinecraftServer]: Генерация уже выполняется. /slavicmyths generation status или cancel
[09:12:31] [Server thread/INFO] [minecraft/GameTestServer]: [_]
[09:12:31] [Server thread/INFO] [minecraft/GameTestServer]: [_]
[09:12:31] [Server thread/INFO] [minecraft/GameTestServer]: [_]
[09:12:31] [Server thread/INFO] [minecraft/GameTestServer]: [_]
[09:12:31] [Server thread/INFO] [minecraft/GameTestServer]: [_]
[09:12:31] [Server thread/INFO] [minecraft/GameTestServer]: [_]
[09:12:31] [Server thread/INFO] [minecraft/GameTestServer]: [_]
[09:12:31] [Server thread/INFO] [minecraft/GameTestServer]: [_]
[09:12:31] [Server thread/INFO] [minecraft/GameTestServer]: [_]
[09:12:31] [Server thread/INFO] [minecraft/GameTestServer]: [_]
[09:12:31] [Server thread/INFO] [minecraft/MinecraftServer]: Чанки загружены. Подготовка окончательного положения на Y=-49
[09:12:31] [Server thread/INFO] [minecraft/GameTestServer]: [_]
[09:12:31] [Server thread/INFO] [minecraft/GameTestServer]: [_]
[09:12:31] [Server thread/INFO] [minecraft/GameTestServer]: [_]
[09:12:31] [Server thread/INFO] [minecraft/GameTestServer]: [_]
[09:12:31] [Server thread/INFO] [minecraft/GameTestServer]: [_]
[09:12:32] [Server thread/INFO] [minecraft/GameTestServer]: [_]
[09:12:32] [Server thread/INFO] [minecraft/MinecraftServer]: Территория подготовлена. Размещается структура...
[09:12:32] [Server thread/INFO] [minecraft/GameTestServer]: [_]
[09:12:32] [Server thread/INFO] [minecraft/GameTestServer]: [_]
[09:12:32] [Server thread/INFO] [minecraft/GameTestServer]: [_]
[09:12:32] [Server thread/INFO] [minecraft/GameTestServer]: [_]
[09:12:32] [Server thread/INFO] [minecraft/GameTestServer]: [_]
[09:12:32] [Server thread/INFO] [minecraft/GameTestServer]: [_]
[09:12:32] [Server thread/INFO] [minecraft/GameTestServer]: [_]
[09:12:32] [Server thread/INFO] [minecraft/GameTestServer]: [_]
[09:12:32] [Server thread/INFO] [minecraft/GameTestServer]: [_]
[09:12:32] [Server thread/INFO] [minecraft/MinecraftServer]: Структура создана: 400000, -48, 399874
MANUAL_STRUCTURE_COMMAND_PASS slavicmyths generate kurgan small 0 entrance=BlockPos{x=400000, y=-48, z=399874} constructionY=-49 changedBlocks=93197 peakOperations=8192 peakJobMs=380.1374
[09:12:33] [Server thread/INFO] [minecraft/MinecraftServer]: Подготавливается территория: kurgan / 1. Задание 00abda02-21fa-4344-a906-470b75e67c97
[09:12:33] [Server thread/INFO] [minecraft/MinecraftServer]: Генерация уже выполняется. /slavicmyths generation status или cancel
[09:12:33] [Server thread/INFO] [minecraft/GameTestServer]: [_]
[09:12:33] [Server thread/INFO] [minecraft/GameTestServer]: [_]
[09:12:33] [Server thread/INFO] [minecraft/GameTestServer]: [_]
[09:12:33] [Server thread/INFO] [minecraft/GameTestServer]: [_]
[09:12:33] [Server thread/INFO] [minecraft/GameTestServer]: [_]
[09:12:33] [Server thread/INFO] [minecraft/GameTestServer]: [_]
[09:12:33] [Server thread/INFO] [minecraft/GameTestServer]: [_]
[09:12:33] [Server thread/INFO] [minecraft/GameTestServer]: [_]
[09:12:33] [Server thread/INFO] [minecraft/GameTestServer]: [_]
[09:12:33] [Server thread/INFO] [minecraft/GameTestServer]: [_]
[09:12:33] [Server thread/INFO] [minecraft/GameTestServer]: [_]
[09:12:33] [Server thread/INFO] [minecraft/GameTestServer]: [_]
[09:12:33] [Server thread/INFO] [minecraft/GameTestServer]: [_]
[09:12:33] [Server thread/INFO] [minecraft/GameTestServer]: [_]
[09:12:33] [Server thread/INFO] [minecraft/GameTestServer]: [_]
[09:12:33] [Server thread/INFO] [minecraft/GameTestServer]: [_]
[09:12:33] [Server thread/INFO] [minecraft/GameTestServer]: [_]
[09:12:33] [Server thread/INFO] [minecraft/GameTestServer]: [_]
[09:12:33] [Server thread/INFO] [minecraft/GameTestServer]: [_]
[09:12:33] [Server thread/INFO] [minecraft/GameTestServer]: [_]
[09:12:33] [Server thread/INFO] [minecraft/GameTestServer]: [_]
[09:12:33] [Server thread/INFO] [minecraft/GameTestServer]: [_]
[09:12:33] [Server thread/INFO] [minecraft/GameTestServer]: [_]
[09:12:33] [Server thread/INFO] [minecraft/GameTestServer]: [_]
[09:12:33] [Server thread/INFO] [minecraft/GameTestServer]: [_]
[09:12:33] [Server thread/INFO] [minecraft/GameTestServer]: [_]
[09:12:33] [Server thread/INFO] [minecraft/GameTestServer]: [_]
[09:12:33] [Server thread/INFO] [minecraft/GameTestServer]: [_]
[09:12:33] [Server thread/INFO] [minecraft/GameTestServer]: [_]
[09:12:33] [Server thread/INFO] [minecraft/GameTestServer]: [_]
[09:12:33] [Server thread/INFO] [minecraft/GameTestServer]: [_]
[09:12:33] [Server thread/INFO] [minecraft/GameTestServer]: [_]
[09:12:33] [Server thread/INFO] [minecraft/GameTestServer]: [_]
[09:12:33] [Server thread/INFO] [minecraft/MinecraftServer]: Чанки загружены. Подготовка окончательного положения на Y=-32
[09:12:33] [Server thread/INFO] [minecraft/GameTestServer]: [_]
[09:12:33] [Server thread/INFO] [minecraft/GameTestServer]: [_]
[09:12:33] [Server thread/INFO] [minecraft/GameTestServer]: [_]
[09:12:33] [Server thread/INFO] [minecraft/GameTestServer]: [_]
[09:12:33] [Server thread/INFO] [minecraft/GameTestServer]: [_]
[09:12:33] [Server thread/INFO] [minecraft/GameTestServer]: [_]
[09:12:33] [Server thread/INFO] [minecraft/GameTestServer]: [_]
[09:12:33] [Server thread/INFO] [minecraft/GameTestServer]: [_]
[09:12:33] [Server thread/INFO] [minecraft/GameTestServer]: [_]
[09:12:33] [Server thread/INFO] [minecraft/GameTestServer]: [_]
[09:12:33] [Server thread/INFO] [minecraft/GameTestServer]: [_]
[09:12:33] [Server thread/INFO] [minecraft/GameTestServer]: [_]
[09:12:33] [Server thread/INFO] [minecraft/GameTestServer]: [_]
[09:12:33] [Server thread/INFO] [minecraft/GameTestServer]: [_]
[09:12:33] [Server thread/INFO] [minecraft/GameTestServer]: [_]
[09:12:33] [Server thread/INFO] [minecraft/GameTestServer]: [_]
[09:12:33] [Server thread/INFO] [minecraft/GameTestServer]: [_]
[09:12:34] [Server thread/INFO] [minecraft/GameTestServer]: [_]
[09:12:34] [Server thread/INFO] [minecraft/GameTestServer]: [_]
[09:12:34] [Server thread/INFO] [minecraft/GameTestServer]: [_]
[09:12:34] [Server thread/INFO] [minecraft/GameTestServer]: [_]
[09:12:34] [Server thread/INFO] [minecraft/GameTestServer]: [_]
[09:12:34] [Server thread/INFO] [minecraft/MinecraftServer]: Территория подготовлена. Размещается структура...
[09:12:34] [Server thread/INFO] [minecraft/GameTestServer]: [_]
[09:12:34] [Server thread/INFO] [minecraft/GameTestServer]: [_]
[09:12:34] [Server thread/INFO] [minecraft/GameTestServer]: [_]
[09:12:34] [Server thread/INFO] [minecraft/GameTestServer]: [_]
[09:12:34] [Server thread/INFO] [minecraft/GameTestServer]: [_]
[09:12:34] [Server thread/INFO] [minecraft/GameTestServer]: [_]
[09:12:35] [Server thread/INFO] [minecraft/GameTestServer]: [_]
[09:12:35] [Server thread/INFO] [minecraft/GameTestServer]: [_]
[09:12:35] [Server thread/INFO] [minecraft/GameTestServer]: [_]
[09:12:35] [Server thread/INFO] [minecraft/GameTestServer]: [_]
[09:12:35] [Server thread/INFO] [minecraft/GameTestServer]: [_]
[09:12:35] [Server thread/INFO] [minecraft/GameTestServer]: [_]
[09:12:35] [Server thread/INFO] [minecraft/GameTestServer]: [_]
[09:12:35] [Server thread/INFO] [minecraft/GameTestServer]: [_]
[09:12:35] [Server thread/INFO] [minecraft/GameTestServer]: [_]
[09:12:35] [Server thread/INFO] [minecraft/GameTestServer]: [_]
[09:12:35] [Server thread/INFO] [minecraft/GameTestServer]: [_]
[09:12:35] [Server thread/INFO] [minecraft/GameTestServer]: [_]
[09:12:35] [Server thread/INFO] [minecraft/GameTestServer]: [_]
[09:12:35] [Server thread/INFO] [minecraft/GameTestServer]: [_]
[09:12:35] [Server thread/INFO] [minecraft/GameTestServer]: [_]
[09:12:35] [Server thread/INFO] [minecraft/GameTestServer]: [_]
[09:12:35] [Server thread/INFO] [minecraft/GameTestServer]: [_]
[09:12:35] [Server thread/INFO] [minecraft/GameTestServer]: [_]
[09:12:35] [Server thread/INFO] [minecraft/GameTestServer]: [_]
[09:12:36] [Server thread/INFO] [minecraft/GameTestServer]: [_]
[09:12:36] [Server thread/INFO] [minecraft/GameTestServer]: [_]
[09:12:36] [Server thread/INFO] [minecraft/GameTestServer]: [_]
[09:12:36] [Server thread/INFO] [minecraft/GameTestServer]: [_]
[09:12:36] [Server thread/INFO] [minecraft/GameTestServer]: [_]
[09:12:36] [Server thread/INFO] [minecraft/GameTestServer]: [_]
[09:12:36] [Server thread/INFO] [minecraft/GameTestServer]: [_]
[09:12:36] [Server thread/INFO] [minecraft/GameTestServer]: [_]
[09:12:36] [Server thread/INFO] [minecraft/GameTestServer]: [_]
[09:12:36] [Server thread/INFO] [minecraft/GameTestServer]: [_]
[09:12:36] [Server thread/INFO] [minecraft/GameTestServer]: [_]
[09:12:36] [Server thread/INFO] [minecraft/GameTestServer]: [_]
[09:12:36] [Server thread/INFO] [minecraft/GameTestServer]: [_]
[09:12:36] [Server thread/INFO] [minecraft/GameTestServer]: [_]
[09:12:36] [Server thread/INFO] [minecraft/GameTestServer]: [_]
[09:12:36] [Server thread/INFO] [minecraft/GameTestServer]: [_]
[09:12:36] [Server thread/INFO] [minecraft/GameTestServer]: [_]
[09:12:36] [Server thread/INFO] [minecraft/GameTestServer]: [_]
[09:12:36] [Server thread/INFO] [minecraft/GameTestServer]: [_]
[09:12:36] [Server thread/INFO] [minecraft/GameTestServer]: [_]
[09:12:36] [Server thread/INFO] [minecraft/GameTestServer]: [_]
[09:12:36] [Server thread/INFO] [minecraft/GameTestServer]: [_]
[09:12:36] [Server thread/INFO] [minecraft/MinecraftServer]: Структура создана: 404096, -31, 399874
MANUAL_STRUCTURE_COMMAND_PASS slavicmyths generate kurgan warrior 0 entrance=BlockPos{x=404096, y=-31, z=399874} constructionY=-32 changedBlocks=682034 peakOperations=8192 peakJobMs=73.599
[09:12:37] [Server thread/INFO] [minecraft/MinecraftServer]: Подготавливается территория: kurgan / 2. Задание 7811c346-1e39-495e-a344-b31c92044c7e
[09:12:37] [Server thread/INFO] [minecraft/MinecraftServer]: Генерация уже выполняется. /slavicmyths generation status или cancel
[09:12:37] [Server thread/INFO] [minecraft/GameTestServer]: [_]
[09:12:37] [Server thread/INFO] [minecraft/GameTestServer]: [_]
[09:12:37] [Server thread/INFO] [minecraft/GameTestServer]: [_]
[09:12:37] [Server thread/INFO] [minecraft/GameTestServer]: [_]
[09:12:37] [Server thread/INFO] [minecraft/GameTestServer]: [_]
[09:12:37] [Server thread/INFO] [minecraft/GameTestServer]: [_]
[09:12:37] [Server thread/INFO] [minecraft/GameTestServer]: [_]
[09:12:37] [Server thread/INFO] [minecraft/GameTestServer]: [_]
[09:12:37] [Server thread/INFO] [minecraft/GameTestServer]: [_]
[09:12:37] [Server thread/INFO] [minecraft/GameTestServer]: [_]
[09:12:37] [Server thread/INFO] [minecraft/GameTestServer]: [_]
[09:12:37] [Server thread/INFO] [minecraft/GameTestServer]: [_]
[09:12:37] [Server thread/INFO] [minecraft/GameTestServer]: [_]
[09:12:37] [Server thread/INFO] [minecraft/GameTestServer]: [_]
[09:12:37] [Server thread/INFO] [minecraft/GameTestServer]: [_]
[09:12:37] [Server thread/INFO] [minecraft/GameTestServer]: [_]
[09:12:37] [Server thread/INFO] [minecraft/GameTestServer]: [_]
[09:12:37] [Server thread/INFO] [minecraft/GameTestServer]: [_]
[09:12:37] [Server thread/INFO] [minecraft/GameTestServer]: [_]
[09:12:37] [Server thread/INFO] [minecraft/GameTestServer]: [_]
[09:12:37] [Server thread/INFO] [minecraft/GameTestServer]: [_]
[09:12:37] [Server thread/INFO] [minecraft/GameTestServer]: [_]
[09:12:37] [Server thread/INFO] [minecraft/GameTestServer]: [_]
[09:12:37] [Server thread/INFO] [minecraft/GameTestServer]: [_]
[09:12:37] [Server thread/INFO] [minecraft/GameTestServer]: [_]
[09:12:37] [Server thread/INFO] [minecraft/GameTestServer]: [_]
[09:12:37] [Server thread/INFO] [minecraft/GameTestServer]: [_]
[09:12:37] [Server thread/INFO] [minecraft/GameTestServer]: [_]
[09:12:37] [Server thread/INFO] [minecraft/GameTestServer]: [_]
[09:12:37] [Server thread/INFO] [minecraft/GameTestServer]: [_]
[09:12:37] [Server thread/INFO] [minecraft/GameTestServer]: [_]
[09:12:37] [Server thread/INFO] [minecraft/GameTestServer]: [_]
[09:12:37] [Server thread/INFO] [minecraft/GameTestServer]: [_]
[09:12:37] [Server thread/INFO] [minecraft/GameTestServer]: [_]
[09:12:37] [Server thread/INFO] [minecraft/GameTestServer]: [_]
[09:12:37] [Server thread/INFO] [minecraft/GameTestServer]: [_]
[09:12:37] [Server thread/INFO] [minecraft/GameTestServer]: [_]
[09:12:37] [Server thread/INFO] [minecraft/GameTestServer]: [_]
[09:12:37] [Server thread/INFO] [minecraft/GameTestServer]: [_]
[09:12:37] [Server thread/INFO] [minecraft/GameTestServer]: [_]
[09:12:37] [Server thread/INFO] [minecraft/GameTestServer]: [_]
[09:12:37] [Server thread/INFO] [minecraft/GameTestServer]: [_]
[09:12:37] [Server thread/INFO] [minecraft/GameTestServer]: [_]
[09:12:37] [Server thread/INFO] [minecraft/GameTestServer]: [_]
[09:12:37] [Server thread/INFO] [minecraft/GameTestServer]: [_]
[09:12:37] [Server thread/INFO] [minecraft/GameTestServer]: [_]
[09:12:37] [Server thread/INFO] [minecraft/GameTestServer]: [_]
[09:12:37] [Server thread/INFO] [minecraft/GameTestServer]: [_]
[09:12:37] [Server thread/INFO] [minecraft/GameTestServer]: [_]
[09:12:37] [Server thread/INFO] [minecraft/GameTestServer]: [_]
[09:12:37] [Server thread/INFO] [minecraft/GameTestServer]: [_]
[09:12:37] [Server thread/INFO] [minecraft/GameTestServer]: [_]
[09:12:37] [Server thread/INFO] [minecraft/GameTestServer]: [_]
[09:12:37] [Server thread/INFO] [minecraft/GameTestServer]: [_]
[09:12:37] [Server thread/INFO] [minecraft/GameTestServer]: [_]
[09:12:37] [Server thread/INFO] [minecraft/GameTestServer]: [_]
[09:12:37] [Server thread/INFO] [minecraft/GameTestServer]: [_]
[09:12:37] [Server thread/INFO] [minecraft/GameTestServer]: [_]
[09:12:37] [Server thread/INFO] [minecraft/MinecraftServer]: Чанки загружены. Подготовка окончательного положения на Y=0
[09:12:37] [Server thread/INFO] [minecraft/GameTestServer]: [_]
[09:12:37] [Server thread/INFO] [minecraft/GameTestServer]: [_]
[09:12:37] [Server thread/INFO] [minecraft/GameTestServer]: [_]
[09:12:37] [Server thread/INFO] [minecraft/GameTestServer]: [_]
[09:12:37] [Server thread/INFO] [minecraft/GameTestServer]: [_]
[09:12:37] [Server thread/INFO] [minecraft/GameTestServer]: [_]
[09:12:37] [Server thread/INFO] [minecraft/GameTestServer]: [_]
[09:12:37] [Server thread/INFO] [minecraft/GameTestServer]: [_]
[09:12:37] [Server thread/INFO] [minecraft/GameTestServer]: [_]
[09:12:37] [Server thread/INFO] [minecraft/GameTestServer]: [_]
[09:12:37] [Server thread/INFO] [minecraft/GameTestServer]: [_]
[09:12:37] [Server thread/INFO] [minecraft/GameTestServer]: [_]
[09:12:37] [Server thread/INFO] [minecraft/GameTestServer]: [_]
[09:12:38] [Server thread/INFO] [minecraft/GameTestServer]: [_]
[09:12:38] [Server thread/INFO] [minecraft/GameTestServer]: [_]
[09:12:38] [Server thread/INFO] [minecraft/GameTestServer]: [_]
[09:12:38] [Server thread/INFO] [minecraft/GameTestServer]: [_]
[09:12:38] [Server thread/INFO] [minecraft/GameTestServer]: [_]
[09:12:38] [Server thread/INFO] [minecraft/GameTestServer]: [_]
[09:12:38] [Server thread/INFO] [minecraft/GameTestServer]: [_]
[09:12:38] [Server thread/INFO] [minecraft/GameTestServer]: [_]
[09:12:38] [Server thread/INFO] [minecraft/GameTestServer]: [_]
[09:12:38] [Server thread/INFO] [minecraft/GameTestServer]: [_]
[09:12:38] [Server thread/INFO] [minecraft/GameTestServer]: [_]
[09:12:38] [Server thread/INFO] [minecraft/GameTestServer]: [_]
[09:12:38] [Server thread/INFO] [minecraft/GameTestServer]: [_]
[09:12:38] [Server thread/INFO] [minecraft/GameTestServer]: [_]
[09:12:38] [Server thread/INFO] [minecraft/GameTestServer]: [_]
[09:12:38] [Server thread/INFO] [minecraft/GameTestServer]: [_]
[09:12:38] [Server thread/INFO] [minecraft/GameTestServer]: [_]
[09:12:38] [Server thread/INFO] [minecraft/GameTestServer]: [_]
[09:12:38] [Server thread/INFO] [minecraft/GameTestServer]: [_]
[09:12:38] [Server thread/INFO] [minecraft/GameTestServer]: [_]
[09:12:38] [Server thread/INFO] [minecraft/GameTestServer]: [_]
[09:12:38] [Server thread/INFO] [minecraft/GameTestServer]: [_]
[09:12:38] [Server thread/INFO] [minecraft/GameTestServer]: [_]
[09:12:39] [Server thread/INFO] [minecraft/GameTestServer]: [_]
[09:12:39] [Server thread/INFO] [minecraft/GameTestServer]: [_]
[09:12:39] [Server thread/INFO] [minecraft/GameTestServer]: [_]
[09:12:39] [Server thread/INFO] [minecraft/GameTestServer]: [_]
[09:12:39] [Server thread/INFO] [minecraft/GameTestServer]: [_]
[09:12:39] [Server thread/INFO] [minecraft/MinecraftServer]: Территория подготовлена. Размещается структура...
[09:12:39] [Server thread/INFO] [minecraft/GameTestServer]: [_]
[09:12:40] [Server thread/INFO] [minecraft/GameTestServer]: [_]
[09:12:40] [Server thread/INFO] [minecraft/GameTestServer]: [_]
[09:12:40] [Server thread/INFO] [minecraft/GameTestServer]: [_]
[09:12:40] [Server thread/INFO] [minecraft/GameTestServer]: [_]
[09:12:40] [Server thread/INFO] [minecraft/GameTestServer]: [_]
[09:12:40] [Server thread/INFO] [minecraft/GameTestServer]: [_]
[09:12:41] [Server thread/INFO] [minecraft/GameTestServer]: [_]
[09:12:41] [Server thread/INFO] [minecraft/GameTestServer]: [_]
[09:12:41] [Server thread/INFO] [minecraft/GameTestServer]: [_]
[09:12:41] [Server thread/INFO] [minecraft/GameTestServer]: [_]
[09:12:42] [Server thread/INFO] [minecraft/GameTestServer]: [_]
[09:12:43] [Server thread/INFO] [minecraft/GameTestServer]: [_]
[09:12:43] [Server thread/INFO] [minecraft/GameTestServer]: [_]
[09:12:43] [Server thread/INFO] [minecraft/GameTestServer]: [_]
[09:12:43] [Server thread/INFO] [minecraft/GameTestServer]: [_]
[09:12:43] [Server thread/INFO] [minecraft/GameTestServer]: [_]
[09:12:43] [Server thread/INFO] [minecraft/GameTestServer]: [_]
[09:12:43] [Server thread/INFO] [minecraft/GameTestServer]: [_]
[09:12:43] [Server thread/INFO] [minecraft/GameTestServer]: [_]
[09:12:43] [Server thread/INFO] [minecraft/GameTestServer]: [_]
[09:12:43] [Server thread/INFO] [minecraft/GameTestServer]: [_]
[09:12:44] [Server thread/INFO] [minecraft/GameTestServer]: [_]
[09:12:44] [Server thread/INFO] [minecraft/GameTestServer]: [_]
[09:12:44] [Server thread/INFO] [minecraft/GameTestServer]: [_]
[09:12:44] [Server thread/INFO] [minecraft/GameTestServer]: [_]
[09:12:44] [Server thread/INFO] [minecraft/GameTestServer]: [_]
[09:12:44] [Server thread/INFO] [minecraft/GameTestServer]: [_]
[09:12:44] [Server thread/INFO] [minecraft/GameTestServer]: [_]
[09:12:44] [Server thread/INFO] [minecraft/GameTestServer]: [_]
[09:12:44] [Server thread/INFO] [minecraft/GameTestServer]: [_]
[09:12:44] [Server thread/INFO] [minecraft/GameTestServer]: [_]
[09:12:44] [Server thread/INFO] [minecraft/GameTestServer]: [_]
[09:12:45] [Server thread/INFO] [minecraft/GameTestServer]: [_]
[09:12:45] [Server thread/INFO] [minecraft/GameTestServer]: [_]
[09:12:45] [Server thread/INFO] [minecraft/GameTestServer]: [_]
[09:12:45] [Server thread/INFO] [minecraft/GameTestServer]: [_]
[09:12:45] [Server thread/INFO] [minecraft/GameTestServer]: [_]
[09:12:45] [Server thread/INFO] [minecraft/GameTestServer]: [_]
[09:12:45] [Server thread/INFO] [minecraft/GameTestServer]: [_]
[09:12:45] [Server thread/INFO] [minecraft/GameTestServer]: [_]
[09:12:45] [Server thread/INFO] [minecraft/GameTestServer]: [_]
[09:12:45] [Server thread/INFO] [minecraft/GameTestServer]: [_]
[09:12:45] [Server thread/INFO] [minecraft/GameTestServer]: [_]
[09:12:46] [Server thread/INFO] [minecraft/GameTestServer]: [_]
[09:12:46] [Server thread/INFO] [minecraft/GameTestServer]: [_]
[09:12:46] [Server thread/INFO] [minecraft/GameTestServer]: [_]
[09:12:46] [Server thread/INFO] [minecraft/GameTestServer]: [_]
[09:12:46] [Server thread/INFO] [minecraft/GameTestServer]: [_]
[09:12:46] [Server thread/INFO] [minecraft/GameTestServer]: [_]
[09:12:46] [Server thread/INFO] [minecraft/GameTestServer]: [_]
[09:12:46] [Server thread/INFO] [minecraft/GameTestServer]: [_]
[09:12:46] [Server thread/INFO] [minecraft/GameTestServer]: [_]
[09:12:46] [Server thread/INFO] [minecraft/GameTestServer]: [_]
[09:12:46] [Server thread/INFO] [minecraft/GameTestServer]: [_]
[09:12:46] [Server thread/INFO] [minecraft/GameTestServer]: [_]
[09:12:47] [Server thread/INFO] [minecraft/GameTestServer]: [_]
[09:12:47] [Server thread/INFO] [minecraft/GameTestServer]: [_]
[09:12:47] [Server thread/INFO] [minecraft/GameTestServer]: [_]
[09:12:47] [Server thread/INFO] [minecraft/GameTestServer]: [_]
[09:12:47] [Server thread/INFO] [minecraft/GameTestServer]: [_]
[09:12:47] [Server thread/INFO] [minecraft/GameTestServer]: [_]
[09:12:47] [Server thread/INFO] [minecraft/GameTestServer]: [_]
[09:12:47] [Server thread/INFO] [minecraft/GameTestServer]: [_]
[09:12:47] [Server thread/INFO] [minecraft/GameTestServer]: [_]
[09:12:47] [Server thread/INFO] [minecraft/GameTestServer]: [_]
[09:12:47] [Server thread/INFO] [minecraft/GameTestServer]: [_]
[09:12:48] [Server thread/INFO] [minecraft/GameTestServer]: [_]
[09:12:48] [Server thread/INFO] [minecraft/GameTestServer]: [_]
[09:12:48] [Server thread/INFO] [minecraft/GameTestServer]: [_]
[09:12:48] [Server thread/INFO] [minecraft/GameTestServer]: [_]
[09:12:48] [Server thread/INFO] [minecraft/GameTestServer]: [_]
[09:12:48] [Server thread/INFO] [minecraft/GameTestServer]: [_]
[09:12:48] [Server thread/INFO] [minecraft/GameTestServer]: [_]
[09:12:48] [Server thread/INFO] [minecraft/GameTestServer]: [_]
[09:12:48] [Server thread/INFO] [minecraft/GameTestServer]: [_]
[09:12:48] [Server thread/INFO] [minecraft/GameTestServer]: [_]
[09:12:48] [Server thread/INFO] [minecraft/GameTestServer]: [_]
[09:12:49] [Server thread/INFO] [minecraft/GameTestServer]: [_]
[09:12:49] [Server thread/INFO] [minecraft/GameTestServer]: [_]
[09:12:49] [Server thread/INFO] [minecraft/GameTestServer]: [_]
[09:12:49] [Server thread/INFO] [minecraft/GameTestServer]: [_]
[09:12:49] [Server thread/INFO] [minecraft/GameTestServer]: [_]
[09:12:49] [Server thread/INFO] [minecraft/GameTestServer]: [_]
[09:12:49] [Server thread/INFO] [minecraft/GameTestServer]: [_]
[09:12:49] [Server thread/INFO] [minecraft/GameTestServer]: [_]
[09:12:49] [Server thread/INFO] [minecraft/GameTestServer]: [_]
[09:12:49] [Server thread/INFO] [minecraft/GameTestServer]: [_]
[09:12:49] [Server thread/INFO] [minecraft/GameTestServer]: [_]
[09:12:49] [Server thread/INFO] [minecraft/GameTestServer]: [_]
[09:12:49] [Server thread/INFO] [minecraft/GameTestServer]: [_]
[09:12:50] [Server thread/INFO] [minecraft/GameTestServer]: [_]
[09:12:50] [Server thread/INFO] [minecraft/GameTestServer]: [_]
[09:12:50] [Server thread/INFO] [minecraft/GameTestServer]: [_]
[09:12:50] [Server thread/INFO] [minecraft/GameTestServer]: [_]
[09:12:50] [Server thread/INFO] [minecraft/GameTestServer]: [_]
[09:12:50] [Server thread/INFO] [minecraft/GameTestServer]: [_]
[09:12:50] [Server thread/INFO] [minecraft/GameTestServer]: [_]
[09:12:50] [Server thread/INFO] [minecraft/GameTestServer]: [_]
[09:12:50] [Server thread/INFO] [minecraft/GameTestServer]: [_]
[09:12:50] [Server thread/INFO] [minecraft/GameTestServer]: [_]
[09:12:50] [Server thread/INFO] [minecraft/GameTestServer]: [_]
[09:12:50] [Server thread/INFO] [minecraft/GameTestServer]: [_]
[09:12:51] [Server thread/INFO] [minecraft/GameTestServer]: [_]
[09:12:51] [Server thread/INFO] [minecraft/GameTestServer]: [_]
[09:12:51] [Server thread/INFO] [minecraft/MinecraftServer]: Структура создана: 408192, 1, 399874
MANUAL_STRUCTURE_COMMAND_PASS slavicmyths generate kurgan great 0 entrance=BlockPos{x=408192, y=1, z=399874} constructionY=0 changedBlocks=1722130 peakOperations=8192 peakJobMs=232.4953
[09:12:51] [Server thread/INFO] [minecraft/MinecraftServer]: Подготавливается территория: bandit_camp / 0. Задание e428599e-0c88-44ec-8adf-af9459a44213
[09:12:51] [Server thread/INFO] [minecraft/MinecraftServer]: Генерация уже выполняется. /slavicmyths generation status или cancel
[09:12:51] [Server thread/INFO] [minecraft/GameTestServer]: [_]
[09:12:51] [Server thread/INFO] [minecraft/GameTestServer]: [_]
[09:12:51] [Server thread/INFO] [minecraft/GameTestServer]: [_]
[09:12:51] [Server thread/INFO] [minecraft/GameTestServer]: [_]
[09:12:51] [Server thread/INFO] [minecraft/GameTestServer]: [_]
[09:12:51] [Server thread/INFO] [minecraft/GameTestServer]: [_]
[09:12:51] [Server thread/INFO] [minecraft/GameTestServer]: [_]
[09:12:51] [Server thread/INFO] [minecraft/GameTestServer]: [_]
[09:12:51] [Server thread/INFO] [minecraft/GameTestServer]: [_]
[09:12:51] [Server thread/INFO] [minecraft/GameTestServer]: [_]
[09:12:51] [Server thread/INFO] [minecraft/GameTestServer]: [_]
[09:12:51] [Server thread/INFO] [minecraft/GameTestServer]: [_]
[09:12:51] [Server thread/INFO] [minecraft/GameTestServer]: [_]
[09:12:51] [Server thread/INFO] [minecraft/GameTestServer]: [_]
[09:12:51] [Server thread/INFO] [minecraft/GameTestServer]: [_]
[09:12:51] [Server thread/INFO] [minecraft/GameTestServer]: [_]
[09:12:51] [Server thread/INFO] [minecraft/GameTestServer]: [_]
[09:12:51] [Server thread/INFO] [minecraft/GameTestServer]: [_]
[09:12:51] [Server thread/INFO] [minecraft/GameTestServer]: [_]
[09:12:51] [Server thread/INFO] [minecraft/GameTestServer]: [_]
[09:12:51] [Server thread/INFO] [minecraft/GameTestServer]: [_]
[09:12:51] [Server thread/INFO] [minecraft/GameTestServer]: [_]
[09:12:51] [Server thread/INFO] [minecraft/GameTestServer]: [_]
[09:12:51] [Server thread/INFO] [minecraft/GameTestServer]: [_]
[09:12:51] [Server thread/INFO] [minecraft/GameTestServer]: [_]
[09:12:51] [Server thread/INFO] [minecraft/GameTestServer]: [_]
[09:12:51] [Server thread/INFO] [minecraft/GameTestServer]: [_]
[09:12:51] [Server thread/INFO] [minecraft/GameTestServer]: [_]
[09:12:51] [Server thread/INFO] [minecraft/GameTestServer]: [_]
[09:12:51] [Server thread/INFO] [minecraft/GameTestServer]: [_]
[09:12:51] [Server thread/INFO] [minecraft/GameTestServer]: [_]
[09:12:51] [Server thread/INFO] [minecraft/GameTestServer]: [_]
[09:12:51] [Server thread/INFO] [minecraft/GameTestServer]: [_]
[09:12:51] [Server thread/INFO] [minecraft/GameTestServer]: [_]
[09:12:51] [Server thread/INFO] [minecraft/GameTestServer]: [_]
[09:12:51] [Server thread/INFO] [minecraft/GameTestServer]: [_]
[09:12:51] [Server thread/INFO] [minecraft/GameTestServer]: [_]
[09:12:51] [Server thread/INFO] [minecraft/GameTestServer]: [_]
[09:12:51] [Server thread/INFO] [minecraft/GameTestServer]: [_]
[09:12:51] [Server thread/INFO] [minecraft/GameTestServer]: [_]
[09:12:51] [Server thread/INFO] [minecraft/GameTestServer]: [_]
[09:12:51] [Server thread/INFO] [minecraft/GameTestServer]: [_]
[09:12:51] [Server thread/INFO] [minecraft/GameTestServer]: [_]
[09:12:51] [Server thread/INFO] [minecraft/GameTestServer]: [_]
[09:12:51] [Server thread/INFO] [minecraft/GameTestServer]: [_]
[09:12:51] [Server thread/INFO] [minecraft/GameTestServer]: [_]
[09:12:51] [Server thread/INFO] [minecraft/GameTestServer]: [_]
[09:12:51] [Server thread/INFO] [minecraft/GameTestServer]: [_]
[09:12:51] [Server thread/INFO] [minecraft/GameTestServer]: [_]
[09:12:51] [Server thread/INFO] [minecraft/GameTestServer]: [_]
[09:12:51] [Server thread/INFO] [minecraft/GameTestServer]: [_]
[09:12:51] [Server thread/INFO] [minecraft/MinecraftServer]: Чанки загружены. Подготовка окончательного положения на Y=-52
[09:12:51] [Server thread/INFO] [minecraft/GameTestServer]: [_]
[09:12:52] [Server thread/INFO] [minecraft/GameTestServer]: [_]
[09:12:52] [Server thread/INFO] [minecraft/MinecraftServer]: Территория подготовлена. Размещается структура...
[09:12:52] [Server thread/INFO] [minecraft/MinecraftServer]: Структура создана: 412298, -51, 399862
[09:12:52] [Server thread/INFO] [minecraft/GameTestServer]: [_]
MANUAL_STRUCTURE_COMMAND_PASS slavicmyths generate bandit_camp small 0 entrance=BlockPos{x=412298, y=-51, z=399862} constructionY=-52 changedBlocks=10970 peakOperations=8192 peakJobMs=573.2448
[09:12:52] [Server thread/INFO] [minecraft/MinecraftServer]: Подготавливается территория: bandit_camp / 1. Задание facdba9c-68bf-49c9-824a-081a99b49655
[09:12:52] [Server thread/INFO] [minecraft/MinecraftServer]: Генерация уже выполняется. /slavicmyths generation status или cancel
[09:12:52] [Server thread/INFO] [minecraft/GameTestServer]: [_]
[09:12:52] [Server thread/INFO] [minecraft/GameTestServer]: [_]
[09:12:52] [Server thread/INFO] [minecraft/GameTestServer]: [_]
[09:12:52] [Server thread/INFO] [minecraft/GameTestServer]: [_]
[09:12:52] [Server thread/INFO] [minecraft/GameTestServer]: [_]
[09:12:52] [Server thread/INFO] [minecraft/GameTestServer]: [_]
[09:12:52] [Server thread/INFO] [minecraft/GameTestServer]: [_]
[09:12:52] [Server thread/INFO] [minecraft/GameTestServer]: [_]
[09:12:52] [Server thread/INFO] [minecraft/GameTestServer]: [_]
[09:12:52] [Server thread/INFO] [minecraft/GameTestServer]: [_]
[09:12:52] [Server thread/INFO] [minecraft/GameTestServer]: [_]
[09:12:52] [Server thread/INFO] [minecraft/GameTestServer]: [_]
[09:12:52] [Server thread/INFO] [minecraft/GameTestServer]: [_]
[09:12:52] [Server thread/INFO] [minecraft/GameTestServer]: [_]
[09:12:52] [Server thread/INFO] [minecraft/GameTestServer]: [_]
[09:12:52] [Server thread/INFO] [minecraft/GameTestServer]: [_]
[09:12:52] [Server thread/INFO] [minecraft/GameTestServer]: [_]
[09:12:52] [Server thread/INFO] [minecraft/GameTestServer]: [_]
[09:12:52] [Server thread/INFO] [minecraft/GameTestServer]: [_]
[09:12:52] [Server thread/INFO] [minecraft/GameTestServer]: [_]
[09:12:52] [Server thread/INFO] [minecraft/GameTestServer]: [_]
[09:12:52] [Server thread/INFO] [minecraft/GameTestServer]: [_]
[09:12:52] [Server thread/INFO] [minecraft/GameTestServer]: [_]
[09:12:52] [Server thread/INFO] [minecraft/GameTestServer]: [_]
[09:12:52] [Server thread/INFO] [minecraft/GameTestServer]: [_]
[09:12:52] [Server thread/INFO] [minecraft/GameTestServer]: [_]
[09:12:52] [Server thread/INFO] [minecraft/GameTestServer]: [_]
[09:12:52] [Server thread/INFO] [minecraft/GameTestServer]: [_]
[09:12:52] [Server thread/INFO] [minecraft/GameTestServer]: [_]
[09:12:52] [Server thread/INFO] [minecraft/GameTestServer]: [_]
[09:12:52] [Server thread/INFO] [minecraft/GameTestServer]: [_]
[09:12:52] [Server thread/INFO] [minecraft/GameTestServer]: [_]
[09:12:52] [Server thread/INFO] [minecraft/GameTestServer]: [_]
[09:12:52] [Server thread/INFO] [minecraft/GameTestServer]: [_]
[09:12:52] [Server thread/INFO] [minecraft/GameTestServer]: [_]
[09:12:52] [Server thread/INFO] [minecraft/GameTestServer]: [_]
[09:12:52] [Server thread/INFO] [minecraft/GameTestServer]: [_]
[09:12:52] [Server thread/INFO] [minecraft/GameTestServer]: [_]
[09:12:52] [Server thread/INFO] [minecraft/GameTestServer]: [_]
[09:12:52] [Server thread/INFO] [minecraft/GameTestServer]: [_]
[09:12:52] [Server thread/INFO] [minecraft/GameTestServer]: [_]
[09:12:52] [Server thread/INFO] [minecraft/GameTestServer]: [_]
[09:12:52] [Server thread/INFO] [minecraft/GameTestServer]: [_]
[09:12:52] [Server thread/INFO] [minecraft/GameTestServer]: [_]
[09:12:52] [Server thread/INFO] [minecraft/GameTestServer]: [_]
[09:12:52] [Server thread/INFO] [minecraft/GameTestServer]: [_]
[09:12:52] [Server thread/INFO] [minecraft/GameTestServer]: [_]
[09:12:52] [Server thread/INFO] [minecraft/GameTestServer]: [_]
[09:12:52] [Server thread/INFO] [minecraft/GameTestServer]: [_]
[09:12:52] [Server thread/INFO] [minecraft/GameTestServer]: [_]
[09:12:53] [Server thread/INFO] [minecraft/GameTestServer]: [_]
[09:12:53] [Server thread/INFO] [minecraft/GameTestServer]: [_]
[09:12:53] [Server thread/INFO] [minecraft/GameTestServer]: [_]
[09:12:53] [Server thread/INFO] [minecraft/MinecraftServer]: Чанки загружены. Подготовка окончательного положения на Y=-52
[09:12:53] [Server thread/INFO] [minecraft/GameTestServer]: [_]
[09:12:53] [Server thread/INFO] [minecraft/GameTestServer]: [_]
[09:12:53] [Server thread/INFO] [minecraft/GameTestServer]: [_]
[09:12:53] [Server thread/INFO] [minecraft/MinecraftServer]: Территория подготовлена. Размещается структура...
[09:12:53] [Server thread/INFO] [minecraft/GameTestServer]: [_]
[09:12:53] [Server thread/INFO] [minecraft/GameTestServer]: [_]
[09:12:53] [Server thread/INFO] [minecraft/MinecraftServer]: Структура создана: 416394, -51, 399862
MANUAL_STRUCTURE_COMMAND_PASS slavicmyths generate bandit_camp fortified 0 entrance=BlockPos{x=416394, y=-51, z=399862} constructionY=-52 changedBlocks=26090 peakOperations=8192 peakJobMs=33.4886
[09:12:53] [Server thread/INFO] [minecraft/MinecraftServer]: Подготавливается территория: bandit_camp / 2. Задание e38500ee-42fc-42e2-99f3-f9ab7033ac39
[09:12:53] [Server thread/INFO] [minecraft/MinecraftServer]: Генерация уже выполняется. /slavicmyths generation status или cancel
[09:12:53] [Server thread/INFO] [minecraft/GameTestServer]: [_]
[09:12:53] [Server thread/INFO] [minecraft/GameTestServer]: [_]
[09:12:53] [Server thread/INFO] [minecraft/GameTestServer]: [_]
[09:12:53] [Server thread/INFO] [minecraft/GameTestServer]: [_]
[09:12:53] [Server thread/INFO] [minecraft/GameTestServer]: [_]
[09:12:53] [Server thread/INFO] [minecraft/GameTestServer]: [_]
[09:12:53] [Server thread/INFO] [minecraft/GameTestServer]: [_]
[09:12:53] [Server thread/INFO] [minecraft/GameTestServer]: [_]
[09:12:53] [Server thread/INFO] [minecraft/GameTestServer]: [_]
[09:12:53] [Server thread/INFO] [minecraft/GameTestServer]: [_]
[09:12:53] [Server thread/INFO] [minecraft/GameTestServer]: [_]
[09:12:53] [Server thread/INFO] [minecraft/GameTestServer]: [_]
[09:12:53] [Server thread/INFO] [minecraft/GameTestServer]: [_]
[09:12:53] [Server thread/INFO] [minecraft/GameTestServer]: [_]
[09:12:53] [Server thread/INFO] [minecraft/GameTestServer]: [_]
[09:12:53] [Server thread/INFO] [minecraft/GameTestServer]: [_]
[09:12:53] [Server thread/INFO] [minecraft/GameTestServer]: [_]
[09:12:53] [Server thread/INFO] [minecraft/GameTestServer]: [_]
[09:12:53] [Server thread/INFO] [minecraft/GameTestServer]: [_]
[09:12:54] [Server thread/INFO] [minecraft/GameTestServer]: [_]
[09:12:54] [Server thread/INFO] [minecraft/GameTestServer]: [_]
[09:12:54] [Server thread/INFO] [minecraft/GameTestServer]: [_]
[09:12:54] [Server thread/INFO] [minecraft/GameTestServer]: [_]
[09:12:54] [Server thread/INFO] [minecraft/GameTestServer]: [_]
[09:12:54] [Server thread/INFO] [minecraft/GameTestServer]: [_]
[09:12:54] [Server thread/INFO] [minecraft/GameTestServer]: [_]
[09:12:54] [Server thread/INFO] [minecraft/GameTestServer]: [_]
[09:12:54] [Server thread/INFO] [minecraft/GameTestServer]: [_]
[09:12:54] [Server thread/INFO] [minecraft/GameTestServer]: [_]
[09:12:54] [Server thread/INFO] [minecraft/GameTestServer]: [_]
[09:12:54] [Server thread/INFO] [minecraft/GameTestServer]: [_]
[09:12:54] [Server thread/INFO] [minecraft/GameTestServer]: [_]
[09:12:54] [Server thread/INFO] [minecraft/GameTestServer]: [_]
[09:12:54] [Server thread/INFO] [minecraft/GameTestServer]: [_]
[09:12:54] [Server thread/INFO] [minecraft/GameTestServer]: [_]
[09:12:54] [Server thread/INFO] [minecraft/GameTestServer]: [_]
[09:12:54] [Server thread/INFO] [minecraft/GameTestServer]: [_]
[09:12:54] [Server thread/INFO] [minecraft/GameTestServer]: [_]
[09:12:54] [Server thread/INFO] [minecraft/GameTestServer]: [_]
[09:12:54] [Server thread/INFO] [minecraft/GameTestServer]: [_]
[09:12:54] [Server thread/INFO] [minecraft/GameTestServer]: [_]
[09:12:54] [Server thread/INFO] [minecraft/GameTestServer]: [_]
[09:12:54] [Server thread/INFO] [minecraft/GameTestServer]: [_]
[09:12:54] [Server thread/INFO] [minecraft/GameTestServer]: [_]
[09:12:54] [Server thread/INFO] [minecraft/GameTestServer]: [_]
[09:12:54] [Server thread/INFO] [minecraft/MinecraftServer]: Чанки загружены. Подготовка окончательного положения на Y=-52
[09:12:54] [Server thread/INFO] [minecraft/GameTestServer]: [_]
[09:12:54] [Server thread/INFO] [minecraft/GameTestServer]: [_]
[09:12:54] [Server thread/INFO] [minecraft/GameTestServer]: [_]
[09:12:54] [Server thread/INFO] [minecraft/GameTestServer]: [_]
[09:12:54] [Server thread/INFO] [minecraft/GameTestServer]: [_]
[09:12:54] [Server thread/INFO] [minecraft/GameTestServer]: [_]
[09:12:54] [Server thread/INFO] [minecraft/MinecraftServer]: Территория подготовлена. Размещается структура...
[09:12:54] [Server thread/INFO] [minecraft/GameTestServer]: [_]
[09:12:54] [Server thread/INFO] [minecraft/GameTestServer]: [_]
[09:12:54] [Server thread/INFO] [minecraft/GameTestServer]: [_]
[09:12:54] [Server thread/INFO] [minecraft/GameTestServer]: [_]
[09:12:54] [Server thread/INFO] [minecraft/GameTestServer]: [_]
[09:12:55] [Server thread/INFO] [minecraft/GameTestServer]: [_]
[09:12:55] [Server thread/INFO] [minecraft/GameTestServer]: [_]
[09:12:55] [Server thread/INFO] [minecraft/GameTestServer]: [_]
[09:12:55] [Server thread/INFO] [minecraft/GameTestServer]: [_]
[09:12:55] [Server thread/INFO] [minecraft/MinecraftServer]: Структура создана: 420519, -51, 399822
MANUAL_STRUCTURE_COMMAND_PASS slavicmyths generate bandit_camp large 0 entrance=BlockPos{x=420519, y=-51, z=399822} constructionY=-52 changedBlocks=79290 peakOperations=8192 peakJobMs=261.8069
MANUAL_STRUCTURE_THIN_FLAT_PASS actualCommands=6 realStructures=6 accessibleEntrances=6 maxOperations=8192 repeatedRequestGuard=true
[09:12:55] [Server thread/INFO] [minecraft/GameTestServer]: [+]
[09:12:55] [Server thread/INFO] [minecraft/GameTestServer]: ========= 1 GAME TESTS COMPLETE IN 24.60 s ======================
[09:12:55] [Server thread/INFO] [minecraft/GameTestServer]: All 1 required tests passed :)
[09:12:55] [Server thread/INFO] [minecraft/GameTestServer]: ====================================================
[09:12:55] [Server thread/INFO] [minecraft/MinecraftServer]: Stopping server
[09:12:55] [Server thread/INFO] [minecraft/MinecraftServer]: Saving players
[09:12:55] [Server thread/INFO] [minecraft/MinecraftServer]: Saving worlds
[09:12:56] [Server thread/INFO] [minecraft/MinecraftServer]: Saving chunks for level 'ServerLevel[Test Level]'/minecraft:overworld
[09:12:57] [Server thread/INFO] [minecraft/MinecraftServer]: Saving chunks for level 'ServerLevel[Test Level]'/minecraft:the_end
[09:12:57] [Server thread/INFO] [minecraft/MinecraftServer]: Saving chunks for level 'ServerLevel[Test Level]'/minecraft:the_nether
[09:12:57] [Server thread/INFO] [minecraft/MinecraftServer]: ThreadedAnvilChunkStorage (world): All chunks are saved
[09:12:57] [Server thread/INFO] [minecraft/MinecraftServer]: ThreadedAnvilChunkStorage (DIM1): All chunks are saved
[09:12:57] [Server thread/INFO] [minecraft/MinecraftServer]: ThreadedAnvilChunkStorage (DIM-1): All chunks are saved
[09:12:57] [Server thread/INFO] [minecraft/MinecraftServer]: ThreadedAnvilChunkStorage: All dimensions are saved
[09:12:57] [Server thread/INFO] [minecraft/GameTestServer]: Game test server shutting down

[Incubating] Problems report is available at: file:///D:/slavic-myths/build/reports/problems/problems-report.html

BUILD SUCCESSFUL in 51s
9 actionable tasks: 5 executed, 4 up-to-date
Consider enabling configuration cache to speed up this build: https://docs.gradle.org/9.2.1/userguide/configuration_cache_enabling.html
