To honour the JVM settings for this build a single-use Daemon process will be forked. For more on this, please refer to https://docs.gradle.org/9.2.1/userguide/gradle_daemon.html#sec:disabling_the_daemon in the Gradle documentation.
Daemon will be stopped at the end of the build 
> Task :createMinecraftArtifacts UP-TO-DATE

> Task :compileJava
Note: D:\slavic-myths\src\main\java\org\slavicmyths\worldgen\ManualStructureJobs.java uses or overrides a deprecated API.
Note: Recompile with -Xlint:deprecation for details.

> Task :processResources UP-TO-DATE
> Task :classes
> Task :compileKurganCheckJava UP-TO-DATE
> Task :processKurganCheckResources UP-TO-DATE
> Task :kurganCheckClasses UP-TO-DATE
> Task :downloadAssets UP-TO-DATE
> Task :writeRuntimeChecksLegacyClasspath UP-TO-DATE
> Task :prepareRuntimeChecksRun UP-TO-DATE

> Task :runRuntimeChecks
WARN StatusConsoleListener Advanced terminal features are not available in this environment
[09:26:30] [main/INFO] [cp.mo.mo.Launcher/MODLAUNCHER]: ModLauncher running: args [--launchTarget, forgeserverdev, --gameDir, ., --fml.fmlVersion, 4.0.45, --fml.mcVersion, 1.21.1, --fml.neoForgeVersion, 21.1.255, --fml.neoFormVersion, 20240808.144430]
[09:26:30] [main/INFO] [cp.mo.mo.Launcher/MODLAUNCHER]: JVM identified as Oracle Corporation Java HotSpot(TM) 64-Bit Server VM 21.0.12+7-LTS-205
[09:26:30] [main/INFO] [cp.mo.mo.Launcher/MODLAUNCHER]: ModLauncher 11.0.5+main.901c6ea8 starting: java version 21.0.12 by Oracle Corporation; OS Windows 10 arch amd64 version 10.0
[09:26:30] [main/INFO] [ne.ne.fm.lo.ImmediateWindowHandler/]: ImmediateWindowProvider not loading because launch target is forgeserverdev
[09:26:30] [main/INFO] [mixin/]: SpongePowered MIXIN Subsystem Version=0.8.7 Source=union:/C:/Users/pavel/.gradle/caches/modules-2/files-2.1/net.fabricmc/sponge-mixin/0.16.4+mixin.0.8.7/26d01f0567ab46e9ca0d2ed89d0ecc11aadbd433/sponge-mixin-0.16.4+mixin.0.8.7.jar%2394!/ Service=ModLauncher Env=SERVER
[09:26:30] [main/INFO] [ne.ne.fm.lo.mo.lo.JarInJarDependencyLocator/]: Found 2 dependencies adding them to mods collection
[09:26:30] [main/INFO] [ne.ne.fm.lo.mo.ModDiscoverer/]: 
     Mod List:
		Name Version (Mod Id)

		Curios API 9.5.1+1.21.1 (curios)
		Minecraft 1.21.1 (minecraft)
		NeoForge 21.1.255 (neoforge)
		Slavic Myths 0.9.9-dev (slavicmyths)
[09:26:31] [main/INFO] [mixin/]: Compatibility level set to JAVA_21
[09:26:31] [main/INFO] [cp.mo.mo.LaunchServiceHandler/MODLAUNCHER]: Launching target 'forgeserverdev' with arguments [--gameDir, .]
[09:26:31] [main/WARN] [mixin/]: Reference map 'curios.refmap.json' for curios.neoforge.mixins.json could not be read. If this is a development environment you can ignore this message
[09:26:31] [main/WARN] [mixin/]: Reference map 'curios.refmap.json' for curios.mixins.json could not be read. If this is a development environment you can ignore this message
[09:26:32] [main/WARN] [os.dr.wi.pe.PerfmonDisabled/]: Invalid registry value type detected for PerfOS counters. Should be REG_DWORD. Ignoring: HKEY_LOCAL_MACHINE\SYSTEM\CurrentControlSet\Services\PerfOS\Performance\Disable Performance Counters.
[09:26:32] [main/INFO] [MixinExtras|Service/]: Initializing MixinExtras via com.llamalad7.mixinextras.service.MixinExtrasServiceImpl(version=0.5.5).
[09:26:37] [main/WARN] [minecraft/Commands]: Ambiguity between arguments [teleport, location] and [teleport, destination] with inputs: [0.1 -0.5 .9, 0 0 0]
[09:26:37] [main/WARN] [minecraft/Commands]: Ambiguity between arguments [teleport, location] and [teleport, targets] with inputs: [0.1 -0.5 .9, 0 0 0]
[09:26:37] [main/WARN] [minecraft/Commands]: Ambiguity between arguments [teleport, destination] and [teleport, targets] with inputs: [Player, 0123, @e, dd12be42-52a9-4a91-a8a1-11c01849e498]
[09:26:37] [main/WARN] [minecraft/Commands]: Ambiguity between arguments [teleport, targets] and [teleport, destination] with inputs: [Player, 0123, dd12be42-52a9-4a91-a8a1-11c01849e498]
[09:26:37] [main/WARN] [minecraft/Commands]: Ambiguity between arguments [teleport, targets, location] and [teleport, targets, destination] with inputs: [0.1 -0.5 .9, 0 0 0]
[09:26:38] [modloading-worker-0/INFO] [ne.ne.ne.co.NeoForgeMod/NEOFORGE-MOD]: NeoForge mod loading, version 21.1.255, for MC 1.21.1
[09:26:39] [main/INFO] [mojang/YggdrasilAuthenticationService]: Environment: Environment[sessionHost=https://sessionserver.mojang.com, servicesHost=https://api.minecraftservices.com, name=PROD]
[09:26:39] [main/WARN] [minecraft/VanillaPackResourcesBuilder]: Assets URL 'union:/D:/slavic-myths/build/moddev/artifacts/neoforge-21.1.255.jar%23125!/assets/.mcassetsroot' uses unexpected schema
[09:26:39] [main/WARN] [minecraft/VanillaPackResourcesBuilder]: Assets URL 'union:/D:/slavic-myths/build/moddev/artifacts/neoforge-21.1.255.jar%23125!/data/.mcassetsroot' uses unexpected schema
[09:26:39] [main/INFO] [ne.ne.ne.ga.GameTestHooks/]: Enabled Gametest Namespaces: [slavicmyths_placement]
[09:26:40] [main/INFO] [minecraft/RecipeManager]: Loaded 1564 recipes
[09:26:40] [main/INFO] [minecraft/AdvancementTree]: Loaded 1554 advancements
[09:26:40] [main/INFO] [Curios API/]: Loaded 10 curio slots
[09:26:40] [main/INFO] [Curios API/]: Loaded 1 curio entities
[09:26:41] [Server thread/INFO] [minecraft/MinecraftServer]: Preparing start region for dimension minecraft:overworld
[09:26:41] [worldgen/INFO] [minecraft/LoggerChunkProgressListener]: Preparing spawn area: 2%
[09:26:41] [Server thread/INFO] [minecraft/LoggerChunkProgressListener]: Time elapsed: 176 ms
[09:26:41] [Server thread/INFO] [minecraft/GameTestServer]: Started game test server
[09:26:41] [Server thread/INFO] [ne.ne.ne.se.pe.PermissionAPI/]: Successfully initialized permission handler neoforge:default_handler
[09:26:41] [Server thread/INFO] [minecraft/GameTestServer]: 1 tests are now running at position 8122869, -59, 8813768!
[09:26:42] [Server thread/INFO] [minecraft/GameTestRunner]: Running test batch 'defaultBatch:0' (1 tests)...
[09:26:42] [Server thread/INFO] [minecraft/GameTestServer]: [ ]
[09:26:42] [Server thread/INFO] [minecraft/GameTestServer]: [ ]
[09:26:42] [Server thread/INFO] [minecraft/GameTestServer]: [ ]
[09:26:42] [Server thread/INFO] [minecraft/GameTestServer]: [ ]
[09:26:42] [Server thread/INFO] [minecraft/GameTestServer]: [ ]
[09:26:42] [Server thread/INFO] [minecraft/GameTestServer]: [ ]
[09:26:42] [Server thread/INFO] [minecraft/GameTestServer]: [ ]
[09:26:42] [Server thread/INFO] [minecraft/GameTestServer]: [ ]
[09:26:42] [Server thread/INFO] [minecraft/GameTestServer]: [ ]
[09:26:42] [Server thread/INFO] [minecraft/GameTestServer]: [ ]
[09:26:42] [Server thread/INFO] [minecraft/GameTestServer]: [ ]
[09:26:42] [Server thread/INFO] [minecraft/GameTestServer]: [ ]
[09:26:42] [Server thread/INFO] [minecraft/GameTestServer]: [ ]
[09:26:42] [Server thread/INFO] [minecraft/GameTestServer]: [ ]
[09:26:42] [Server thread/INFO] [minecraft/GameTestServer]: [ ]
[09:26:42] [Server thread/INFO] [minecraft/GameTestServer]: [ ]
[09:26:42] [Server thread/INFO] [minecraft/GameTestServer]: [ ]
[09:26:42] [Server thread/INFO] [minecraft/GameTestServer]: [ ]
[09:26:42] [Server thread/INFO] [minecraft/GameTestServer]: [ ]
[09:26:42] [Server thread/INFO] [minecraft/GameTestServer]: [ ]
[09:26:43] [Server thread/INFO] [minecraft/GameTestServer]: [ ]
[09:26:43] [Server thread/INFO] [minecraft/GameTestServer]: [ ]
[09:26:43] [Server thread/INFO] [minecraft/GameTestServer]: [ ]
[09:26:43] [Server thread/INFO] [minecraft/GameTestServer]: [ ]
[09:26:43] [Server thread/INFO] [minecraft/GameTestServer]: [ ]
[09:26:43] [Server thread/INFO] [minecraft/GameTestServer]: [ ]
[09:26:43] [Server thread/INFO] [minecraft/GameTestServer]: [ ]
[09:26:43] [Server thread/INFO] [minecraft/GameTestServer]: [ ]
[09:26:43] [Server thread/INFO] [minecraft/GameTestServer]: [ ]
[09:26:43] [Server thread/INFO] [minecraft/GameTestServer]: [ ]
[09:26:43] [Server thread/INFO] [minecraft/GameTestServer]: [ ]
[09:26:43] [Server thread/INFO] [minecraft/GameTestServer]: [ ]
[09:26:43] [Server thread/INFO] [minecraft/GameTestServer]: [ ]
[09:26:43] [Server thread/INFO] [minecraft/GameTestServer]: [ ]
[09:26:43] [Server thread/INFO] [minecraft/GameTestServer]: [ ]
[09:26:43] [Server thread/INFO] [minecraft/GameTestServer]: [ ]
[09:26:43] [Server thread/INFO] [minecraft/GameTestServer]: [ ]
[09:26:43] [Server thread/INFO] [minecraft/GameTestServer]: [ ]
[09:26:43] [Server thread/INFO] [minecraft/GameTestServer]: [ ]
[09:26:43] [Server thread/INFO] [minecraft/GameTestServer]: [ ]
[09:26:43] [Server thread/INFO] [minecraft/GameTestServer]: [ ]
[09:26:43] [Server thread/INFO] [minecraft/GameTestServer]: [ ]
[09:26:43] [Server thread/INFO] [minecraft/GameTestServer]: [ ]
[09:26:43] [Server thread/INFO] [minecraft/GameTestServer]: [ ]
[09:26:43] [Server thread/INFO] [minecraft/GameTestServer]: [ ]
[09:26:43] [Server thread/INFO] [minecraft/GameTestServer]: [ ]
[09:26:43] [Server thread/INFO] [minecraft/GameTestServer]: [ ]
[09:26:43] [Server thread/INFO] [minecraft/GameTestServer]: [ ]
[09:26:43] [Server thread/INFO] [minecraft/GameTestServer]: [ ]
[09:26:43] [Server thread/INFO] [minecraft/GameTestServer]: [ ]
[09:26:43] [Server thread/INFO] [minecraft/GameTestServer]: [ ]
[09:26:43] [Server thread/INFO] [minecraft/GameTestServer]: [ ]
[09:26:43] [Server thread/INFO] [minecraft/GameTestServer]: [ ]
[09:26:43] [Server thread/INFO] [minecraft/GameTestServer]: [ ]
[09:26:43] [Server thread/INFO] [minecraft/GameTestServer]: [ ]
[09:26:43] [Server thread/INFO] [minecraft/GameTestServer]: [ ]
[09:26:43] [Server thread/INFO] [minecraft/GameTestServer]: [ ]
[09:26:43] [Server thread/INFO] [minecraft/GameTestServer]: [ ]
[09:26:43] [Server thread/INFO] [minecraft/GameTestServer]: [ ]
[09:26:43] [Server thread/INFO] [minecraft/GameTestServer]: [ ]
[09:26:43] [Server thread/INFO] [minecraft/MinecraftServer]: Подготавливается территория: kurgan / 0. Задание 4a9963c9-c9d0-46b9-a8fa-5aa5c19ce009
[09:26:43] [Server thread/INFO] [minecraft/MinecraftServer]: Генерация уже выполняется. /slavicmyths generation status или cancel
[09:26:43] [Server thread/INFO] [minecraft/GameTestServer]: [_]
[09:26:43] [Server thread/INFO] [minecraft/GameTestServer]: [_]
[09:26:43] [Server thread/INFO] [minecraft/GameTestServer]: [_]
[09:26:43] [Server thread/INFO] [minecraft/GameTestServer]: [_]
[09:26:43] [Server thread/INFO] [minecraft/GameTestServer]: [_]
[09:26:43] [Server thread/INFO] [minecraft/GameTestServer]: [_]
[09:26:43] [Server thread/INFO] [minecraft/GameTestServer]: [_]
[09:26:43] [Server thread/INFO] [minecraft/GameTestServer]: [_]
[09:26:43] [Server thread/INFO] [minecraft/GameTestServer]: [_]
[09:26:43] [Server thread/INFO] [minecraft/GameTestServer]: [_]
[09:26:43] [Server thread/INFO] [minecraft/GameTestServer]: [_]
[09:26:43] [Server thread/INFO] [minecraft/GameTestServer]: [_]
[09:26:43] [Server thread/INFO] [minecraft/GameTestServer]: [_]
[09:26:43] [Server thread/INFO] [minecraft/GameTestServer]: [_]
[09:26:43] [Server thread/INFO] [minecraft/GameTestServer]: [_]
[09:26:43] [Server thread/INFO] [minecraft/GameTestServer]: [_]
[09:26:43] [Server thread/INFO] [minecraft/GameTestServer]: [_]
[09:26:43] [Server thread/INFO] [minecraft/GameTestServer]: [_]
[09:26:43] [Server thread/INFO] [minecraft/GameTestServer]: [_]
[09:26:43] [Server thread/INFO] [minecraft/GameTestServer]: [_]
[09:26:43] [Server thread/INFO] [minecraft/GameTestServer]: [_]
[09:26:43] [Server thread/INFO] [minecraft/GameTestServer]: [_]
[09:26:43] [Server thread/INFO] [minecraft/GameTestServer]: [_]
[09:26:43] [Server thread/INFO] [minecraft/GameTestServer]: [_]
[09:26:43] [Server thread/INFO] [minecraft/GameTestServer]: [_]
[09:26:43] [Server thread/INFO] [minecraft/GameTestServer]: [_]
[09:26:43] [Server thread/INFO] [minecraft/GameTestServer]: [_]
[09:26:43] [Server thread/INFO] [minecraft/GameTestServer]: [_]
[09:26:43] [Server thread/INFO] [minecraft/GameTestServer]: [_]
[09:26:43] [Server thread/INFO] [minecraft/GameTestServer]: [_]
[09:26:43] [Server thread/INFO] [minecraft/GameTestServer]: [_]
[09:26:43] [Server thread/INFO] [minecraft/GameTestServer]: [_]
[09:26:43] [Server thread/INFO] [minecraft/GameTestServer]: [_]
[09:26:43] [Server thread/INFO] [minecraft/GameTestServer]: [_]
[09:26:43] [Server thread/INFO] [minecraft/GameTestServer]: [_]
[09:26:43] [Server thread/INFO] [minecraft/GameTestServer]: [_]
[09:26:43] [Server thread/INFO] [minecraft/GameTestServer]: [_]
[09:26:43] [Server thread/INFO] [minecraft/GameTestServer]: [_]
[09:26:43] [Server thread/INFO] [minecraft/GameTestServer]: [_]
[09:26:43] [Server thread/INFO] [minecraft/GameTestServer]: [_]
[09:26:43] [Server thread/INFO] [minecraft/GameTestServer]: [_]
[09:26:43] [Server thread/INFO] [minecraft/GameTestServer]: [_]
[09:26:43] [Server thread/INFO] [minecraft/GameTestServer]: [_]
[09:26:43] [Server thread/INFO] [minecraft/GameTestServer]: [_]
[09:26:43] [Server thread/INFO] [minecraft/GameTestServer]: [_]
[09:26:43] [Server thread/INFO] [minecraft/GameTestServer]: [_]
[09:26:43] [Server thread/INFO] [minecraft/GameTestServer]: [_]
[09:26:43] [Server thread/INFO] [minecraft/GameTestServer]: [_]
[09:26:43] [Server thread/INFO] [minecraft/GameTestServer]: [_]
[09:26:43] [Server thread/INFO] [minecraft/GameTestServer]: [_]
[09:26:43] [Server thread/INFO] [minecraft/GameTestServer]: [_]
[09:26:43] [Server thread/INFO] [minecraft/GameTestServer]: [_]
[09:26:43] [Server thread/INFO] [minecraft/GameTestServer]: [_]
[09:26:43] [Server thread/INFO] [minecraft/GameTestServer]: [_]
[09:26:43] [Server thread/INFO] [minecraft/GameTestServer]: [_]
[09:26:43] [Server thread/INFO] [minecraft/GameTestServer]: [_]
[09:26:43] [Server thread/INFO] [minecraft/GameTestServer]: [_]
[09:26:43] [Server thread/INFO] [minecraft/GameTestServer]: [_]
[09:26:43] [Server thread/INFO] [minecraft/GameTestServer]: [_]
[09:26:43] [Server thread/INFO] [minecraft/GameTestServer]: [_]
[09:26:43] [Server thread/INFO] [minecraft/GameTestServer]: [_]
[09:26:43] [Server thread/INFO] [minecraft/GameTestServer]: [_]
[09:26:43] [Server thread/INFO] [minecraft/GameTestServer]: [_]
[09:26:43] [Server thread/INFO] [minecraft/GameTestServer]: [_]
[09:26:43] [Server thread/INFO] [minecraft/GameTestServer]: [_]
[09:26:43] [Server thread/INFO] [minecraft/GameTestServer]: [_]
[09:26:43] [Server thread/INFO] [minecraft/GameTestServer]: [_]
[09:26:43] [Server thread/INFO] [minecraft/GameTestServer]: [_]
[09:26:43] [Server thread/INFO] [minecraft/GameTestServer]: [_]
[09:26:43] [Server thread/INFO] [minecraft/GameTestServer]: [_]
[09:26:44] [Server thread/INFO] [minecraft/GameTestServer]: [_]
[09:26:44] [Server thread/INFO] [minecraft/GameTestServer]: [_]
[09:26:44] [Server thread/INFO] [minecraft/GameTestServer]: [_]
[09:26:44] [Server thread/INFO] [minecraft/GameTestServer]: [_]
[09:26:44] [Server thread/INFO] [minecraft/GameTestServer]: [_]
[09:26:44] [Server thread/INFO] [minecraft/GameTestServer]: [_]
[09:26:44] [Server thread/INFO] [minecraft/GameTestServer]: [_]
[09:26:44] [Server thread/INFO] [minecraft/GameTestServer]: [_]
[09:26:44] [Server thread/INFO] [minecraft/GameTestServer]: [_]
[09:26:44] [Server thread/INFO] [minecraft/GameTestServer]: [_]
[09:26:44] [Server thread/INFO] [minecraft/GameTestServer]: [_]
[09:26:44] [Server thread/INFO] [minecraft/GameTestServer]: [_]
[09:26:44] [Server thread/INFO] [minecraft/GameTestServer]: [_]
[09:26:44] [Server thread/INFO] [minecraft/GameTestServer]: [_]
[09:26:44] [Server thread/INFO] [minecraft/GameTestServer]: [_]
[09:26:44] [Server thread/INFO] [minecraft/GameTestServer]: [_]
[09:26:44] [Server thread/INFO] [minecraft/GameTestServer]: [_]
[09:26:44] [Server thread/INFO] [minecraft/GameTestServer]: [_]
[09:26:44] [Server thread/INFO] [minecraft/GameTestServer]: [_]
[09:26:44] [Server thread/INFO] [minecraft/GameTestServer]: [_]
[09:26:44] [Server thread/INFO] [minecraft/GameTestServer]: [_]
[09:26:44] [Server thread/INFO] [minecraft/GameTestServer]: [_]
[09:26:44] [Server thread/INFO] [minecraft/GameTestServer]: [_]
[09:26:44] [Server thread/INFO] [minecraft/GameTestServer]: [_]
[09:26:44] [Server thread/INFO] [minecraft/GameTestServer]: [_]
[09:26:44] [Server thread/INFO] [minecraft/GameTestServer]: [_]
[09:26:44] [Server thread/INFO] [minecraft/GameTestServer]: [_]
[09:26:44] [Server thread/INFO] [minecraft/GameTestServer]: [_]
[09:26:44] [Server thread/INFO] [minecraft/GameTestServer]: [_]
[09:26:44] [Server thread/INFO] [minecraft/GameTestServer]: [_]
[09:26:44] [Server thread/INFO] [minecraft/GameTestServer]: [_]
[09:26:44] [Server thread/INFO] [minecraft/GameTestServer]: [_]
[09:26:44] [Server thread/INFO] [minecraft/GameTestServer]: [_]
[09:26:44] [Server thread/INFO] [minecraft/GameTestServer]: [_]
[09:26:44] [Server thread/INFO] [minecraft/GameTestServer]: [_]
[09:26:44] [Server thread/INFO] [minecraft/GameTestServer]: [_]
[09:26:44] [Server thread/INFO] [minecraft/GameTestServer]: [_]
[09:26:44] [Server thread/INFO] [minecraft/GameTestServer]: [_]
[09:26:44] [Server thread/INFO] [minecraft/GameTestServer]: [_]
[09:26:44] [Server thread/INFO] [minecraft/GameTestServer]: [_]
[09:26:44] [Server thread/INFO] [minecraft/GameTestServer]: [_]
[09:26:44] [Server thread/INFO] [minecraft/GameTestServer]: [_]
[09:26:44] [Server thread/INFO] [minecraft/GameTestServer]: [_]
[09:26:44] [Server thread/INFO] [minecraft/GameTestServer]: [_]
[09:26:44] [Server thread/INFO] [minecraft/GameTestServer]: [_]
[09:26:44] [Server thread/INFO] [minecraft/GameTestServer]: [_]
[09:26:44] [Server thread/INFO] [minecraft/GameTestServer]: [_]
[09:26:44] [Server thread/INFO] [minecraft/GameTestServer]: [_]
[09:26:44] [Server thread/INFO] [minecraft/GameTestServer]: [_]
[09:26:44] [Server thread/INFO] [minecraft/GameTestServer]: [_]
[09:26:44] [Server thread/INFO] [minecraft/GameTestServer]: [_]
[09:26:44] [Server thread/INFO] [minecraft/GameTestServer]: [_]
[09:26:44] [Server thread/INFO] [minecraft/GameTestServer]: [_]
[09:26:44] [Server thread/INFO] [minecraft/GameTestServer]: [_]
[09:26:44] [Server thread/INFO] [minecraft/GameTestServer]: [_]
[09:26:44] [Server thread/INFO] [minecraft/GameTestServer]: [_]
[09:26:44] [Server thread/INFO] [minecraft/GameTestServer]: [_]
[09:26:44] [Server thread/INFO] [minecraft/GameTestServer]: [_]
[09:26:44] [Server thread/INFO] [minecraft/GameTestServer]: [_]
[09:26:44] [Server thread/INFO] [minecraft/GameTestServer]: [_]
[09:26:44] [Server thread/INFO] [minecraft/GameTestServer]: [_]
[09:26:44] [Server thread/INFO] [minecraft/GameTestServer]: [_]
[09:26:44] [Server thread/INFO] [minecraft/GameTestServer]: [_]
[09:26:44] [Server thread/INFO] [minecraft/GameTestServer]: [_]
[09:26:44] [Server thread/INFO] [minecraft/GameTestServer]: [_]
[09:26:44] [Server thread/INFO] [minecraft/GameTestServer]: [_]
[09:26:44] [Server thread/INFO] [minecraft/GameTestServer]: [_]
[09:26:44] [Server thread/INFO] [minecraft/GameTestServer]: [_]
[09:26:44] [Server thread/INFO] [minecraft/GameTestServer]: [_]
[09:26:44] [Server thread/INFO] [minecraft/GameTestServer]: [_]
[09:26:44] [Server thread/INFO] [minecraft/GameTestServer]: [_]
[09:26:44] [Server thread/INFO] [minecraft/GameTestServer]: [_]
[09:26:44] [Server thread/INFO] [minecraft/GameTestServer]: [_]
[09:26:44] [Server thread/INFO] [minecraft/GameTestServer]: [_]
[09:26:44] [Server thread/INFO] [minecraft/GameTestServer]: [_]
[09:26:44] [Server thread/INFO] [minecraft/GameTestServer]: [_]
[09:26:44] [Server thread/INFO] [minecraft/GameTestServer]: [_]
[09:26:44] [Server thread/INFO] [minecraft/GameTestServer]: [_]
[09:26:44] [Server thread/INFO] [minecraft/MinecraftServer]: Чанки загружены. Подготовка окончательного положения на Y=172
[09:26:44] [Server thread/INFO] [minecraft/GameTestServer]: [_]
[09:26:44] [Server thread/INFO] [minecraft/GameTestServer]: [_]
[09:26:44] [Server thread/INFO] [minecraft/GameTestServer]: [_]
[09:26:44] [Server thread/INFO] [minecraft/MinecraftServer]: Генерация остановлена: Защищённый строительный блок: 8131056, 173, 8821776 / Block{minecraft:poppy}
[09:26:44] [Server thread/ERROR] [minecraft/LogTestReporter]: sixrealmanualcommandsonthinflat failed at 8122869, -60, 8813768! Command failed: slavicmyths generate kurgan small 0 / Генерация остановлена: Защищённый строительный блок: 8131056, 173, 8821776 / Block{minecraft:poppy}
[09:26:44] [Server thread/INFO] [minecraft/GameTestServer]: [X]
[09:26:44] [Server thread/INFO] [minecraft/GameTestServer]: ========= 1 GAME TESTS COMPLETE IN 3.075 s ======================
[09:26:44] [Server thread/INFO] [minecraft/GameTestServer]: 1 required tests failed :(
[09:26:44] [Server thread/INFO] [minecraft/GameTestServer]:    - sixrealmanualcommandsonthinflat
[09:26:44] [Server thread/INFO] [minecraft/GameTestServer]: ====================================================
[09:26:44] [Server thread/INFO] [minecraft/MinecraftServer]: Stopping server
[09:26:44] [Server thread/INFO] [minecraft/MinecraftServer]: Saving players
[09:26:44] [Server thread/INFO] [minecraft/MinecraftServer]: Saving worlds
[09:26:45] [Server thread/INFO] [minecraft/MinecraftServer]: Saving chunks for level 'ServerLevel[Test Level]'/minecraft:overworld
[09:26:46] [Server thread/INFO] [minecraft/MinecraftServer]: Saving chunks for level 'ServerLevel[Test Level]'/minecraft:the_nether
[09:26:46] [Server thread/INFO] [minecraft/MinecraftServer]: Saving chunks for level 'ServerLevel[Test Level]'/minecraft:the_end
[09:26:46] [Server thread/INFO] [minecraft/MinecraftServer]: ThreadedAnvilChunkStorage (world): All chunks are saved
[09:26:46] [Server thread/INFO] [minecraft/MinecraftServer]: ThreadedAnvilChunkStorage (DIM-1): All chunks are saved
[09:26:46] [Server thread/INFO] [minecraft/MinecraftServer]: ThreadedAnvilChunkStorage (DIM1): All chunks are saved
[09:26:46] [Server thread/INFO] [minecraft/MinecraftServer]: ThreadedAnvilChunkStorage: All dimensions are saved
[09:26:46] [Server thread/INFO] [minecraft/GameTestServer]: Game test server shutting down

> Task :runRuntimeChecks FAILED

[Incubating] Problems report is available at: file:///D:/slavic-myths/build/reports/problems/problems-report.html

FAILURE: Build failed with an exception.

* What went wrong:
Execution failed for task ':runRuntimeChecks'.
> Process 'command 'C:\Program Files\Java\jdk-21.0.12\bin\java.exe'' finished with non-zero exit value 1

* Try:
> Run with --stacktrace option to get the stack trace.
> Run with --info or --debug option to get more log output.
> Run with --scan to generate a Build Scan (powered by Develocity).
> Get more help at https://help.gradle.org.

BUILD FAILED in 28s
9 actionable tasks: 2 executed, 7 up-to-date
