To honour the JVM settings for this build a single-use Daemon process will be forked. For more on this, please refer to https://docs.gradle.org/9.2.1/userguide/gradle_daemon.html#sec:disabling_the_daemon in the Gradle documentation.
Daemon will be stopped at the end of the build 
> Task :createMinecraftArtifacts UP-TO-DATE

> Task :compileJava
Note: Some input files use or override a deprecated API.
Note: Recompile with -Xlint:deprecation for details.

> Task :processResources UP-TO-DATE
> Task :classes

Note: Some input files use or override a deprecated API.
Note: Recompile with -Xlint:deprecation for details.
> Task :compileKurganCheckJava

> Task :processKurganCheckResources UP-TO-DATE
> Task :kurganCheckClasses
> Task :downloadAssets UP-TO-DATE
> Task :writeRuntimeChecksLegacyClasspath UP-TO-DATE
> Task :prepareRuntimeChecksRun UP-TO-DATE

> Task :runRuntimeChecks
WARN StatusConsoleListener Advanced terminal features are not available in this environment
[10:17:18] [main/INFO] [cp.mo.mo.Launcher/MODLAUNCHER]: ModLauncher running: args [--launchTarget, forgeserverdev, --gameDir, ., --fml.fmlVersion, 4.0.45, --fml.mcVersion, 1.21.1, --fml.neoForgeVersion, 21.1.255, --fml.neoFormVersion, 20240808.144430]
[10:17:18] [main/INFO] [cp.mo.mo.Launcher/MODLAUNCHER]: JVM identified as Oracle Corporation Java HotSpot(TM) 64-Bit Server VM 21.0.12+7-LTS-205
[10:17:18] [main/INFO] [cp.mo.mo.Launcher/MODLAUNCHER]: ModLauncher 11.0.5+main.901c6ea8 starting: java version 21.0.12 by Oracle Corporation; OS Windows 10 arch amd64 version 10.0
[10:17:19] [main/INFO] [ne.ne.fm.lo.ImmediateWindowHandler/]: ImmediateWindowProvider not loading because launch target is forgeserverdev
[10:17:19] [main/INFO] [mixin/]: SpongePowered MIXIN Subsystem Version=0.8.7 Source=union:/C:/Users/pavel/.gradle/caches/modules-2/files-2.1/net.fabricmc/sponge-mixin/0.16.4+mixin.0.8.7/26d01f0567ab46e9ca0d2ed89d0ecc11aadbd433/sponge-mixin-0.16.4+mixin.0.8.7.jar%2394!/ Service=ModLauncher Env=SERVER
[10:17:19] [main/INFO] [ne.ne.fm.lo.mo.lo.JarInJarDependencyLocator/]: Found 2 dependencies adding them to mods collection
[10:17:19] [main/INFO] [ne.ne.fm.lo.mo.ModDiscoverer/]: 
     Mod List:
		Name Version (Mod Id)

		Curios API 9.5.1+1.21.1 (curios)
		Minecraft 1.21.1 (minecraft)
		NeoForge 21.1.255 (neoforge)
		Slavic Myths 0.9.9-dev (slavicmyths)
[10:17:20] [main/INFO] [mixin/]: Compatibility level set to JAVA_21
[10:17:20] [main/INFO] [cp.mo.mo.LaunchServiceHandler/MODLAUNCHER]: Launching target 'forgeserverdev' with arguments [--gameDir, .]
[10:17:20] [main/WARN] [mixin/]: Reference map 'curios.refmap.json' for curios.neoforge.mixins.json could not be read. If this is a development environment you can ignore this message
[10:17:20] [main/WARN] [mixin/]: Reference map 'curios.refmap.json' for curios.mixins.json could not be read. If this is a development environment you can ignore this message
[10:17:21] [main/WARN] [os.dr.wi.pe.PerfmonDisabled/]: Invalid registry value type detected for PerfOS counters. Should be REG_DWORD. Ignoring: HKEY_LOCAL_MACHINE\SYSTEM\CurrentControlSet\Services\PerfOS\Performance\Disable Performance Counters.
[10:17:21] [main/INFO] [MixinExtras|Service/]: Initializing MixinExtras via com.llamalad7.mixinextras.service.MixinExtrasServiceImpl(version=0.5.5).
[10:17:27] [main/WARN] [minecraft/Commands]: Ambiguity between arguments [teleport, location] and [teleport, destination] with inputs: [0.1 -0.5 .9, 0 0 0]
[10:17:27] [main/WARN] [minecraft/Commands]: Ambiguity between arguments [teleport, location] and [teleport, targets] with inputs: [0.1 -0.5 .9, 0 0 0]
[10:17:27] [main/WARN] [minecraft/Commands]: Ambiguity between arguments [teleport, destination] and [teleport, targets] with inputs: [Player, 0123, @e, dd12be42-52a9-4a91-a8a1-11c01849e498]
[10:17:27] [main/WARN] [minecraft/Commands]: Ambiguity between arguments [teleport, targets] and [teleport, destination] with inputs: [Player, 0123, dd12be42-52a9-4a91-a8a1-11c01849e498]
[10:17:27] [main/WARN] [minecraft/Commands]: Ambiguity between arguments [teleport, targets, location] and [teleport, targets, destination] with inputs: [0.1 -0.5 .9, 0 0 0]
[10:17:27] [modloading-worker-0/INFO] [ne.ne.ne.co.NeoForgeMod/NEOFORGE-MOD]: NeoForge mod loading, version 21.1.255, for MC 1.21.1
[10:17:28] [main/INFO] [mojang/YggdrasilAuthenticationService]: Environment: Environment[sessionHost=https://sessionserver.mojang.com, servicesHost=https://api.minecraftservices.com, name=PROD]
[10:17:28] [main/WARN] [minecraft/VanillaPackResourcesBuilder]: Assets URL 'union:/D:/slavic-myths/build/moddev/artifacts/neoforge-21.1.255.jar%23125!/assets/.mcassetsroot' uses unexpected schema
[10:17:28] [main/WARN] [minecraft/VanillaPackResourcesBuilder]: Assets URL 'union:/D:/slavic-myths/build/moddev/artifacts/neoforge-21.1.255.jar%23125!/data/.mcassetsroot' uses unexpected schema
[10:17:28] [main/INFO] [ne.ne.ne.ga.GameTestHooks/]: Enabled Gametest Namespaces: [slavicmyths_water_placement]
[10:17:29] [main/INFO] [minecraft/RecipeManager]: Loaded 1564 recipes
[10:17:30] [main/INFO] [minecraft/AdvancementTree]: Loaded 1554 advancements
[10:17:30] [main/INFO] [Curios API/]: Loaded 10 curio slots
[10:17:30] [main/INFO] [Curios API/]: Loaded 1 curio entities
[10:17:31] [Server thread/INFO] [minecraft/MinecraftServer]: Preparing start region for dimension minecraft:overworld
[10:17:31] [Server thread/INFO] [minecraft/LoggerChunkProgressListener]: Time elapsed: 12 ms
[10:17:31] [Server thread/INFO] [minecraft/GameTestServer]: Started game test server
[10:17:31] [Server thread/INFO] [ne.ne.ne.se.pe.PermissionAPI/]: Successfully initialized permission handler neoforge:default_handler
[10:17:31] [Server thread/INFO] [minecraft/GameTestServer]: 1 tests are now running at position -4095992, -59, 11927580!
[10:17:32] [Server thread/INFO] [minecraft/GameTestRunner]: Running test batch 'defaultBatch:0' (1 tests)...
[10:17:32] [Server thread/INFO] [minecraft/GameTestServer]: [ ]
NATIVE_KURGAN_OCEAN_GUARD_PASS tiers=3
[10:17:32] [Server thread/INFO] [minecraft/MinecraftServer]: Подготавливается территория: kurgan / 0. Задание b41ea0ef-666a-40f3-84d7-c91f4f0771df
[10:17:32] [Server thread/INFO] [minecraft/GameTestServer]: [_]
[10:17:32] [Server thread/INFO] [minecraft/GameTestServer]: [_]
[10:17:32] [Server thread/INFO] [minecraft/GameTestServer]: [_]
[10:17:32] [Server thread/INFO] [minecraft/GameTestServer]: [_]
[10:17:32] [Server thread/INFO] [minecraft/GameTestServer]: [_]
[10:17:32] [Server thread/INFO] [minecraft/MinecraftServer]: Загрузка территории: 0%, изменено блоков: 0
[10:17:32] [Server thread/INFO] [minecraft/GameTestServer]: [_]
[10:17:32] [Server thread/INFO] [minecraft/GameTestServer]: [_]
[10:17:32] [Server thread/INFO] [minecraft/GameTestServer]: [_]
[10:17:32] [Server thread/INFO] [minecraft/GameTestServer]: [_]
[10:17:32] [Server thread/INFO] [minecraft/GameTestServer]: [_]
[10:17:33] [Server thread/INFO] [minecraft/MinecraftServer]: Загрузка территории: 0%, изменено блоков: 0
[10:17:33] [Server thread/INFO] [minecraft/GameTestServer]: [_]
[10:17:33] [Server thread/INFO] [minecraft/GameTestServer]: [_]
[10:17:33] [Server thread/INFO] [minecraft/GameTestServer]: [_]
[10:17:33] [Server thread/INFO] [minecraft/GameTestServer]: [_]
[10:17:33] [Server thread/INFO] [minecraft/GameTestServer]: [_]
[10:17:33] [Server thread/INFO] [minecraft/MinecraftServer]: Загрузка территории: 0%, изменено блоков: 0
[10:17:33] [Server thread/INFO] [minecraft/GameTestServer]: [_]
[10:17:33] [Server thread/INFO] [minecraft/GameTestServer]: [_]
[10:17:33] [Server thread/INFO] [minecraft/GameTestServer]: [_]
[10:17:33] [Server thread/INFO] [minecraft/GameTestServer]: [_]
[10:17:33] [Server thread/INFO] [minecraft/GameTestServer]: [_]
[10:17:33] [Server thread/INFO] [minecraft/MinecraftServer]: Загрузка территории: 0%, изменено блоков: 0
[10:17:33] [Server thread/INFO] [minecraft/MinecraftServer]: Генерация остановлена: Нет сухой площадки в локальном радиусе 256 блоков.
[10:17:33] [Server thread/INFO] [minecraft/GameTestServer]: [_]
[10:17:33] [Server thread/INFO] [minecraft/MinecraftServer]: Подготавливается территория: bandit_camp / 2. Задание b1548203-3a6e-4efa-ad1c-be2702200fc8
[10:17:34] [Server thread/INFO] [minecraft/GameTestServer]: [_]
[10:17:34] [Server thread/INFO] [minecraft/GameTestServer]: [_]
[10:17:34] [Server thread/INFO] [minecraft/GameTestServer]: [_]
[10:17:34] [Server thread/INFO] [minecraft/GameTestServer]: [_]
[10:17:34] [Server thread/INFO] [minecraft/GameTestServer]: [_]
[10:17:34] [Server thread/INFO] [minecraft/MinecraftServer]: Загрузка территории: 0%, изменено блоков: 0
[10:17:34] [Server thread/INFO] [minecraft/GameTestServer]: [_]
[10:17:34] [Server thread/INFO] [minecraft/GameTestServer]: [_]
[10:17:34] [Server thread/INFO] [minecraft/GameTestServer]: [_]
[10:17:34] [Server thread/INFO] [minecraft/GameTestServer]: [_]
[10:17:34] [Server thread/INFO] [minecraft/GameTestServer]: [_]
[10:17:34] [Server thread/INFO] [minecraft/MinecraftServer]: Загрузка территории: 0%, изменено блоков: 0
[10:17:34] [Server thread/INFO] [minecraft/GameTestServer]: [_]
[10:17:34] [Server thread/INFO] [minecraft/GameTestServer]: [_]
[10:17:34] [Server thread/INFO] [minecraft/GameTestServer]: [_]
[10:17:34] [Server thread/INFO] [minecraft/GameTestServer]: [_]
[10:17:34] [Server thread/INFO] [minecraft/GameTestServer]: [_]
[10:17:34] [Server thread/INFO] [minecraft/MinecraftServer]: Загрузка территории: 0%, изменено блоков: 0
[10:17:34] [Server thread/INFO] [minecraft/GameTestServer]: [_]
[10:17:34] [Server thread/INFO] [minecraft/GameTestServer]: [_]
[10:17:34] [Server thread/INFO] [minecraft/GameTestServer]: [_]
[10:17:34] [Server thread/INFO] [minecraft/GameTestServer]: [_]
[10:17:34] [Server thread/INFO] [minecraft/GameTestServer]: [_]
[10:17:34] [Server thread/INFO] [minecraft/MinecraftServer]: Загрузка территории: 0%, изменено блоков: 0
[10:17:34] [Server thread/INFO] [minecraft/GameTestServer]: [_]
[10:17:34] [Server thread/INFO] [minecraft/GameTestServer]: [_]
[10:17:34] [Server thread/INFO] [minecraft/GameTestServer]: [_]
[10:17:34] [Server thread/INFO] [minecraft/GameTestServer]: [_]
[10:17:35] [Server thread/INFO] [minecraft/GameTestServer]: [_]
[10:17:35] [Server thread/INFO] [minecraft/MinecraftServer]: Загрузка территории: 0%, изменено блоков: 0
[10:17:35] [Server thread/INFO] [minecraft/GameTestServer]: [_]
[10:17:35] [Server thread/INFO] [minecraft/GameTestServer]: [_]
[10:17:35] [Server thread/INFO] [minecraft/GameTestServer]: [_]
[10:17:35] [Server thread/INFO] [minecraft/GameTestServer]: [_]
[10:17:35] [Server thread/INFO] [minecraft/GameTestServer]: [_]
[10:17:35] [Server thread/INFO] [minecraft/MinecraftServer]: Загрузка территории: 0%, изменено блоков: 0
[10:17:35] [Server thread/INFO] [minecraft/GameTestServer]: [_]
[10:17:35] [Server thread/INFO] [minecraft/GameTestServer]: [_]
[10:17:35] [Server thread/INFO] [minecraft/MinecraftServer]: Генерация остановлена: Нет сухой площадки в локальном радиусе 256 блоков.
[10:17:35] [Server thread/INFO] [minecraft/MinecraftServer]: Подготавливается территория: kurgan / 2. Задание f6e7dd24-29ff-4c11-b76e-576a940f7c8a
[10:17:37] [Server thread/INFO] [minecraft/GameTestServer]: [_]
[10:17:37] [Server thread/INFO] [minecraft/GameTestServer]: [_]
[10:17:37] [Server thread/INFO] [minecraft/GameTestServer]: [_]
[10:17:37] [Server thread/INFO] [minecraft/GameTestServer]: [_]
[10:17:37] [Server thread/INFO] [minecraft/GameTestServer]: [_]
[10:17:37] [Server thread/INFO] [minecraft/MinecraftServer]: Загрузка территории: 28%, изменено блоков: 0
[10:17:37] [Server thread/INFO] [minecraft/GameTestServer]: [_]
[10:17:37] [Server thread/INFO] [minecraft/GameTestServer]: [_]
[10:17:37] [Server thread/INFO] [minecraft/GameTestServer]: [_]
[10:17:37] [Server thread/INFO] [minecraft/GameTestServer]: [_]
[10:17:37] [Server thread/INFO] [minecraft/GameTestServer]: [_]
[10:17:37] [Server thread/INFO] [minecraft/MinecraftServer]: Загрузка территории: 53%, изменено блоков: 0
[10:17:37] [Server thread/INFO] [minecraft/GameTestServer]: [_]
[10:17:37] [Server thread/INFO] [minecraft/GameTestServer]: [_]
[10:17:37] [Server thread/INFO] [minecraft/GameTestServer]: [_]
[10:17:37] [Server thread/INFO] [minecraft/GameTestServer]: [_]
[10:17:37] [Server thread/INFO] [minecraft/GameTestServer]: [_]
[10:17:37] [Server thread/INFO] [minecraft/MinecraftServer]: Загрузка территории: 81%, изменено блоков: 0
[10:17:37] [Server thread/INFO] [minecraft/GameTestServer]: [_]
[10:17:37] [Server thread/INFO] [minecraft/GameTestServer]: [_]
[10:17:37] [Server thread/INFO] [minecraft/GameTestServer]: [_]
[10:17:37] [Server thread/INFO] [minecraft/GameTestServer]: [_]
[10:17:37] [Server thread/INFO] [minecraft/GameTestServer]: [_]
[10:17:37] [Server thread/INFO] [minecraft/MinecraftServer]: Загрузка территории: 0%, изменено блоков: 0
[10:17:37] [Server thread/INFO] [minecraft/GameTestServer]: [_]
[10:17:37] [Server thread/INFO] [minecraft/GameTestServer]: [_]
[10:17:37] [Server thread/INFO] [minecraft/GameTestServer]: [_]
[10:17:37] [Server thread/INFO] [minecraft/GameTestServer]: [_]
[10:17:37] [Server thread/INFO] [minecraft/GameTestServer]: [_]
[10:17:37] [Server thread/INFO] [minecraft/MinecraftServer]: Загрузка территории: 0%, изменено блоков: 0
[10:17:37] [Server thread/INFO] [minecraft/GameTestServer]: [_]
[10:17:37] [Server thread/INFO] [minecraft/GameTestServer]: [_]
[10:17:37] [Server thread/INFO] [minecraft/GameTestServer]: [_]
[10:17:38] [Server thread/INFO] [minecraft/GameTestServer]: [_]
[10:17:38] [Server thread/INFO] [minecraft/GameTestServer]: [_]
[10:17:38] [Server thread/INFO] [minecraft/MinecraftServer]: Загрузка территории: 0%, изменено блоков: 0
[10:17:38] [Server thread/INFO] [minecraft/GameTestServer]: [_]
[10:17:38] [Server thread/INFO] [minecraft/GameTestServer]: [_]
[10:17:38] [Server thread/INFO] [minecraft/GameTestServer]: [_]
[10:17:38] [Server thread/INFO] [minecraft/GameTestServer]: [_]
[10:17:38] [Server thread/INFO] [minecraft/GameTestServer]: [_]
[10:17:38] [Server thread/INFO] [minecraft/MinecraftServer]: Загрузка территории: 0%, изменено блоков: 0
[10:17:38] [Server thread/INFO] [minecraft/GameTestServer]: [_]
[10:17:38] [Server thread/INFO] [minecraft/GameTestServer]: [_]
[10:17:38] [Server thread/INFO] [minecraft/GameTestServer]: [_]
[10:17:38] [Server thread/INFO] [minecraft/GameTestServer]: [_]
[10:17:38] [Server thread/INFO] [minecraft/GameTestServer]: [_]
[10:17:38] [Server thread/INFO] [minecraft/MinecraftServer]: Загрузка территории: 0%, изменено блоков: 0
[10:17:38] [Server thread/INFO] [minecraft/GameTestServer]: [_]
[10:17:38] [Server thread/INFO] [minecraft/GameTestServer]: [_]
[10:17:38] [Server thread/INFO] [minecraft/MinecraftServer]: Генерация остановлена: Нет сухой площадки в локальном радиусе 256 блоков.
[10:17:38] [Server thread/INFO] [minecraft/GameTestServer]: [_]
MANUAL_OCEAN_RELOCATION_LIMIT_PASS commands=3 noDryLandWithin256=true terrainWrites=0 iceAndLava=true
[10:17:38] [Server thread/INFO] [minecraft/GameTestServer]: [+]
[10:17:38] [Server thread/INFO] [minecraft/GameTestServer]: ========= 1 GAME TESTS COMPLETE IN 6.824 s ======================
[10:17:38] [Server thread/INFO] [minecraft/GameTestServer]: All 1 required tests passed :)
[10:17:38] [Server thread/INFO] [minecraft/GameTestServer]: ====================================================
[10:17:38] [Server thread/INFO] [minecraft/MinecraftServer]: Stopping server
[10:17:38] [Server thread/INFO] [minecraft/MinecraftServer]: Saving players
[10:17:38] [Server thread/INFO] [minecraft/MinecraftServer]: Saving worlds
[10:17:39] [Server thread/INFO] [minecraft/MinecraftServer]: Saving chunks for level 'ServerLevel[Test Level]'/minecraft:overworld
[10:17:41] [Server thread/INFO] [minecraft/MinecraftServer]: Saving chunks for level 'ServerLevel[Test Level]'/minecraft:the_end
[10:17:41] [Server thread/INFO] [minecraft/MinecraftServer]: Saving chunks for level 'ServerLevel[Test Level]'/minecraft:the_nether
[10:17:41] [Server thread/INFO] [minecraft/MinecraftServer]: ThreadedAnvilChunkStorage (world): All chunks are saved
[10:17:41] [Server thread/INFO] [minecraft/MinecraftServer]: ThreadedAnvilChunkStorage (DIM1): All chunks are saved
[10:17:41] [Server thread/INFO] [minecraft/MinecraftServer]: ThreadedAnvilChunkStorage (DIM-1): All chunks are saved
[10:17:41] [Server thread/INFO] [minecraft/MinecraftServer]: ThreadedAnvilChunkStorage: All dimensions are saved
[10:17:41] [Server thread/INFO] [minecraft/GameTestServer]: Game test server shutting down

[Incubating] Problems report is available at: file:///D:/slavic-myths/build/reports/problems/problems-report.html

BUILD SUCCESSFUL in 37s
9 actionable tasks: 3 executed, 6 up-to-date
Consider enabling configuration cache to speed up this build: https://docs.gradle.org/9.2.1/userguide/configuration_cache_enabling.html
