To honour the JVM settings for this build a single-use Daemon process will be forked. For more on this, please refer to https://docs.gradle.org/9.2.1/userguide/gradle_daemon.html#sec:disabling_the_daemon in the Gradle documentation.
Daemon will be stopped at the end of the build 
> Task :createMinecraftArtifacts UP-TO-DATE

> Task :compileJava
Note: D:\slavic-myths\src\main\java\org\slavicmyths\worldgen\ManualStructureJobs.java uses or overrides a deprecated API.
Note: Recompile with -Xlint:deprecation for details.

> Task :processResources UP-TO-DATE
> Task :classes
> Task :compileKurganCheckJava
> Task :processKurganCheckResources
> Task :kurganCheckClasses
> Task :downloadAssets UP-TO-DATE
> Task :writeRuntimeChecksLegacyClasspath UP-TO-DATE
> Task :prepareRuntimeChecksRun UP-TO-DATE

> Task :runRuntimeChecks
WARN StatusConsoleListener Advanced terminal features are not available in this environment
[09:37:48] [main/INFO] [cp.mo.mo.Launcher/MODLAUNCHER]: ModLauncher running: args [--launchTarget, forgeserverdev, --gameDir, ., --fml.fmlVersion, 4.0.45, --fml.mcVersion, 1.21.1, --fml.neoForgeVersion, 21.1.255, --fml.neoFormVersion, 20240808.144430]
[09:37:48] [main/INFO] [cp.mo.mo.Launcher/MODLAUNCHER]: JVM identified as Oracle Corporation Java HotSpot(TM) 64-Bit Server VM 21.0.12+7-LTS-205
[09:37:48] [main/INFO] [cp.mo.mo.Launcher/MODLAUNCHER]: ModLauncher 11.0.5+main.901c6ea8 starting: java version 21.0.12 by Oracle Corporation; OS Windows 10 arch amd64 version 10.0
[09:37:48] [main/INFO] [ne.ne.fm.lo.ImmediateWindowHandler/]: ImmediateWindowProvider not loading because launch target is forgeserverdev
[09:37:48] [main/INFO] [mixin/]: SpongePowered MIXIN Subsystem Version=0.8.7 Source=union:/C:/Users/pavel/.gradle/caches/modules-2/files-2.1/net.fabricmc/sponge-mixin/0.16.4+mixin.0.8.7/26d01f0567ab46e9ca0d2ed89d0ecc11aadbd433/sponge-mixin-0.16.4+mixin.0.8.7.jar%2394!/ Service=ModLauncher Env=SERVER
[09:37:48] [main/INFO] [ne.ne.fm.lo.mo.lo.JarInJarDependencyLocator/]: Found 2 dependencies adding them to mods collection
[09:37:48] [main/INFO] [ne.ne.fm.lo.mo.ModDiscoverer/]: 
     Mod List:
		Name Version (Mod Id)

		Curios API 9.5.1+1.21.1 (curios)
		Minecraft 1.21.1 (minecraft)
		NeoForge 21.1.255 (neoforge)
		Slavic Myths 0.9.9-dev (slavicmyths)
[09:37:49] [main/INFO] [mixin/]: Compatibility level set to JAVA_21
[09:37:49] [main/INFO] [cp.mo.mo.LaunchServiceHandler/MODLAUNCHER]: Launching target 'forgeserverdev' with arguments [--gameDir, .]
[09:37:49] [main/WARN] [mixin/]: Reference map 'curios.refmap.json' for curios.neoforge.mixins.json could not be read. If this is a development environment you can ignore this message
[09:37:49] [main/WARN] [mixin/]: Reference map 'curios.refmap.json' for curios.mixins.json could not be read. If this is a development environment you can ignore this message
[09:37:50] [main/WARN] [os.dr.wi.pe.PerfmonDisabled/]: Invalid registry value type detected for PerfOS counters. Should be REG_DWORD. Ignoring: HKEY_LOCAL_MACHINE\SYSTEM\CurrentControlSet\Services\PerfOS\Performance\Disable Performance Counters.
[09:37:50] [main/INFO] [MixinExtras|Service/]: Initializing MixinExtras via com.llamalad7.mixinextras.service.MixinExtrasServiceImpl(version=0.5.5).
[09:37:55] [main/WARN] [minecraft/Commands]: Ambiguity between arguments [teleport, location] and [teleport, destination] with inputs: [0.1 -0.5 .9, 0 0 0]
[09:37:55] [main/WARN] [minecraft/Commands]: Ambiguity between arguments [teleport, location] and [teleport, targets] with inputs: [0.1 -0.5 .9, 0 0 0]
[09:37:55] [main/WARN] [minecraft/Commands]: Ambiguity between arguments [teleport, destination] and [teleport, targets] with inputs: [Player, 0123, @e, dd12be42-52a9-4a91-a8a1-11c01849e498]
[09:37:55] [main/WARN] [minecraft/Commands]: Ambiguity between arguments [teleport, targets] and [teleport, destination] with inputs: [Player, 0123, dd12be42-52a9-4a91-a8a1-11c01849e498]
[09:37:55] [main/WARN] [minecraft/Commands]: Ambiguity between arguments [teleport, targets, location] and [teleport, targets, destination] with inputs: [0.1 -0.5 .9, 0 0 0]
[09:37:55] [modloading-worker-0/INFO] [ne.ne.ne.co.NeoForgeMod/NEOFORGE-MOD]: NeoForge mod loading, version 21.1.255, for MC 1.21.1
[09:37:56] [main/INFO] [mojang/YggdrasilAuthenticationService]: Environment: Environment[sessionHost=https://sessionserver.mojang.com, servicesHost=https://api.minecraftservices.com, name=PROD]
[09:37:57] [main/WARN] [minecraft/VanillaPackResourcesBuilder]: Assets URL 'union:/D:/slavic-myths/build/moddev/artifacts/neoforge-21.1.255.jar%23125!/assets/.mcassetsroot' uses unexpected schema
[09:37:57] [main/WARN] [minecraft/VanillaPackResourcesBuilder]: Assets URL 'union:/D:/slavic-myths/build/moddev/artifacts/neoforge-21.1.255.jar%23125!/data/.mcassetsroot' uses unexpected schema
[09:37:57] [main/INFO] [ne.ne.ne.ga.GameTestHooks/]: Enabled Gametest Namespaces: [slavicmyths_placement]
[09:37:58] [main/INFO] [minecraft/RecipeManager]: Loaded 1564 recipes
[09:37:58] [main/INFO] [minecraft/AdvancementTree]: Loaded 1554 advancements
[09:37:58] [main/INFO] [Curios API/]: Loaded 10 curio slots
[09:37:58] [main/INFO] [Curios API/]: Loaded 1 curio entities
[09:37:59] [Server thread/INFO] [minecraft/MinecraftServer]: Preparing start region for dimension minecraft:overworld
[09:37:59] [worldgen/INFO] [minecraft/LoggerChunkProgressListener]: Preparing spawn area: 2%
[09:37:59] [Server thread/INFO] [minecraft/LoggerChunkProgressListener]: Time elapsed: 178 ms
[09:37:59] [Server thread/INFO] [minecraft/GameTestServer]: Started game test server
[09:37:59] [Server thread/INFO] [ne.ne.ne.se.pe.PermissionAPI/]: Successfully initialized permission handler neoforge:default_handler
[09:37:59] [Server thread/INFO] [minecraft/GameTestServer]: 1 tests are now running at position -4038264, -59, 9168084!
[09:38:00] [Server thread/INFO] [minecraft/GameTestRunner]: Running test batch 'defaultBatch:0' (1 tests)...
[09:38:00] [Server thread/INFO] [minecraft/GameTestServer]: [ ]
[09:38:00] [Server thread/INFO] [minecraft/GameTestServer]: [ ]
[09:38:00] [Server thread/INFO] [minecraft/GameTestServer]: [ ]
[09:38:00] [Server thread/INFO] [minecraft/GameTestServer]: [ ]
[09:38:00] [Server thread/INFO] [minecraft/GameTestServer]: [ ]
[09:38:00] [Server thread/INFO] [minecraft/GameTestServer]: [ ]
[09:38:00] [Server thread/INFO] [minecraft/GameTestServer]: [ ]
[09:38:00] [Server thread/INFO] [minecraft/GameTestServer]: [ ]
[09:38:00] [Server thread/INFO] [minecraft/GameTestServer]: [ ]
[09:38:00] [Server thread/INFO] [minecraft/GameTestServer]: [ ]
[09:38:00] [Server thread/INFO] [minecraft/GameTestServer]: [ ]
[09:38:00] [Server thread/INFO] [minecraft/GameTestServer]: [ ]
[09:38:00] [Server thread/INFO] [minecraft/GameTestServer]: [ ]
[09:38:00] [Server thread/INFO] [minecraft/GameTestServer]: [ ]
[09:38:00] [Server thread/INFO] [minecraft/GameTestServer]: [ ]
[09:38:00] [Server thread/INFO] [minecraft/GameTestServer]: [ ]
[09:38:00] [Server thread/INFO] [minecraft/GameTestServer]: [ ]
[09:38:00] [Server thread/INFO] [minecraft/GameTestServer]: [ ]
[09:38:00] [Server thread/INFO] [minecraft/GameTestServer]: [ ]
[09:38:00] [Server thread/INFO] [minecraft/GameTestServer]: [ ]
[09:38:00] [Server thread/INFO] [minecraft/GameTestServer]: [ ]
[09:38:00] [Server thread/INFO] [minecraft/GameTestServer]: [ ]
[09:38:01] [Server thread/INFO] [minecraft/GameTestServer]: [ ]
[09:38:01] [Server thread/INFO] [minecraft/GameTestServer]: [ ]
[09:38:01] [Server thread/INFO] [minecraft/GameTestServer]: [ ]
[09:38:01] [Server thread/INFO] [minecraft/GameTestServer]: [ ]
[09:38:01] [Server thread/INFO] [minecraft/GameTestServer]: [ ]
[09:38:01] [Server thread/INFO] [minecraft/GameTestServer]: [ ]
[09:38:01] [Server thread/INFO] [minecraft/GameTestServer]: [ ]
[09:38:01] [Server thread/INFO] [minecraft/GameTestServer]: [ ]
[09:38:01] [Server thread/INFO] [minecraft/GameTestServer]: [ ]
[09:38:01] [Server thread/INFO] [minecraft/GameTestServer]: [ ]
[09:38:01] [Server thread/INFO] [minecraft/GameTestServer]: [ ]
[09:38:01] [Server thread/INFO] [minecraft/GameTestServer]: [ ]
[09:38:01] [Server thread/INFO] [minecraft/GameTestServer]: [ ]
[09:38:01] [Server thread/INFO] [minecraft/GameTestServer]: [ ]
[09:38:01] [Server thread/INFO] [minecraft/GameTestServer]: [ ]
[09:38:01] [Server thread/INFO] [minecraft/GameTestServer]: [ ]
[09:38:01] [Server thread/INFO] [minecraft/GameTestServer]: [ ]
[09:38:01] [Server thread/INFO] [minecraft/GameTestServer]: [ ]
[09:38:01] [Server thread/INFO] [minecraft/GameTestServer]: [ ]
[09:38:01] [Server thread/INFO] [minecraft/GameTestServer]: [ ]
[09:38:01] [Server thread/INFO] [minecraft/GameTestServer]: [ ]
[09:38:01] [Server thread/INFO] [minecraft/GameTestServer]: [ ]
[09:38:01] [Server thread/INFO] [minecraft/GameTestServer]: [ ]
[09:38:01] [Server thread/INFO] [minecraft/GameTestServer]: [ ]
[09:38:01] [Server thread/INFO] [minecraft/GameTestServer]: [ ]
[09:38:01] [Server thread/INFO] [minecraft/GameTestServer]: [ ]
[09:38:01] [Server thread/INFO] [minecraft/GameTestServer]: [ ]
[09:38:01] [Server thread/INFO] [minecraft/GameTestServer]: [ ]
[09:38:01] [Server thread/INFO] [minecraft/GameTestServer]: [ ]
[09:38:01] [Server thread/INFO] [minecraft/GameTestServer]: [ ]
[09:38:01] [Server thread/INFO] [minecraft/GameTestServer]: [ ]
[09:38:01] [Server thread/INFO] [minecraft/GameTestServer]: [ ]
[09:38:01] [Server thread/INFO] [minecraft/GameTestServer]: [ ]
[09:38:01] [Server thread/INFO] [minecraft/GameTestServer]: [ ]
[09:38:01] [Server thread/INFO] [minecraft/GameTestServer]: [ ]
[09:38:01] [Server thread/INFO] [minecraft/GameTestServer]: [ ]
[09:38:01] [Server thread/INFO] [minecraft/GameTestServer]: [ ]
[09:38:01] [Server thread/INFO] [minecraft/GameTestServer]: [ ]
[09:38:01] [Server thread/INFO] [minecraft/GameTestServer]: [ ]
[09:38:01] [Server thread/INFO] [minecraft/GameTestServer]: [ ]
[09:38:01] [Server thread/INFO] [minecraft/GameTestServer]: [ ]
[09:38:01] [Server thread/INFO] [minecraft/GameTestServer]: [ ]
[09:38:01] [Server thread/INFO] [minecraft/MinecraftServer]: Подготавливается территория: kurgan / 0. Задание 74491ee0-57aa-4bdc-8bd0-ebb99c7214a5
[09:38:01] [Server thread/INFO] [minecraft/MinecraftServer]: Генерация уже выполняется. /slavicmyths generation status или cancel
[09:38:01] [Server thread/INFO] [minecraft/GameTestServer]: [_]
[09:38:01] [Server thread/INFO] [minecraft/GameTestServer]: [_]
[09:38:01] [Server thread/INFO] [minecraft/GameTestServer]: [_]
[09:38:01] [Server thread/INFO] [minecraft/GameTestServer]: [_]
[09:38:01] [Server thread/INFO] [minecraft/GameTestServer]: [_]
[09:38:01] [Server thread/INFO] [minecraft/GameTestServer]: [_]
[09:38:01] [Server thread/INFO] [minecraft/GameTestServer]: [_]
[09:38:02] [Server thread/INFO] [minecraft/GameTestServer]: [_]
[09:38:02] [Server thread/INFO] [minecraft/GameTestServer]: [_]
[09:38:02] [Server thread/INFO] [minecraft/GameTestServer]: [_]
[09:38:02] [Server thread/INFO] [minecraft/GameTestServer]: [_]
[09:38:02] [Server thread/INFO] [minecraft/GameTestServer]: [_]
[09:38:02] [Server thread/INFO] [minecraft/GameTestServer]: [_]
[09:38:02] [Server thread/INFO] [minecraft/GameTestServer]: [_]
[09:38:02] [Server thread/INFO] [minecraft/GameTestServer]: [_]
[09:38:02] [Server thread/INFO] [minecraft/GameTestServer]: [_]
[09:38:02] [Server thread/INFO] [minecraft/GameTestServer]: [_]
[09:38:02] [Server thread/INFO] [minecraft/GameTestServer]: [_]
[09:38:02] [Server thread/INFO] [minecraft/GameTestServer]: [_]
[09:38:02] [Server thread/INFO] [minecraft/GameTestServer]: [_]
[09:38:02] [Server thread/INFO] [minecraft/GameTestServer]: [_]
[09:38:02] [Server thread/INFO] [minecraft/GameTestServer]: [_]
[09:38:03] [Server thread/INFO] [minecraft/MinecraftServer]: Чанки загружены. Подготовка окончательного положения на Y=172
[09:38:03] [Server thread/INFO] [minecraft/GameTestServer]: [_]
[09:38:03] [Server thread/INFO] [minecraft/GameTestServer]: [_]
[09:38:03] [Server thread/INFO] [minecraft/GameTestServer]: [_]
[09:38:03] [Server thread/INFO] [minecraft/GameTestServer]: [_]
[09:38:03] [Server thread/INFO] [minecraft/GameTestServer]: [_]
[09:38:03] [Server thread/INFO] [minecraft/GameTestServer]: [_]
[09:38:03] [Server thread/INFO] [minecraft/GameTestServer]: [_]
[09:38:03] [Server thread/INFO] [minecraft/GameTestServer]: [_]
[09:38:03] [Server thread/INFO] [minecraft/GameTestServer]: [_]
[09:38:03] [Server thread/INFO] [minecraft/MinecraftServer]: Территория подготовлена. Размещается структура...
[09:38:04] [Server thread/INFO] [minecraft/GameTestServer]: [_]
[09:38:04] [Server thread/INFO] [minecraft/GameTestServer]: [_]
[09:38:04] [Server thread/INFO] [minecraft/GameTestServer]: [_]
[09:38:04] [Server thread/INFO] [minecraft/GameTestServer]: [_]
[09:38:04] [Server thread/INFO] [minecraft/GameTestServer]: [_]
[09:38:04] [Server thread/INFO] [minecraft/GameTestServer]: [_]
[09:38:04] [Server thread/INFO] [minecraft/GameTestServer]: [_]
[09:38:04] [Server thread/INFO] [minecraft/GameTestServer]: [_]
[09:38:05] [Server thread/INFO] [minecraft/GameTestServer]: [_]
[09:38:05] [Server thread/INFO] [minecraft/GameTestServer]: [_]
[09:38:05] [Server thread/INFO] [minecraft/MinecraftServer]: Структура создана: -4030072, 173, 9176150
[09:38:05] [Server thread/INFO] [minecraft/MinecraftServer]: Small Kurgan: -4030072, 173, 9176150
[09:38:05] [Server thread/INFO] [minecraft/MinecraftServer]: Distance: 126 blocks.
MANUAL_STRUCTURE_COMMAND_PASS slavicmyths generate kurgan small 0 entrance=BlockPos{x=-4030072, y=173, z=9176150} constructionY=172 changedBlocks=27332 peakOperations=8192 peakJobMs=76.8462 slowestPhase=PLACE_STRUCTURE
[09:38:05] [Server thread/INFO] [minecraft/MinecraftServer]: Подготавливается территория: kurgan / 1. Задание 72a52ee8-fecb-4070-a440-c33d488f70bb
[09:38:05] [Server thread/INFO] [minecraft/MinecraftServer]: Генерация уже выполняется. /slavicmyths generation status или cancel
[09:38:05] [Server thread/INFO] [minecraft/GameTestServer]: [_]
[09:38:05] [Server thread/INFO] [minecraft/GameTestServer]: [_]
[09:38:05] [Server thread/INFO] [minecraft/GameTestServer]: [_]
[09:38:05] [Server thread/INFO] [minecraft/GameTestServer]: [_]
[09:38:05] [Server thread/INFO] [minecraft/GameTestServer]: [_]
[09:38:05] [Server thread/INFO] [minecraft/GameTestServer]: [_]
[09:38:06] [Server thread/INFO] [minecraft/GameTestServer]: [_]
[09:38:06] [Server thread/INFO] [minecraft/GameTestServer]: [_]
[09:38:06] [Server thread/INFO] [minecraft/GameTestServer]: [_]
[09:38:06] [Server thread/INFO] [minecraft/GameTestServer]: [_]
[09:38:06] [Server thread/INFO] [minecraft/GameTestServer]: [_]
[09:38:06] [Server thread/INFO] [minecraft/GameTestServer]: [_]
[09:38:06] [Server thread/INFO] [minecraft/GameTestServer]: [_]
[09:38:06] [Server thread/INFO] [minecraft/GameTestServer]: [_]
[09:38:06] [Server thread/INFO] [minecraft/GameTestServer]: [_]
[09:38:06] [Server thread/INFO] [minecraft/GameTestServer]: [_]
[09:38:06] [Server thread/INFO] [minecraft/GameTestServer]: [_]
[09:38:06] [Server thread/INFO] [minecraft/GameTestServer]: [_]
[09:38:06] [Server thread/INFO] [minecraft/GameTestServer]: [_]
[09:38:06] [Server thread/INFO] [minecraft/GameTestServer]: [_]
[09:38:06] [Server thread/INFO] [minecraft/GameTestServer]: [_]
[09:38:06] [Server thread/INFO] [minecraft/GameTestServer]: [_]
[09:38:06] [Server thread/INFO] [minecraft/GameTestServer]: [_]
[09:38:07] [Server thread/INFO] [minecraft/GameTestServer]: [_]
[09:38:07] [Server thread/INFO] [minecraft/GameTestServer]: [_]
[09:38:07] [Server thread/INFO] [minecraft/GameTestServer]: [_]
[09:38:07] [Server thread/INFO] [minecraft/GameTestServer]: [_]
[09:38:07] [Server thread/INFO] [minecraft/GameTestServer]: [_]
[09:38:07] [Server thread/INFO] [minecraft/GameTestServer]: [_]
[09:38:07] [Server thread/INFO] [minecraft/GameTestServer]: [_]
[09:38:07] [Server thread/INFO] [minecraft/GameTestServer]: [_]
[09:38:07] [Server thread/INFO] [minecraft/GameTestServer]: [_]
[09:38:07] [Server thread/INFO] [minecraft/GameTestServer]: [_]
[09:38:07] [Server thread/INFO] [minecraft/GameTestServer]: [_]
[09:38:07] [Server thread/INFO] [minecraft/GameTestServer]: [_]
[09:38:07] [Server thread/INFO] [minecraft/GameTestServer]: [_]
[09:38:07] [Server thread/INFO] [minecraft/GameTestServer]: [_]
[09:38:07] [Server thread/INFO] [minecraft/GameTestServer]: [_]
[09:38:07] [Server thread/INFO] [minecraft/GameTestServer]: [_]
[09:38:07] [Server thread/INFO] [minecraft/GameTestServer]: [_]
[09:38:08] [Server thread/INFO] [minecraft/GameTestServer]: [_]
[09:38:08] [Server thread/INFO] [minecraft/GameTestServer]: [_]
[09:38:08] [Server thread/INFO] [minecraft/GameTestServer]: [_]
[09:38:08] [Server thread/INFO] [minecraft/GameTestServer]: [_]
[09:38:08] [Server thread/INFO] [minecraft/GameTestServer]: [_]
[09:38:08] [Server thread/INFO] [minecraft/MinecraftServer]: Чанки загружены. Подготовка окончательного положения на Y=172
[09:38:08] [Server thread/INFO] [minecraft/GameTestServer]: [_]
[09:38:08] [Server thread/INFO] [minecraft/GameTestServer]: [_]
[09:38:08] [Server thread/INFO] [minecraft/GameTestServer]: [_]
[09:38:08] [Server thread/INFO] [minecraft/GameTestServer]: [_]
[09:38:08] [Server thread/INFO] [minecraft/GameTestServer]: [_]
[09:38:08] [Server thread/INFO] [minecraft/GameTestServer]: [_]
[09:38:08] [Server thread/INFO] [minecraft/GameTestServer]: [_]
[09:38:08] [Server thread/INFO] [minecraft/GameTestServer]: [_]
[09:38:08] [Server thread/INFO] [minecraft/GameTestServer]: [_]
[09:38:08] [Server thread/INFO] [minecraft/GameTestServer]: [_]
[09:38:08] [Server thread/INFO] [minecraft/GameTestServer]: [_]
[09:38:08] [Server thread/INFO] [minecraft/GameTestServer]: [_]
[09:38:09] [Server thread/INFO] [minecraft/GameTestServer]: [_]
[09:38:09] [Server thread/INFO] [minecraft/GameTestServer]: [_]
[09:38:09] [Server thread/INFO] [minecraft/GameTestServer]: [_]
[09:38:09] [Server thread/INFO] [minecraft/MinecraftServer]: Территория подготовлена. Размещается структура...
[09:38:09] [Server thread/INFO] [minecraft/GameTestServer]: [_]
[09:38:09] [Server thread/INFO] [minecraft/GameTestServer]: [_]
[09:38:09] [Server thread/INFO] [minecraft/GameTestServer]: [_]
[09:38:09] [Server thread/INFO] [minecraft/GameTestServer]: [_]
[09:38:09] [Server thread/INFO] [minecraft/GameTestServer]: [_]
[09:38:09] [Server thread/INFO] [minecraft/GameTestServer]: [_]
[09:38:09] [Server thread/INFO] [minecraft/GameTestServer]: [_]
[09:38:10] [Server thread/INFO] [minecraft/GameTestServer]: [_]
[09:38:10] [Server thread/INFO] [minecraft/GameTestServer]: [_]
[09:38:10] [Server thread/INFO] [minecraft/GameTestServer]: [_]
[09:38:10] [Server thread/INFO] [minecraft/GameTestServer]: [_]
[09:38:10] [Server thread/INFO] [minecraft/GameTestServer]: [_]
[09:38:10] [Server thread/INFO] [minecraft/GameTestServer]: [_]
[09:38:10] [Server thread/INFO] [minecraft/GameTestServer]: [_]
[09:38:10] [Server thread/INFO] [minecraft/GameTestServer]: [_]
[09:38:10] [Server thread/INFO] [minecraft/GameTestServer]: [_]
[09:38:10] [Server thread/INFO] [minecraft/GameTestServer]: [_]
[09:38:11] [Server thread/INFO] [minecraft/GameTestServer]: [_]
[09:38:11] [Server thread/INFO] [minecraft/GameTestServer]: [_]
[09:38:11] [Server thread/INFO] [minecraft/GameTestServer]: [_]
[09:38:11] [Server thread/INFO] [minecraft/GameTestServer]: [_]
[09:38:11] [Server thread/INFO] [minecraft/GameTestServer]: [_]
[09:38:11] [Server thread/INFO] [minecraft/GameTestServer]: [_]
[09:38:11] [Server thread/INFO] [minecraft/GameTestServer]: [_]
[09:38:11] [Server thread/INFO] [minecraft/GameTestServer]: [_]
[09:38:11] [Server thread/INFO] [minecraft/GameTestServer]: [_]
[09:38:11] [Server thread/INFO] [minecraft/GameTestServer]: [_]
[09:38:11] [Server thread/INFO] [minecraft/GameTestServer]: [_]
[09:38:12] [Server thread/INFO] [minecraft/GameTestServer]: [_]
[09:38:12] [Server thread/INFO] [minecraft/MinecraftServer]: Структура создана: -4025976, 173, 9176150
[09:38:12] [Server thread/INFO] [minecraft/MinecraftServer]: Warrior / Clan Kurgan: -4025976, 173, 9176150
[09:38:12] [Server thread/INFO] [minecraft/MinecraftServer]: Distance: 126 blocks.
MANUAL_STRUCTURE_COMMAND_PASS slavicmyths generate kurgan warrior 0 entrance=BlockPos{x=-4025976, y=173, z=9176150} constructionY=172 changedBlocks=79932 peakOperations=8192 peakJobMs=9.7876 slowestPhase=PLACE_STRUCTURE
[09:38:12] [Server thread/INFO] [minecraft/GameTestServer]: [_]
[09:38:12] [Server thread/INFO] [minecraft/MinecraftServer]: Подготавливается территория: kurgan / 2. Задание d5732ac1-04b7-4ce8-a506-fb0411e67e8d
[09:38:12] [Server thread/INFO] [minecraft/MinecraftServer]: Генерация уже выполняется. /slavicmyths generation status или cancel
[09:38:12] [Server thread/INFO] [minecraft/GameTestServer]: [_]
[09:38:12] [Server thread/INFO] [minecraft/GameTestServer]: [_]
[09:38:12] [Server thread/INFO] [minecraft/GameTestServer]: [_]
[09:38:12] [Server thread/INFO] [minecraft/GameTestServer]: [_]
[09:38:12] [Server thread/INFO] [minecraft/GameTestServer]: [_]
[09:38:12] [Server thread/INFO] [minecraft/GameTestServer]: [_]
[09:38:12] [Server thread/INFO] [minecraft/GameTestServer]: [_]
[09:38:12] [Server thread/INFO] [minecraft/GameTestServer]: [_]
[09:38:12] [Server thread/INFO] [minecraft/GameTestServer]: [_]
[09:38:13] [Server thread/INFO] [minecraft/GameTestServer]: [_]
[09:38:13] [Server thread/INFO] [minecraft/GameTestServer]: [_]
[09:38:13] [Server thread/INFO] [minecraft/GameTestServer]: [_]
[09:38:13] [Server thread/INFO] [minecraft/GameTestServer]: [_]
[09:38:13] [Server thread/INFO] [minecraft/GameTestServer]: [_]
[09:38:13] [Server thread/INFO] [minecraft/GameTestServer]: [_]
[09:38:13] [Server thread/INFO] [minecraft/GameTestServer]: [_]
[09:38:13] [Server thread/INFO] [minecraft/GameTestServer]: [_]
[09:38:13] [Server thread/INFO] [minecraft/GameTestServer]: [_]
[09:38:13] [Server thread/INFO] [minecraft/GameTestServer]: [_]
[09:38:13] [Server thread/INFO] [minecraft/GameTestServer]: [_]
[09:38:13] [Server thread/INFO] [minecraft/GameTestServer]: [_]
[09:38:13] [Server thread/INFO] [minecraft/GameTestServer]: [_]
[09:38:13] [Server thread/INFO] [minecraft/GameTestServer]: [_]
[09:38:13] [Server thread/INFO] [minecraft/GameTestServer]: [_]
[09:38:13] [Server thread/INFO] [minecraft/GameTestServer]: [_]
[09:38:13] [Server thread/INFO] [minecraft/GameTestServer]: [_]
[09:38:13] [Server thread/INFO] [minecraft/GameTestServer]: [_]
[09:38:13] [Server thread/INFO] [minecraft/GameTestServer]: [_]
[09:38:13] [Server thread/INFO] [minecraft/GameTestServer]: [_]
[09:38:13] [Server thread/INFO] [minecraft/GameTestServer]: [_]
[09:38:14] [Server thread/INFO] [minecraft/GameTestServer]: [_]
[09:38:14] [Server thread/INFO] [minecraft/GameTestServer]: [_]
[09:38:14] [Server thread/INFO] [minecraft/GameTestServer]: [_]
[09:38:14] [Server thread/INFO] [minecraft/GameTestServer]: [_]
[09:38:14] [Server thread/INFO] [minecraft/GameTestServer]: [_]
[09:38:14] [Server thread/INFO] [minecraft/GameTestServer]: [_]
[09:38:14] [Server thread/INFO] [minecraft/GameTestServer]: [_]
[09:38:14] [Server thread/INFO] [minecraft/GameTestServer]: [_]
[09:38:14] [Server thread/INFO] [minecraft/GameTestServer]: [_]
[09:38:14] [Server thread/INFO] [minecraft/GameTestServer]: [_]
[09:38:14] [Server thread/INFO] [minecraft/GameTestServer]: [_]
[09:38:14] [Server thread/INFO] [minecraft/GameTestServer]: [_]
[09:38:14] [Server thread/INFO] [minecraft/GameTestServer]: [_]
[09:38:14] [Server thread/INFO] [minecraft/GameTestServer]: [_]
[09:38:14] [Server thread/INFO] [minecraft/GameTestServer]: [_]
[09:38:14] [Server thread/INFO] [minecraft/GameTestServer]: [_]
[09:38:14] [Server thread/INFO] [minecraft/GameTestServer]: [_]
[09:38:14] [Server thread/INFO] [minecraft/GameTestServer]: [_]
[09:38:14] [Server thread/INFO] [minecraft/GameTestServer]: [_]
[09:38:14] [Server thread/INFO] [minecraft/MinecraftServer]: Чанки загружены. Подготовка окончательного положения на Y=172
[09:38:14] [Server thread/INFO] [minecraft/GameTestServer]: [_]
[09:38:14] [Server thread/INFO] [minecraft/GameTestServer]: [_]
[09:38:14] [Server thread/INFO] [minecraft/GameTestServer]: [_]
[09:38:15] [Server thread/INFO] [minecraft/GameTestServer]: [_]
[09:38:15] [Server thread/INFO] [minecraft/GameTestServer]: [_]
[09:38:15] [Server thread/INFO] [minecraft/GameTestServer]: [_]
[09:38:15] [Server thread/INFO] [minecraft/GameTestServer]: [_]
[09:38:15] [Server thread/INFO] [minecraft/GameTestServer]: [_]
[09:38:15] [Server thread/INFO] [minecraft/GameTestServer]: [_]
[09:38:15] [Server thread/INFO] [minecraft/GameTestServer]: [_]
[09:38:15] [Server thread/INFO] [minecraft/GameTestServer]: [_]
[09:38:15] [Server thread/INFO] [minecraft/GameTestServer]: [_]
[09:38:15] [Server thread/INFO] [minecraft/GameTestServer]: [_]
[09:38:15] [Server thread/INFO] [minecraft/MinecraftServer]: Территория подготовлена. Размещается структура...
[09:38:15] [Server thread/INFO] [minecraft/GameTestServer]: [_]
[09:38:15] [Server thread/INFO] [minecraft/GameTestServer]: [_]
[09:38:16] [Server thread/INFO] [minecraft/GameTestServer]: [_]
[09:38:16] [Server thread/INFO] [minecraft/GameTestServer]: [_]
[09:38:16] [Server thread/INFO] [minecraft/GameTestServer]: [_]
[09:38:16] [Server thread/INFO] [minecraft/GameTestServer]: [_]
[09:38:16] [Server thread/INFO] [minecraft/GameTestServer]: [_]
[09:38:16] [Server thread/INFO] [minecraft/GameTestServer]: [_]
[09:38:16] [Server thread/INFO] [minecraft/GameTestServer]: [_]
[09:38:17] [Server thread/INFO] [minecraft/GameTestServer]: [_]
[09:38:17] [Server thread/INFO] [minecraft/GameTestServer]: [_]
[09:38:17] [Server thread/INFO] [minecraft/GameTestServer]: [_]
[09:38:17] [Server thread/INFO] [minecraft/GameTestServer]: [_]
[09:38:17] [Server thread/INFO] [minecraft/GameTestServer]: [_]
[09:38:17] [Server thread/INFO] [minecraft/GameTestServer]: [_]
[09:38:17] [Server thread/INFO] [minecraft/GameTestServer]: [_]
[09:38:17] [Server thread/INFO] [minecraft/GameTestServer]: [_]
[09:38:18] [Server thread/INFO] [minecraft/GameTestServer]: [_]
[09:38:18] [Server thread/INFO] [minecraft/GameTestServer]: [_]
[09:38:18] [Server thread/INFO] [minecraft/GameTestServer]: [_]
[09:38:18] [Server thread/INFO] [minecraft/GameTestServer]: [_]
[09:38:18] [Server thread/INFO] [minecraft/GameTestServer]: [_]
[09:38:18] [Server thread/INFO] [minecraft/GameTestServer]: [_]
[09:38:18] [Server thread/INFO] [minecraft/GameTestServer]: [_]
[09:38:19] [Server thread/INFO] [minecraft/GameTestServer]: [_]
[09:38:19] [Server thread/INFO] [minecraft/GameTestServer]: [_]
[09:38:19] [Server thread/INFO] [minecraft/GameTestServer]: [_]
[09:38:19] [Server thread/INFO] [minecraft/GameTestServer]: [_]
[09:38:19] [Server thread/INFO] [minecraft/GameTestServer]: [_]
[09:38:19] [Server thread/INFO] [minecraft/GameTestServer]: [_]
[09:38:19] [Server thread/INFO] [minecraft/GameTestServer]: [_]
[09:38:19] [Server thread/INFO] [minecraft/GameTestServer]: [_]
[09:38:20] [Server thread/INFO] [minecraft/GameTestServer]: [_]
[09:38:20] [Server thread/INFO] [minecraft/GameTestServer]: [_]
[09:38:20] [Server thread/INFO] [minecraft/GameTestServer]: [_]
[09:38:20] [Server thread/INFO] [minecraft/GameTestServer]: [_]
[09:38:20] [Server thread/INFO] [minecraft/GameTestServer]: [_]
[09:38:20] [Server thread/INFO] [minecraft/GameTestServer]: [_]
[09:38:20] [Server thread/INFO] [minecraft/GameTestServer]: [_]
[09:38:20] [Server thread/INFO] [minecraft/GameTestServer]: [_]
[09:38:21] [Server thread/INFO] [minecraft/GameTestServer]: [_]
[09:38:21] [Server thread/INFO] [minecraft/GameTestServer]: [_]
[09:38:21] [Server thread/INFO] [minecraft/GameTestServer]: [_]
[09:38:21] [Server thread/INFO] [minecraft/GameTestServer]: [_]
[09:38:21] [Server thread/INFO] [minecraft/GameTestServer]: [_]
[09:38:21] [Server thread/INFO] [minecraft/GameTestServer]: [_]
[09:38:21] [Server thread/INFO] [minecraft/GameTestServer]: [_]
[09:38:22] [Server thread/INFO] [minecraft/GameTestServer]: [_]
[09:38:22] [Server thread/INFO] [minecraft/GameTestServer]: [_]
[09:38:22] [Server thread/INFO] [minecraft/GameTestServer]: [_]
[09:38:22] [Server thread/INFO] [minecraft/GameTestServer]: [_]
[09:38:22] [Server thread/INFO] [minecraft/GameTestServer]: [_]
[09:38:22] [Server thread/INFO] [minecraft/GameTestServer]: [_]
[09:38:22] [Server thread/INFO] [minecraft/GameTestServer]: [_]
[09:38:22] [Server thread/INFO] [minecraft/MinecraftServer]: Структура создана: -4021880, 173, 9176150
[09:38:23] [Server thread/INFO] [minecraft/MinecraftServer]: Great Kurgan: -4021880, 173, 9176150
[09:38:23] [Server thread/INFO] [minecraft/MinecraftServer]: Distance: 126 blocks.
MANUAL_STRUCTURE_COMMAND_PASS slavicmyths generate kurgan great 0 entrance=BlockPos{x=-4021880, y=173, z=9176150} constructionY=172 changedBlocks=81744 peakOperations=8192 peakJobMs=11.9127 slowestPhase=PLACE_STRUCTURE
[09:38:23] [Server thread/INFO] [minecraft/MinecraftServer]: Подготавливается территория: bandit_camp / 0. Задание 9de10adb-103c-42b0-b7f3-bfa9898c7035
[09:38:23] [Server thread/INFO] [minecraft/MinecraftServer]: Генерация уже выполняется. /slavicmyths generation status или cancel
[09:38:23] [Server thread/INFO] [minecraft/GameTestServer]: [_]
[09:38:23] [Server thread/INFO] [minecraft/GameTestServer]: [_]
[09:38:23] [Server thread/INFO] [minecraft/GameTestServer]: [_]
[09:38:23] [Server thread/INFO] [minecraft/GameTestServer]: [_]
[09:38:23] [Server thread/INFO] [minecraft/GameTestServer]: [_]
[09:38:23] [Server thread/INFO] [minecraft/GameTestServer]: [_]
[09:38:23] [Server thread/INFO] [minecraft/GameTestServer]: [_]
[09:38:23] [Server thread/INFO] [minecraft/GameTestServer]: [_]
[09:38:23] [Server thread/INFO] [minecraft/GameTestServer]: [_]
[09:38:23] [Server thread/INFO] [minecraft/GameTestServer]: [_]
[09:38:23] [Server thread/INFO] [minecraft/GameTestServer]: [_]
[09:38:23] [Server thread/INFO] [minecraft/GameTestServer]: [_]
[09:38:23] [Server thread/INFO] [minecraft/GameTestServer]: [_]
[09:38:23] [Server thread/INFO] [minecraft/GameTestServer]: [_]
[09:38:24] [Server thread/INFO] [minecraft/GameTestServer]: [_]
[09:38:24] [Server thread/INFO] [minecraft/GameTestServer]: [_]
[09:38:24] [Server thread/INFO] [minecraft/GameTestServer]: [_]
[09:38:24] [Server thread/INFO] [minecraft/GameTestServer]: [_]
[09:38:24] [Server thread/INFO] [minecraft/MinecraftServer]: Чанки загружены. Подготовка окончательного положения на Y=172
[09:38:24] [Server thread/INFO] [minecraft/GameTestServer]: [_]
[09:38:24] [Server thread/INFO] [minecraft/GameTestServer]: [_]
[09:38:24] [Server thread/INFO] [minecraft/MinecraftServer]: Территория подготовлена. Размещается структура...
[09:38:24] [Server thread/INFO] [minecraft/GameTestServer]: [_]
[09:38:24] [Server thread/INFO] [minecraft/MinecraftServer]: Структура создана: -4017774, 173, 9176138
[09:38:24] [Server thread/INFO] [minecraft/MinecraftServer]: bandit_camp small: -4017774 173 9176138 — confirmed structure start.
MANUAL_STRUCTURE_COMMAND_PASS slavicmyths generate bandit_camp small 0 entrance=BlockPos{x=-4017774, y=173, z=9176138} constructionY=172 changedBlocks=5518 peakOperations=8192 peakJobMs=29.0017 slowestPhase=PLACE_STRUCTURE
[09:38:24] [Server thread/INFO] [minecraft/MinecraftServer]: Подготавливается территория: bandit_camp / 1. Задание 58857129-d452-4f96-8561-85c00415187f
[09:38:24] [Server thread/INFO] [minecraft/MinecraftServer]: Генерация уже выполняется. /slavicmyths generation status или cancel
[09:38:24] [Server thread/INFO] [minecraft/GameTestServer]: [_]
[09:38:24] [Server thread/INFO] [minecraft/GameTestServer]: [_]
[09:38:24] [Server thread/INFO] [minecraft/GameTestServer]: [_]
[09:38:24] [Server thread/INFO] [minecraft/GameTestServer]: [_]
[09:38:24] [Server thread/INFO] [minecraft/GameTestServer]: [_]
[09:38:25] [Server thread/INFO] [minecraft/GameTestServer]: [_]
[09:38:25] [Server thread/INFO] [minecraft/GameTestServer]: [_]
[09:38:25] [Server thread/INFO] [minecraft/GameTestServer]: [_]
[09:38:25] [Server thread/INFO] [minecraft/GameTestServer]: [_]
[09:38:25] [Server thread/INFO] [minecraft/GameTestServer]: [_]
[09:38:25] [Server thread/INFO] [minecraft/GameTestServer]: [_]
[09:38:25] [Server thread/INFO] [minecraft/GameTestServer]: [_]
[09:38:25] [Server thread/INFO] [minecraft/GameTestServer]: [_]
[09:38:25] [Server thread/INFO] [minecraft/GameTestServer]: [_]
[09:38:25] [Server thread/INFO] [minecraft/GameTestServer]: [_]
[09:38:25] [Server thread/INFO] [minecraft/GameTestServer]: [_]
[09:38:25] [Server thread/INFO] [minecraft/GameTestServer]: [_]
[09:38:25] [Server thread/INFO] [minecraft/GameTestServer]: [_]
[09:38:25] [Server thread/INFO] [minecraft/GameTestServer]: [_]
[09:38:25] [Server thread/INFO] [minecraft/GameTestServer]: [_]
[09:38:25] [Server thread/INFO] [minecraft/GameTestServer]: [_]
[09:38:25] [Server thread/INFO] [minecraft/GameTestServer]: [_]
[09:38:25] [Server thread/INFO] [minecraft/GameTestServer]: [_]
[09:38:25] [Server thread/INFO] [minecraft/MinecraftServer]: Чанки загружены. Подготовка окончательного положения на Y=172
[09:38:25] [Server thread/INFO] [minecraft/GameTestServer]: [_]
[09:38:26] [Server thread/INFO] [minecraft/GameTestServer]: [_]
[09:38:26] [Server thread/INFO] [minecraft/GameTestServer]: [_]
[09:38:26] [Server thread/INFO] [minecraft/MinecraftServer]: Территория подготовлена. Размещается структура...
[09:38:26] [Server thread/INFO] [minecraft/GameTestServer]: [_]
[09:38:26] [Server thread/INFO] [minecraft/GameTestServer]: [_]
[09:38:26] [Server thread/INFO] [minecraft/MinecraftServer]: Структура создана: -4013678, 173, 9176138
[09:38:26] [Server thread/INFO] [minecraft/MinecraftServer]: bandit_camp medium: -4013678 173 9176138 — confirmed structure start.
MANUAL_STRUCTURE_COMMAND_PASS slavicmyths generate bandit_camp fortified 0 entrance=BlockPos{x=-4013678, y=173, z=9176138} constructionY=172 changedBlocks=10004 peakOperations=8192 peakJobMs=10.4857 slowestPhase=PLACE_STRUCTURE
[09:38:26] [Server thread/INFO] [minecraft/MinecraftServer]: Подготавливается территория: bandit_camp / 2. Задание 0688f3bc-bf76-4697-9b71-19613b6bfe27
[09:38:26] [Server thread/INFO] [minecraft/MinecraftServer]: Генерация уже выполняется. /slavicmyths generation status или cancel
[09:38:26] [Server thread/INFO] [minecraft/GameTestServer]: [_]
[09:38:26] [Server thread/INFO] [minecraft/GameTestServer]: [_]
[09:38:26] [Server thread/INFO] [minecraft/GameTestServer]: [_]
[09:38:26] [Server thread/INFO] [minecraft/GameTestServer]: [_]
[09:38:26] [Server thread/INFO] [minecraft/GameTestServer]: [_]
[09:38:26] [Server thread/INFO] [minecraft/GameTestServer]: [_]
[09:38:26] [Server thread/INFO] [minecraft/GameTestServer]: [_]
[09:38:26] [Server thread/INFO] [minecraft/GameTestServer]: [_]
[09:38:27] [Server thread/INFO] [minecraft/GameTestServer]: [_]
[09:38:27] [Server thread/INFO] [minecraft/GameTestServer]: [_]
[09:38:27] [Server thread/INFO] [minecraft/GameTestServer]: [_]
[09:38:27] [Server thread/INFO] [minecraft/GameTestServer]: [_]
[09:38:27] [Server thread/INFO] [minecraft/GameTestServer]: [_]
[09:38:27] [Server thread/INFO] [minecraft/GameTestServer]: [_]
[09:38:27] [Server thread/INFO] [minecraft/GameTestServer]: [_]
[09:38:27] [Server thread/INFO] [minecraft/GameTestServer]: [_]
[09:38:27] [Server thread/INFO] [minecraft/GameTestServer]: [_]
[09:38:27] [Server thread/INFO] [minecraft/GameTestServer]: [_]
[09:38:27] [Server thread/INFO] [minecraft/GameTestServer]: [_]
[09:38:27] [Server thread/INFO] [minecraft/GameTestServer]: [_]
[09:38:27] [Server thread/INFO] [minecraft/GameTestServer]: [_]
[09:38:27] [Server thread/INFO] [minecraft/GameTestServer]: [_]
[09:38:27] [Server thread/INFO] [minecraft/GameTestServer]: [_]
[09:38:27] [Server thread/INFO] [minecraft/GameTestServer]: [_]
[09:38:27] [Server thread/INFO] [minecraft/GameTestServer]: [_]
[09:38:27] [Server thread/INFO] [minecraft/GameTestServer]: [_]
[09:38:27] [Server thread/INFO] [minecraft/GameTestServer]: [_]
[09:38:27] [Server thread/INFO] [minecraft/GameTestServer]: [_]
[09:38:27] [Server thread/INFO] [minecraft/GameTestServer]: [_]
[09:38:28] [Server thread/INFO] [minecraft/GameTestServer]: [_]
[09:38:28] [Server thread/INFO] [minecraft/GameTestServer]: [_]
[09:38:28] [Server thread/INFO] [minecraft/GameTestServer]: [_]
[09:38:28] [Server thread/INFO] [minecraft/GameTestServer]: [_]
[09:38:28] [Server thread/INFO] [minecraft/GameTestServer]: [_]
[09:38:28] [Server thread/INFO] [minecraft/GameTestServer]: [_]
[09:38:28] [Server thread/INFO] [minecraft/MinecraftServer]: Чанки загружены. Подготовка окончательного положения на Y=172
[09:38:28] [Server thread/INFO] [minecraft/GameTestServer]: [_]
[09:38:28] [Server thread/INFO] [minecraft/GameTestServer]: [_]
[09:38:28] [Server thread/INFO] [minecraft/GameTestServer]: [_]
[09:38:28] [Server thread/INFO] [minecraft/GameTestServer]: [_]
[09:38:28] [Server thread/INFO] [minecraft/GameTestServer]: [_]
[09:38:28] [Server thread/INFO] [minecraft/GameTestServer]: [_]
[09:38:28] [Server thread/INFO] [minecraft/MinecraftServer]: Территория подготовлена. Размещается структура...
[09:38:28] [Server thread/INFO] [minecraft/GameTestServer]: [_]
[09:38:28] [Server thread/INFO] [minecraft/GameTestServer]: [_]
[09:38:28] [Server thread/INFO] [minecraft/GameTestServer]: [_]
[09:38:28] [Server thread/INFO] [minecraft/GameTestServer]: [_]
[09:38:29] [Server thread/INFO] [minecraft/GameTestServer]: [_]
[09:38:29] [Server thread/INFO] [minecraft/GameTestServer]: [_]
[09:38:29] [Server thread/INFO] [minecraft/GameTestServer]: [_]
[09:38:29] [Server thread/INFO] [minecraft/GameTestServer]: [_]
[09:38:29] [Server thread/INFO] [minecraft/GameTestServer]: [_]
[09:38:29] [Server thread/INFO] [minecraft/MinecraftServer]: Структура создана: -4009553, 173, 9176098
[09:38:29] [Server thread/INFO] [minecraft/MinecraftServer]: bandit_camp large: -4009553 173 9176098 — confirmed structure start.
MANUAL_STRUCTURE_COMMAND_PASS slavicmyths generate bandit_camp large 0 entrance=BlockPos{x=-4009553, y=173, z=9176098} constructionY=172 changedBlocks=23565 peakOperations=8192 peakJobMs=65.2564 slowestPhase=PLACE_STRUCTURE
[09:38:30] [Server thread/INFO] [minecraft/MinecraftServer]: Подготавливается территория: bandit_camp / 1. Задание 25442a45-f5be-4a54-b8fe-54d9ac3b8a60
[09:38:30] [Server thread/INFO] [minecraft/MinecraftServer]: Генерация уже выполняется. /slavicmyths generation status или cancel
[09:38:30] [Server thread/INFO] [minecraft/GameTestServer]: [_]
[09:38:30] [Server thread/INFO] [minecraft/GameTestServer]: [_]
[09:38:31] [Server thread/INFO] [minecraft/GameTestServer]: [_]
[09:38:31] [Server thread/INFO] [minecraft/GameTestServer]: [_]
[09:38:31] [Server thread/INFO] [minecraft/GameTestServer]: [_]
[09:38:31] [Server thread/INFO] [minecraft/GameTestServer]: [_]
[09:38:31] [Server thread/INFO] [minecraft/GameTestServer]: [_]
[09:38:31] [Server thread/INFO] [minecraft/GameTestServer]: [_]
[09:38:31] [Server thread/INFO] [minecraft/GameTestServer]: [_]
[09:38:31] [Server thread/INFO] [minecraft/GameTestServer]: [_]
[09:38:31] [Server thread/INFO] [minecraft/GameTestServer]: [_]
[09:38:31] [Server thread/INFO] [minecraft/GameTestServer]: [_]
[09:38:31] [Server thread/INFO] [minecraft/GameTestServer]: [_]
[09:38:31] [Server thread/INFO] [minecraft/MinecraftServer]: Чанки загружены. Подготовка окончательного положения на Y=172
[09:38:31] [Server thread/INFO] [minecraft/GameTestServer]: [_]
[09:38:31] [Server thread/INFO] [minecraft/GameTestServer]: [_]
[09:38:31] [Server thread/INFO] [minecraft/GameTestServer]: [_]
[09:38:31] [Server thread/INFO] [minecraft/MinecraftServer]: Территория подготовлена. Размещается структура...
[09:38:31] [Server thread/INFO] [minecraft/GameTestServer]: [_]
[09:38:31] [Server thread/INFO] [minecraft/GameTestServer]: [_]
[09:38:31] [Server thread/INFO] [minecraft/MinecraftServer]: Структура создана: -4005486, 173, 9176138
[09:38:31] [Server thread/INFO] [minecraft/MinecraftServer]: bandit_camp medium: -4005486 173 9176138 — confirmed structure start.
MANUAL_STRUCTURE_COMMAND_PASS slavicmyths generate bandit_camp fortified 0 entrance=BlockPos{x=-4005486, y=173, z=9176138} constructionY=172 changedBlocks=15662 peakOperations=8192 peakJobMs=9.1401 slowestPhase=PLACE_STRUCTURE
[09:38:33] [Server thread/INFO] [minecraft/MinecraftServer]: Подготавливается территория: kurgan / 0. Задание c9e215ba-3c90-4d76-9cb9-78829f3fd6f7
[09:38:33] [Server thread/INFO] [minecraft/MinecraftServer]: Генерация уже выполняется. /slavicmyths generation status или cancel
[09:38:33] [Server thread/INFO] [minecraft/GameTestServer]: [_]
[09:38:33] [Server thread/INFO] [minecraft/GameTestServer]: [_]
[09:38:33] [Server thread/INFO] [minecraft/GameTestServer]: [_]
[09:38:33] [Server thread/INFO] [minecraft/GameTestServer]: [_]
[09:38:33] [Server thread/INFO] [minecraft/GameTestServer]: [_]
[09:38:34] [Server thread/INFO] [minecraft/GameTestServer]: [_]
[09:38:34] [Server thread/INFO] [minecraft/GameTestServer]: [_]
[09:38:34] [Server thread/INFO] [minecraft/GameTestServer]: [_]
[09:38:34] [Server thread/INFO] [minecraft/GameTestServer]: [_]
[09:38:34] [Server thread/INFO] [minecraft/GameTestServer]: [_]
[09:38:34] [Server thread/INFO] [minecraft/GameTestServer]: [_]
[09:38:34] [Server thread/INFO] [minecraft/GameTestServer]: [_]
[09:38:34] [Server thread/INFO] [minecraft/MinecraftServer]: Чанки загружены. Подготовка окончательного положения на Y=172
[09:38:34] [Server thread/INFO] [minecraft/GameTestServer]: [_]
[09:38:34] [Server thread/INFO] [minecraft/GameTestServer]: [_]
[09:38:34] [Server thread/INFO] [minecraft/GameTestServer]: [_]
[09:38:34] [Server thread/INFO] [minecraft/GameTestServer]: [_]
[09:38:34] [Server thread/INFO] [minecraft/GameTestServer]: [_]
[09:38:34] [Server thread/INFO] [minecraft/MinecraftServer]: Территория подготовлена. Размещается структура...
[09:38:34] [Server thread/INFO] [minecraft/GameTestServer]: [_]
[09:38:34] [Server thread/INFO] [minecraft/GameTestServer]: [_]
[09:38:34] [Server thread/INFO] [minecraft/GameTestServer]: [_]
[09:38:35] [Server thread/INFO] [minecraft/GameTestServer]: [_]
[09:38:35] [Server thread/INFO] [minecraft/GameTestServer]: [_]
[09:38:35] [Server thread/INFO] [minecraft/GameTestServer]: [_]
[09:38:35] [Server thread/INFO] [minecraft/GameTestServer]: [_]
[09:38:35] [Server thread/INFO] [minecraft/GameTestServer]: [_]
[09:38:35] [Server thread/INFO] [minecraft/GameTestServer]: [_]
[09:38:35] [Server thread/INFO] [minecraft/GameTestServer]: [_]
[09:38:35] [Server thread/INFO] [minecraft/MinecraftServer]: Структура создана: -4001336, 173, 9176150
[09:38:35] [Server thread/INFO] [minecraft/MinecraftServer]: Small Kurgan: -4001336, 173, 9176150
[09:38:35] [Server thread/INFO] [minecraft/MinecraftServer]: Distance: 141 blocks.
MANUAL_STRUCTURE_COMMAND_PASS slavicmyths generate kurgan small 0 entrance=BlockPos{x=-4001336, y=173, z=9176150} constructionY=172 changedBlocks=26706 peakOperations=8192 peakJobMs=2.2089 slowestPhase=PLACE_STRUCTURE
[09:38:36] [Server thread/INFO] [minecraft/MinecraftServer]: Подготавливается территория: kurgan / 2. Задание c77d7a9e-d13d-4241-a89f-84653b11d35a
[09:38:36] [Server thread/INFO] [minecraft/MinecraftServer]: Генерация уже выполняется. /slavicmyths generation status или cancel
[09:38:36] [Server thread/INFO] [minecraft/GameTestServer]: [_]
[09:38:36] [Server thread/INFO] [minecraft/GameTestServer]: [_]
[09:38:36] [Server thread/INFO] [minecraft/GameTestServer]: [_]
[09:38:36] [Server thread/INFO] [minecraft/GameTestServer]: [_]
[09:38:36] [Server thread/INFO] [minecraft/GameTestServer]: [_]
[09:38:36] [Server thread/INFO] [minecraft/GameTestServer]: [_]
[09:38:36] [Server thread/INFO] [minecraft/GameTestServer]: [_]
[09:38:36] [Server thread/INFO] [minecraft/GameTestServer]: [_]
[09:38:36] [Server thread/INFO] [minecraft/GameTestServer]: [_]
[09:38:36] [Server thread/INFO] [minecraft/GameTestServer]: [_]
[09:38:36] [Server thread/INFO] [minecraft/GameTestServer]: [_]
[09:38:36] [Server thread/INFO] [minecraft/GameTestServer]: [_]
[09:38:36] [Server thread/INFO] [minecraft/GameTestServer]: [_]
[09:38:37] [Server thread/INFO] [minecraft/GameTestServer]: [_]
[09:38:37] [Server thread/INFO] [minecraft/GameTestServer]: [_]
[09:38:37] [Server thread/INFO] [minecraft/GameTestServer]: [_]
[09:38:37] [Server thread/INFO] [minecraft/GameTestServer]: [_]
[09:38:37] [Server thread/INFO] [minecraft/GameTestServer]: [_]
[09:38:37] [Server thread/INFO] [minecraft/GameTestServer]: [_]
[09:38:37] [Server thread/INFO] [minecraft/GameTestServer]: [_]
[09:38:37] [Server thread/INFO] [minecraft/GameTestServer]: [_]
[09:38:37] [Server thread/INFO] [minecraft/GameTestServer]: [_]
[09:38:37] [Server thread/INFO] [minecraft/GameTestServer]: [_]
[09:38:37] [Server thread/INFO] [minecraft/GameTestServer]: [_]
[09:38:37] [Server thread/INFO] [minecraft/GameTestServer]: [_]
[09:38:37] [Server thread/INFO] [minecraft/GameTestServer]: [_]
[09:38:37] [Server thread/INFO] [minecraft/GameTestServer]: [_]
[09:38:37] [Server thread/INFO] [minecraft/GameTestServer]: [_]
[09:38:37] [Server thread/INFO] [minecraft/GameTestServer]: [_]
[09:38:37] [Server thread/INFO] [minecraft/GameTestServer]: [_]
[09:38:37] [Server thread/INFO] [minecraft/GameTestServer]: [_]
[09:38:37] [Server thread/INFO] [minecraft/GameTestServer]: [_]
[09:38:37] [Server thread/INFO] [minecraft/GameTestServer]: [_]
[09:38:37] [Server thread/INFO] [minecraft/GameTestServer]: [_]
[09:38:37] [Server thread/INFO] [minecraft/GameTestServer]: [_]
[09:38:38] [Server thread/INFO] [minecraft/GameTestServer]: [_]
[09:38:38] [Server thread/INFO] [minecraft/GameTestServer]: [_]
[09:38:38] [Server thread/INFO] [minecraft/GameTestServer]: [_]
[09:38:38] [Server thread/INFO] [minecraft/MinecraftServer]: Чанки загружены. Подготовка окончательного положения на Y=172
[09:38:38] [Server thread/INFO] [minecraft/GameTestServer]: [_]
[09:38:38] [Server thread/INFO] [minecraft/GameTestServer]: [_]
[09:38:38] [Server thread/INFO] [minecraft/GameTestServer]: [_]
[09:38:38] [Server thread/INFO] [minecraft/GameTestServer]: [_]
[09:38:38] [Server thread/INFO] [minecraft/GameTestServer]: [_]
[09:38:38] [Server thread/INFO] [minecraft/GameTestServer]: [_]
[09:38:38] [Server thread/INFO] [minecraft/GameTestServer]: [_]
[09:38:38] [Server thread/INFO] [minecraft/GameTestServer]: [_]
[09:38:38] [Server thread/INFO] [minecraft/GameTestServer]: [_]
[09:38:38] [Server thread/INFO] [minecraft/GameTestServer]: [_]
[09:38:38] [Server thread/INFO] [minecraft/GameTestServer]: [_]
[09:38:38] [Server thread/INFO] [minecraft/GameTestServer]: [_]
[09:38:38] [Server thread/INFO] [minecraft/GameTestServer]: [_]
[09:38:38] [Server thread/INFO] [minecraft/MinecraftServer]: Территория подготовлена. Размещается структура...
[09:38:38] [Server thread/INFO] [minecraft/GameTestServer]: [_]
[09:38:39] [Server thread/INFO] [minecraft/GameTestServer]: [_]
[09:38:39] [Server thread/INFO] [minecraft/GameTestServer]: [_]
[09:38:39] [Server thread/INFO] [minecraft/GameTestServer]: [_]
[09:38:39] [Server thread/INFO] [minecraft/GameTestServer]: [_]
[09:38:39] [Server thread/INFO] [minecraft/GameTestServer]: [_]
[09:38:39] [Server thread/INFO] [minecraft/GameTestServer]: [_]
[09:38:39] [Server thread/INFO] [minecraft/GameTestServer]: [_]
[09:38:40] [Server thread/INFO] [minecraft/GameTestServer]: [_]
[09:38:40] [Server thread/INFO] [minecraft/GameTestServer]: [_]
[09:38:40] [Server thread/INFO] [minecraft/GameTestServer]: [_]
[09:38:40] [Server thread/INFO] [minecraft/GameTestServer]: [_]
[09:38:40] [Server thread/INFO] [minecraft/GameTestServer]: [_]
[09:38:40] [Server thread/INFO] [minecraft/GameTestServer]: [_]
[09:38:40] [Server thread/INFO] [minecraft/GameTestServer]: [_]
[09:38:40] [Server thread/INFO] [minecraft/GameTestServer]: [_]
[09:38:41] [Server thread/INFO] [minecraft/GameTestServer]: [_]
[09:38:41] [Server thread/INFO] [minecraft/GameTestServer]: [_]
[09:38:41] [Server thread/INFO] [minecraft/GameTestServer]: [_]
[09:38:41] [Server thread/INFO] [minecraft/GameTestServer]: [_]
[09:38:41] [Server thread/INFO] [minecraft/GameTestServer]: [_]
[09:38:41] [Server thread/INFO] [minecraft/GameTestServer]: [_]
[09:38:41] [Server thread/INFO] [minecraft/GameTestServer]: [_]
[09:38:42] [Server thread/INFO] [minecraft/GameTestServer]: [_]
[09:38:42] [Server thread/INFO] [minecraft/GameTestServer]: [_]
[09:38:42] [Server thread/INFO] [minecraft/GameTestServer]: [_]
[09:38:42] [Server thread/INFO] [minecraft/GameTestServer]: [_]
[09:38:42] [Server thread/INFO] [minecraft/GameTestServer]: [_]
[09:38:42] [Server thread/INFO] [minecraft/GameTestServer]: [_]
[09:38:42] [Server thread/INFO] [minecraft/GameTestServer]: [_]
[09:38:42] [Server thread/INFO] [minecraft/GameTestServer]: [_]
[09:38:43] [Server thread/INFO] [minecraft/GameTestServer]: [_]
[09:38:43] [Server thread/INFO] [minecraft/GameTestServer]: [_]
[09:38:43] [Server thread/INFO] [minecraft/GameTestServer]: [_]
[09:38:43] [Server thread/INFO] [minecraft/GameTestServer]: [_]
[09:38:43] [Server thread/INFO] [minecraft/GameTestServer]: [_]
[09:38:43] [Server thread/INFO] [minecraft/GameTestServer]: [_]
[09:38:43] [Server thread/INFO] [minecraft/GameTestServer]: [_]
[09:38:43] [Server thread/INFO] [minecraft/GameTestServer]: [_]
[09:38:44] [Server thread/INFO] [minecraft/GameTestServer]: [_]
[09:38:44] [Server thread/INFO] [minecraft/GameTestServer]: [_]
[09:38:44] [Server thread/INFO] [minecraft/GameTestServer]: [_]
[09:38:44] [Server thread/INFO] [minecraft/GameTestServer]: [_]
[09:38:44] [Server thread/INFO] [minecraft/GameTestServer]: [_]
[09:38:44] [Server thread/INFO] [minecraft/GameTestServer]: [_]
[09:38:44] [Server thread/INFO] [minecraft/GameTestServer]: [_]
[09:38:44] [Server thread/INFO] [minecraft/GameTestServer]: [_]
[09:38:45] [Server thread/INFO] [minecraft/GameTestServer]: [_]
[09:38:45] [Server thread/INFO] [minecraft/GameTestServer]: [_]
[09:38:45] [Server thread/INFO] [minecraft/GameTestServer]: [_]
[09:38:45] [Server thread/INFO] [minecraft/GameTestServer]: [_]
[09:38:45] [Server thread/INFO] [minecraft/GameTestServer]: [_]
[09:38:45] [Server thread/INFO] [minecraft/GameTestServer]: [_]
[09:38:45] [Server thread/INFO] [minecraft/GameTestServer]: [_]
[09:38:46] [Server thread/INFO] [minecraft/GameTestServer]: [_]
[09:38:46] [Server thread/INFO] [minecraft/GameTestServer]: [_]
[09:38:46] [Server thread/INFO] [minecraft/GameTestServer]: [_]
[09:38:46] [Server thread/INFO] [minecraft/GameTestServer]: [_]
[09:38:46] [Server thread/INFO] [minecraft/GameTestServer]: [_]
[09:38:46] [Server thread/INFO] [minecraft/GameTestServer]: [_]
[09:38:46] [Server thread/INFO] [minecraft/MinecraftServer]: Структура создана: -3997304, 173, 9176150
[09:38:47] [Server thread/INFO] [minecraft/MinecraftServer]: Great Kurgan: -3997304, 173, 9176150
[09:38:47] [Server thread/INFO] [minecraft/MinecraftServer]: Distance: 126 blocks.
MANUAL_STRUCTURE_COMMAND_PASS slavicmyths generate kurgan great 0 entrance=BlockPos{x=-3997304, y=173, z=9176150} constructionY=172 changedBlocks=85482 peakOperations=8192 peakJobMs=12.4577 slowestPhase=PLACE_STRUCTURE
MANUAL_STRUCTURE_THIN_FLAT_PASS actualCommands=9 realStructures=9 accessibleEntrances=9 hillFixtures=2 waterRelocation=1 maxOperations=8192 repeatedRequestGuard=true
[09:38:47] [Server thread/INFO] [minecraft/MinecraftServer]: Подготавливается территория: kurgan / 0. Задание 0f3ea6f0-3f55-4eb5-9112-629647f5768d
[09:38:47] [Server thread/INFO] [minecraft/MinecraftServer]: Генерация kurgan: PREPARE_CHUNKS, блоков изменено 0
[09:38:47] [Server thread/INFO] [minecraft/MinecraftServer]: Генерация отменена; уже подготовленный грунт сохранён.
[09:38:47] [Server thread/INFO] [minecraft/MinecraftServer]: Активного поиска нет.
MANUAL_JOB_STATUS_CANCEL_PASS releasedActiveJob=true
[09:38:47] [Server thread/INFO] [minecraft/GameTestServer]: [+]
[09:38:47] [Server thread/INFO] [minecraft/GameTestServer]: ========= 1 GAME TESTS COMPLETE IN 47.59 s ======================
[09:38:47] [Server thread/INFO] [minecraft/GameTestServer]: All 1 required tests passed :)
[09:38:47] [Server thread/INFO] [minecraft/GameTestServer]: ====================================================
[09:38:47] [Server thread/INFO] [minecraft/MinecraftServer]: Stopping server
[09:38:47] [Server thread/INFO] [minecraft/MinecraftServer]: Saving players
[09:38:47] [Server thread/INFO] [minecraft/MinecraftServer]: Saving worlds
[09:38:47] [Server thread/INFO] [minecraft/MinecraftServer]: Saving chunks for level 'ServerLevel[Test Level]'/minecraft:overworld
[09:38:48] [Server thread/INFO] [minecraft/MinecraftServer]: Saving chunks for level 'ServerLevel[Test Level]'/minecraft:the_nether
[09:38:48] [Server thread/INFO] [minecraft/MinecraftServer]: Saving chunks for level 'ServerLevel[Test Level]'/minecraft:the_end
[09:38:48] [Server thread/INFO] [minecraft/MinecraftServer]: ThreadedAnvilChunkStorage (world): All chunks are saved
[09:38:48] [Server thread/INFO] [minecraft/MinecraftServer]: ThreadedAnvilChunkStorage (DIM-1): All chunks are saved
[09:38:48] [Server thread/INFO] [minecraft/MinecraftServer]: ThreadedAnvilChunkStorage (DIM1): All chunks are saved
[09:38:48] [Server thread/INFO] [minecraft/MinecraftServer]: ThreadedAnvilChunkStorage: All dimensions are saved
[09:38:48] [Server thread/INFO] [minecraft/GameTestServer]: Game test server shutting down

[Incubating] Problems report is available at: file:///D:/slavic-myths/build/reports/problems/problems-report.html

BUILD SUCCESSFUL in 1m 13s
9 actionable tasks: 4 executed, 5 up-to-date
Consider enabling configuration cache to speed up this build: https://docs.gradle.org/9.2.1/userguide/configuration_cache_enabling.html
