To honour the JVM settings for this build a single-use Daemon process will be forked. For more on this, please refer to https://docs.gradle.org/9.2.1/userguide/gradle_daemon.html#sec:disabling_the_daemon in the Gradle documentation.
Daemon will be stopped at the end of the build 
> Task :clean

> Task :createMinecraftArtifacts
Loaded 145 artifacts from D:\slavic-myths\build\tmp\createMinecraftArtifacts\nfrt_artifact_manifest.properties
*** Started working on downloadJson
 DONE  Completed downloadJson in 0.02s
*** Started working on downloadClient
*** Started working on downloadServer
*** Started working on downloadClientMappings
 DONE  Completed downloadClientMappings in 0.02s
 DONE  Completed downloadServer in 0.02s
 DONE  Completed downloadClient in 0.02s
*** Started working on mergeMappings
 REUSE Used cache of mergeMappings in 0.00s
*** Started working on stripClient
 REUSE Used cache of stripClient in 0.00s
*** Started working on extractServer
 REUSE Used cache of extractServer in 0.00s
*** Started working on stripServer
 REUSE Used cache of stripServer in 0.00s
*** Started working on merge
 REUSE Used cache of merge in 0.00s
*** Started working on rename
 REUSE Used cache of rename in 0.00s
*** Started working on decompile
 REUSE Used cache of decompile in 0.00s
*** Started working on inject
 REUSE Used cache of inject in 0.00s
*** Started working on patch
 REUSE Used cache of patch in 0.00s
*** Started working on applyNeoforgePatches
 REUSE Used cache of applyNeoforgePatches in 0.00s
*** Started working on transformSources
 REUSE Used cache of transformSources in 0.00s
*** Started working on recompile
 REUSE Used cache of recompile in 0.00s
*** Started working on sourcesWithNeoForge
 REUSE Used cache of sourcesWithNeoForge in 0.00s
*** Started working on compiledWithNeoForge
 REUSE Used cache of compiledWithNeoForge in 0.00s
*** Started working on sourcesAndCompiledWithNeoForge
 REUSE Used cache of sourcesAndCompiledWithNeoForge in 0.00s
Total runtime: 1.41s


> Task :compileJava
D:\slavic-myths\src\main\java\org\slavicmyths\client\ClientSetup.java:14: warning: [removal] bus() in EventBusSubscriber has been deprecated and marked for removal
@net.neoforged.fml.common.EventBusSubscriber(modid = SlavicMyths.MOD_ID, bus = net.neoforged.fml.common.EventBusSubscriber.Bus.MOD, value = Dist.CLIENT)
                                                                         ^
D:\slavic-myths\src\main\java\org\slavicmyths\client\ClientSetup.java:14: warning: [removal] Bus in EventBusSubscriber has been deprecated and marked for removal
@net.neoforged.fml.common.EventBusSubscriber(modid = SlavicMyths.MOD_ID, bus = net.neoforged.fml.common.EventBusSubscriber.Bus.MOD, value = Dist.CLIENT)
                                                                                                                          ^
D:\slavic-myths\src\main\java\org\slavicmyths\client\CuriosAccessories.java:19: warning: [removal] bus() in EventBusSubscriber has been deprecated and marked for removal
@EventBusSubscriber(modid="slavicmyths", bus=EventBusSubscriber.Bus.MOD, value=Dist.CLIENT)
                                         ^
D:\slavic-myths\src\main\java\org\slavicmyths\client\CuriosAccessories.java:19: warning: [removal] Bus in EventBusSubscriber has been deprecated and marked for removal
@EventBusSubscriber(modid="slavicmyths", bus=EventBusSubscriber.Bus.MOD, value=Dist.CLIENT)
                                                               ^
D:\slavic-myths\src\main\java\org\slavicmyths\client\TextileClient.java:11: error: incompatible types: EntityRenderer<CAP#1> cannot be converted to PlayerRenderer
    public static void layers(net.neoforged.neoforge.client.event.EntityRenderersEvent.AddLayers e){for(var skin:e.getSkins()){var r=e.getSkin(skin);if(r!=null)r.addLayer(new TextileClothingLayer(r,skin==net.minecraft.client.resources.PlayerSkin.Model.SLIM));}}
                                                                                                                                                                                                    ^
  where CAP#1 is a fresh type-variable:
    CAP#1 extends Player from capture of ? extends Player
D:\slavic-myths\src\main\java\org\slavicmyths\furniture\FurnitureClient.java:16: warning: [removal] bus() in EventBusSubscriber has been deprecated and marked for removal
@net.neoforged.fml.common.EventBusSubscriber(modid="slavicmyths",value=Dist.CLIENT,bus=net.neoforged.fml.common.EventBusSubscriber.Bus.MOD)
                                                                                   ^
D:\slavic-myths\src\main\java\org\slavicmyths\furniture\FurnitureClient.java:16: warning: [removal] Bus in EventBusSubscriber has been deprecated and marked for removal
@net.neoforged.fml.common.EventBusSubscriber(modid="slavicmyths",value=Dist.CLIENT,bus=net.neoforged.fml.common.EventBusSubscriber.Bus.MOD)
                                                                                                                                  ^
D:\slavic-myths\src\main\java\org\slavicmyths\registry\ModEntities.java:15: warning: [removal] bus() in EventBusSubscriber has been deprecated and marked for removal
@EventBusSubscriber(modid = SlavicMyths.MOD_ID, bus = EventBusSubscriber.Bus.MOD)
                                                ^
D:\slavic-myths\src\main\java\org\slavicmyths\registry\ModEntities.java:15: warning: [removal] Bus in EventBusSubscriber has been deprecated and marked for removal
@EventBusSubscriber(modid = SlavicMyths.MOD_ID, bus = EventBusSubscriber.Bus.MOD)
                                                                        ^
D:\slavic-myths\src\main\java\org\slavicmyths\wood\WoodlandClient.java:9: warning: [removal] bus() in EventBusSubscriber has been deprecated and marked for removal
@net.neoforged.fml.common.EventBusSubscriber(modid="slavicmyths",value=Dist.CLIENT,bus=net.neoforged.fml.common.EventBusSubscriber.Bus.MOD)
                                                                                   ^
D:\slavic-myths\src\main\java\org\slavicmyths\wood\WoodlandClient.java:9: warning: [removal] Bus in EventBusSubscriber has been deprecated and marked for removal
@net.neoforged.fml.common.EventBusSubscriber(modid="slavicmyths",value=Dist.CLIENT,bus=net.neoforged.fml.common.EventBusSubscriber.Bus.MOD)
                                                                                                                                  ^
Note: Some input files use or override a deprecated API.
Note: Recompile with -Xlint:deprecation for details.
Note: D:\slavic-myths\src\main\java\org\slavicmyths\world\WildlifeSpawns.java uses unchecked or unsafe operations.
Note: Recompile with -Xlint:unchecked for details.
Note: Some messages have been simplified; recompile with -Xdiags:verbose to get full output
1 error
10 warnings

> Task :compileJava FAILED

[Incubating] Problems report is available at: file:///D:/slavic-myths/build/reports/problems/problems-report.html

FAILURE: Build failed with an exception.

* What went wrong:
Execution failed for task ':compileJava'.
> Compilation failed; see the compiler output below.
  Note: Recompile with -Xlint:deprecation for details.
  D:\slavic-myths\src\main\java\org\slavicmyths\client\TextileClient.java:11: error: incompatible types: EntityRenderer<CAP#1> cannot be converted to PlayerRenderer
      public static void layers(net.neoforged.neoforge.client.event.EntityRenderersEvent.AddLayers e){for(var skin:e.getSkins()){var r=e.getSkin(skin);if(r!=null)r.addLayer(new TextileClothingLayer(r,skin==net.minecraft.client.resources.PlayerSkin.Model.SLIM));}}
                                                                                                                                                                                                      ^
    where CAP#1 is a fresh type-variable:
      CAP#1 extends Player from capture of ? extends Player
  Note: D:\slavic-myths\src\main\java\org\slavicmyths\world\WildlifeSpawns.java uses unchecked or unsafe operations.
  Note: Recompile with -Xlint:unchecked for details.
  Note: Some input files use or override a deprecated API.
  D:\slavic-myths\src\main\java\org\slavicmyths\client\ClientSetup.java:14: warning: [removal] bus() in EventBusSubscriber has been deprecated and marked for removal
  @net.neoforged.fml.common.EventBusSubscriber(modid = SlavicMyths.MOD_ID, bus = net.neoforged.fml.common.EventBusSubscriber.Bus.MOD, value = Dist.CLIENT)
                                                                           ^
  D:\slavic-myths\src\main\java\org\slavicmyths\client\ClientSetup.java:14: warning: [removal] Bus in EventBusSubscriber has been deprecated and marked for removal
  @net.neoforged.fml.common.EventBusSubscriber(modid = SlavicMyths.MOD_ID, bus = net.neoforged.fml.common.EventBusSubscriber.Bus.MOD, value = Dist.CLIENT)
                                                                                                                            ^
  D:\slavic-myths\src\main\java\org\slavicmyths\client\CuriosAccessories.java:19: warning: [removal] bus() in EventBusSubscriber has been deprecated and marked for removal
  @EventBusSubscriber(modid="slavicmyths", bus=EventBusSubscriber.Bus.MOD, value=Dist.CLIENT)
                                           ^
  D:\slavic-myths\src\main\java\org\slavicmyths\client\CuriosAccessories.java:19: warning: [removal] Bus in EventBusSubscriber has been deprecated and marked for removal
  @EventBusSubscriber(modid="slavicmyths", bus=EventBusSubscriber.Bus.MOD, value=Dist.CLIENT)
                                                                 ^
  D:\slavic-myths\src\main\java\org\slavicmyths\furniture\FurnitureClient.java:16: warning: [removal] bus() in EventBusSubscriber has been deprecated and marked for removal
  @net.neoforged.fml.common.EventBusSubscriber(modid="slavicmyths",value=Dist.CLIENT,bus=net.neoforged.fml.common.EventBusSubscriber.Bus.MOD)
                                                                                     ^
  D:\slavic-myths\src\main\java\org\slavicmyths\furniture\FurnitureClient.java:16: warning: [removal] Bus in EventBusSubscriber has been deprecated and marked for removal
  @net.neoforged.fml.common.EventBusSubscriber(modid="slavicmyths",value=Dist.CLIENT,bus=net.neoforged.fml.common.EventBusSubscriber.Bus.MOD)
                                                                                                                                    ^
  D:\slavic-myths\src\main\java\org\slavicmyths\registry\ModEntities.java:15: warning: [removal] bus() in EventBusSubscriber has been deprecated and marked for removal
  @EventBusSubscriber(modid = SlavicMyths.MOD_ID, bus = EventBusSubscriber.Bus.MOD)
                                                  ^
  D:\slavic-myths\src\main\java\org\slavicmyths\registry\ModEntities.java:15: warning: [removal] Bus in EventBusSubscriber has been deprecated and marked for removal
  @EventBusSubscriber(modid = SlavicMyths.MOD_ID, bus = EventBusSubscriber.Bus.MOD)
                                                                          ^
  D:\slavic-myths\src\main\java\org\slavicmyths\wood\WoodlandClient.java:9: warning: [removal] bus() in EventBusSubscriber has been deprecated and marked for removal
  @net.neoforged.fml.common.EventBusSubscriber(modid="slavicmyths",value=Dist.CLIENT,bus=net.neoforged.fml.common.EventBusSubscriber.Bus.MOD)
                                                                                     ^
  D:\slavic-myths\src\main\java\org\slavicmyths\wood\WoodlandClient.java:9: warning: [removal] Bus in EventBusSubscriber has been deprecated and marked for removal
  @net.neoforged.fml.common.EventBusSubscriber(modid="slavicmyths",value=Dist.CLIENT,bus=net.neoforged.fml.common.EventBusSubscriber.Bus.MOD)
                                                                                                                                    ^
  Note: Some messages have been simplified; recompile with -Xdiags:verbose to get full output
  1 error
  10 warnings

* Try:
> Check your code and dependencies to fix the compilation error(s)
> Run with --scan to generate a Build Scan (powered by Develocity).

BUILD FAILED in 18s
3 actionable tasks: 3 executed
