[06окт.2026 14:47:55.961] [main/INFO] [cpw.mods.modlauncher.Launcher/MODLAUNCHER]: ModLauncher running: args [--launchTarget, forgeserverdev, --gameDir, ., --fml.fmlVersion, 4.0.45, --fml.mcVersion, 1.21.1, --fml.neoForgeVersion, 21.1.255, --fml.neoFormVersion, 20240808.144430]
[06окт.2026 14:47:55.964] [main/INFO] [cpw.mods.modlauncher.Launcher/MODLAUNCHER]: JVM identified as Oracle Corporation Java HotSpot(TM) 64-Bit Server VM 21.0.12+7-LTS-205
[06окт.2026 14:47:55.966] [main/INFO] [cpw.mods.modlauncher.Launcher/MODLAUNCHER]: ModLauncher 11.0.5+main.901c6ea8 starting: java version 21.0.12 by Oracle Corporation; OS Windows 10 arch amd64 version 10.0
[06окт.2026 14:47:56.066] [main/INFO] [net.neoforged.fml.loading.ImmediateWindowHandler/]: ImmediateWindowProvider not loading because launch target is forgeserverdev
[06окт.2026 14:47:56.101] [main/INFO] [mixin/]: SpongePowered MIXIN Subsystem Version=0.8.7 Source=union:/C:/Users/pavel/.gradle/caches/modules-2/files-2.1/net.fabricmc/sponge-mixin/0.16.4+mixin.0.8.7/26d01f0567ab46e9ca0d2ed89d0ecc11aadbd433/sponge-mixin-0.16.4+mixin.0.8.7.jar%2394!/ Service=ModLauncher Env=SERVER
[06окт.2026 14:47:56.474] [main/INFO] [net.neoforged.fml.loading.moddiscovery.locators.JarInJarDependencyLocator/]: Found 3 dependencies adding them to mods collection
[06окт.2026 14:47:56.476] [main/INFO] [net.neoforged.fml.loading.moddiscovery.ModDiscoverer/]: 
     Mod List:
		Name Version (Mod Id)

		Curios API 9.5.1+1.21.1 (curios)
		FallingTree 1.21.1.11 (fallingtree)
		Jade 15.10.6+neoforge (jade)
		Just Enough Items 19.51.0.418 (jei)
		Minecraft 1.21.1 (minecraft)
		NeoForge 21.1.255 (neoforge)
		Slavic Myths 0.9.10-rc2 (slavicmyths)
		Xaero's Minimap 26.5.0 (xaerominimap)
		Xaero's World Map 1.45.0 (xaeroworldmap)
		XaeroLib 1.7.1 (xaerolib)
[06окт.2026 14:47:56.632] [main/INFO] [net.neoforged.fml.loading.FMLServiceProvider/CORE]: Loading coremod script-engine for [xaerominimap, xaeroworldmap]
[06окт.2026 14:47:57.636] [main/INFO] [mixin/]: Compatibility level set to JAVA_17
[06окт.2026 14:47:57.639] [main/INFO] [mixin/]: Compatibility level set to JAVA_21
[06окт.2026 14:47:57.653] [main/INFO] [cpw.mods.modlauncher.LaunchServiceHandler/MODLAUNCHER]: Launching target 'forgeserverdev' with arguments [--gameDir, .]
[06окт.2026 14:47:57.710] [main/WARN] [mixin/]: Reference map 'xaerolib.refmap.json' for xaerolib.mixins.json could not be read. If this is a development environment you can ignore this message
[06окт.2026 14:47:57.711] [main/WARN] [mixin/]: Reference map 'curios.refmap.json' for curios.neoforge.mixins.json could not be read. If this is a development environment you can ignore this message
[06окт.2026 14:47:57.712] [main/WARN] [mixin/]: Reference map 'curios.refmap.json' for curios.mixins.json could not be read. If this is a development environment you can ignore this message
[06окт.2026 14:47:57.713] [main/WARN] [mixin/]: Reference map 'xaerominimap.refmap.json' for xaerohud.mixins.json could not be read. If this is a development environment you can ignore this message
[06окт.2026 14:47:57.714] [main/WARN] [mixin/]: Reference map 'xaerominimap.refmap.json' for xaerominimap.mixins.json could not be read. If this is a development environment you can ignore this message
[06окт.2026 14:47:57.714] [main/WARN] [mixin/]: Reference map 'xaeroworldmap.refmap.json' for xaeroworldmap.mixins.json could not be read. If this is a development environment you can ignore this message
[06окт.2026 14:47:58.526] [main/WARN] [oshi.driver.windows.perfmon.PerfmonDisabled/]: Invalid registry value type detected for PerfOS counters. Should be REG_DWORD. Ignoring: HKEY_LOCAL_MACHINE\SYSTEM\CurrentControlSet\Services\PerfOS\Performance\Disable Performance Counters.
[06окт.2026 14:47:58.770] [main/INFO] [MixinExtras|Service/]: Initializing MixinExtras via com.llamalad7.mixinextras.service.MixinExtrasServiceImpl(version=0.5.5).
[06окт.2026 14:48:03.316] [main/WARN] [net.minecraft.commands.Commands/]: Ambiguity between arguments [teleport, location] and [teleport, destination] with inputs: [0.1 -0.5 .9, 0 0 0]
[06окт.2026 14:48:03.318] [main/WARN] [net.minecraft.commands.Commands/]: Ambiguity between arguments [teleport, location] and [teleport, targets] with inputs: [0.1 -0.5 .9, 0 0 0]
[06окт.2026 14:48:03.321] [main/WARN] [net.minecraft.commands.Commands/]: Ambiguity between arguments [teleport, destination] and [teleport, targets] with inputs: [Player, 0123, @e, dd12be42-52a9-4a91-a8a1-11c01849e498]
[06окт.2026 14:48:03.322] [main/WARN] [net.minecraft.commands.Commands/]: Ambiguity between arguments [teleport, targets] and [teleport, destination] with inputs: [Player, 0123, dd12be42-52a9-4a91-a8a1-11c01849e498]
[06окт.2026 14:48:03.324] [main/WARN] [net.minecraft.commands.Commands/]: Ambiguity between arguments [teleport, targets, location] and [teleport, targets, destination] with inputs: [0.1 -0.5 .9, 0 0 0]
[06окт.2026 14:48:03.422] [modloading-worker-0/INFO] [net.neoforged.neoforge.common.NeoForgeMod/NEOFORGE-MOD]: NeoForge mod loading, version 21.1.255, for MC 1.21.1
[06окт.2026 14:48:03.443] [modloading-worker-0/INFO] [xaero.common.HudMod/]: Registering common data for channel xaerominimap:main!
[06окт.2026 14:48:03.481] [modloading-worker-0/INFO] [xaero.common.HudMod/]: Loading primary common config for channel xaerominimap:main!
[06окт.2026 14:48:03.496] [modloading-worker-0/INFO] [xaero.common.HudMod/]: Loading server config profiles for channel xaerominimap:main!
[06окт.2026 14:48:03.501] [modloading-worker-0/INFO] [xaero.map.WorldMap/]: Registering common data for channel xaeroworldmap:main!
[06окт.2026 14:48:03.506] [modloading-worker-0/INFO] [xaero.map.WorldMap/]: Loading primary common config for channel xaeroworldmap:main!
[06окт.2026 14:48:03.509] [modloading-worker-0/INFO] [xaero.map.WorldMap/]: Loading server config profiles for channel xaeroworldmap:main!
[06окт.2026 14:48:03.513] [modloading-worker-0/INFO] [xaero.lib.XaeroLib/]: Registering common data for channel xaerolib:main!
[06окт.2026 14:48:03.515] [modloading-worker-0/INFO] [xaero.lib.XaeroLib/]: Loading primary common config for channel xaerolib:main!
[06окт.2026 14:48:03.518] [modloading-worker-0/INFO] [xaero.lib.XaeroLib/]: Loading server config profiles for channel xaerolib:main!
[06окт.2026 14:48:04.366] [modloading-worker-0/INFO] [xaero.lib.XaeroLib/]: Loading XaeroLib common 1/2!
[06окт.2026 14:48:04.405] [modloading-worker-0/INFO] [xaero.map.server.WorldMapServer/]: Loading Xaero's World Map - Stage 1/2 (Server)
[06окт.2026 14:48:04.405] [modloading-worker-0/INFO] [xaero.minimap.XaeroMinimap/]: Loading Xaero's Minimap - Stage 1/2 (Server)
[06окт.2026 14:48:04.405] [modloading-worker-0/INFO] [xaero.lib.XaeroLib/]: Loading XaeroLib server 1/2!
[06окт.2026 14:48:04.406] [modloading-sync-worker/INFO] [xaero.map.server.WorldMapServer/]: Loading Xaero's World Map - Stage 2/2 (Server)
[06окт.2026 14:48:04.407] [modloading-sync-worker/INFO] [xaero.lib.XaeroLib/]: Loading XaeroLib common 2/2!
[06окт.2026 14:48:04.407] [modloading-sync-worker/INFO] [xaero.lib.XaeroLib/]: Loading XaeroLib server 2/2!
[06окт.2026 14:48:04.407] [modloading-sync-worker/INFO] [xaero.minimap.XaeroMinimap/]: Loading Xaero's Minimap - Stage 2/2 (Server)
[06окт.2026 14:48:04.467] [modloading-worker-0/INFO] [snownee.jade.Jade/]: Start loading plugin from snownee.jade.addon.vanilla.VanillaPlugin
[06окт.2026 14:48:04.494] [modloading-worker-0/INFO] [snownee.jade.Jade/]: Loaded plugin from snownee.jade.addon.vanilla.VanillaPlugin in 23.48 ms
[06окт.2026 14:48:04.495] [modloading-worker-0/INFO] [snownee.jade.Jade/]: Start loading plugin from snownee.jade.addon.universal.UniversalPlugin
[06окт.2026 14:48:04.501] [modloading-worker-0/INFO] [snownee.jade.Jade/]: Loaded plugin from snownee.jade.addon.universal.UniversalPlugin in 4.447 ms
[06окт.2026 14:48:04.501] [modloading-worker-0/INFO] [snownee.jade.Jade/]: Start loading plugin from snownee.jade.addon.debug.DebugPlugin
[06окт.2026 14:48:04.502] [modloading-worker-0/INFO] [snownee.jade.Jade/]: Loaded plugin from snownee.jade.addon.debug.DebugPlugin in 14.80 μs
[06окт.2026 14:48:04.503] [modloading-worker-0/INFO] [snownee.jade.Jade/]: Start loading plugin from snownee.jade.addon.core.CorePlugin
[06окт.2026 14:48:04.504] [modloading-worker-0/INFO] [snownee.jade.Jade/]: Loaded plugin from snownee.jade.addon.core.CorePlugin in 81.20 μs
[06окт.2026 14:48:04.504] [modloading-worker-0/INFO] [snownee.jade.Jade/]: Start loading plugin from snownee.jade.addon.access.AccessibilityPlugin
[06окт.2026 14:48:04.505] [modloading-worker-0/INFO] [snownee.jade.Jade/]: Loaded plugin from snownee.jade.addon.access.AccessibilityPlugin in 18.40 μs
[06окт.2026 14:48:04.634] [main/INFO] [com.mojang.authlib.yggdrasil.YggdrasilAuthenticationService/]: Environment: Environment[sessionHost=https://sessionserver.mojang.com, servicesHost=https://api.minecraftservices.com, name=PROD]
[06окт.2026 14:48:04.697] [main/WARN] [net.neoforged.neoforge.common.CommonHooks/WP]: The following mods have version differences that were not resolved:
slavicmyths (version 0.9.9-dev -> 0.9.10-rc2)
Things may not work well.
[06окт.2026 14:48:04.708] [main/WARN] [net.minecraft.server.packs.VanillaPackResourcesBuilder/]: Assets URL 'union:/D:/slavic-myths/build/moddev/artifacts/neoforge-21.1.255.jar%23125!/assets/.mcassetsroot' uses unexpected schema
[06окт.2026 14:48:04.708] [main/WARN] [net.minecraft.server.packs.VanillaPackResourcesBuilder/]: Assets URL 'union:/D:/slavic-myths/build/moddev/artifacts/neoforge-21.1.255.jar%23125!/data/.mcassetsroot' uses unexpected schema
[06окт.2026 14:48:04.714] [main/INFO] [net.neoforged.neoforge.gametest.GameTestHooks/]: Enabled Gametest Namespaces: [slavicmyths]
[06окт.2026 14:48:05.845] [main/INFO] [net.minecraft.world.item.crafting.RecipeManager/]: Loaded 1564 recipes
[06окт.2026 14:48:06.063] [main/INFO] [net.minecraft.advancements.AdvancementTree/]: Loaded 1554 advancements
[06окт.2026 14:48:06.071] [main/INFO] [Curios API/]: Loaded 10 curio slots
[06окт.2026 14:48:06.075] [main/INFO] [Curios API/]: Loaded 1 curio entities
[06окт.2026 14:48:06.927] [Server thread/INFO] [net.minecraft.server.MinecraftServer/]: Preparing start region for dimension minecraft:overworld
[06окт.2026 14:48:06.980] [worldgen/INFO] [net.minecraft.server.level.progress.LoggerChunkProgressListener/]: Preparing spawn area: 2%
[06окт.2026 14:48:07.039] [Server thread/INFO] [net.minecraft.server.level.progress.LoggerChunkProgressListener/]: Time elapsed: 112 ms
[06окт.2026 14:48:07.048] [Server thread/INFO] [net.minecraft.gametest.framework.GameTestServer/]: Started game test server
[06окт.2026 14:48:07.072] [Server thread/INFO] [net.neoforged.neoforge.server.permission.PermissionAPI/]: Successfully initialized permission handler neoforge:default_handler
[06окт.2026 14:48:07.134] [Server thread/INFO] [net.minecraft.gametest.framework.GameTestServer/]: 27 tests are now running at position -4798366, -59, -4818280!
[06окт.2026 14:48:07.687] [Server thread/INFO] [net.minecraft.gametest.framework.GameTestRunner/]: Running test batch 'defaultBatch:0' (27 tests)...
[06окт.2026 14:48:07.794] [Server thread/INFO] [net.minecraft.gametest.framework.GameTestServer/]: [                           ]
[06окт.2026 14:48:11.365] [Server thread/WARN] [net.minecraft.server.MinecraftServer/]: Can't keep up! Is the server overloaded? Running 3189ms or 63 ticks behind
[06окт.2026 14:51:20.600] [Server thread/INFO] [net.minecraft.gametest.framework.GameTestServer/]: [+++++++_+++++++++++++++++++]
[06окт.2026 14:51:20.715] [Server thread/INFO] [net.minecraft.gametest.framework.GameTestServer/]: [+++++++++++++++++++++++++++]
[06окт.2026 14:51:20.716] [Server thread/INFO] [net.minecraft.gametest.framework.GameTestServer/]: ========= 27 GAME TESTS COMPLETE IN 3.226 min ======================
[06окт.2026 14:51:20.718] [Server thread/INFO] [net.minecraft.gametest.framework.GameTestServer/]: All 27 required tests passed :)
[06окт.2026 14:51:20.718] [Server thread/INFO] [net.minecraft.gametest.framework.GameTestServer/]: ====================================================
[06окт.2026 14:51:20.755] [Server thread/INFO] [net.minecraft.server.MinecraftServer/]: Stopping server
[06окт.2026 14:51:20.756] [Server thread/INFO] [net.minecraft.server.MinecraftServer/]: Saving players
[06окт.2026 14:51:20.756] [Server thread/INFO] [net.minecraft.server.MinecraftServer/]: Saving worlds
[06окт.2026 14:51:21.984] [Server thread/INFO] [net.minecraft.server.MinecraftServer/]: Saving chunks for level 'ServerLevel[Test Level]'/minecraft:overworld
[06окт.2026 14:51:27.038] [Server thread/INFO] [net.minecraft.server.MinecraftServer/]: Saving chunks for level 'ServerLevel[Test Level]'/minecraft:the_nether
[06окт.2026 14:51:27.044] [Server thread/INFO] [net.minecraft.server.MinecraftServer/]: Saving chunks for level 'ServerLevel[Test Level]'/minecraft:the_end
[06окт.2026 14:51:27.064] [Server thread/INFO] [net.minecraft.server.MinecraftServer/]: ThreadedAnvilChunkStorage (world): All chunks are saved
[06окт.2026 14:51:27.065] [Server thread/INFO] [net.minecraft.server.MinecraftServer/]: ThreadedAnvilChunkStorage (DIM-1): All chunks are saved
[06окт.2026 14:51:27.065] [Server thread/INFO] [net.minecraft.server.MinecraftServer/]: ThreadedAnvilChunkStorage (DIM1): All chunks are saved
[06окт.2026 14:51:27.065] [Server thread/INFO] [net.minecraft.server.MinecraftServer/]: ThreadedAnvilChunkStorage: All dimensions are saved
[06окт.2026 14:51:27.248] [Server thread/INFO] [net.minecraft.gametest.framework.GameTestServer/]: Game test server shutting down
