To honour the JVM settings for this build a single-use Daemon process will be forked. See https://docs.gradle.org/7.3.3/userguide/gradle_daemon.html#sec:disabling_the_daemon.
Daemon will be stopped at the end of the build 

> Configure project :
WARNING: This project is configured to use the official obfuscation mappings provided by Mojang. These mapping fall under their associated license, you should be fully aware of this license. For the latest license text, refer below, or the reference copy here: https://github.com/MinecraftForge/MCPConfig/blob/master/Mojang.md, You can hide this warning by running the `hideOfficialWarningUntilChanged` task
WARNING: (c) 2020 Microsoft Corporation. These mappings are provided "as-is" and you bear the risk of using them. You may copy and use the mappings for development purposes, but you may not redistribute the mappings complete and unmodified. Microsoft makes no warranties, express or implied, with respect to the mappings provided here.  Use and modification of this document or the source code (in any form) of Minecraft: Java Edition is governed by the Minecraft End User License Agreement available at https://account.mojang.com/documents/minecraft_eula.

> Task :clean

> Task :compileJava
Note: Some input files use or override a deprecated API.
Note: Recompile with -Xlint:deprecation for details.
Note: D:\slavic-myths\src\main\java\org\slavicmyths\world\WildlifeSpawns.java uses unchecked or unsafe operations.
Note: Recompile with -Xlint:unchecked for details.

> Task :processResources
> Task :classes
> Task :jar
> Task :downloadMcpConfig
> Task :extractSrg
> Task :createMcpToSrg
> Task :reobfJar
> Task :jarJar SKIPPED
> Task :reobfJarJar SKIPPED
> Task :assemble
> Task :compileTestJava NO-SOURCE
> Task :processTestResources NO-SOURCE
> Task :testClasses UP-TO-DATE
> Task :test NO-SOURCE
> Task :check UP-TO-DATE
> Task :build
> Task :compileKurganCheckJava
> Task :processKurganCheckResources NO-SOURCE
> Task :kurganCheckClasses

> Task :verifyHunt
2026-10-05 09:40:43,223 main WARN Advanced terminal features are not available in this environment
PASS: World Bosses regional coverage and negative coordinates; deterministic anchors and 35% policy; bounded side/back alignment; phase boundaries; active UUID persistence and seven-day death cooldown.
PASS: Hunt I+II four targets/legacy migration/rain/fall/push contracts; HuntRecords owner/UUID/cooldown/NBT, unloaded ACTIVE preservation, CLEARED lifecycle, bonus schedules, bounded timings and independent nested pouch NBT. Minecraft launches: 0; GUI/AI runtime not tested.

> Task :verifyKurgan
2026-10-05 09:40:44,128 main WARN Advanced terminal features are not available in this environment
PASS: 1200 seeded plans, physical bounds/connectors, 10 module categories, loops, chunk-safe coffins, closed tomb shells, plan/instance/curse NBT, encounter lifecycle, 900 tier/disturbance rosters and six fixed combat profiles; 8212 ms. Minecraft launches: 0.

> Task :verifyYaga
2026-10-05 09:40:52,507 main WARN Advanced terminal features are not available in this environment
PASS: Yaga progression, reward visibility, idempotent completion, finite contract cooldown, temporary punishment, independent player NBT, unloaded NPC UUID, malformed contract repair, bounded seeded hut placement, floor, entrance, service anchor and articulated 3+1 claw geometry. No Minecraft launch.

Deprecated Gradle features were used in this build, making it incompatible with Gradle 8.0.

You can use '--warning-mode all' to show the individual deprecation warnings and determine if they come from your own scripts or plugins.

See https://docs.gradle.org/7.3.3/userguide/command_line_interface.html#sec:command_line_warnings

BUILD SUCCESSFUL in 33s
12 actionable tasks: 12 executed
