To honour the JVM settings for this build a single-use Daemon process will be forked. See https://docs.gradle.org/7.3.3/userguide/gradle_daemon.html#sec:disabling_the_daemon.
Daemon will be stopped at the end of the build 

> Configure project :
WARNING: This project is configured to use the official obfuscation mappings provided by Mojang. These mapping fall under their associated license, you should be fully aware of this license. For the latest license text, refer below, or the reference copy here: https://github.com/MinecraftForge/MCPConfig/blob/master/Mojang.md, You can hide this warning by running the `hideOfficialWarningUntilChanged` task
WARNING: (c) 2020 Microsoft Corporation. These mappings are provided "as-is" and you bear the risk of using them. You may copy and use the mappings for development purposes, but you may not redistribute the mappings complete and unmodified. Microsoft makes no warranties, express or implied, with respect to the mappings provided here.  Use and modification of this document or the source code (in any form) of Minecraft: Java Edition is governed by the Minecraft End User License Agreement available at https://account.mojang.com/documents/minecraft_eula.

> Task :compileJava
C:\Users\user\Documents\slavic-myths\src\main\java\org\slavicmyths\client\CombatHud.java:30: error: no suitable method found for draw(com.mojang.blaze3d.matrix.MatrixStack,net.minecraft.util.text.ITextProperties,int,int,int)
        mc.font.draw(m,mc.font.substrByWidth(target.getDisplayName(),width-42),x+33,y+5,0xffecddbd);
               ^
    method net.minecraft.client.gui.FontRenderer.draw(com.mojang.blaze3d.matrix.MatrixStack,java.lang.String,float,float,int) is not applicable
      (argument mismatch; net.minecraft.util.text.ITextProperties cannot be converted to java.lang.String)
    method net.minecraft.client.gui.FontRenderer.draw(com.mojang.blaze3d.matrix.MatrixStack,net.minecraft.util.IReorderingProcessor,float,float,int) is not applicable
      (argument mismatch; net.minecraft.util.text.ITextProperties cannot be converted to net.minecraft.util.IReorderingProcessor)
    method net.minecraft.client.gui.FontRenderer.draw(com.mojang.blaze3d.matrix.MatrixStack,net.minecraft.util.text.ITextComponent,float,float,int) is not applicable
      (argument mismatch; net.minecraft.util.text.ITextProperties cannot be converted to net.minecraft.util.text.ITextComponent)
Note: Some input files use or override a deprecated API.
Note: Recompile with -Xlint:deprecation for details.
Note: C:\Users\user\Documents\slavic-myths\src\main\java\org\slavicmyths\world\WildlifeSpawns.java uses unchecked or unsafe operations.
Note: Recompile with -Xlint:unchecked for details.
1 error


> Task :compileJava FAILED
FAILURE: Build failed with an exception.

* What went wrong:
Execution failed for task ':compileJava'.
> Compilation failed; see the compiler error output for details.

* Try:
> Run with --stacktrace option to get the stack trace.
> Run with --info or --debug option to get more log output.
> Run with --scan to get full insights.

* Get more help at https://help.gradle.org

Deprecated Gradle features were used in this build, making it incompatible with Gradle 8.0.

You can use '--warning-mode all' to show the individual deprecation warnings and determine if they come from your own scripts or plugins.

See https://docs.gradle.org/7.3.3/userguide/command_line_interface.html#sec:command_line_warnings

BUILD FAILED in 10s
1 actionable task: 1 executed
