Unported Forge API src\main\java\org\slavicmyths\armorer\ArmorerBlock.java
Unported Forge API src\main\java\org\slavicmyths\armorer\ArmorerMenu.java
Unported Forge API src\main\java\org\slavicmyths\armorer\ArmorerRecipe.java
Unported Forge API src\main\java\org\slavicmyths\artifact\ArtifactEvents.java
Unported NBT/network/SavedData src\main\java\org\slavicmyths\artifact\ArtifactEvents.java
Unported NBT/network/SavedData src\main\java\org\slavicmyths\artifact\SkatertBlock.java
Unported NBT/network/SavedData src\main\java\org\slavicmyths\artifact\SkatertItem.java
Unported NBT/network/SavedData src\main\java\org\slavicmyths\artifact\SkatertTile.java
Unported NBT/network/SavedData src\main\java\org\slavicmyths\artifact\VelesStaffItem.java
Unported NBT/network/SavedData src\main\java\org\slavicmyths\bandit\BanditEntity.java
Unported Forge API src\main\java\org\slavicmyths\bandit\CampCommands.java
Unported Forge API src\main\java\org\slavicmyths\bandit\CampEvents.java
Unported NBT/network/SavedData src\main\java\org\slavicmyths\bandit\CampPiece.java
Unported NBT/network/SavedData src\main\java\org\slavicmyths\bandit\CampRecords.java
Unported Forge API src\main\java\org\slavicmyths\bandit\CampStructures.java
Unported NBT/network/SavedData src\main\java\org\slavicmyths\bandit\LargeCampPiece.java
Unported NBT/network/SavedData src\main\java\org\slavicmyths\bandit\NightingaleEntity.java
Unported NBT/network/SavedData src\main\java\org\slavicmyths\bandit\StrongholdRecords.java
Unported Forge API src\main\java\org\slavicmyths\bandit\WindAttack.java
Unported Forge API src\main\java\org\slavicmyths\block\KitchenTableBlock.java
Unported Forge API src\main\java\org\slavicmyths\client\ClientSetup.java
Unported Forge API src\main\java\org\slavicmyths\client\CombatHud.java
Unported Forge API src\main\java\org\slavicmyths\client\FlightClient.java
Unported Forge API src\main\java\org\slavicmyths\client\FolkEquipmentLayer.java
Unported Forge API src\main\java\org\slavicmyths\client\GusliClient.java
FAIL: 153 checks. Port incomplete.
