To honour the JVM settings for this build a single-use Daemon process will be forked. For more on this, please refer to https://docs.gradle.org/9.2.1/userguide/gradle_daemon.html#sec:disabling_the_daemon in the Gradle documentation.
Daemon will be stopped at the end of the build 
> Task :createMinecraftArtifacts UP-TO-DATE
> Task :compileJava UP-TO-DATE
> Task :processResources UP-TO-DATE
> Task :classes UP-TO-DATE
> Task :compileKurganCheckJava UP-TO-DATE
> Task :processKurganCheckResources UP-TO-DATE
> Task :kurganCheckClasses UP-TO-DATE
> Task :downloadAssets UP-TO-DATE
> Task :writeRuntimeChecksLegacyClasspath UP-TO-DATE
> Task :prepareRuntimeChecksRun UP-TO-DATE

> Task :runRuntimeChecks
WARN StatusConsoleListener Advanced terminal features are not available in this environment
[14:59:04] [main/INFO] [cp.mo.mo.Launcher/MODLAUNCHER]: ModLauncher running: args [--launchTarget, forgeserverdev, --gameDir, ., --fml.fmlVersion, 4.0.45, --fml.mcVersion, 1.21.1, --fml.neoForgeVersion, 21.1.255, --fml.neoFormVersion, 20240808.144430]
[14:59:04] [main/INFO] [cp.mo.mo.Launcher/MODLAUNCHER]: JVM identified as Oracle Corporation Java HotSpot(TM) 64-Bit Server VM 21.0.12+7-LTS-205
[14:59:04] [main/INFO] [cp.mo.mo.Launcher/MODLAUNCHER]: ModLauncher 11.0.5+main.901c6ea8 starting: java version 21.0.12 by Oracle Corporation; OS Windows 10 arch amd64 version 10.0
[14:59:04] [main/INFO] [ne.ne.fm.lo.ImmediateWindowHandler/]: ImmediateWindowProvider not loading because launch target is forgeserverdev
[14:59:04] [main/INFO] [mixin/]: SpongePowered MIXIN Subsystem Version=0.8.7 Source=union:/C:/Users/pavel/.gradle/caches/modules-2/files-2.1/net.fabricmc/sponge-mixin/0.16.4+mixin.0.8.7/26d01f0567ab46e9ca0d2ed89d0ecc11aadbd433/sponge-mixin-0.16.4+mixin.0.8.7.jar%2394!/ Service=ModLauncher Env=SERVER
[14:59:04] [main/INFO] [ne.ne.fm.lo.mo.lo.JarInJarDependencyLocator/]: Found 2 dependencies adding them to mods collection
[14:59:04] [main/INFO] [ne.ne.fm.lo.mo.ModDiscoverer/]: 
     Mod List:
		Name Version (Mod Id)

		Curios API 9.5.1+1.21.1 (curios)
		Minecraft 1.21.1 (minecraft)
		NeoForge 21.1.255 (neoforge)
		Slavic Myths 0.9.4 (slavicmyths)
[14:59:05] [main/INFO] [mixin/]: Compatibility level set to JAVA_21
[14:59:05] [main/INFO] [cp.mo.mo.LaunchServiceHandler/MODLAUNCHER]: Launching target 'forgeserverdev' with arguments [--gameDir, .]
[14:59:05] [main/WARN] [mixin/]: Reference map 'curios.refmap.json' for curios.neoforge.mixins.json could not be read. If this is a development environment you can ignore this message
[14:59:05] [main/WARN] [mixin/]: Reference map 'curios.refmap.json' for curios.mixins.json could not be read. If this is a development environment you can ignore this message
[14:59:06] [main/WARN] [os.dr.wi.pe.PerfmonDisabled/]: Invalid registry value type detected for PerfOS counters. Should be REG_DWORD. Ignoring: HKEY_LOCAL_MACHINE\SYSTEM\CurrentControlSet\Services\PerfOS\Performance\Disable Performance Counters.
[14:59:06] [main/INFO] [MixinExtras|Service/]: Initializing MixinExtras via com.llamalad7.mixinextras.service.MixinExtrasServiceImpl(version=0.5.5).
[14:59:11] [main/WARN] [minecraft/Commands]: Ambiguity between arguments [teleport, location] and [teleport, destination] with inputs: [0.1 -0.5 .9, 0 0 0]
[14:59:11] [main/WARN] [minecraft/Commands]: Ambiguity between arguments [teleport, location] and [teleport, targets] with inputs: [0.1 -0.5 .9, 0 0 0]
[14:59:11] [main/WARN] [minecraft/Commands]: Ambiguity between arguments [teleport, destination] and [teleport, targets] with inputs: [Player, 0123, @e, dd12be42-52a9-4a91-a8a1-11c01849e498]
[14:59:11] [main/WARN] [minecraft/Commands]: Ambiguity between arguments [teleport, targets] and [teleport, destination] with inputs: [Player, 0123, dd12be42-52a9-4a91-a8a1-11c01849e498]
[14:59:11] [main/WARN] [minecraft/Commands]: Ambiguity between arguments [teleport, targets, location] and [teleport, targets, destination] with inputs: [0.1 -0.5 .9, 0 0 0]
[14:59:12] [modloading-worker-0/INFO] [ne.ne.ne.co.NeoForgeMod/NEOFORGE-MOD]: NeoForge mod loading, version 21.1.255, for MC 1.21.1
[14:59:12] [main/INFO] [mojang/YggdrasilAuthenticationService]: Environment: Environment[sessionHost=https://sessionserver.mojang.com, servicesHost=https://api.minecraftservices.com, name=PROD]
[14:59:12] [main/WARN] [ne.ne.ne.co.CommonHooks/WP]: The following mods have version differences that were not resolved:
fallingtree (version 1.21.1.11 -> MISSING)
jade (version 15.10.6+neoforge -> MISSING)
jei (version 19.51.0.418 -> MISSING)
xaerolib (version 1.7.1 -> MISSING)
xaerominimap (version 26.5.0 -> MISSING)
xaeroworldmap (version 1.45.0 -> MISSING)
Things may not work well.
[14:59:12] [main/WARN] [minecraft/VanillaPackResourcesBuilder]: Assets URL 'union:/D:/slavic-myths/build/moddev/artifacts/neoforge-21.1.255.jar%23125!/assets/.mcassetsroot' uses unexpected schema
[14:59:12] [main/WARN] [minecraft/VanillaPackResourcesBuilder]: Assets URL 'union:/D:/slavic-myths/build/moddev/artifacts/neoforge-21.1.255.jar%23125!/data/.mcassetsroot' uses unexpected schema
[14:59:12] [main/INFO] [ne.ne.ne.ga.GameTestHooks/]: Enabled Gametest Namespaces: [slavicmyths]
[14:59:13] [main/INFO] [minecraft/RecipeManager]: Loaded 1504 recipes
[14:59:14] [main/INFO] [minecraft/AdvancementTree]: Loaded 1554 advancements
[14:59:14] [main/INFO] [Curios API/]: Loaded 10 curio slots
[14:59:14] [main/INFO] [Curios API/]: Loaded 1 curio entities
[14:59:14] [Server thread/INFO] [minecraft/MinecraftServer]: Preparing start region for dimension minecraft:overworld
[14:59:14] [worldgen/INFO] [minecraft/LoggerChunkProgressListener]: Preparing spawn area: 2%
[14:59:15] [Server thread/INFO] [minecraft/LoggerChunkProgressListener]: Time elapsed: 123 ms
[14:59:15] [Server thread/INFO] [minecraft/GameTestServer]: Started game test server
[14:59:15] [Server thread/INFO] [ne.ne.ne.se.pe.PermissionAPI/]: Successfully initialized permission handler neoforge:default_handler
[14:59:15] [Server thread/INFO] [minecraft/GameTestServer]: 4 tests are now running at position -11094931, -59, -12469315!
[14:59:15] [Server thread/INFO] [minecraft/GameTestRunner]: Running test batch 'defaultBatch:0' (4 tests)...
[14:59:15] [Server thread/INFO] [minecraft/GameTestServer]: [    ]
PORT_RUNTIME_REGISTRIES_PASS checked=794 entities=47
PASS: armorer 4x4/mirror/excess input, JSON/network codecs, malformed recipes, shapeless matching
PASS: seven existing custom damage messages, exhaustion/scaling and actual target codec roundtrips. Registry loading remains unverified.
PASS: Yaga progression, reward visibility, idempotent completion, finite contract cooldown, temporary punishment, independent player NBT, unloaded NPC UUID, malformed contract repair, bounded seeded hut placement, floor, entrance, service anchor and articulated 3+1 claw geometry. No Minecraft launch.
PASS: real vanilla block-state placement on Y=3/4/63 flatland; Y=0 surface; complete doors/lantern/plants; no reads of unloaded chunks; slope/water/container/building rejection; write/spawn/support rollback. Executed against initialized target registries; no Minecraft client launched.
PORT_RUNTIME_EXISTING_CHECKS_PASS
PORT_RUNTIME_COMPONENTS_PASS
PORT_RUNTIME_DATA_PASS recipes=213 loot=227 advancements=154
[14:59:16] [Server thread/INFO] [minecraft/GameTestServer]: [++++]
[14:59:16] [Server thread/INFO] [minecraft/GameTestServer]: [++++]
[14:59:16] [Server thread/INFO] [minecraft/GameTestServer]: ========= 4 GAME TESTS COMPLETE IN 1.168 s ======================
[14:59:16] [Server thread/INFO] [minecraft/GameTestServer]: All 4 required tests passed :)
[14:59:16] [Server thread/INFO] [minecraft/GameTestServer]: ====================================================
[14:59:16] [Server thread/INFO] [minecraft/MinecraftServer]: Stopping server
[14:59:16] [Server thread/INFO] [minecraft/MinecraftServer]: Saving players
[14:59:16] [Server thread/INFO] [minecraft/MinecraftServer]: Saving worlds
[14:59:16] [Server thread/INFO] [minecraft/MinecraftServer]: Saving chunks for level 'ServerLevel[Test Level]'/minecraft:overworld
[14:59:17] [Server thread/INFO] [minecraft/MinecraftServer]: Saving chunks for level 'ServerLevel[Test Level]'/minecraft:the_end
[14:59:17] [Server thread/INFO] [minecraft/MinecraftServer]: Saving chunks for level 'ServerLevel[Test Level]'/minecraft:the_nether
[14:59:17] [Server thread/INFO] [minecraft/MinecraftServer]: ThreadedAnvilChunkStorage (world): All chunks are saved
[14:59:17] [Server thread/INFO] [minecraft/MinecraftServer]: ThreadedAnvilChunkStorage (DIM1): All chunks are saved
[14:59:17] [Server thread/INFO] [minecraft/MinecraftServer]: ThreadedAnvilChunkStorage (DIM-1): All chunks are saved
[14:59:17] [Server thread/INFO] [minecraft/MinecraftServer]: ThreadedAnvilChunkStorage: All dimensions are saved
[14:59:17] [Server thread/INFO] [minecraft/GameTestServer]: Game test server shutting down

BUILD SUCCESSFUL in 22s
9 actionable tasks: 1 executed, 8 up-to-date
Consider enabling configuration cache to speed up this build: https://docs.gradle.org/9.2.1/userguide/configuration_cache_enabling.html
