To honour the JVM settings for this build a single-use Daemon process will be forked. For more on this, please refer to https://docs.gradle.org/9.2.1/userguide/gradle_daemon.html#sec:disabling_the_daemon in the Gradle documentation.
Daemon will be stopped at the end of the build 
> Task :createMinecraftArtifacts UP-TO-DATE

> Task :compileJava
Note: Some input files use or override a deprecated API.
Note: Recompile with -Xlint:deprecation for details.

> Task :processResources UP-TO-DATE
> Task :classes
> Task :jarJar NO-SOURCE
> Task :jar
> Task :assemble
> Task :compileTestJava NO-SOURCE
> Task :processTestResources NO-SOURCE
> Task :testClasses UP-TO-DATE
> Task :test NO-SOURCE
> Task :check UP-TO-DATE
> Task :build

> Task :compileKurganCheckJava FAILED
D:\slavic-myths\tools\kurgan-tests\org\slavicmyths\verify\YagaPlacementHeadless.java:37: error: cannot find symbol
   case "getBlockTicks":case "getLiquidTicks":return net.minecraft.world.EmptyTickList.empty();
                                                                        ^
  symbol:   class EmptyTickList
  location: package net.minecraft.world
Note: D:\slavic-myths\tools\kurgan-tests\org\slavicmyths\verify\PortRecipesHeadless.java uses or overrides a deprecated API.
Note: Recompile with -Xlint:deprecation for details.
1 error

[Incubating] Problems report is available at: file:///D:/slavic-myths/build/reports/problems/problems-report.html

FAILURE: Build failed with an exception.

* What went wrong:
Execution failed for task ':compileKurganCheckJava'.
> Compilation failed; see the compiler output below.
  Note: D:\slavic-myths\tools\kurgan-tests\org\slavicmyths\verify\PortRecipesHeadless.java uses or overrides a deprecated API.
  Note: Recompile with -Xlint:deprecation for details.
  D:\slavic-myths\tools\kurgan-tests\org\slavicmyths\verify\YagaPlacementHeadless.java:37: error: cannot find symbol
     case "getBlockTicks":case "getLiquidTicks":return net.minecraft.world.EmptyTickList.empty();
                                                                          ^
    symbol:   class EmptyTickList
    location: package net.minecraft.world
  1 error

* Try:
> Check your code and dependencies to fix the compilation error(s)
> Run with --scan to generate a Build Scan (powered by Develocity).

BUILD FAILED in 11s
5 actionable tasks: 3 executed, 2 up-to-date
