To honour the JVM settings for this build a single-use Daemon process will be forked. For more on this, please refer to https://docs.gradle.org/9.2.1/userguide/gradle_daemon.html#sec:disabling_the_daemon in the Gradle documentation.
Daemon will be stopped at the end of the build 
> Task :createMinecraftArtifacts UP-TO-DATE

> Task :compileJava
D:\slavic-myths\src\main\java\org\slavicmyths\client\ClientSetup.java:14: warning: [removal] bus() in EventBusSubscriber has been deprecated and marked for removal
@net.neoforged.fml.common.EventBusSubscriber(modid = SlavicMyths.MOD_ID, bus = net.neoforged.fml.common.EventBusSubscriber.Bus.MOD, value = Dist.CLIENT)
                                                                         ^
D:\slavic-myths\src\main\java\org\slavicmyths\client\ClientSetup.java:14: warning: [removal] Bus in EventBusSubscriber has been deprecated and marked for removal
@net.neoforged.fml.common.EventBusSubscriber(modid = SlavicMyths.MOD_ID, bus = net.neoforged.fml.common.EventBusSubscriber.Bus.MOD, value = Dist.CLIENT)
                                                                                                                          ^
D:\slavic-myths\src\main\java\org\slavicmyths\client\CuriosAccessories.java:19: warning: [removal] bus() in EventBusSubscriber has been deprecated and marked for removal
@EventBusSubscriber(modid="slavicmyths", bus=EventBusSubscriber.Bus.MOD, value=Dist.CLIENT)
                                         ^
D:\slavic-myths\src\main\java\org\slavicmyths\client\CuriosAccessories.java:19: warning: [removal] Bus in EventBusSubscriber has been deprecated and marked for removal
@EventBusSubscriber(modid="slavicmyths", bus=EventBusSubscriber.Bus.MOD, value=Dist.CLIENT)
                                                               ^
D:\slavic-myths\src\main\java\org\slavicmyths\furniture\FurnitureClient.java:16: warning: [removal] bus() in EventBusSubscriber has been deprecated and marked for removal
@net.neoforged.fml.common.EventBusSubscriber(modid="slavicmyths",value=Dist.CLIENT,bus=net.neoforged.fml.common.EventBusSubscriber.Bus.MOD)
                                                                                   ^
D:\slavic-myths\src\main\java\org\slavicmyths\furniture\FurnitureClient.java:16: warning: [removal] Bus in EventBusSubscriber has been deprecated and marked for removal
@net.neoforged.fml.common.EventBusSubscriber(modid="slavicmyths",value=Dist.CLIENT,bus=net.neoforged.fml.common.EventBusSubscriber.Bus.MOD)
                                                                                                                                  ^
D:\slavic-myths\src\main\java\org\slavicmyths\kurgan\KurganDebug.java:50: error: local variables referenced from a lambda expression must be final or effectively final
        KurganPlan.Room room=i.room(pos);KurganEncounterState encounter=room==null?null:i.encounters.get(room.id);source.sendSuccess(()->Component.translatable("kurgan.command.encounter_info",room==null?-1:room.id,encounter!=null&&encounter.triggered,encounter!=null&&encounter.cleared,encounter==null?0:encounter.alive.size(),i.sealOpened,i.bossDefeated),false);return 1;
                                                                                                                                                                                                                                                                                                                                       ^
D:\slavic-myths\src\main\java\org\slavicmyths\kurgan\KurganDebug.java:50: error: local variables referenced from a lambda expression must be final or effectively final
        KurganPlan.Room room=i.room(pos);KurganEncounterState encounter=room==null?null:i.encounters.get(room.id);source.sendSuccess(()->Component.translatable("kurgan.command.encounter_info",room==null?-1:room.id,encounter!=null&&encounter.triggered,encounter!=null&&encounter.cleared,encounter==null?0:encounter.alive.size(),i.sealOpened,i.bossDefeated),false);return 1;
                                                                                                                                                                                                                                                                                                                                                    ^
D:\slavic-myths\src\main\java\org\slavicmyths\registry\ModEntities.java:15: warning: [removal] bus() in EventBusSubscriber has been deprecated and marked for removal
@EventBusSubscriber(modid = SlavicMyths.MOD_ID, bus = EventBusSubscriber.Bus.MOD)
                                                ^
D:\slavic-myths\src\main\java\org\slavicmyths\registry\ModEntities.java:15: warning: [removal] Bus in EventBusSubscriber has been deprecated and marked for removal
@EventBusSubscriber(modid = SlavicMyths.MOD_ID, bus = EventBusSubscriber.Bus.MOD)
                                                                        ^
D:\slavic-myths\src\main\java\org\slavicmyths\wood\WoodlandClient.java:9: warning: [removal] bus() in EventBusSubscriber has been deprecated and marked for removal
@net.neoforged.fml.common.EventBusSubscriber(modid="slavicmyths",value=Dist.CLIENT,bus=net.neoforged.fml.common.EventBusSubscriber.Bus.MOD)
                                                                                   ^
D:\slavic-myths\src\main\java\org\slavicmyths\wood\WoodlandClient.java:9: warning: [removal] Bus in EventBusSubscriber has been deprecated and marked for removal
@net.neoforged.fml.common.EventBusSubscriber(modid="slavicmyths",value=Dist.CLIENT,bus=net.neoforged.fml.common.EventBusSubscriber.Bus.MOD)
                                                                                                                                  ^
Note: Some input files use or override a deprecated API.
Note: Recompile with -Xlint:deprecation for details.
Note: D:\slavic-myths\src\main\java\org\slavicmyths\world\WildlifeSpawns.java uses unchecked or unsafe operations.
Note: Recompile with -Xlint:unchecked for details.
2 errors
10 warnings

> Task :compileJava FAILED

[Incubating] Problems report is available at: file:///D:/slavic-myths/build/reports/problems/problems-report.html

FAILURE: Build failed with an exception.

* What went wrong:
Execution failed for task ':compileJava'.
> Compilation failed; see the compiler output below.
  D:\slavic-myths\src\main\java\org\slavicmyths\kurgan\KurganDebug.java:50: error: local variables referenced from a lambda expression must be final or effectively final
          KurganPlan.Room room=i.room(pos);KurganEncounterState encounter=room==null?null:i.encounters.get(room.id);source.sendSuccess(()->Component.translatable("kurgan.command.encounter_info",room==null?-1:room.id,encounter!=null&&encounter.triggered,encounter!=null&&encounter.cleared,encounter==null?0:encounter.alive.size(),i.sealOpened,i.bossDefeated),false);return 1;
                                                                                                                                                                                                                                                                                                                                         ^
  D:\slavic-myths\src\main\java\org\slavicmyths\kurgan\KurganDebug.java:50: error: local variables referenced from a lambda expression must be final or effectively final
          KurganPlan.Room room=i.room(pos);KurganEncounterState encounter=room==null?null:i.encounters.get(room.id);source.sendSuccess(()->Component.translatable("kurgan.command.encounter_info",room==null?-1:room.id,encounter!=null&&encounter.triggered,encounter!=null&&encounter.cleared,encounter==null?0:encounter.alive.size(),i.sealOpened,i.bossDefeated),false);return 1;
                                                                                                                                                                                                                                                                                                                                                      ^
  Note: Recompile with -Xlint:deprecation for details.
  Note: D:\slavic-myths\src\main\java\org\slavicmyths\world\WildlifeSpawns.java uses unchecked or unsafe operations.
  Note: Recompile with -Xlint:unchecked for details.
  Note: Some input files use or override a deprecated API.
  D:\slavic-myths\src\main\java\org\slavicmyths\client\ClientSetup.java:14: warning: [removal] bus() in EventBusSubscriber has been deprecated and marked for removal
  @net.neoforged.fml.common.EventBusSubscriber(modid = SlavicMyths.MOD_ID, bus = net.neoforged.fml.common.EventBusSubscriber.Bus.MOD, value = Dist.CLIENT)
                                                                           ^
  D:\slavic-myths\src\main\java\org\slavicmyths\client\ClientSetup.java:14: warning: [removal] Bus in EventBusSubscriber has been deprecated and marked for removal
  @net.neoforged.fml.common.EventBusSubscriber(modid = SlavicMyths.MOD_ID, bus = net.neoforged.fml.common.EventBusSubscriber.Bus.MOD, value = Dist.CLIENT)
                                                                                                                            ^
  D:\slavic-myths\src\main\java\org\slavicmyths\client\CuriosAccessories.java:19: warning: [removal] bus() in EventBusSubscriber has been deprecated and marked for removal
  @EventBusSubscriber(modid="slavicmyths", bus=EventBusSubscriber.Bus.MOD, value=Dist.CLIENT)
                                           ^
  D:\slavic-myths\src\main\java\org\slavicmyths\client\CuriosAccessories.java:19: warning: [removal] Bus in EventBusSubscriber has been deprecated and marked for removal
  @EventBusSubscriber(modid="slavicmyths", bus=EventBusSubscriber.Bus.MOD, value=Dist.CLIENT)
                                                                 ^
  D:\slavic-myths\src\main\java\org\slavicmyths\furniture\FurnitureClient.java:16: warning: [removal] bus() in EventBusSubscriber has been deprecated and marked for removal
  @net.neoforged.fml.common.EventBusSubscriber(modid="slavicmyths",value=Dist.CLIENT,bus=net.neoforged.fml.common.EventBusSubscriber.Bus.MOD)
                                                                                     ^
  D:\slavic-myths\src\main\java\org\slavicmyths\furniture\FurnitureClient.java:16: warning: [removal] Bus in EventBusSubscriber has been deprecated and marked for removal
  @net.neoforged.fml.common.EventBusSubscriber(modid="slavicmyths",value=Dist.CLIENT,bus=net.neoforged.fml.common.EventBusSubscriber.Bus.MOD)
                                                                                                                                    ^
  D:\slavic-myths\src\main\java\org\slavicmyths\registry\ModEntities.java:15: warning: [removal] bus() in EventBusSubscriber has been deprecated and marked for removal
  @EventBusSubscriber(modid = SlavicMyths.MOD_ID, bus = EventBusSubscriber.Bus.MOD)
                                                  ^
  D:\slavic-myths\src\main\java\org\slavicmyths\registry\ModEntities.java:15: warning: [removal] Bus in EventBusSubscriber has been deprecated and marked for removal
  @EventBusSubscriber(modid = SlavicMyths.MOD_ID, bus = EventBusSubscriber.Bus.MOD)
                                                                          ^
  D:\slavic-myths\src\main\java\org\slavicmyths\wood\WoodlandClient.java:9: warning: [removal] bus() in EventBusSubscriber has been deprecated and marked for removal
  @net.neoforged.fml.common.EventBusSubscriber(modid="slavicmyths",value=Dist.CLIENT,bus=net.neoforged.fml.common.EventBusSubscriber.Bus.MOD)
                                                                                     ^
  D:\slavic-myths\src\main\java\org\slavicmyths\wood\WoodlandClient.java:9: warning: [removal] Bus in EventBusSubscriber has been deprecated and marked for removal
  @net.neoforged.fml.common.EventBusSubscriber(modid="slavicmyths",value=Dist.CLIENT,bus=net.neoforged.fml.common.EventBusSubscriber.Bus.MOD)
                                                                                                                                    ^
  2 errors
  10 warnings

* Try:
> Check your code and dependencies to fix the compilation error(s)
> Run with --scan to generate a Build Scan (powered by Develocity).

BUILD FAILED in 10s
2 actionable tasks: 1 executed, 1 up-to-date
