Unported Forge API src\main\java\org\slavicmyths\artifact\ArtifactEvents.java
Unported NBT/network/SavedData src\main\java\org\slavicmyths\artifact\ArtifactEvents.java
Unported NBT/network/SavedData src\main\java\org\slavicmyths\artifact\VelesStaffItem.java
Unported NBT/network/SavedData src\main\java\org\slavicmyths\bandit\BanditEntity.java
Unported Forge API src\main\java\org\slavicmyths\bandit\CampCommands.java
Unported Forge API src\main\java\org\slavicmyths\bandit\CampEvents.java
Unported NBT/network/SavedData src\main\java\org\slavicmyths\bandit\CampPiece.java
Unported NBT/network/SavedData src\main\java\org\slavicmyths\bandit\CampRecords.java
Unported Forge API src\main\java\org\slavicmyths\bandit\CampStructures.java
Unported NBT/network/SavedData src\main\java\org\slavicmyths\bandit\LargeCampPiece.java
Unported NBT/network/SavedData src\main\java\org\slavicmyths\bandit\NightingaleEntity.java
Unported NBT/network/SavedData src\main\java\org\slavicmyths\bandit\StrongholdRecords.java
Unported Forge API src\main\java\org\slavicmyths\bandit\WindAttack.java
Unported Forge API src\main\java\org\slavicmyths\block\KitchenTableBlock.java
Unported Forge API src\main\java\org\slavicmyths\client\ClientSetup.java
Unported Forge API src\main\java\org\slavicmyths\client\CombatHud.java
Unported Forge API src\main\java\org\slavicmyths\client\FlightClient.java
Unported Forge API src\main\java\org\slavicmyths\client\FolkEquipmentLayer.java
Unported Forge API src\main\java\org\slavicmyths\client\GusliClient.java
Unported Forge API src\main\java\org\slavicmyths\client\RpgClient.java
Unported NBT/network/SavedData src\main\java\org\slavicmyths\client\RpgClient.java
Unported Forge API src\main\java\org\slavicmyths\client\RusalkaSound.java
Unported Forge API src\main\java\org\slavicmyths\client\WeaponTooltips.java
Unported Forge API src\main\java\org\slavicmyths\combat\CombatEquipment.java
Unported Forge API src\main\java\org\slavicmyths\combat\CombatHudEvents.java
FAIL: 117 checks. Port incomplete.
