To honour the JVM settings for this build a single-use Daemon process will be forked. For more on this, please refer to https://docs.gradle.org/9.2.1/userguide/gradle_daemon.html#sec:disabling_the_daemon in the Gradle documentation.
Daemon will be stopped at the end of the build 
> Task :createMinecraftArtifacts UP-TO-DATE

> Task :compilePortCoreJava
Note: D:\slavic-myths\tools\kurgan-tests\org\slavicmyths\verify\PortRecipesHeadless.java uses or overrides a deprecated API.
Note: Recompile with -Xlint:deprecation for details.

> Task :processPortCoreResources NO-SOURCE
> Task :portCoreClasses

> Task :verifyPortRecipes FAILED
WARN StatusConsoleListener Advanced terminal features are not available in this environment
Exception in thread "main" java.lang.ExceptionInInitializerError
	at net.minecraft.world.level.block.state.BlockBehaviour$Properties.<init>(BlockBehaviour.java:1004)
	at net.minecraft.world.level.block.state.BlockBehaviour$Properties.of(BlockBehaviour.java:1012)
	at net.minecraft.world.level.block.Blocks.<clinit>(Blocks.java:46)
	at net.minecraft.world.level.block.FireBlock.bootStrap(FireBlock.java:342)
	at net.minecraft.server.Bootstrap.bootStrap(Bootstrap.java:45)
	at org.slavicmyths.verify.PortRecipesHeadless.main(PortRecipesHeadless.java:21)
Caused by: java.lang.NullPointerException: Cannot invoke "net.neoforged.fml.loading.LoadingModList.getModFiles()" because the return value of "net.neoforged.fml.loading.LoadingModList.get()" is null
	at net.neoforged.neoforge.common.util.flag.FeatureFlagLoader.loadModdedFlags(FeatureFlagLoader.java:38)
	at net.minecraft.world.flag.FeatureFlags.<clinit>(FeatureFlags.java:36)
	... 6 more

[Incubating] Problems report is available at: file:///D:/slavic-myths/build/reports/problems/problems-report.html

FAILURE: Build failed with an exception.

* What went wrong:
Execution failed for task ':verifyPortRecipes'.
> Process 'command 'C:\Program Files\Java\jdk-21.0.12\bin\java.exe'' finished with non-zero exit value 1

* Try:
> Run with --stacktrace option to get the stack trace.
> Run with --info or --debug option to get more log output.
> Run with --scan to generate a Build Scan (powered by Develocity).
> Get more help at https://help.gradle.org.

3 actionable tasks: 2 executed, 1 up-to-date
BUILD FAILED in 11s
